willbishop@MacBook-Pro-9 tulsi % sudo sh build_and_run.sh --verbose_failures
Extracting Bazel installation...
Starting local Bazel server and connecting to it...
DEBUG: Rule 'build_bazel_rules_apple' indicated that a canonical reproducible form can be obtained by modifying arguments commit = "ff6a37b24fcbbd525a5bf61692a12c810d0ee3c1", shallow_since = "1559833568 -0700" and dropping ["tag"]
DEBUG: Call stack for the definition of repository 'build_bazel_rules_apple' which is a git_repository (rule definition at /private/var/tmp/_bazel_root/9274d3b15fc2cab069606d4efc35fc59/external/bazel_tools/tools/build_defs/repo/git.bzl:181:18):
 - /Users/willbishop/Developer/tulsi/WORKSPACE:3:1
INFO: Analyzed target //:tulsi (42 packages loaded, 535 targets configured).
INFO: Found 1 target...
INFO: From XibCompile tulsi-intermediates/nibs/Base.lproj/SplashScreenWindowController:
/* com.apple.ibtool.document.notices */
/Users/willbishop/Developer/tulsi/src/Tulsi/Base.lproj/SplashScreenWindowController.xib:ujV-sA-1qZ: note: View is clipping its content [13]
/Users/willbishop/Developer/tulsi/src/Tulsi/Base.lproj/SplashScreenWindowController.xib:9Gh-jw-2TU: note: View is clipping its content [13]
INFO: From StoryboardCompile tulsi-intermediates/Base.lproj_storyboardc/Main.storyboardc:
/* com.apple.ibtool.document.notices */
/Users/willbishop/Developer/tulsi/src/Tulsi/Base.lproj/Main.storyboard:qef-HC-mDi: note: View is clipping its content [13]
/Users/willbishop/Developer/tulsi/src/Tulsi/Base.lproj/Main.storyboard:TGM-OR-kqV: note: View is clipping its content [13]
INFO: From Compiling Swift module TulsiGenerator:
src/TulsiGenerator/BazelSettingsProvider.swift:56:14: warning: 'Hashable.hashValue' is deprecated as a protocol requirement; conform type 'BazelSettingFeature' to 'Hashable' by implementing 'hash(into:)' instead
  public var hashValue: Int {
             ^
src/TulsiGenerator/RuleEntry.swift:26:14: warning: 'Hashable.hashValue' is deprecated as a protocol requirement; conform type 'RuleInfo' to 'Hashable' by implementing 'hash(into:)' instead
  public var hashValue: Int {
             ^
src/TulsiGenerator/BuildLabel.swift:69:19: warning: 'Hashable.hashValue' is deprecated as a protocol requirement; conform type 'BuildLabel' to 'Hashable' by implementing 'hash(into:)' instead
  public lazy var hashValue: Int = { [unowned self] in
                  ^
src/TulsiGenerator/RuleEntry.swift:76:19: warning: 'Hashable.hashValue' is deprecated as a protocol requirement; conform type 'BazelFileInfo' to 'Hashable' by implementing 'hash(into:)' instead
  public lazy var hashValue: Int = { [unowned self] in
                  ^
src/TulsiGenerator/PBXObjects.swift:125:12: warning: 'Hashable.hashValue' is deprecated as a protocol requirement; conform type 'PBXFileReference' to 'Hashable' by implementing 'hash(into:)' instead
  lazy var hashValue: Int = { [unowned self] in
           ^
src/TulsiGenerator/PBXObjects.swift:125:12: warning: 'Hashable.hashValue' is deprecated as a protocol requirement; conform type 'PBXGroup' to 'Hashable' by implementing 'hash(into:)' instead
  lazy var hashValue: Int = { [unowned self] in
           ^
src/TulsiGenerator/PBXObjects.swift:1031:7: warning: 'Hashable.hashValue' is deprecated as a protocol requirement; conform type 'PBXContainerItemProxy' to 'Hashable' by implementing 'hash(into:)' instead
  var hashValue: Int {
      ^
src/TulsiGenerator/PBXObjects.swift:54:7: warning: 'Hashable.hashValue' is deprecated as a protocol requirement; conform type 'SourceTreePath' to 'Hashable' by implementing 'hash(into:)' instead
  var hashValue: Int {
      ^
src/TulsiGenerator/PBXObjects.swift:885:12: warning: 'Hashable.hashValue' is deprecated as a protocol requirement; conform type 'PBXTarget' to 'Hashable' by implementing 'hash(into:)' instead
  lazy var hashValue: Int = { [unowned self] in
           ^

INFO: From Compiling Swift module Tulsi:
src/Tulsi/ConfigEditorWizardViewController.swift:144:79: warning: 'index(of:)' is deprecated: renamed to 'firstIndex(of:)'
    let newPageIndex = ConfigEditorWizardViewController.wizardPageIdentifiers.index(of: object as! String)!
                                                                              ^
src/Tulsi/ConfigEditorWizardViewController.swift:144:79: note: use 'firstIndex(of:)' instead
    let newPageIndex = ConfigEditorWizardViewController.wizardPageIdentifiers.index(of: object as! String)!
                                                                              ^~~~~
                                                                              firstIndex
src/Tulsi/MessageViewController.swift:55:55: warning: coercion of implicitly unwrappable value of type 'NSArrayController?' to 'Any' does not unwrap optional
    bind(NSBindingName(rawValue: "messageCount"), to: messageArrayController, withKeyPath: "arrangedObjects.@count", options: nil)
                                                      ^~~~~~~~~~~~~~~~~~~~~~
src/Tulsi/MessageViewController.swift:35:17: note: implicitly unwrapped property 'messageArrayController' declared here
  @IBOutlet var messageArrayController: NSArrayController!
                ^
src/Tulsi/MessageViewController.swift:55:55: note: provide a default value to avoid this warning
    bind(NSBindingName(rawValue: "messageCount"), to: messageArrayController, withKeyPath: "arrangedObjects.@count", options: nil)
                                                      ^~~~~~~~~~~~~~~~~~~~~~
                                                                             ?? <#default value#>
src/Tulsi/MessageViewController.swift:55:55: note: force-unwrap the value to avoid this warning
    bind(NSBindingName(rawValue: "messageCount"), to: messageArrayController, withKeyPath: "arrangedObjects.@count", options: nil)
                                                      ^~~~~~~~~~~~~~~~~~~~~~
                                                                            !
src/Tulsi/MessageViewController.swift:55:55: note: explicitly cast to 'Any' with 'as Any' to silence this warning
    bind(NSBindingName(rawValue: "messageCount"), to: messageArrayController, withKeyPath: "arrangedObjects.@count", options: nil)
                                                      ^~~~~~~~~~~~~~~~~~~~~~
                                                                             as Any
src/Tulsi/ProjectEditorConfigManagerViewController.swift:88:14: warning: coercion of implicitly unwrappable value of type 'NSArrayController?' to 'Any' does not unwrap optional
         to: configArrayController,
             ^~~~~~~~~~~~~~~~~~~~~
src/Tulsi/ProjectEditorConfigManagerViewController.swift:33:17: note: implicitly unwrapped property 'configArrayController' declared here
  @IBOutlet var configArrayController: NSArrayController!
                ^
src/Tulsi/ProjectEditorConfigManagerViewController.swift:88:14: note: provide a default value to avoid this warning
         to: configArrayController,
             ^~~~~~~~~~~~~~~~~~~~~
                                   ?? <#default value#>
src/Tulsi/ProjectEditorConfigManagerViewController.swift:88:14: note: force-unwrap the value to avoid this warning
         to: configArrayController,
             ^~~~~~~~~~~~~~~~~~~~~
                                  !
src/Tulsi/ProjectEditorConfigManagerViewController.swift:88:14: note: explicitly cast to 'Any' with 'as Any' to silence this warning
         to: configArrayController,
             ^~~~~~~~~~~~~~~~~~~~~
                                   as Any
src/Tulsi/ProjectEditorPackageManagerViewController.swift:51:14: warning: coercion of implicitly unwrappable value of type 'NSArrayController?' to 'Any' does not unwrap optional
         to: packageArrayController,
             ^~~~~~~~~~~~~~~~~~~~~~
src/Tulsi/ProjectEditorPackageManagerViewController.swift:28:17: note: implicitly unwrapped property 'packageArrayController' declared here
  @IBOutlet var packageArrayController: NSArrayController!
                ^
src/Tulsi/ProjectEditorPackageManagerViewController.swift:51:14: note: provide a default value to avoid this warning
         to: packageArrayController,
             ^~~~~~~~~~~~~~~~~~~~~~
                                    ?? <#default value#>
src/Tulsi/ProjectEditorPackageManagerViewController.swift:51:14: note: force-unwrap the value to avoid this warning
         to: packageArrayController,
             ^~~~~~~~~~~~~~~~~~~~~~
                                   !
src/Tulsi/ProjectEditorPackageManagerViewController.swift:51:14: note: explicitly cast to 'Any' with 'as Any' to silence this warning
         to: packageArrayController,
             ^~~~~~~~~~~~~~~~~~~~~~
                                    as Any
src/Tulsi/SplashScreenWindowController.swift:107:11: warning: variable 'components' was never mutated; consider changing to 'let' constant
      var components: [String] = url.pathComponents
      ~~~ ^
      let
src/Tulsi/TulsiProjectDocument.swift:169:47: warning: coercion of implicitly unwrappable value of type 'NSObjectProtocol?' to 'Any' does not unwrap optional
    NotificationCenter.default.removeObserver(logEventObserver)
                                              ^~~~~~~~~~~~~~~~
src/Tulsi/TulsiProjectDocument.swift:135:15: note: implicitly unwrapped property 'logEventObserver' declared here
  private var logEventObserver: NSObjectProtocol! = nil
              ^
src/Tulsi/TulsiProjectDocument.swift:169:47: note: provide a default value to avoid this warning
    NotificationCenter.default.removeObserver(logEventObserver)
                                              ^~~~~~~~~~~~~~~~
                                                               ?? <#default value#>
src/Tulsi/TulsiProjectDocument.swift:169:47: note: force-unwrap the value to avoid this warning
    NotificationCenter.default.removeObserver(logEventObserver)
                                              ^~~~~~~~~~~~~~~~
                                                              !
src/Tulsi/TulsiProjectDocument.swift:169:47: note: explicitly cast to 'Any' with 'as Any' to silence this warning
    NotificationCenter.default.removeObserver(logEventObserver)
                                              ^~~~~~~~~~~~~~~~
                                                               as Any
ERROR: /Users/willbishop/Developer/tulsi/BUILD:62:1: Linking of rule '//:tulsi.__internal__.apple_binary' failed (Exit 1) wrapped_clang failed: error executing command external/local_config_cc/wrapped_clang -Xlinker -objc_abi_version -Xlinker 2 -fobjc-link-runtime -ObjC -arch x86_64 -filelist ... (remaining 26 argument(s) skipped)

Use --sandbox_debug to see verbose messages from the sandbox
ld: warning: Could not find or use auto-linked library 'swiftFoundation'
ld: warning: Could not find or use auto-linked library 'swiftDarwin'
ld: warning: Could not find or use auto-linked library 'swiftCoreFoundation'
ld: warning: Could not find or use auto-linked library 'swiftIOKit'
ld: warning: Could not find or use auto-linked library 'swiftQuartzCore'
ld: warning: Could not find or use auto-linked library 'swiftCore'
ld: warning: Could not find or use auto-linked library 'swiftCoreGraphics'
ld: warning: Could not find or use auto-linked library 'swiftObjectiveC'
ld: warning: Could not find or use auto-linked library 'swiftDispatch'
ld: warning: Could not find or use auto-linked library 'swiftSwiftOnoneSupport'
ld: warning: Could not find or use auto-linked library 'swiftXPC'
ld: warning: Could not find or use auto-linked library 'swiftCoreData'
ld: warning: Could not find or use auto-linked library 'swiftCoreImage'
ld: warning: Could not find or use auto-linked library 'swiftAppKit'
ld: warning: Could not find or use auto-linked library 'swiftMetal'
Undefined symbols for architecture x86_64:
  "static Foundation.CharacterSet.whitespaces.getter : Foundation.CharacterSet", referenced from:
      closure #2 (Swift.String) -> Swift.String in TulsiGenerator.PBXTargetGenerator.(addConfigsForIndexingTarget in _9BC2D135E4F1D200D8B700936548BDC4)(_: TulsiGenerator.PBXTarget, data: TulsiGenerator.PBXTargetGenerator.(IndexerData in _9BC2D135E4F1D200D8B700936548BDC4)) -> () in libtulsi_generator_lib.a(PBXTargetGenerator.swift.o)
      (extension in TulsiGenerator):Swift.String.escapingForShell.getter : Swift.String in libtulsi_generator_lib.a(StringExtensions.swift.o)
      closure #1 (TulsiGenerator.ProcessRunner.CompletionInfo) -> () in TulsiGenerator.XcodeProjectGenerator.(executePythonProcess in _3D27909A8CA7F8C4C4BE25046CB74F8B)(_: Swift.String, onError: (Swift.Int32, Swift.String) -> ()) -> () in libtulsi_generator_lib.a(XcodeProjectGenerator.swift.o)
  "Foundation.CharacterSet.init(charactersIn: __shared Swift.String) -> Foundation.CharacterSet", referenced from:
      Tulsi.ConfigEditorSourceFilterViewController.(populateOutlineView in _D662C3E634D8A7BBE011ADD96F19B9E0)([Tulsi.UISourcePath]) -> () in libtulsi_lib.a(ConfigEditorSourceFilterViewController.swift.o)
      closure #3 () -> () in Tulsi.TulsiGeneratorConfigDocument.updateSourcePaths(([Tulsi.UISourcePath]) -> ()) -> () in libtulsi_lib.a(TulsiGeneratorConfigDocument.swift.o)
  "Foundation.CharacterSet._bridgeToObjectiveC() -> __C.NSCharacterSet", referenced from:
      TulsiGenerator.BazelWorkspacePathInfoFetcher.(extractWorkspaceInfo in _FBCC8FB73C67954075CF626E480CE18B)(__C.NSString) -> () in libtulsi_generator_lib.a(BazelWorkspacePathInfoFetcher.swift.o)
      closure #1 (TulsiGenerator.ProcessRunner.CompletionInfo) -> () in TulsiGenerator.CommandLineSplitter.splitCommandLine(Swift.String) -> [Swift.String]? in libtulsi_generator_lib.a(CommandLineSplitter.swift.o)
      closure #1 (TulsiGenerator.ProcessRunner.CompletionInfo) -> () in TulsiGenerator.XcodeProjectGenerator.(executePythonProcess in _3D27909A8CA7F8C4C4BE25046CB74F8B)(_: Swift.String, onError: (Swift.Int32, Swift.String) -> ()) -> () in libtulsi_generator_lib.a(XcodeProjectGenerator.swift.o)
  "static Foundation.CharacterSet.whitespacesAndNewlines.getter : Foundation.CharacterSet", referenced from:
      static TulsiGenerator.BazelLocator.bazelURL.getter : Foundation.URL? in libtulsi_generator_lib.a(BazelLocator.swift.o)
      TulsiGenerator.TulsiOption.sanitizeValue(Swift.String?) -> Swift.String? in libtulsi_generator_lib.a(TulsiOption.swift.o)
  "static Foundation.CharacterSet.newlines.getter : Foundation.CharacterSet", referenced from:
      TulsiGenerator.BazelWorkspacePathInfoFetcher.(extractWorkspaceInfo in _FBCC8FB73C67954075CF626E480CE18B)(__C.NSString) -> () in libtulsi_generator_lib.a(BazelWorkspacePathInfoFetcher.swift.o)
      closure #1 (TulsiGenerator.ProcessRunner.CompletionInfo) -> () in TulsiGenerator.CommandLineSplitter.splitCommandLine(Swift.String) -> [Swift.String]? in libtulsi_generator_lib.a(CommandLineSplitter.swift.o)
      environmentVariables #1 (for: TulsiGenerator.RuleEntry) -> [Swift.String : Swift.String] in TulsiGenerator.XcodeProjectGenerator.(installXcodeSchemesForProjectInfo in _3D27909A8CA7F8C4C4BE25046CB74F8B)(_: TulsiGenerator.XcodeProjectGenerator.(GeneratedProjectInfo in _3D27909A8CA7F8C4C4BE25046CB74F8B), projectURL: Foundation.URL, projectBundleName: Swift.String) throws -> () in libtulsi_generator_lib.a(XcodeProjectGenerator.swift.o)
  "type metadata accessor for Foundation.CharacterSet", referenced from:
      static TulsiGenerator.BazelLocator.bazelURL.getter : Foundation.URL? in libtulsi_generator_lib.a(BazelLocator.swift.o)
      TulsiGenerator.BazelWorkspacePathInfoFetcher.(extractWorkspaceInfo in _FBCC8FB73C67954075CF626E480CE18B)(__C.NSString) -> () in libtulsi_generator_lib.a(BazelWorkspacePathInfoFetcher.swift.o)
      closure #1 (TulsiGenerator.ProcessRunner.CompletionInfo) -> () in TulsiGenerator.CommandLineSplitter.splitCommandLine(Swift.String) -> [Swift.String]? in libtulsi_generator_lib.a(CommandLineSplitter.swift.o)
      closure #2 (Swift.String) -> Swift.String in TulsiGenerator.PBXTargetGenerator.(addConfigsForIndexingTarget in _9BC2D135E4F1D200D8B700936548BDC4)(_: TulsiGenerator.PBXTarget, data: TulsiGenerator.PBXTargetGenerator.(IndexerData in _9BC2D135E4F1D200D8B700936548BDC4)) -> () in libtulsi_generator_lib.a(PBXTargetGenerator.swift.o)
      (extension in TulsiGenerator):Swift.String.escapingForShell.getter : Swift.String in libtulsi_generator_lib.a(StringExtensions.swift.o)
      TulsiGenerator.TulsiOption.sanitizeValue(Swift.String?) -> Swift.String? in libtulsi_generator_lib.a(TulsiOption.swift.o)
      environmentVariables #1 (for: TulsiGenerator.RuleEntry) -> [Swift.String : Swift.String] in TulsiGenerator.XcodeProjectGenerator.(installXcodeSchemesForProjectInfo in _3D27909A8CA7F8C4C4BE25046CB74F8B)(_: TulsiGenerator.XcodeProjectGenerator.(GeneratedProjectInfo in _3D27909A8CA7F8C4C4BE25046CB74F8B), projectURL: Foundation.URL, projectBundleName: Swift.String) throws -> () in libtulsi_generator_lib.a(XcodeProjectGenerator.swift.o)
      ...
  "Foundation.Notification._bridgeToObjectiveC() -> __C.NSNotification", referenced from:
      Tulsi.OptionsEditorTextField.textDidEndEditing(Foundation.Notification) -> () in libtulsi_lib.a(OptionsEditorController.swift.o)
  "static Foundation.Notification._unconditionallyBridgeFromObjectiveC(__C.NSNotification?) -> Foundation.Notification", referenced from:
      reabstraction thunk helper from @escaping @callee_guaranteed (@in_guaranteed Foundation.Notification) -> () to @escaping @callee_unowned @convention(block) (@unowned __C.NSNotification) -> () in libtulsi_generator_lib.a(ProcessRunner.swift.o)
      reabstraction thunk helper from @escaping @callee_guaranteed (@in_guaranteed Foundation.Notification) -> () to @escaping @callee_unowned @convention(block) (@unowned __C.NSNotification) -> () in libtulsi_lib.a(TulsiProjectDocument.swift.o)
      @objc Tulsi.MessageViewController.tableViewColumnDidResize(Foundation.Notification) -> () in libtulsi_lib.a(MessageViewController.swift.o)
      @objc Tulsi.OptionsEditorTextField.textDidEndEditing(Foundation.Notification) -> () in libtulsi_lib.a(OptionsEditorController.swift.o)
      @objc Tulsi.OptionsEditorController.popoverDidClose(Foundation.Notification) -> () in libtulsi_lib.a(OptionsEditorController.swift.o)
      @objc Tulsi.OptionsTargetSelectorController.outlineViewSelectionDidChange(Foundation.Notification) -> () in libtulsi_lib.a(OptionsTargetSelectorController.swift.o)
      @objc Tulsi.TulsiGeneratorConfigDocument.windowWillClose(Foundation.Notification) -> () in libtulsi_lib.a(TulsiGeneratorConfigDocument.swift.o)
      ...
  "Foundation.Notification.init(name: __C.NSNotificationName, object: Any?, userInfo: [Swift.AnyHashable : Any]?) -> Foundation.Notification", referenced from:
      Tulsi.OptionsEditorTextField.textDidEndEditing(Foundation.Notification) -> () in libtulsi_lib.a(OptionsEditorController.swift.o)
  "Foundation.Notification.name.getter : __C.NSNotificationName", referenced from:
      TulsiGenerator.LogMessage.init(notification: Foundation.Notification) -> TulsiGenerator.LogMessage? in libtulsi_generator_lib.a(TulsiNotifications.swift.o)
      Tulsi.OptionsEditorTextField.textDidEndEditing(Foundation.Notification) -> () in libtulsi_lib.a(OptionsEditorController.swift.o)
  "Foundation.Notification.object.getter : Any?", referenced from:
      Tulsi.MessageViewController.tableViewColumnDidResize(Foundation.Notification) -> () in libtulsi_lib.a(MessageViewController.swift.o)
      Tulsi.OptionsEditorTextField.textDidEndEditing(Foundation.Notification) -> () in libtulsi_lib.a(OptionsEditorController.swift.o)
      Tulsi.XcodeProjectGenerationProgressViewController.progressUpdatingTaskDidStart(Foundation.Notification) -> () in libtulsi_lib.a(XcodeProjectGenerationProgressViewController.swift.o)
  "Foundation.Notification.userInfo.getter : [Swift.AnyHashable : Any]?", referenced from:
      closure #1 (Foundation.Notification) -> () in registerAndStartReader #1 (_: __C.NSFileHandle, outputData: __C.NSMutableData) -> __C.NSObject in TulsiGenerator.ProcessRunner.(createProcess in _F89DABAFE844AC5CA1B763CAFAD9B278)(_: Swift.String, arguments: [Swift.String], environment: [Swift.String : Swift.String]?, messageLogger: TulsiGenerator.LocalizedMessageLogger?, loggingIdentifier: Swift.String?, terminationHandler: (TulsiGenerator.ProcessRunner.CompletionInfo) -> ()) -> __C.NSTask in libtulsi_generator_lib.a(ProcessRunner.swift.o)
      TulsiGenerator.LogMessage.init(notification: Foundation.Notification) -> TulsiGenerator.LogMessage? in libtulsi_generator_lib.a(TulsiNotifications.swift.o)
      closure #1 (Foundation.Notification) -> () in Tulsi.TulsiProjectDocument.init() -> Tulsi.TulsiProjectDocument in libtulsi_lib.a(TulsiProjectDocument.swift.o)
      Tulsi.OptionsEditorTextField.textDidEndEditing(Foundation.Notification) -> () in libtulsi_lib.a(OptionsEditorController.swift.o)
      Tulsi.OptionsEditorController.popoverDidClose(Foundation.Notification) -> () in libtulsi_lib.a(OptionsEditorController.swift.o)
      Tulsi.ProgressItem.progressUpdate(Foundation.Notification) -> () in libtulsi_lib.a(XcodeProjectGenerationProgressViewController.swift.o)
      Tulsi.XcodeProjectGenerationProgressViewController.progressUpdatingTaskDidStart(Foundation.Notification) -> () in libtulsi_lib.a(XcodeProjectGenerationProgressViewController.swift.o)
      ...
  "type metadata accessor for Foundation.Notification", referenced from:
      closure #1 (Foundation.Notification) -> () in registerAndStartReader #1 (_: __C.NSFileHandle, outputData: __C.NSMutableData) -> __C.NSObject in TulsiGenerator.ProcessRunner.(createProcess in _F89DABAFE844AC5CA1B763CAFAD9B278)(_: Swift.String, arguments: [Swift.String], environment: [Swift.String : Swift.String]?, messageLogger: TulsiGenerator.LocalizedMessageLogger?, loggingIdentifier: Swift.String?, terminationHandler: (TulsiGenerator.ProcessRunner.CompletionInfo) -> ()) -> __C.NSTask in libtulsi_generator_lib.a(ProcessRunner.swift.o)
      reabstraction thunk helper from @escaping @callee_guaranteed (@in_guaranteed Foundation.Notification) -> () to @escaping @callee_unowned @convention(block) (@unowned __C.NSNotification) -> () in libtulsi_generator_lib.a(ProcessRunner.swift.o)
      TulsiGenerator.LogMessage.init(notification: Foundation.Notification) -> TulsiGenerator.LogMessage? in libtulsi_generator_lib.a(TulsiNotifications.swift.o)
      closure #1 (Foundation.Notification) -> () in Tulsi.TulsiProjectDocument.init() -> Tulsi.TulsiProjectDocument in libtulsi_lib.a(TulsiProjectDocument.swift.o)
      reabstraction thunk helper from @escaping @callee_guaranteed (@in_guaranteed Foundation.Notification) -> () to @escaping @callee_unowned @convention(block) (@unowned __C.NSNotification) -> () in libtulsi_lib.a(TulsiProjectDocument.swift.o)
      Tulsi.MessageViewController.tableViewColumnDidResize(Foundation.Notification) -> () in libtulsi_lib.a(MessageViewController.swift.o)
      @objc Tulsi.MessageViewController.tableViewColumnDidResize(Foundation.Notification) -> () in libtulsi_lib.a(MessageViewController.swift.o)
      ...
  "Foundation.NSLocalizedString(_: Swift.String, tableName: Swift.String?, bundle: __C.NSBundle, value: Swift.String, comment: Swift.String) -> Swift.String", referenced from:
      closure #1 (TulsiGenerator.ProcessRunner.CompletionInfo) -> () in TulsiGenerator.BazelAspectInfoExtractor.(bazelAspectProcessForTargets in _F5D2D87286505E9AC6917BB651D4E8CB)(_: [Swift.String], aspect: Swift.String, startupOptions: [Swift.String], buildOptions: [Swift.String], compilationMode: Swift.String?, platformConfig: Swift.String?, prioritizeSwift: Swift.Bool?, useArm64_32: Swift.Bool?, features: Swift.Set<TulsiGenerator.BazelSettingFeature>, progressNotifier: TulsiGenerator.ProgressNotifier?, terminationHandler: (__C.NSTask, Swift.String) -> ()) -> __C.NSTask? in libtulsi_generator_lib.a(BazelAspectInfoExtractor.swift.o)
      closure #1 (TulsiGenerator.ProcessRunner.CompletionInfo) -> () in TulsiGenerator.BazelQueryInfoExtractor.(bazelQueryProcess in _EB283E3D0F00A9083704ACE385FB78E0)(_: Swift.String, outputKind: Swift.String?, additionalArguments: [Swift.String], message: Swift.String, loggingIdentifier: Swift.String?, terminationHandler: (__C.NSTask, Foundation.Data, Swift.String?, Swift.String) -> ()) throws -> __C.NSTask in libtulsi_generator_lib.a(BazelQueryInfoExtractor.swift.o)
      closure #1 (TulsiGenerator.ProcessRunner.CompletionInfo) -> () in TulsiGenerator.BazelWorkspacePathInfoFetcher.(fetchWorkspaceInfo in _FBCC8FB73C67954075CF626E480CE18B)() -> () in libtulsi_generator_lib.a(BazelWorkspacePathInfoFetcher.swift.o)
      TulsiGenerator.LocalizedMessageLogger.error(_: Swift.String, comment: Swift.String, details: Swift.String?, context: Swift.String?, values: Swift.CVarArg...) -> () in libtulsi_generator_lib.a(LocalizedMessageLogger.swift.o)
      TulsiGenerator.LocalizedMessageLogger.warning(_: Swift.String, comment: Swift.String, details: Swift.String?, context: Swift.String?, values: Swift.CVarArg...) -> () in libtulsi_generator_lib.a(LocalizedMessageLogger.swift.o)
      TulsiGenerator.TulsiOptionSet.(populateOptionGroupInfoWithBundle in _75FC4C339CDF8B0A6FC36001CDFA9AC4)(__C.NSBundle) -> () in libtulsi_generator_lib.a(TulsiOptionSet.swift.o)
      static Tulsi.BazelSelectionPanel.beginSheetModalBazelSelectionPanelForWindow(_: __C.NSWindow, document: Tulsi.TulsiProjectDocument, completionHandler: (Foundation.URL?) -> ()?) -> Tulsi.BazelSelectionPanel in libtulsi_lib.a(BazelSelectionPanel.swift.o)
      ...
     (maybe you meant: default argument 2 of Foundation.NSLocalizedString(_: Swift.String, tableName: Swift.String?, bundle: __C.NSBundle, value: Swift.String, comment: Swift.String) -> Swift.String, default argument 1 of Foundation.NSLocalizedString(_: Swift.String, tableName: Swift.String?, bundle: __C.NSBundle, value: Swift.String, comment: Swift.String) -> Swift.String , default argument 3 of Foundation.NSLocalizedString(_: Swift.String, tableName: Swift.String?, bundle: __C.NSBundle, value: Swift.String, comment: Swift.String) -> Swift.String )
  "Foundation._convertErrorToNSError(Swift.Error) -> __C.NSError", referenced from:
      @objc Tulsi.SourcePathNode.validateRecursive(Swift.AutoreleasingUnsafeMutablePointer<Swift.AnyObject?>) throws -> () in libtulsi_lib.a(ConfigEditorSourceFilterViewController.swift.o)
      @objc Tulsi.TulsiProjectDocument.writeSafely(to: Foundation.URL, ofType: Swift.String, for: __C.NSSaveOperationType) throws -> () in libtulsi_lib.a(TulsiProjectDocument.swift.o)
      @objc Tulsi.TulsiProjectDocument.fileWrapper(ofType: Swift.String) throws -> __C.NSFileWrapper in libtulsi_lib.a(TulsiProjectDocument.swift.o)
      @objc Tulsi.TulsiProjectDocument.read(from: __C.NSFileWrapper, ofType: Swift.String) throws -> () in libtulsi_lib.a(TulsiProjectDocument.swift.o)
      Tulsi.TulsiProjectDocument.willPresentError(Swift.Error) -> Swift.Error in libtulsi_lib.a(TulsiProjectDocument.swift.o)
      @objc Tulsi.TulsiProjectDocument.willPresentError(Swift.Error) -> Swift.Error in libtulsi_lib.a(TulsiProjectDocument.swift.o)
      @nonobjc __C.NSAlert.__allocating_init(error: Swift.Error) -> __C.NSAlert in libtulsi_lib.a(TulsiGeneratorConfigDocument.swift.o)
      ...
  "Foundation._convertNSErrorToError(__C.NSError?) -> Swift.Error", referenced from:
      TulsiGenerator.BazelAspectInfoExtractor.(extractRuleEntriesUsingBEP in _F5D2D87286505E9AC6917BB651D4E8CB)(_: [TulsiGenerator.BuildLabel], startupOptions: [Swift.String], buildOptions: [Swift.String], compilationMode: Swift.String?, platformConfig: Swift.String?, prioritizeSwift: Swift.Bool?, useArm64_32: Swift.Bool?, features: Swift.Set<TulsiGenerator.BazelSettingFeature>) throws -> TulsiGenerator.RuleEntryMap in libtulsi_generator_lib.a(BazelAspectInfoExtractor.swift.o)
      parseTulsiTargetFileImpl #1 (Swift.String) throws -> TulsiGenerator.RuleEntry in TulsiGenerator.BazelAspectInfoExtractor.(extractRuleEntriesFromArtifacts in _F5D2D87286505E9AC6917BB651D4E8CB)(_: Swift.Set<Swift.String>, progressNotifier: TulsiGenerator.ProgressNotifier?) -> TulsiGenerator.RuleEntryMap in libtulsi_generator_lib.a(BazelAspectInfoExtractor.swift.o)
      TulsiGenerator.BazelBuildEventsReader.parseBuildEventFromLine(Swift.String) -> TulsiGenerator.BazelBuildEvent? in libtulsi_generator_lib.a(BazelBuildEvents.swift.o)
      TulsiGenerator.BazelQueryInfoExtractor.(extractSourceFileLabelsFromBazelXMLOutput in _EB283E3D0F00A9083704ACE385FB78E0)(Foundation.Data) -> Swift.Set<TulsiGenerator.BuildLabel>? in libtulsi_generator_lib.a(BazelQueryInfoExtractor.swift.o)
      TulsiGenerator.BazelQueryInfoExtractor.(extractRuleInfosWithRuleInputsFromBazelXMLOutput in _EB283E3D0F00A9083704ACE385FB78E0)(Foundation.Data) -> [TulsiGenerator.RuleInfo : Swift.Set<TulsiGenerator.BuildLabel>]? in libtulsi_generator_lib.a(BazelQueryInfoExtractor.swift.o)
      extractLabelsFromXpath #1 (Swift.String) throws -> Swift.Set<TulsiGenerator.BuildLabel> in TulsiGenerator.BazelQueryInfoExtractor.(extractRuleInfosWithRuleInputsFromBazelXMLOutput in _EB283E3D0F00A9083704ACE385FB78E0)(Foundation.Data) -> [TulsiGenerator.RuleInfo : Swift.Set<TulsiGenerator.BuildLabel>]? in libtulsi_generator_lib.a(BazelQueryInfoExtractor.swift.o)
      @nonobjc __C.NSXMLDocument.init(data: Foundation.Data, options: __C.NSXMLNodeOptions) throws -> __C.NSXMLDocument in libtulsi_generator_lib.a(BazelQueryInfoExtractor.swift.o)
      ...
  "Foundation.URL.standardizedFileURL.getter : Foundation.URL", referenced from:
      TulsiGenerator.TulsiProject.__allocating_init(data: Foundation.Data, projectBundleURL: Foundation.URL, additionalOptionData: Foundation.Data?) throws -> TulsiGenerator.TulsiProject in libtulsi_generator_lib.a(TulsiProject.swift.o)
  "Foundation.URL.isFileURL.getter : Swift.Bool", referenced from:
      Tulsi.HeadlessXcodeProjectGenerator.(loadConfig in _6DA402B01CBC07C24284CABCF4292184)(_: Foundation.URL, bazelURL: Foundation.URL?) throws -> TulsiGenerator.TulsiGeneratorConfig in libtulsi_lib.a(HeadlessXcodeProjectGenerator.swift.o)
      (extension in TulsiGenerator):Foundation.URL.relativePathTo(Foundation.URL) -> Swift.String? in libtulsi_generator_lib.a(NSURLExtensions.swift.o)
  "Foundation.URL.absoluteString.getter : Swift.String", referenced from:
      TulsiGenerator.XcodeProjectGenerator.(validateXcodeProjectPath in _3D27909A8CA7F8C4C4BE25046CB74F8B)(Foundation.URL) throws -> () in libtulsi_generator_lib.a(XcodeProjectGenerator.swift.o)
      TulsiGenerator.XcodeProjectGenerator.(installFiles in _3D27909A8CA7F8C4C4BE25046CB74F8B)(_: [(sourceURL: Foundation.URL, filename: Swift.String)], toDirectory: Foundation.URL, failSilently: Swift.Bool) -> () in libtulsi_generator_lib.a(XcodeProjectGenerator.swift.o)
  "Foundation.URL.pathComponents.getter : [Swift.String]", referenced from:
      TulsiGenerator.XcodeProjectGenerator.(PathTrie in _3D27909A8CA7F8C4C4BE25046CB74F8B).insert(Foundation.URL) -> () in libtulsi_generator_lib.a(XcodeProjectGenerator.swift.o)
      Tulsi.SplashScreenWindowController.(getRecentDocumentViewControllers in _F72045738B417E186D8E7F4140D79441)() -> [Tulsi.SplashScreenRecentDocumentViewController] in libtulsi_lib.a(SplashScreenWindowController.swift.o)
      (extension in TulsiGenerator):Foundation.URL.relativePathTo(Foundation.URL) -> Swift.String? in libtulsi_generator_lib.a(NSURLExtensions.swift.o)
  "Foundation.URL.init(fileURLWithPath: __shared Swift.String, isDirectory: Swift.Bool) -> Foundation.URL", referenced from:
      static TulsiGenerator.BazelLocator.bazelURL.getter : Foundation.URL? in libtulsi_generator_lib.a(BazelLocator.swift.o)
      TulsiGenerator.BazelWorkspaceInfoExtractor.init(bazelURL: Foundation.URL, workspaceRootURL: Foundation.URL, localizedMessageLogger: TulsiGenerator.LocalizedMessageLogger) -> TulsiGenerator.BazelWorkspaceInfoExtractor in libtulsi_generator_lib.a(BazelWorkspaceInfoExtractor.swift.o)
      Tulsi.HeadlessTulsiProjectCreator.generate() throws -> () in libtulsi_lib.a(HeadlessTulsiProjectCreator.swift.o)
      Tulsi.HeadlessTulsiProjectCreator.(buildOutputPath in _59287010C6E6E60CCC879AF7B9DF6695)(_: Swift.String, projectBundleName: Swift.String) throws -> (Foundation.URL, Swift.String) in libtulsi_lib.a(HeadlessTulsiProjectCreator.swift.o)
      Tulsi.HeadlessXcodeProjectGenerator.generate() throws -> () in libtulsi_lib.a(HeadlessXcodeProjectGenerator.swift.o)
      Tulsi.HeadlessXcodeProjectGenerator.(resolveConfigPath in _6DA402B01CBC07C24284CABCF4292184)(Swift.String) throws -> (projectURL: Foundation.URL, configURL: Foundation.URL, defaultOutputFolderURL: Foundation.URL?) in libtulsi_lib.a(HeadlessXcodeProjectGenerator.swift.o)
      Tulsi.HeadlessXcodeProjectGenerator.(locateConfigNamed in _6DA402B01CBC07C24284CABCF4292184)(_: Swift.String, inTulsiProject: Swift.String) throws -> (configURL: Foundation.URL, defaultOutputFolderURL: Foundation.URL?) in libtulsi_lib.a(HeadlessXcodeProjectGenerator.swift.o)
      ...
  "Foundation.URL.init(fileURLWithPath: __shared Swift.String) -> Foundation.URL", referenced from:
      static TulsiGenerator.TulsiGeneratorConfig.resolveBazelURL(_: Foundation.URL?, options: TulsiGenerator.TulsiOptionSet) -> TulsiGenerator.TulsiParameter<Foundation.URL>? in libtulsi_generator_lib.a(TulsiGeneratorConfig.swift.o)
      TulsiGenerator.TulsiProject.init(projectName: Swift.String, projectBundleURL: Foundation.URL, workspaceRootURL: Foundation.URL, bazelPackages: [Swift.String], options: TulsiGenerator.TulsiOptionSet?) -> TulsiGenerator.TulsiProject in libtulsi_generator_lib.a(TulsiProject.swift.o)
      Tulsi.HeadlessXcodeProjectGenerator.generate() throws -> () in libtulsi_lib.a(HeadlessXcodeProjectGenerator.swift.o)
      Tulsi.HeadlessXcodeProjectGenerator.(resolveConfigPath in _6DA402B01CBC07C24284CABCF4292184)(Swift.String) throws -> (projectURL: Foundation.URL, configURL: Foundation.URL, defaultOutputFolderURL: Foundation.URL?) in libtulsi_lib.a(HeadlessXcodeProjectGenerator.swift.o)
  "Foundation.URL.lastPathComponent.getter : Swift.String", referenced from:
      TulsiGenerator.ApplicationSupport.(installFiles in _E3DCD047EB2FB2B8919621A1AB06D8E1)(_: [Foundation.URL], toSubpath: Swift.String) throws -> Foundation.URL in libtulsi_generator_lib.a(TulsiApplicationSupport.swift.o)
      closure #1 (Foundation.URL) -> (sourceURL: Foundation.URL, filename: Swift.String) in TulsiGenerator.XcodeProjectGenerator.(installTulsiScriptsForProjectInfo in _3D27909A8CA7F8C4C4BE25046CB74F8B)(_: TulsiGenerator.XcodeProjectGenerator.(GeneratedProjectInfo in _3D27909A8CA7F8C4C4BE25046CB74F8B), projectURL: Foundation.URL) -> () in libtulsi_generator_lib.a(XcodeProjectGenerator.swift.o)
      closure #1 (Swift.AnyObject, Foundation.URL) -> Swift.Bool in static Tulsi.FilteredOpenPanel.filterNonPackageDirectoriesOrFilesMatchingNames([Swift.String]) -> (Tulsi.FilteredOpenPanel, Foundation.URL) -> Swift.Bool in libtulsi_lib.a(FilteredOpenPanel.swift.o)
      Tulsi.TulsiProjectDocument.prepareSavePanel(__C.NSSavePanel) -> Swift.Bool in libtulsi_lib.a(TulsiProjectDocument.swift.o)
      Tulsi.SplashScreenRecentDocumentViewController.viewDidLoad() -> () in libtulsi_lib.a(SplashScreenWindowController.swift.o)
      Tulsi.TulsiGeneratorConfigDocument.save(to: Foundation.URL, ofType: Swift.String, for: __C.NSSaveOperationType, completionHandler: (Swift.Error?) -> ()) -> () in libtulsi_lib.a(TulsiGeneratorConfigDocument.swift.o)
      Tulsi.TulsiGeneratorConfigDocument.read(from: Foundation.URL, ofType: Swift.String) throws -> () in libtulsi_lib.a(TulsiGeneratorConfigDocument.swift.o)
      ...
  "Foundation.URL._bridgeToObjectiveC() -> __C.NSURL", referenced from:
      static TulsiGenerator.BazelLocator.bazelURL.getter : Foundation.URL? in libtulsi_generator_lib.a(BazelLocator.swift.o)
      TulsiGenerator.BazelQueryInfoExtractor.(bazelQueryProcess in _EB283E3D0F00A9083704ACE385FB78E0)(_: Swift.String, outputKind: Swift.String?, additionalArguments: [Swift.String], message: Swift.String, loggingIdentifier: Swift.String?, terminationHandler: (__C.NSTask, Foundation.Data, Swift.String?, Swift.String) -> ()) throws -> __C.NSTask in libtulsi_generator_lib.a(BazelQueryInfoExtractor.swift.o)
      TulsiGenerator.BazelWorkspacePathInfoFetcher.(fetchWorkspaceInfo in _FBCC8FB73C67954075CF626E480CE18B)() -> () in libtulsi_generator_lib.a(BazelWorkspacePathInfoFetcher.swift.o)
      TulsiGenerator.ApplicationSupport.(copyFileIfNeeded in _E3DCD047EB2FB2B8919621A1AB06D8E1)(fromURL: Foundation.URL, toURL: Foundation.URL) throws -> () in libtulsi_generator_lib.a(TulsiApplicationSupport.swift.o)
      TulsiGenerator.ApplicationSupport.(createDirectory in _E3DCD047EB2FB2B8919621A1AB06D8E1)(atURL: Foundation.URL) throws -> () in libtulsi_generator_lib.a(TulsiApplicationSupport.swift.o)
      TulsiGenerator.XcodeProjectGenerator.(createDirectory in _3D27909A8CA7F8C4C4BE25046CB74F8B)(_: Foundation.URL, failSilently: Swift.Bool) -> Swift.Bool in libtulsi_generator_lib.a(XcodeProjectGenerator.swift.o)
      TulsiGenerator.XcodeProjectGenerator.(installFiles in _3D27909A8CA7F8C4C4BE25046CB74F8B)(_: [(sourceURL: Foundation.URL, filename: Swift.String)], toDirectory: Foundation.URL, failSilently: Swift.Bool) -> () in libtulsi_generator_lib.a(XcodeProjectGenerator.swift.o)
      ...
  "Foundation.URL.appendingPathComponent(_: Swift.String, isDirectory: Swift.Bool) -> Foundation.URL", referenced from:
      TulsiGenerator.PBXTargetGenerator.(setCurrentVersionForXCVersionGroup in _9BC2D135E4F1D200D8B700936548BDC4)(_: TulsiGenerator.XCVersionGroup, atPath: Swift.String) -> () in libtulsi_generator_lib.a(PBXTargetGenerator.swift.o)
      TulsiGenerator.ApplicationSupport.init(fileManager: __C.NSFileManager) -> TulsiGenerator.ApplicationSupport? in libtulsi_generator_lib.a(TulsiApplicationSupport.swift.o)
      TulsiGenerator.ApplicationSupport.(installFiles in _E3DCD047EB2FB2B8919621A1AB06D8E1)(_: [Foundation.URL], toSubpath: Swift.String) throws -> Foundation.URL in libtulsi_generator_lib.a(TulsiApplicationSupport.swift.o)
      TulsiGenerator.TulsiProject.__allocating_init(data: Foundation.Data, projectBundleURL: Foundation.URL, additionalOptionData: Foundation.Data?) throws -> TulsiGenerator.TulsiProject in libtulsi_generator_lib.a(TulsiProject.swift.o)
      TulsiGenerator.XcodeProjectGenerator.(installTulsiScriptsForProjectInfo in _3D27909A8CA7F8C4C4BE25046CB74F8B)(_: TulsiGenerator.XcodeProjectGenerator.(GeneratedProjectInfo in _3D27909A8CA7F8C4C4BE25046CB74F8B), projectURL: Foundation.URL) -> () in libtulsi_generator_lib.a(XcodeProjectGenerator.swift.o)
      TulsiGenerator.XcodeProjectGenerator.(installGeneratorConfig in _3D27909A8CA7F8C4C4BE25046CB74F8B)(Foundation.URL) -> () in libtulsi_generator_lib.a(XcodeProjectGenerator.swift.o)
      TulsiGenerator.XcodeProjectGenerator.(installGeneratedProjectResources in _3D27909A8CA7F8C4C4BE25046CB74F8B)(Foundation.URL) -> () in libtulsi_generator_lib.a(XcodeProjectGenerator.swift.o)
      ...
  "Foundation.URL.appendingPathComponent(Swift.String) -> Foundation.URL", referenced from:
      parseTulsiTargetFileImpl #1 (Swift.String) throws -> TulsiGenerator.RuleEntry in TulsiGenerator.BazelAspectInfoExtractor.(extractRuleEntriesFromArtifacts in _F5D2D87286505E9AC6917BB651D4E8CB)(_: Swift.Set<Swift.String>, progressNotifier: TulsiGenerator.ProgressNotifier?) -> TulsiGenerator.RuleEntryMap in libtulsi_generator_lib.a(BazelAspectInfoExtractor.swift.o)
      static TulsiGenerator.TulsiGeneratorConfig.load(_: Foundation.URL, bazelURL: Foundation.URL?) throws -> TulsiGenerator.TulsiGeneratorConfig in libtulsi_generator_lib.a(TulsiGeneratorConfig.swift.o)
      static TulsiGenerator.TulsiProject.load(Foundation.URL) throws -> TulsiGenerator.TulsiProject in libtulsi_generator_lib.a(TulsiProject.swift.o)
      TulsiGenerator.XcodeProjectGenerator.generateXcodeProjectInFolder(Foundation.URL) throws -> Foundation.URL in libtulsi_generator_lib.a(XcodeProjectGenerator.swift.o)
      TulsiGenerator.XcodeProjectGenerator.(installWorkspaceSettings in _3D27909A8CA7F8C4C4BE25046CB74F8B)(Foundation.URL) throws -> () in libtulsi_generator_lib.a(XcodeProjectGenerator.swift.o)
      TulsiGenerator.XcodeProjectGenerator.(installXcodeSchemesForProjectInfo in _3D27909A8CA7F8C4C4BE25046CB74F8B)(_: TulsiGenerator.XcodeProjectGenerator.(GeneratedProjectInfo in _3D27909A8CA7F8C4C4BE25046CB74F8B), projectURL: Foundation.URL, projectBundleName: Swift.String) throws -> () in libtulsi_generator_lib.a(XcodeProjectGenerator.swift.o)
      TulsiGenerator.XcodeProjectGenerator.(installGeneratorConfig in _3D27909A8CA7F8C4C4BE25046CB74F8B)(Foundation.URL) -> () in libtulsi_generator_lib.a(XcodeProjectGenerator.swift.o)
      ...
  "Foundation.URL.deletingLastPathComponent() -> Foundation.URL", referenced from:
      TulsiGenerator.BazelWorkspaceInfoExtractor.init(bazelURL: Foundation.URL, workspaceRootURL: Foundation.URL, localizedMessageLogger: TulsiGenerator.LocalizedMessageLogger) -> TulsiGenerator.BazelWorkspaceInfoExtractor in libtulsi_generator_lib.a(BazelWorkspaceInfoExtractor.swift.o)
      static TulsiGenerator.TulsiGeneratorConfig.load(_: Foundation.URL, bazelURL: Foundation.URL?) throws -> TulsiGenerator.TulsiGeneratorConfig in libtulsi_generator_lib.a(TulsiGeneratorConfig.swift.o)
      static Tulsi.BazelSelectionPanel.beginSheetModalBazelSelectionPanelForWindow(_: __C.NSWindow, document: Tulsi.TulsiProjectDocument, completionHandler: (Foundation.URL?) -> ()?) -> Tulsi.BazelSelectionPanel in libtulsi_lib.a(BazelSelectionPanel.swift.o)
      Tulsi.TulsiProjectDocument.(packageForBUILDFile in _E9C2360CC5CB4BD1DBAF86C4F6E2C688)(Foundation.URL) -> Swift.String? in libtulsi_lib.a(TulsiProjectDocument.swift.o)
      Tulsi.TulsiProjectDocument.createNewProject(_: Swift.String, workspaceFileURL: Foundation.URL) -> () in libtulsi_lib.a(TulsiProjectDocument.swift.o)
      Tulsi.HeadlessXcodeProjectGenerator.(locateConfigNamed in _6DA402B01CBC07C24284CABCF4292184)(_: Swift.String, inTulsiProject: Swift.String) throws -> (configURL: Foundation.URL, defaultOutputFolderURL: Foundation.URL?) in libtulsi_lib.a(HeadlessXcodeProjectGenerator.swift.o)
  "static Foundation.URL.== infix(Foundation.URL, Foundation.URL) -> Swift.Bool", referenced from:
      (extension in TulsiGenerator):Foundation.URL.relativePathTo(Foundation.URL) -> Swift.String? in libtulsi_generator_lib.a(NSURLExtensions.swift.o)
  "static Foundation.URL._unconditionallyBridgeFromObjectiveC(__C.NSURL?) -> Foundation.URL", referenced from:
      static TulsiGenerator.BazelLocator.bazelURL.getter : Foundation.URL? in libtulsi_generator_lib.a(BazelLocator.swift.o)
      TulsiGenerator.BazelWorkspaceInfoExtractor.init(bazelURL: Foundation.URL, workspaceRootURL: Foundation.URL, localizedMessageLogger: TulsiGenerator.LocalizedMessageLogger) -> TulsiGenerator.BazelWorkspaceInfoExtractor in libtulsi_generator_lib.a(BazelWorkspaceInfoExtractor.swift.o)
      TulsiGenerator.ApplicationSupport.copyTulsiAspectFiles(tulsiVersion: Swift.String) throws -> Swift.String in libtulsi_generator_lib.a(TulsiApplicationSupport.swift.o)
      TulsiGenerator.TulsiXcodeProjectGenerator.init(workspaceRootURL: Foundation.URL, config: TulsiGenerator.TulsiGeneratorConfig, extractorBazelURL: Foundation.URL, tulsiVersion: Swift.String) -> TulsiGenerator.TulsiXcodeProjectGenerator in libtulsi_generator_lib.a(TulsiXcodeProjectGenerator.swift.o)
      TulsiGenerator.XcodeProjectGenerator.(updateShellCommands in _3D27909A8CA7F8C4C4BE25046CB74F8B)() throws -> () in libtulsi_generator_lib.a(XcodeProjectGenerator.swift.o)
      TulsiGenerator.XcodeProjectGenerator.(generateBuildSettingsFile in _3D27909A8CA7F8C4C4BE25046CB74F8B)(Swift.Set<TulsiGenerator.RuleEntry>, Foundation.URL) -> () in libtulsi_generator_lib.a(XcodeProjectGenerator.swift.o)
      TulsiGenerator.XcodeProjectGenerator.(installShellCommands in _3D27909A8CA7F8C4C4BE25046CB74F8B)(atURL: Foundation.URL) throws -> Swift.String in libtulsi_generator_lib.a(XcodeProjectGenerator.swift.o)
      ...
  "Foundation.URL.path.getter : Swift.String", referenced from:
      TulsiGenerator.BazelAspectInfoExtractor.(extractRuleEntriesUsingBEP in _F5D2D87286505E9AC6917BB651D4E8CB)(_: [TulsiGenerator.BuildLabel], startupOptions: [Swift.String], buildOptions: [Swift.String], compilationMode: Swift.String?, platformConfig: Swift.String?, prioritizeSwift: Swift.Bool?, useArm64_32: Swift.Bool?, features: Swift.Set<TulsiGenerator.BazelSettingFeature>) throws -> TulsiGenerator.RuleEntryMap in libtulsi_generator_lib.a(BazelAspectInfoExtractor.swift.o)
      TulsiGenerator.BazelAspectInfoExtractor.(bazelAspectProcessForTargets in _F5D2D87286505E9AC6917BB651D4E8CB)(_: [Swift.String], aspect: Swift.String, startupOptions: [Swift.String], buildOptions: [Swift.String], compilationMode: Swift.String?, platformConfig: Swift.String?, prioritizeSwift: Swift.Bool?, useArm64_32: Swift.Bool?, features: Swift.Set<TulsiGenerator.BazelSettingFeature>, progressNotifier: TulsiGenerator.ProgressNotifier?, terminationHandler: (__C.NSTask, Swift.String) -> ()) -> __C.NSTask? in libtulsi_generator_lib.a(BazelAspectInfoExtractor.swift.o)
      parseTulsiTargetFileImpl #1 (Swift.String) throws -> TulsiGenerator.RuleEntry in TulsiGenerator.BazelAspectInfoExtractor.(extractRuleEntriesFromArtifacts in _F5D2D87286505E9AC6917BB651D4E8CB)(_: Swift.Set<Swift.String>, progressNotifier: TulsiGenerator.ProgressNotifier?) -> TulsiGenerator.RuleEntryMap in libtulsi_generator_lib.a(BazelAspectInfoExtractor.swift.o)
      static TulsiGenerator.BazelLocator.bazelURL.getter : Foundation.URL? in libtulsi_generator_lib.a(BazelLocator.swift.o)
      TulsiGenerator.BazelQueryInfoExtractor.(bazelSynchronousQueryProcess in _EB283E3D0F00A9083704ACE385FB78E0)(_: Swift.String, outputKind: Swift.String?, additionalArguments: [Swift.String], message: Swift.String, loggingIdentifier: Swift.String?) throws -> (bazelProcess: __C.NSTask, returnedData: Foundation.Data, stderrString: Swift.String?, debugInfo: Swift.String) in libtulsi_generator_lib.a(BazelQueryInfoExtractor.swift.o)
      TulsiGenerator.BazelQueryInfoExtractor.(bazelQueryProcess in _EB283E3D0F00A9083704ACE385FB78E0)(_: Swift.String, outputKind: Swift.String?, additionalArguments: [Swift.String], message: Swift.String, loggingIdentifier: Swift.String?, terminationHandler: (__C.NSTask, Foundation.Data, Swift.String?, Swift.String) -> ()) throws -> __C.NSTask in libtulsi_generator_lib.a(BazelQueryInfoExtractor.swift.o)
      TulsiGenerator.BazelWorkspaceInfoExtractor.init(bazelURL: Foundation.URL, workspaceRootURL: Foundation.URL, localizedMessageLogger: TulsiGenerator.LocalizedMessageLogger) -> TulsiGenerator.BazelWorkspaceInfoExtractor in libtulsi_generator_lib.a(BazelWorkspaceInfoExtractor.swift.o)
      ...
  "Foundation.URL.init(string: __shared Swift.String, relativeTo: __shared Foundation.URL?) -> Foundation.URL?", referenced from:
      TulsiGenerator.BazelXcodeProjectPatcher.patchBazelRelativeReferences(TulsiGenerator.PBXProject, Foundation.URL) -> () in libtulsi_generator_lib.a(BazelXcodeProjectPatcher.swift.o)
      TulsiGenerator.ApplicationSupport.(installFiles in _E3DCD047EB2FB2B8919621A1AB06D8E1)(_: [Foundation.URL], toSubpath: Swift.String) throws -> Foundation.URL in libtulsi_generator_lib.a(TulsiApplicationSupport.swift.o)
      TulsiGenerator.XcodeProjectGenerator.(installStubExtensionPlistFiles in _3D27909A8CA7F8C4C4BE25046CB74F8B)(_: Foundation.URL, rules: [TulsiGenerator.RuleEntry], plistPaths: TulsiGenerator.StubInfoPlistPaths) -> () in libtulsi_generator_lib.a(XcodeProjectGenerator.swift.o)
  "type metadata accessor for Foundation.URL", referenced from:
      TulsiGenerator.BazelAspectInfoExtractor.bazelURL.getter : Foundation.URL in libtulsi_generator_lib.a(BazelAspectInfoExtractor.swift.o)
      TulsiGenerator.BazelAspectInfoExtractor.bazelURL.setter : Foundation.URL in libtulsi_generator_lib.a(BazelAspectInfoExtractor.swift.o)
      TulsiGenerator.BazelAspectInfoExtractor.workspaceRootURL.getter : Foundation.URL in libtulsi_generator_lib.a(BazelAspectInfoExtractor.swift.o)
      TulsiGenerator.BazelAspectInfoExtractor.executionRootURL.getter : Foundation.URL in libtulsi_generator_lib.a(BazelAspectInfoExtractor.swift.o)
      TulsiGenerator.BazelAspectInfoExtractor.init(bazelURL: Foundation.URL, workspaceRootURL: Foundation.URL, executionRootURL: Foundation.URL, bazelSettingsProvider: TulsiGenerator.BazelSettingsProviderProtocol, localizedMessageLogger: TulsiGenerator.LocalizedMessageLogger) -> TulsiGenerator.BazelAspectInfoExtractor in libtulsi_generator_lib.a(BazelAspectInfoExtractor.swift.o)
      TulsiGenerator.BazelAspectInfoExtractor.(extractRuleEntriesUsingBEP in _F5D2D87286505E9AC6917BB651D4E8CB)(_: [TulsiGenerator.BuildLabel], startupOptions: [Swift.String], buildOptions: [Swift.String], compilationMode: Swift.String?, platformConfig: Swift.String?, prioritizeSwift: Swift.Bool?, useArm64_32: Swift.Bool?, features: Swift.Set<TulsiGenerator.BazelSettingFeature>) throws -> TulsiGenerator.RuleEntryMap in libtulsi_generator_lib.a(BazelAspectInfoExtractor.swift.o)
      TulsiGenerator.BazelAspectInfoExtractor.(bazelAspectProcessForTargets in _F5D2D87286505E9AC6917BB651D4E8CB)(_: [Swift.String], aspect: Swift.String, startupOptions: [Swift.String], buildOptions: [Swift.String], compilationMode: Swift.String?, platformConfig: Swift.String?, prioritizeSwift: Swift.Bool?, useArm64_32: Swift.Bool?, features: Swift.Set<TulsiGenerator.BazelSettingFeature>, progressNotifier: TulsiGenerator.ProgressNotifier?, terminationHandler: (__C.NSTask, Swift.String) -> ()) -> __C.NSTask? in libtulsi_generator_lib.a(BazelAspectInfoExtractor.swift.o)
      ...
  "protocol conformance descriptor for Foundation.URL : Swift.Hashable in Foundation", referenced from:
      lazy protocol witness table accessor for type Foundation.URL and conformance Foundation.URL : Swift.Hashable in Foundation in libtulsi_lib.a(SplashScreenWindowController.swift.o)
  "protocol conformance descriptor for Foundation.URL : Swift.CustomStringConvertible in Foundation", referenced from:
      lazy protocol witness table accessor for type Foundation.URL and conformance Foundation.URL : Swift.CustomStringConvertible in Foundation in libtulsi_lib.a(EventLogger.swift.o)
  "Foundation.Data._bridgeToObjectiveC() -> __C.NSData", referenced from:
      closure #1 (Foundation.Notification) -> () in registerAndStartReader #1 (_: __C.NSFileHandle, outputData: __C.NSMutableData) -> __C.NSObject in TulsiGenerator.ProcessRunner.(createProcess in _F89DABAFE844AC5CA1B763CAFAD9B278)(_: Swift.String, arguments: [Swift.String], environment: [Swift.String : Swift.String]?, messageLogger: TulsiGenerator.LocalizedMessageLogger?, loggingIdentifier: Swift.String?, terminationHandler: (TulsiGenerator.ProcessRunner.CompletionInfo) -> ()) -> __C.NSTask in libtulsi_generator_lib.a(ProcessRunner.swift.o)
      parseTulsiTargetFileImpl #1 (Swift.String) throws -> TulsiGenerator.RuleEntry in TulsiGenerator.BazelAspectInfoExtractor.(extractRuleEntriesFromArtifacts in _F5D2D87286505E9AC6917BB651D4E8CB)(_: Swift.Set<Swift.String>, progressNotifier: TulsiGenerator.ProgressNotifier?) -> TulsiGenerator.RuleEntryMap in libtulsi_generator_lib.a(BazelAspectInfoExtractor.swift.o)
      @nonobjc __C.NSString.init(data: Foundation.Data, encoding: Swift.UInt) -> __C.NSString? in libtulsi_generator_lib.a(BazelAspectInfoExtractor.swift.o)
      TulsiGenerator.BazelBuildEventsReader.parseBuildEventFromLine(Swift.String) -> TulsiGenerator.BazelBuildEvent? in libtulsi_generator_lib.a(BazelBuildEvents.swift.o)
      @nonobjc __C.NSString.init(data: Foundation.Data, encoding: Swift.UInt) -> __C.NSString? in libtulsi_generator_lib.a(BazelErrorExtractor.swift.o)
      @nonobjc __C.NSString.init(data: Foundation.Data, encoding: Swift.UInt) -> __C.NSString? in libtulsi_generator_lib.a(BazelQueryInfoExtractor.swift.o)
      @nonobjc __C.NSXMLDocument.init(data: Foundation.Data, options: __C.NSXMLNodeOptions) throws -> __C.NSXMLDocument in libtulsi_generator_lib.a(BazelQueryInfoExtractor.swift.o)
      ...
  "static Foundation.Data._unconditionallyBridgeFromObjectiveC(__C.NSData?) -> Foundation.Data", referenced from:
      closure #2 (__C.NSTask) -> () in TulsiGenerator.ProcessRunner.(createProcess in _F89DABAFE844AC5CA1B763CAFAD9B278)(_: Swift.String, arguments: [Swift.String], environment: [Swift.String : Swift.String]?, messageLogger: TulsiGenerator.LocalizedMessageLogger?, loggingIdentifier: Swift.String?, terminationHandler: (TulsiGenerator.ProcessRunner.CompletionInfo) -> ()) -> __C.NSTask in libtulsi_generator_lib.a(ProcessRunner.swift.o)
      parseTulsiTargetFileImpl #1 (Swift.String) throws -> TulsiGenerator.RuleEntry in TulsiGenerator.BazelAspectInfoExtractor.(extractRuleEntriesFromArtifacts in _F5D2D87286505E9AC6917BB651D4E8CB)(_: Swift.Set<Swift.String>, progressNotifier: TulsiGenerator.ProgressNotifier?) -> TulsiGenerator.RuleEntryMap in libtulsi_generator_lib.a(BazelAspectInfoExtractor.swift.o)
      static (extension in TulsiGenerator):__C.NSJSONSerialization.tulsi_newlineTerminatedUnescapedData(jsonObject: Any, options: __C.NSJSONWritingOptions) throws -> __C.NSMutableData in libtulsi_generator_lib.a(NSJSONSerializationExtensions.swift.o)
      TulsiGenerator.OpenStepSerializer.(serializeObjectDictionaryWithRoot in _40B8AF4E61D42104FF82B74BA7B851A2)(Swift.String) -> Foundation.Data? in libtulsi_generator_lib.a(PBXProjSerializer.swift.o)
      TulsiGenerator.PBXTargetGenerator.(setCurrentVersionForXCVersionGroup in _9BC2D135E4F1D200D8B700936548BDC4)(_: TulsiGenerator.XCVersionGroup, atPath: Swift.String) -> () in libtulsi_generator_lib.a(PBXTargetGenerator.swift.o)
      static TulsiGenerator.TulsiGeneratorConfig.load(_: Foundation.URL, bazelURL: Foundation.URL?) throws -> TulsiGenerator.TulsiGeneratorConfig in libtulsi_generator_lib.a(TulsiGeneratorConfig.swift.o)
      static TulsiGenerator.TulsiProject.load(Foundation.URL) throws -> TulsiGenerator.TulsiProject in libtulsi_generator_lib.a(TulsiProject.swift.o)
      ...
  "Foundation.Data.write(to: Foundation.URL, options: __C.NSDataWritingOptions) throws -> ()", referenced from:
      closure #1 (Foundation.URL, Foundation.Data) throws -> () in variable initialization expression of TulsiGenerator.XcodeProjectGenerator.writeDataHandler : (Foundation.URL, Foundation.Data) throws -> () in libtulsi_generator_lib.a(XcodeProjectGenerator.swift.o)
  "Foundation.Data.init() -> Foundation.Data", referenced from:
      Tulsi.TulsiGeneratorConfigDocument.data(ofType: Swift.String) throws -> Foundation.Data in libtulsi_lib.a(TulsiGeneratorConfigDocument.swift.o)
  "type metadata for Foundation.Data", referenced from:
      closure #1 (Foundation.Notification) -> () in registerAndStartReader #1 (_: __C.NSFileHandle, outputData: __C.NSMutableData) -> __C.NSObject in TulsiGenerator.ProcessRunner.(createProcess in _F89DABAFE844AC5CA1B763CAFAD9B278)(_: Swift.String, arguments: [Swift.String], environment: [Swift.String : Swift.String]?, messageLogger: TulsiGenerator.LocalizedMessageLogger?, loggingIdentifier: Swift.String?, terminationHandler: (TulsiGenerator.ProcessRunner.CompletionInfo) -> ()) -> __C.NSTask in libtulsi_generator_lib.a(ProcessRunner.swift.o)
  "static Foundation.Date.distantFuture.getter : Foundation.Date", referenced from:
      TulsiGenerator.ProcessRunner.(ProcessOutputReader in _F89DABAFE844AC5CA1B763CAFAD9B278).threadMain(Swift.AnyObject) -> () in libtulsi_generator_lib.a(ProcessRunner.swift.o)
  "Foundation.Date.timeIntervalSince(Foundation.Date) -> Swift.Double", referenced from:
      TulsiGenerator.LocalizedMessageLogger.logProfilingEnd(TulsiGenerator.LocalizedMessageLogger.LogSessionHandle) -> () in libtulsi_generator_lib.a(LocalizedMessageLogger.swift.o)
      static Tulsi.TulsiGeneratorConfigDocument.generateXcodeProjectInFolder(_: Foundation.URL, withGeneratorConfig: TulsiGenerator.TulsiGeneratorConfig, workspaceRootURL: Foundation.URL, messageLog: Tulsi.MessageLogProtocol?, projectInfoExtractor: TulsiGenerator.TulsiProjectInfoExtractor?) -> Tulsi.TulsiGeneratorConfigDocument.GenerationResult in libtulsi_lib.a(TulsiGeneratorConfigDocument.swift.o)
  "Foundation.Date._bridgeToObjectiveC() -> __C.NSDate", referenced from:
      TulsiGenerator.ProcessRunner.(ProcessOutputReader in _F89DABAFE844AC5CA1B763CAFAD9B278).threadMain(Swift.AnyObject) -> () in libtulsi_generator_lib.a(ProcessRunner.swift.o)
      Tulsi.UIMessage.pasteboardPropertyList(forType: __C.NSPasteboardType) -> Any? in libtulsi_lib.a(UIMessage.swift.o)
      static Tulsi.EventLogger.(createLogFile in _A4FE9277B9AEAB3AEB8125D876D5E62E)(Swift.String) -> __C.NSFileHandle? in libtulsi_lib.a(EventLogger.swift.o)
  "Foundation.Date.init() -> Foundation.Date", referenced from:
      TulsiGenerator.LocalizedMessageLogger.LogSessionHandle.init(_: Swift.String, context: Swift.String?) -> TulsiGenerator.LocalizedMessageLogger.LogSessionHandle in libtulsi_generator_lib.a(LocalizedMessageLogger.swift.o)
      TulsiGenerator.LocalizedMessageLogger.LogSessionHandle.resetStartTime() -> () in libtulsi_generator_lib.a(LocalizedMessageLogger.swift.o)
      TulsiGenerator.LocalizedMessageLogger.logProfilingEnd(TulsiGenerator.LocalizedMessageLogger.LogSessionHandle) -> () in libtulsi_generator_lib.a(LocalizedMessageLogger.swift.o)
      TulsiGenerator.XcodeProjectGenerator.(installFiles in _3D27909A8CA7F8C4C4BE25046CB74F8B)(_: [(sourceURL: Foundation.URL, filename: Swift.String)], toDirectory: Foundation.URL, failSilently: Swift.Bool) -> () in libtulsi_generator_lib.a(XcodeProjectGenerator.swift.o)
      static Tulsi.TulsiGeneratorConfigDocument.generateXcodeProjectInFolder(_: Foundation.URL, withGeneratorConfig: TulsiGenerator.TulsiGeneratorConfig, workspaceRootURL: Foundation.URL, messageLog: Tulsi.MessageLogProtocol?, projectInfoExtractor: TulsiGenerator.TulsiProjectInfoExtractor?) -> Tulsi.TulsiGeneratorConfigDocument.GenerationResult in libtulsi_lib.a(TulsiGeneratorConfigDocument.swift.o)
      variable initialization expression of Tulsi.UIMessage.timestamp : Foundation.Date in libtulsi_lib.a(UIMessage.swift.o)
      Tulsi.UIMessage.init(text: Swift.String, type: TulsiGenerator.LogMessagePriority) -> Tulsi.UIMessage in libtulsi_lib.a(UIMessage.swift.o)
      ...
  "type metadata accessor for Foundation.Date", referenced from:
      TulsiGenerator.ProcessRunner.(ProcessOutputReader in _F89DABAFE844AC5CA1B763CAFAD9B278).threadMain(Swift.AnyObject) -> () in libtulsi_generator_lib.a(ProcessRunner.swift.o)
      outlined destroy of TulsiGenerator.LocalizedMessageLogger.LogSessionHandle? in libtulsi_generator_lib.a(ProcessRunner.swift.o)
      outlined init with take of TulsiGenerator.LocalizedMessageLogger.LogSessionHandle in libtulsi_generator_lib.a(ProcessRunner.swift.o)
      outlined destroy of TulsiGenerator.LocalizedMessageLogger.LogSessionHandle in libtulsi_generator_lib.a(ProcessRunner.swift.o)
      outlined destroy of TulsiGenerator.LocalizedMessageLogger.LogSessionHandle in libtulsi_generator_lib.a(BazelAspectInfoExtractor.swift.o)
      outlined destroy of TulsiGenerator.LocalizedMessageLogger.LogSessionHandle in libtulsi_generator_lib.a(BazelQueryInfoExtractor.swift.o)
      outlined destroy of TulsiGenerator.LocalizedMessageLogger.LogSessionHandle in libtulsi_generator_lib.a(BazelWorkspacePathInfoFetcher.swift.o)
      ...
  "type metadata accessor for Foundation.Locale", referenced from:
      TulsiGenerator.XcodeProjectGenerator.(validateXcodeProjectPath in _3D27909A8CA7F8C4C4BE25046CB74F8B)(Foundation.URL) throws -> () in libtulsi_generator_lib.a(XcodeProjectGenerator.swift.o)
      default argument 3 of (extension in Foundation):Swift.StringProtocol.range<A where A1: Swift.StringProtocol>(of: A1, options: __C.NSStringCompareOptions, range: Swift.Range<Swift.String.Index>?, locale: Foundation.Locale?) -> Swift.Range<Swift.String.Index>? in libtulsi_generator_lib.a(XcodeProjectGenerator.swift.o)
      outlined destroy of Foundation.Locale? in libtulsi_generator_lib.a(XcodeProjectGenerator.swift.o)
      Tulsi.HeadlessTulsiProjectCreator.(extractBazelPackages in _59287010C6E6E60CCC879AF7B9DF6695)([Swift.String]) -> Swift.Set<Swift.String> in libtulsi_lib.a(HeadlessTulsiProjectCreator.swift.o)
      default argument 3 of (extension in Foundation):Swift.StringProtocol.range<A where A1: Swift.StringProtocol>(of: A1, options: __C.NSStringCompareOptions, range: Swift.Range<Swift.String.Index>?, locale: Foundation.Locale?) -> Swift.Range<Swift.String.Index>? in libtulsi_lib.a(HeadlessTulsiProjectCreator.swift.o)
      outlined destroy of Foundation.Locale? in libtulsi_lib.a(HeadlessTulsiProjectCreator.swift.o)
  "Foundation.IndexSet.init(integersIn: Swift.Range<Swift.Int>) -> Foundation.IndexSet", referenced from:
      Tulsi.MessageViewController.tableViewColumnDidResize(Foundation.Notification) -> () in libtulsi_lib.a(MessageViewController.swift.o)
      Tulsi.OptionsEditorController.(reloadDataForItem in _3E2C05B98F0DA96613930429AE126745)(Swift.AnyObject?) -> () in libtulsi_lib.a(OptionsEditorController.swift.o)
  "Foundation.IndexSet._bridgeToObjectiveC() -> __C.NSIndexSet", referenced from:
      Tulsi.MessageViewController.tableViewColumnDidResize(Foundation.Notification) -> () in libtulsi_lib.a(MessageViewController.swift.o)
      Tulsi.OptionsEditorController.(reloadDataForItem in _3E2C05B98F0DA96613930429AE126745)(Swift.AnyObject?) -> () in libtulsi_lib.a(OptionsEditorController.swift.o)
      Tulsi.OptionsTargetSelectorController.model.didset : Tulsi.OptionsEditorModelProtocol? in libtulsi_lib.a(OptionsTargetSelectorController.swift.o)
      Tulsi.ProjectEditorPackageManagerViewController.didClickRemoveSelectedBUILDFiles(Swift.AnyObject?) -> () in libtulsi_lib.a(ProjectEditorPackageManagerViewController.swift.o)
  "static Foundation.IndexSet._unconditionallyBridgeFromObjectiveC(__C.NSIndexSet?) -> Foundation.IndexSet", referenced from:
      Tulsi.ProjectEditorPackageManagerViewController.didClickRemoveSelectedBUILDFiles(Swift.AnyObject?) -> () in libtulsi_lib.a(ProjectEditorPackageManagerViewController.swift.o)
  "Foundation.IndexSet.init(integer: Swift.Int) -> Foundation.IndexSet", referenced from:
      Tulsi.OptionsTargetSelectorController.model.didset : Tulsi.OptionsEditorModelProtocol? in libtulsi_lib.a(OptionsTargetSelectorController.swift.o)
  "type metadata accessor for Foundation.IndexSet", referenced from:
      Tulsi.MessageViewController.tableViewColumnDidResize(Foundation.Notification) -> () in libtulsi_lib.a(MessageViewController.swift.o)
      Tulsi.OptionsEditorController.(reloadDataForItem in _3E2C05B98F0DA96613930429AE126745)(Swift.AnyObject?) -> () in libtulsi_lib.a(OptionsEditorController.swift.o)
      Tulsi.OptionsTargetSelectorController.model.didset : Tulsi.OptionsEditorModelProtocol? in libtulsi_lib.a(OptionsTargetSelectorController.swift.o)
      Tulsi.ProjectEditorPackageManagerViewController.didClickRemoveSelectedBUILDFiles(Swift.AnyObject?) -> () in libtulsi_lib.a(ProjectEditorPackageManagerViewController.swift.o)
  "ObjectiveC.autoreleasepool<A>(invoking: () throws -> A) throws -> A", referenced from:
      parseTulsiTargetFile #1 (Swift.String) throws -> TulsiGenerator.RuleEntry in TulsiGenerator.BazelAspectInfoExtractor.(extractRuleEntriesFromArtifacts in _F5D2D87286505E9AC6917BB651D4E8CB)(_: Swift.Set<Swift.String>, progressNotifier: TulsiGenerator.ProgressNotifier?) -> TulsiGenerator.RuleEntryMap in libtulsi_generator_lib.a(BazelAspectInfoExtractor.swift.o)
      closure #1 () -> () in TulsiGenerator.XcodeProjectGenerator.(buildXcodeProjectWithMainGroup in _3D27909A8CA7F8C4C4BE25046CB74F8B)(_: TulsiGenerator.PBXGroup, stubInfoPlistPaths: TulsiGenerator.StubInfoPlistPaths) throws -> TulsiGenerator.XcodeProjectGenerator.(GeneratedProjectInfo in _3D27909A8CA7F8C4C4BE25046CB74F8B) in libtulsi_generator_lib.a(XcodeProjectGenerator.swift.o)
  "ObjectiveC._convertBoolToObjCBool(Swift.Bool) -> ObjectiveC.ObjCBool", referenced from:
      registerAndStartReader #1 (_: __C.NSFileHandle, outputData: __C.NSMutableData) -> __C.NSObject in TulsiGenerator.ProcessRunner.(createProcess in _F89DABAFE844AC5CA1B763CAFAD9B278)(_: Swift.String, arguments: [Swift.String], environment: [Swift.String : Swift.String]?, messageLogger: TulsiGenerator.LocalizedMessageLogger?, loggingIdentifier: Swift.String?, terminationHandler: (TulsiGenerator.ProcessRunner.CompletionInfo) -> ()) -> __C.NSTask in libtulsi_generator_lib.a(ProcessRunner.swift.o)
      TulsiGenerator.ProcessRunner.(ProcessOutputReader in _F89DABAFE844AC5CA1B763CAFAD9B278).stop() -> () in libtulsi_generator_lib.a(ProcessRunner.swift.o)
      TulsiGenerator.ApplicationSupport.(createDirectory in _E3DCD047EB2FB2B8919621A1AB06D8E1)(atURL: Foundation.URL) throws -> () in libtulsi_generator_lib.a(TulsiApplicationSupport.swift.o)
      TulsiGenerator.XcodeProjectGenerator.(createDirectory in _3D27909A8CA7F8C4C4BE25046CB74F8B)(_: Foundation.URL, failSilently: Swift.Bool) -> Swift.Bool in libtulsi_generator_lib.a(XcodeProjectGenerator.swift.o)
      TulsiGenerator.XcodeProjectGenerator.(installShellCommands in _3D27909A8CA7F8C4C4BE25046CB74F8B)(atURL: Foundation.URL) throws -> Swift.String in libtulsi_generator_lib.a(XcodeProjectGenerator.swift.o)
      static Tulsi.BazelSelectionPanel.beginSheetModalBazelSelectionPanelForWindow(_: __C.NSWindow, document: Tulsi.TulsiProjectDocument, completionHandler: (Foundation.URL?) -> ()?) -> Tulsi.BazelSelectionPanel in libtulsi_lib.a(BazelSelectionPanel.swift.o)
      Tulsi.BazelSelectionPanel.__allocating_init(contentRect: __C.CGRect, styleMask: __C.NSWindowStyleMask, backing: __C.NSBackingStoreType, defer: Swift.Bool) -> Tulsi.BazelSelectionPanel in libtulsi_lib.a(BazelSelectionPanel.swift.o)
      ...
  "ObjectiveC._convertObjCBoolToBool(ObjectiveC.ObjCBool) -> Swift.Bool", referenced from:
      TulsiGenerator.ProcessRunner.TimedProcessRunnerObserver.observeValue(forKeyPath: Swift.String?, of: Any?, change: [__C.NSKeyValueChangeKey : Any]?, context: Swift.UnsafeMutableRawPointer?) -> () in libtulsi_generator_lib.a(ProcessRunner.swift.o)
      closure #2 (__C.NSTask) -> () in TulsiGenerator.ProcessRunner.(createProcess in _F89DABAFE844AC5CA1B763CAFAD9B278)(_: Swift.String, arguments: [Swift.String], environment: [Swift.String : Swift.String]?, messageLogger: TulsiGenerator.LocalizedMessageLogger?, loggingIdentifier: Swift.String?, terminationHandler: (TulsiGenerator.ProcessRunner.CompletionInfo) -> ()) -> __C.NSTask in libtulsi_generator_lib.a(ProcessRunner.swift.o)
      TulsiGenerator.ProcessRunner.(ProcessOutputReader in _F89DABAFE844AC5CA1B763CAFAD9B278).start() -> () in libtulsi_generator_lib.a(ProcessRunner.swift.o)
      TulsiGenerator.ProcessRunner.(ProcessOutputReader in _F89DABAFE844AC5CA1B763CAFAD9B278).threadMain(Swift.AnyObject) -> () in libtulsi_generator_lib.a(ProcessRunner.swift.o)
      static TulsiGenerator.BazelLocator.bazelURL.getter : Foundation.URL? in libtulsi_generator_lib.a(BazelLocator.swift.o)
      TulsiGenerator.BazelQueryInfoExtractor.(bazelQueryProcess in _EB283E3D0F00A9083704ACE385FB78E0)(_: Swift.String, outputKind: Swift.String?, additionalArguments: [Swift.String], message: Swift.String, loggingIdentifier: Swift.String?, terminationHandler: (__C.NSTask, Foundation.Data, Swift.String?, Swift.String) -> ()) throws -> __C.NSTask in libtulsi_generator_lib.a(BazelQueryInfoExtractor.swift.o)
      TulsiGenerator.BazelWorkspacePathInfoFetcher.(fetchWorkspaceInfo in _FBCC8FB73C67954075CF626E480CE18B)() -> () in libtulsi_generator_lib.a(BazelWorkspacePathInfoFetcher.swift.o)
      ...
  "ObjectiveC.ObjCBool.boolValue.getter : Swift.Bool", referenced from:
      TulsiGenerator.ApplicationSupport.(createDirectory in _E3DCD047EB2FB2B8919621A1AB06D8E1)(atURL: Foundation.URL) throws -> () in libtulsi_generator_lib.a(TulsiApplicationSupport.swift.o)
      Tulsi.TulsiProjectDocument.read(from: __C.NSFileWrapper, ofType: Swift.String) throws -> () in libtulsi_lib.a(TulsiProjectDocument.swift.o)
      static Tulsi.EventLogger.(createLogFile in _A4FE9277B9AEAB3AEB8125D876D5E62E)(Swift.String) -> __C.NSFileHandle? in libtulsi_lib.a(EventLogger.swift.o)
      Tulsi.HeadlessTulsiProjectCreator.(buildWORKSPACEFileURL in _59287010C6E6E60CCC879AF7B9DF6695)(Foundation.URL) throws -> Foundation.URL in libtulsi_lib.a(HeadlessTulsiProjectCreator.swift.o)
      Tulsi.HeadlessXcodeProjectGenerator.(isExistingDirectory in _6DA402B01CBC07C24284CABCF4292184)(Foundation.URL) -> Swift.Bool in libtulsi_lib.a(HeadlessXcodeProjectGenerator.swift.o)
  "ObjectiveC.ObjCBool.init(Swift.Bool) -> ObjectiveC.ObjCBool", referenced from:
      TulsiGenerator.ApplicationSupport.(createDirectory in _E3DCD047EB2FB2B8919621A1AB06D8E1)(atURL: Foundation.URL) throws -> () in libtulsi_generator_lib.a(TulsiApplicationSupport.swift.o)
      TulsiGenerator.XcodeProjectGenerator.(installShellCommands in _3D27909A8CA7F8C4C4BE25046CB74F8B)(atURL: Foundation.URL) throws -> Swift.String in libtulsi_generator_lib.a(XcodeProjectGenerator.swift.o)
      TulsiGenerator.XcodeProjectGenerator.(updateGlobalUserDefaultsWithShellCommands in _3D27909A8CA7F8C4C4BE25046CB74F8B)(shellCommandsPath: Swift.String) -> () in libtulsi_generator_lib.a(XcodeProjectGenerator.swift.o)
      Tulsi.TulsiProjectDocument.read(from: __C.NSFileWrapper, ofType: Swift.String) throws -> () in libtulsi_lib.a(TulsiProjectDocument.swift.o)
      static Tulsi.EventLogger.(createLogFile in _A4FE9277B9AEAB3AEB8125D876D5E62E)(Swift.String) -> __C.NSFileHandle? in libtulsi_lib.a(EventLogger.swift.o)
      Tulsi.HeadlessTulsiProjectCreator.(buildWORKSPACEFileURL in _59287010C6E6E60CCC879AF7B9DF6695)(Foundation.URL) throws -> Foundation.URL in libtulsi_lib.a(HeadlessTulsiProjectCreator.swift.o)
      Tulsi.HeadlessXcodeProjectGenerator.(isExistingDirectory in _6DA402B01CBC07C24284CABCF4292184)(Foundation.URL) -> Swift.Bool in libtulsi_lib.a(HeadlessXcodeProjectGenerator.swift.o)
      ...
  "static ObjectiveC.Selector.== infix(ObjectiveC.Selector, ObjectiveC.Selector) -> Swift.Bool", referenced from:
      Tulsi.TulsiProjectDocument.validateUserInterfaceItem(__C.NSValidatedUserInterfaceItem) -> Swift.Bool in libtulsi_lib.a(TulsiProjectDocument.swift.o)
      Tulsi.OptionsEditorPopoverViewController.control(_: __C.NSControl, textView: __C.NSTextView, doCommandBy: ObjectiveC.Selector) -> Swift.Bool in libtulsi_lib.a(OptionsEditorController.swift.o)
      Tulsi.TulsiGeneratorConfigDocument.validateUserInterfaceItem(__C.NSValidatedUserInterfaceItem) -> Swift.Bool in libtulsi_lib.a(TulsiGeneratorConfigDocument.swift.o)
  "type metadata for ObjectiveC.Selector", referenced from:
      type metadata accessor for ObjectiveC.Selector? in libtulsi_lib.a(TulsiProjectDocument.swift.o)
      Tulsi.MessageViewController.validateUserInterfaceItem(__C.NSValidatedUserInterfaceItem) -> Swift.Bool in libtulsi_lib.a(MessageViewController.swift.o)
      lazy protocol witness table accessor for type ObjectiveC.Selector and conformance ObjectiveC.Selector : Swift.Equatable in ObjectiveC in libtulsi_lib.a(MessageViewController.swift.o)
      type metadata accessor for ObjectiveC.Selector? in libtulsi_lib.a(TulsiGeneratorConfigDocument.swift.o)
  "protocol conformance descriptor for ObjectiveC.Selector : Swift.Equatable in ObjectiveC", referenced from:
      lazy protocol witness table accessor for type ObjectiveC.Selector and conformance ObjectiveC.Selector : Swift.Equatable in ObjectiveC in libtulsi_lib.a(MessageViewController.swift.o)
  "associated type descriptor for SubSequence", referenced from:
      TulsiGenerator.XcodeProjectGenerator.(PathTrie in _3D27909A8CA7F8C4C4BE25046CB74F8B).PathNode.addPath<A where A: Swift.Collection, A.Element == Swift.String>(A) -> () in libtulsi_generator_lib.a(XcodeProjectGenerator.swift.o)
  "type metadata for CoreGraphics.CGFloat", referenced from:
      variable initialization expression of Tulsi.MessageViewController.rowHeights : [Swift.Int : CoreGraphics.CGFloat] in libtulsi_lib.a(MessageViewController.swift.o)
      Tulsi.MessageViewController.tableView(_: __C.NSTableView, heightOfRow: Swift.Int) -> CoreGraphics.CGFloat in libtulsi_lib.a(MessageViewController.swift.o)
      lazy protocol witness table accessor for type CoreGraphics.CGFloat and conformance CoreGraphics.CGFloat : Swift.Comparable in CoreGraphics in libtulsi_lib.a(MessageViewController.swift.o)
      type metadata accessor for [Swift.Int : CoreGraphics.CGFloat] in libtulsi_lib.a(MessageViewController.swift.o)
      Tulsi.MessageViewController.init(nibName: Swift.String?, bundle: __C.NSBundle?) -> Tulsi.MessageViewController in libtulsi_lib.a(MessageViewController.swift.o)
      Tulsi.MessageViewController.init(coder: __C.NSCoder) -> Tulsi.MessageViewController? in libtulsi_lib.a(MessageViewController.swift.o)
  "protocol conformance descriptor for CoreGraphics.CGFloat : Swift.Comparable in CoreGraphics", referenced from:
      lazy protocol witness table accessor for type CoreGraphics.CGFloat and conformance CoreGraphics.CGFloat : Swift.Comparable in CoreGraphics in libtulsi_lib.a(MessageViewController.swift.o)
  "associated type descriptor for _ObjectiveCType", referenced from:
      protocol conformance descriptor for __C.NSKeyValueChangeKey : Swift._ObjectiveCBridgeable in __C_Synthesized in libtulsi_generator_lib.a(ProcessRunner.swift.o)
      protocol conformance descriptor for __C.NSFileAttributeKey : Swift._ObjectiveCBridgeable in __C_Synthesized in libtulsi_generator_lib.a(XcodeProjectGenerator.swift.o)
      protocol conformance descriptor for __C.NSFileAttributeType : Swift._ObjectiveCBridgeable in __C_Synthesized in libtulsi_generator_lib.a(XcodeProjectGenerator.swift.o)
      protocol conformance descriptor for __C.NSModalResponse : Swift._ObjectiveCBridgeable in __C_Synthesized in libtulsi_lib.a(BazelSelectionPanel.swift.o)
      protocol conformance descriptor for __C.NSControlStateValue : Swift._ObjectiveCBridgeable in __C_Synthesized in libtulsi_lib.a(BazelSelectionPanel.swift.o)
      protocol conformance descriptor for __C.NSModalResponse : Swift._ObjectiveCBridgeable in __C_Synthesized in libtulsi_lib.a(NewProjectViewController.swift.o)
      protocol conformance descriptor for __C.NSAttributedStringKey : Swift._ObjectiveCBridgeable in __C_Synthesized in libtulsi_lib.a(OptionsEditorController.swift.o)
      ...
  "associated type descriptor for ArrayLiteralElement", referenced from:
      protocol conformance descriptor for __C.NSJSONReadingOptions : Swift.ExpressibleByArrayLiteral in __C_Synthesized in libtulsi_generator_lib.a(BazelAspectInfoExtractor.swift.o)
      protocol conformance descriptor for __C.NSJSONReadingOptions : Swift.ExpressibleByArrayLiteral in __C_Synthesized in libtulsi_generator_lib.a(BazelBuildEvents.swift.o)
      protocol conformance descriptor for __C.NSRegularExpressionOptions : Swift.ExpressibleByArrayLiteral in __C_Synthesized in libtulsi_generator_lib.a(PBXProjSerializer.swift.o)
      protocol conformance descriptor for __C.NSPropertyListMutabilityOptions : Swift.ExpressibleByArrayLiteral in __C_Synthesized in libtulsi_generator_lib.a(PBXTargetGenerator.swift.o)
      protocol conformance descriptor for __C.NSJSONWritingOptions : Swift.ExpressibleByArrayLiteral in __C_Synthesized in libtulsi_generator_lib.a(TulsiGeneratorConfig.swift.o)
      protocol conformance descriptor for __C.NSJSONReadingOptions : Swift.ExpressibleByArrayLiteral in __C_Synthesized in libtulsi_generator_lib.a(TulsiGeneratorConfig.swift.o)
      protocol conformance descriptor for TulsiGenerator.TulsiOption.OptionType : Swift.ExpressibleByArrayLiteral in TulsiGenerator in libtulsi_generator_lib.a(TulsiOption.swift.o)
      ...
  "AppKit.NSApplicationMain(Swift.Int32, Swift.UnsafeMutablePointer<Swift.UnsafeMutablePointer<Swift.Int8>?>) -> Swift.Int32", referenced from:
      Tulsi.(main in _54889CDB73DF4DC25B8AC2F5AB42D120)() -> () in libtulsi_lib.a(main.swift.o)
  "associated type descriptor for Element", referenced from:
      protocol conformance descriptor for __C.NSJSONReadingOptions : Swift.SetAlgebra in __C_Synthesized in libtulsi_generator_lib.a(BazelAspectInfoExtractor.swift.o)
      protocol conformance descriptor for __C.NSJSONReadingOptions : Swift.SetAlgebra in __C_Synthesized in libtulsi_generator_lib.a(BazelBuildEvents.swift.o)
      protocol conformance descriptor for __C.NSRegularExpressionOptions : Swift.SetAlgebra in __C_Synthesized in libtulsi_generator_lib.a(PBXProjSerializer.swift.o)
      protocol conformance descriptor for __C.NSPropertyListMutabilityOptions : Swift.SetAlgebra in __C_Synthesized in libtulsi_generator_lib.a(PBXTargetGenerator.swift.o)
      protocol conformance descriptor for __C.NSJSONWritingOptions : Swift.SetAlgebra in __C_Synthesized in libtulsi_generator_lib.a(TulsiGeneratorConfig.swift.o)
      protocol conformance descriptor for __C.NSJSONReadingOptions : Swift.SetAlgebra in __C_Synthesized in libtulsi_generator_lib.a(TulsiGeneratorConfig.swift.o)
      protocol conformance descriptor for TulsiGenerator.TulsiOption.OptionType : Swift.SetAlgebra in TulsiGenerator in libtulsi_generator_lib.a(TulsiOption.swift.o)
      ...
  "static Dispatch.DispatchWorkItemFlags.barrier.getter : Dispatch.DispatchWorkItemFlags", referenced from:
      TulsiGenerator.BazelAspectInfoExtractor.(extractRuleEntriesFromArtifacts in _F5D2D87286505E9AC6917BB651D4E8CB)(_: Swift.Set<Swift.String>, progressNotifier: TulsiGenerator.ProgressNotifier?) -> TulsiGenerator.RuleEntryMap in libtulsi_generator_lib.a(BazelAspectInfoExtractor.swift.o)
  "type metadata accessor for Dispatch.DispatchWorkItemFlags", referenced from:
      TulsiGenerator.BazelAspectInfoExtractor.(extractRuleEntriesFromArtifacts in _F5D2D87286505E9AC6917BB651D4E8CB)(_: Swift.Set<Swift.String>, progressNotifier: TulsiGenerator.ProgressNotifier?) -> TulsiGenerator.RuleEntryMap in libtulsi_generator_lib.a(BazelAspectInfoExtractor.swift.o)
      default argument 2 of (extension in Dispatch):__C.OS_dispatch_queue.async(group: __C.OS_dispatch_group?, qos: Dispatch.DispatchQoS, flags: Dispatch.DispatchWorkItemFlags, execute: @convention(block) () -> ()) -> () in libtulsi_generator_lib.a(BazelAspectInfoExtractor.swift.o)
      generic specialization <serialized, Dispatch.DispatchWorkItemFlags> of static Swift.Array._allocateUninitialized(Swift.Int) -> ([A], Swift.UnsafeMutablePointer<A>) in libtulsi_generator_lib.a(BazelAspectInfoExtractor.swift.o)
      lazy protocol witness table accessor for type Dispatch.DispatchWorkItemFlags and conformance Dispatch.DispatchWorkItemFlags : Swift.SetAlgebra in Dispatch in libtulsi_generator_lib.a(BazelAspectInfoExtractor.swift.o)
      type metadata accessor for [Dispatch.DispatchWorkItemFlags] in libtulsi_generator_lib.a(BazelAspectInfoExtractor.swift.o)
      Tulsi.ProjectEditorPackageManagerViewController.viewDidAppear() -> () in libtulsi_lib.a(ProjectEditorPackageManagerViewController.swift.o)
      default argument 2 of (extension in Dispatch):__C.OS_dispatch_queue.async(group: __C.OS_dispatch_group?, qos: Dispatch.DispatchQoS, flags: Dispatch.DispatchWorkItemFlags, execute: @convention(block) () -> ()) -> () in libtulsi_lib.a(ProjectEditorPackageManagerViewController.swift.o)
      ...
  "protocol conformance descriptor for Dispatch.DispatchWorkItemFlags : Swift.SetAlgebra in Dispatch", referenced from:
      lazy protocol witness table accessor for type Dispatch.DispatchWorkItemFlags and conformance Dispatch.DispatchWorkItemFlags : Swift.SetAlgebra in Dispatch in libtulsi_generator_lib.a(BazelAspectInfoExtractor.swift.o)
      lazy protocol witness table accessor for type Dispatch.DispatchWorkItemFlags and conformance Dispatch.DispatchWorkItemFlags : Swift.SetAlgebra in Dispatch in libtulsi_lib.a(ProjectEditorPackageManagerViewController.swift.o)
      lazy protocol witness table accessor for type Dispatch.DispatchWorkItemFlags and conformance Dispatch.DispatchWorkItemFlags : Swift.SetAlgebra in Dispatch in libtulsi_generator_lib.a(NSThreadExtensions.swift.o)
      lazy protocol witness table accessor for type Dispatch.DispatchWorkItemFlags and conformance Dispatch.DispatchWorkItemFlags : Swift.SetAlgebra in Dispatch in libtulsi_lib.a(main.swift.o)
  "enum case for Dispatch.DispatchQoS.QoSClass.userInitiated(Dispatch.DispatchQoS.QoSClass.Type) -> Dispatch.DispatchQoS.QoSClass", referenced from:
      static (extension in TulsiGenerator):__C.NSThread.doOnQOSUserInitiatedThread(() -> ()) -> () in libtulsi_generator_lib.a(NSThreadExtensions.swift.o)
  "type metadata accessor for Dispatch.DispatchQoS.QoSClass", referenced from:
      static (extension in TulsiGenerator):__C.NSThread.doOnQOSUserInitiatedThread(() -> ()) -> () in libtulsi_generator_lib.a(NSThreadExtensions.swift.o)
  "static Dispatch.DispatchQoS.unspecified.getter : Dispatch.DispatchQoS", referenced from:
      default argument 1 of (extension in Dispatch):__C.OS_dispatch_queue.init(label: Swift.String, qos: Dispatch.DispatchQoS, attributes: (extension in Dispatch):__C.OS_dispatch_queue.Attributes, autoreleaseFrequency: (extension in Dispatch):__C.OS_dispatch_queue.AutoreleaseFrequency, target: __C.OS_dispatch_queue?) -> __C.OS_dispatch_queue in libtulsi_generator_lib.a(BazelAspectInfoExtractor.swift.o)
      default argument 1 of (extension in Dispatch):__C.OS_dispatch_queue.async(group: __C.OS_dispatch_group?, qos: Dispatch.DispatchQoS, flags: Dispatch.DispatchWorkItemFlags, execute: @convention(block) () -> ()) -> () in libtulsi_generator_lib.a(BazelAspectInfoExtractor.swift.o)
      default argument 1 of (extension in Dispatch):__C.OS_dispatch_queue.async(group: __C.OS_dispatch_group?, qos: Dispatch.DispatchQoS, flags: Dispatch.DispatchWorkItemFlags, execute: @convention(block) () -> ()) -> () in libtulsi_lib.a(ProjectEditorPackageManagerViewController.swift.o)
      default argument 1 of (extension in Dispatch):__C.OS_dispatch_queue.async(group: __C.OS_dispatch_group?, qos: Dispatch.DispatchQoS, flags: Dispatch.DispatchWorkItemFlags, execute: @convention(block) () -> ()) -> () in libtulsi_generator_lib.a(NSThreadExtensions.swift.o)
      default argument 1 of (extension in Dispatch):__C.OS_dispatch_queue.init(label: Swift.String, qos: Dispatch.DispatchQoS, attributes: (extension in Dispatch):__C.OS_dispatch_queue.Attributes, autoreleaseFrequency: (extension in Dispatch):__C.OS_dispatch_queue.AutoreleaseFrequency, target: __C.OS_dispatch_queue?) -> __C.OS_dispatch_queue in libtulsi_lib.a(main.swift.o)
      default argument 1 of (extension in Dispatch):__C.OS_dispatch_queue.async(group: __C.OS_dispatch_group?, qos: Dispatch.DispatchQoS, flags: Dispatch.DispatchWorkItemFlags, execute: @convention(block) () -> ()) -> () in libtulsi_lib.a(main.swift.o)
  "type metadata accessor for Dispatch.DispatchQoS", referenced from:
      TulsiGenerator.BazelAspectInfoExtractor.(extractRuleEntriesFromArtifacts in _F5D2D87286505E9AC6917BB651D4E8CB)(_: Swift.Set<Swift.String>, progressNotifier: TulsiGenerator.ProgressNotifier?) -> TulsiGenerator.RuleEntryMap in libtulsi_generator_lib.a(BazelAspectInfoExtractor.swift.o)
      Tulsi.ProjectEditorPackageManagerViewController.viewDidAppear() -> () in libtulsi_lib.a(ProjectEditorPackageManagerViewController.swift.o)
      static (extension in TulsiGenerator):__C.NSThread.doOnMainQueue(() -> ()) -> () in libtulsi_generator_lib.a(NSThreadExtensions.swift.o)
      static (extension in TulsiGenerator):__C.NSThread.doOnQOSUserInitiatedThread(() -> ()) -> () in libtulsi_generator_lib.a(NSThreadExtensions.swift.o)
      Tulsi.(main in _54889CDB73DF4DC25B8AC2F5AB42D120)() -> () in libtulsi_lib.a(main.swift.o)
  "static Dispatch.DispatchTime.distantFuture.getter : Dispatch.DispatchTime", referenced from:
      static TulsiGenerator.ProcessRunner.launchProcessSync(_: Swift.String, arguments: [Swift.String], environment: [Swift.String : Swift.String]?, messageLogger: TulsiGenerator.LocalizedMessageLogger?, loggingIdentifier: Swift.String?) -> TulsiGenerator.ProcessRunner.CompletionInfo in libtulsi_generator_lib.a(ProcessRunner.swift.o)
      closure #2 (__C.NSTask) -> () in TulsiGenerator.ProcessRunner.(createProcess in _F89DABAFE844AC5CA1B763CAFAD9B278)(_: Swift.String, arguments: [Swift.String], environment: [Swift.String : Swift.String]?, messageLogger: TulsiGenerator.LocalizedMessageLogger?, loggingIdentifier: Swift.String?, terminationHandler: (TulsiGenerator.ProcessRunner.CompletionInfo) -> ()) -> __C.NSTask in libtulsi_generator_lib.a(ProcessRunner.swift.o)
      TulsiGenerator.BazelAspectInfoExtractor.(extractRuleEntriesUsingBEP in _F5D2D87286505E9AC6917BB651D4E8CB)(_: [TulsiGenerator.BuildLabel], startupOptions: [Swift.String], buildOptions: [Swift.String], compilationMode: Swift.String?, platformConfig: Swift.String?, prioritizeSwift: Swift.Bool?, useArm64_32: Swift.Bool?, features: Swift.Set<TulsiGenerator.BazelSettingFeature>) throws -> TulsiGenerator.RuleEntryMap in libtulsi_generator_lib.a(BazelAspectInfoExtractor.swift.o)
      closure #1 () -> () in TulsiGenerator.BazelAspectInfoExtractor.(extractRuleEntriesFromArtifacts in _F5D2D87286505E9AC6917BB651D4E8CB)(_: Swift.Set<Swift.String>, progressNotifier: TulsiGenerator.ProgressNotifier?) -> TulsiGenerator.RuleEntryMap in libtulsi_generator_lib.a(BazelAspectInfoExtractor.swift.o)
      static TulsiGenerator.BazelLocator.bazelURL.getter : Foundation.URL? in libtulsi_generator_lib.a(BazelLocator.swift.o)
      TulsiGenerator.BazelQueryInfoExtractor.(bazelSynchronousQueryProcess in _EB283E3D0F00A9083704ACE385FB78E0)(_: Swift.String, outputKind: Swift.String?, additionalArguments: [Swift.String], message: Swift.String, loggingIdentifier: Swift.String?) throws -> (bazelProcess: __C.NSTask, returnedData: Foundation.Data, stderrString: Swift.String?, debugInfo: Swift.String) in libtulsi_generator_lib.a(BazelQueryInfoExtractor.swift.o)
      TulsiGenerator.BazelWorkspacePathInfoFetcher.(waitForCompletion in _FBCC8FB73C67954075CF626E480CE18B)() -> () in libtulsi_generator_lib.a(BazelWorkspacePathInfoFetcher.swift.o)
      ...
  "type metadata accessor for Dispatch.DispatchTime", referenced from:
      static TulsiGenerator.ProcessRunner.launchProcessSync(_: Swift.String, arguments: [Swift.String], environment: [Swift.String : Swift.String]?, messageLogger: TulsiGenerator.LocalizedMessageLogger?, loggingIdentifier: Swift.String?) -> TulsiGenerator.ProcessRunner.CompletionInfo in libtulsi_generator_lib.a(ProcessRunner.swift.o)
      closure #2 (__C.NSTask) -> () in TulsiGenerator.ProcessRunner.(createProcess in _F89DABAFE844AC5CA1B763CAFAD9B278)(_: Swift.String, arguments: [Swift.String], environment: [Swift.String : Swift.String]?, messageLogger: TulsiGenerator.LocalizedMessageLogger?, loggingIdentifier: Swift.String?, terminationHandler: (TulsiGenerator.ProcessRunner.CompletionInfo) -> ()) -> __C.NSTask in libtulsi_generator_lib.a(ProcessRunner.swift.o)
      TulsiGenerator.BazelAspectInfoExtractor.(extractRuleEntriesUsingBEP in _F5D2D87286505E9AC6917BB651D4E8CB)(_: [TulsiGenerator.BuildLabel], startupOptions: [Swift.String], buildOptions: [Swift.String], compilationMode: Swift.String?, platformConfig: Swift.String?, prioritizeSwift: Swift.Bool?, useArm64_32: Swift.Bool?, features: Swift.Set<TulsiGenerator.BazelSettingFeature>) throws -> TulsiGenerator.RuleEntryMap in libtulsi_generator_lib.a(BazelAspectInfoExtractor.swift.o)
      closure #1 () -> () in TulsiGenerator.BazelAspectInfoExtractor.(extractRuleEntriesFromArtifacts in _F5D2D87286505E9AC6917BB651D4E8CB)(_: Swift.Set<Swift.String>, progressNotifier: TulsiGenerator.ProgressNotifier?) -> TulsiGenerator.RuleEntryMap in libtulsi_generator_lib.a(BazelAspectInfoExtractor.swift.o)
      static TulsiGenerator.BazelLocator.bazelURL.getter : Foundation.URL? in libtulsi_generator_lib.a(BazelLocator.swift.o)
      TulsiGenerator.BazelQueryInfoExtractor.(bazelSynchronousQueryProcess in _EB283E3D0F00A9083704ACE385FB78E0)(_: Swift.String, outputKind: Swift.String?, additionalArguments: [Swift.String], message: Swift.String, loggingIdentifier: Swift.String?) throws -> (bazelProcess: __C.NSTask, returnedData: Foundation.Data, stderrString: Swift.String?, debugInfo: Swift.String) in libtulsi_generator_lib.a(BazelQueryInfoExtractor.swift.o)
      TulsiGenerator.BazelWorkspacePathInfoFetcher.(waitForCompletion in _FBCC8FB73C67954075CF626E480CE18B)() -> () in libtulsi_generator_lib.a(BazelWorkspacePathInfoFetcher.swift.o)
      ...
  "associated type descriptor for Iterator", referenced from:
      static TulsiGenerator.XcodeProjectGenerator.projectSDKROOT<A where A: Swift.Sequence, A.Element == TulsiGenerator.RuleEntry>(A) -> Swift.String? in libtulsi_generator_lib.a(XcodeProjectGenerator.swift.o)
      expandTargetLabels #1 <A where A: Swift.Sequence, A.Element == TulsiGenerator.BuildLabel>(A) -> () in TulsiGenerator.XcodeProjectGenerator.(buildXcodeProjectWithMainGroup in _3D27909A8CA7F8C4C4BE25046CB74F8B)(_: TulsiGenerator.PBXGroup, stubInfoPlistPaths: TulsiGenerator.StubInfoPlistPaths) throws -> TulsiGenerator.XcodeProjectGenerator.(GeneratedProjectInfo in _3D27909A8CA7F8C4C4BE25046CB74F8B) in libtulsi_generator_lib.a(XcodeProjectGenerator.swift.o)
  "associated type descriptor for RawValue", referenced from:
      protocol conformance descriptor for __C.NSKeyValueChangeKey : Swift.RawRepresentable in __C_Synthesized in libtulsi_generator_lib.a(ProcessRunner.swift.o)
      protocol conformance descriptor for __C.NSJSONReadingOptions : Swift.RawRepresentable in __C_Synthesized in libtulsi_generator_lib.a(BazelAspectInfoExtractor.swift.o)
      protocol conformance descriptor for __C.NSJSONReadingOptions : Swift.RawRepresentable in __C_Synthesized in libtulsi_generator_lib.a(BazelBuildEvents.swift.o)
      protocol conformance descriptor for TulsiGenerator.CPU : Swift.RawRepresentable in TulsiGenerator in libtulsi_generator_lib.a(DeploymentTarget.swift.o)
      protocol conformance descriptor for TulsiGenerator.PlatformType : Swift.RawRepresentable in TulsiGenerator in libtulsi_generator_lib.a(DeploymentTarget.swift.o)
      protocol conformance descriptor for TulsiGenerator.SourceTree : Swift.RawRepresentable in TulsiGenerator in libtulsi_generator_lib.a(PBXObjects.swift.o)
      protocol conformance descriptor for TulsiGenerator.PBXTarget.ProductType : Swift.RawRepresentable in TulsiGenerator in libtulsi_generator_lib.a(PBXObjects.swift.o)
      ...
  "value witness table for Builtin.UnknownObject", referenced from:
      full type metadata for __C.NSKeyValueChangeKey in libtulsi_generator_lib.a(ProcessRunner.swift.o)
      full type metadata for TulsiGenerator.ProcessRunner.TimedProcessRunnerObserver in libtulsi_generator_lib.a(ProcessRunner.swift.o)
      full type metadata for TulsiGenerator.ProcessRunner.(ProcessOutputReader in _F89DABAFE844AC5CA1B763CAFAD9B278) in libtulsi_generator_lib.a(ProcessRunner.swift.o)
      type metadata completion function for TulsiGenerator.BazelAspectInfoExtractor in libtulsi_generator_lib.a(BazelAspectInfoExtractor.swift.o)
      type metadata completion function for TulsiGenerator.BazelWorkspacePathInfoFetcher in libtulsi_generator_lib.a(BazelWorkspacePathInfoFetcher.swift.o)
      full type metadata for __C.CFStringRef in libtulsi_generator_lib.a(PBXUniformTypeIdentifiers.swift.o)
      type metadata completion function for TulsiGenerator.ApplicationSupport in libtulsi_generator_lib.a(TulsiApplicationSupport.swift.o)
      ...
  "value witness table for Builtin.BridgeObject", referenced from:
      type metadata completion function for TulsiGenerator.BazelAspectInfoExtractor in libtulsi_generator_lib.a(BazelAspectInfoExtractor.swift.o)
      type metadata completion function for TulsiGenerator.BazelQueryInfoExtractor in libtulsi_generator_lib.a(BazelQueryInfoExtractor.swift.o)
      type metadata completion function for TulsiGenerator.PBXTargetGenerator in libtulsi_generator_lib.a(PBXTargetGenerator.swift.o)
      type metadata completion function for TulsiGenerator.TulsiGeneratorConfig in libtulsi_generator_lib.a(TulsiGeneratorConfig.swift.o)
      type metadata completion function for TulsiGenerator.TulsiProject in libtulsi_generator_lib.a(TulsiProject.swift.o)
      type metadata completion function for TulsiGenerator.XcodeProjectGenerator.ResourceSourcePathURLs in libtulsi_generator_lib.a(XcodeProjectGenerator.swift.o)
      type metadata completion function for Tulsi.TulsiGeneratorConfigDocument in libtulsi_lib.a(TulsiGeneratorConfigDocument.swift.o)
      ...
  "value witness table for Builtin.Int64", referenced from:
      full type metadata for __C.NSJSONReadingOptions in libtulsi_generator_lib.a(BazelAspectInfoExtractor.swift.o)
      full type metadata for __C.NSJSONReadingOptions in libtulsi_generator_lib.a(BazelBuildEvents.swift.o)
      full type metadata for __C.NSStringCompareOptions in libtulsi_generator_lib.a(BazelBuildSettings.swift.o)
      full type metadata for __C.NSStringCompareOptions in libtulsi_generator_lib.a(BuildLabel.swift.o)
      full type metadata for __C.NSStringCompareOptions in libtulsi_generator_lib.a(NSJSONSerializationExtensions.swift.o)
      full type metadata for __C.NSStringCompareOptions in libtulsi_generator_lib.a(PBXObjects.swift.o)
      full type metadata for __C.NSRegularExpressionOptions in libtulsi_generator_lib.a(PBXProjSerializer.swift.o)
      ...
  "value witness table for Builtin.NativeObject", referenced from:
      full type metadata for TulsiGenerator.ProcessRunner in libtulsi_generator_lib.a(ProcessRunner.swift.o)
      type metadata completion function for TulsiGenerator.BazelAspectInfoExtractor in libtulsi_generator_lib.a(BazelAspectInfoExtractor.swift.o)
      full type metadata for TulsiGenerator.BazelAspectInfoExtractor in libtulsi_generator_lib.a(BazelAspectInfoExtractor.swift.o)
      full type metadata for TulsiGenerator.BazelBuildEvent in libtulsi_generator_lib.a(BazelBuildEvents.swift.o)
      full type metadata for TulsiGenerator.BazelBuildEventsReader in libtulsi_generator_lib.a(BazelBuildEvents.swift.o)
      full type metadata for TulsiGenerator.BazelFlags in libtulsi_generator_lib.a(BazelBuildSettings.swift.o)
      full type metadata for TulsiGenerator.BazelFlagsSet in libtulsi_generator_lib.a(BazelBuildSettings.swift.o)
      ...
  "Swift.Dictionary.init() -> [A : B]", referenced from:
      variable initialization expression of TulsiGenerator.ProcessRunner.TimedProcessRunnerObserver.(pendingLogHandles in _F89DABAFE844AC5CA1B763CAFAD9B278) : [__C.NSTask : TulsiGenerator.LocalizedMessageLogger.LogSessionHandle] in libtulsi_generator_lib.a(ProcessRunner.swift.o)
      TulsiGenerator.ProcessRunner.TimedProcessRunnerObserver.init() -> TulsiGenerator.ProcessRunner.TimedProcessRunnerObserver in libtulsi_generator_lib.a(ProcessRunner.swift.o)
      static TulsiGenerator.BazelBuildSettings.platformConfigurationFlagsMap.getter : [Swift.String : [Swift.String]] in libtulsi_generator_lib.a(BazelBuildSettings.swift.o)
      TulsiGenerator.BazelQueryInfoExtractor.(extractRuleInfosWithRuleInputsFromBazelXMLOutput in _EB283E3D0F00A9083704ACE385FB78E0)(Foundation.Data) -> [TulsiGenerator.RuleInfo : Swift.Set<TulsiGenerator.BuildLabel>]? in libtulsi_generator_lib.a(BazelQueryInfoExtractor.swift.o)
      TulsiGenerator.BazelSettingsProvider.buildSettings(bazel: Swift.String, bazelExecRoot: Swift.String, options: TulsiGenerator.TulsiOptionSet, features: Swift.Set<TulsiGenerator.BazelSettingFeature>, buildRuleEntries: Swift.Set<TulsiGenerator.RuleEntry>) -> TulsiGenerator.BazelBuildSettings in libtulsi_generator_lib.a(BazelSettingsProvider.swift.o)
      variable initialization expression of TulsiGenerator.ConcreteGIDGenerator.(reservedIDS in _79E9441D9394DC8A6B8381965B6C857F) : [Swift.String : Swift.Int] in libtulsi_generator_lib.a(GIDGenerator.swift.o)
      TulsiGenerator.ConcreteGIDGenerator.init() -> TulsiGenerator.ConcreteGIDGenerator in libtulsi_generator_lib.a(GIDGenerator.swift.o)
      ...
  "Swift.String.init() -> Swift.String", referenced from:
      TulsiGenerator.XcodeProjectGenerator.(installXcodeSchemesForProjectInfo in _3D27909A8CA7F8C4C4BE25046CB74F8B)(_: TulsiGenerator.XcodeProjectGenerator.(GeneratedProjectInfo in _3D27909A8CA7F8C4C4BE25046CB74F8B), projectURL: Foundation.URL, projectBundleName: Swift.String) throws -> () in libtulsi_generator_lib.a(XcodeProjectGenerator.swift.o)
  "Swift.Array.init() -> [A]", referenced from:
      MakeBazelFileInfos #1 (Swift.String) -> [TulsiGenerator.BazelFileInfo] in parseTulsiTargetFileImpl #1 (Swift.String) throws -> TulsiGenerator.RuleEntry in TulsiGenerator.BazelAspectInfoExtractor.(extractRuleEntriesFromArtifacts in _F5D2D87286505E9AC6917BB651D4E8CB)(_: Swift.Set<Swift.String>, progressNotifier: TulsiGenerator.ProgressNotifier?) -> TulsiGenerator.RuleEntryMap in libtulsi_generator_lib.a(BazelAspectInfoExtractor.swift.o)
      TulsiGenerator.BazelBuildEvent.init(eventDictionary: [Swift.String : Swift.AnyObject]) -> TulsiGenerator.BazelBuildEvent in libtulsi_generator_lib.a(BazelBuildEvents.swift.o)
      TulsiGenerator.BazelBuildEventsReader.readAllEvents() throws -> [TulsiGenerator.BazelBuildEvent] in libtulsi_generator_lib.a(BazelBuildEvents.swift.o)
      static TulsiGenerator.BazelErrorExtractor.firstErrorLinesFromString(_: Swift.String, maxErrors: Swift.Int) -> Swift.String? in libtulsi_generator_lib.a(BazelErrorExtractor.swift.o)
      variable initialization expression of TulsiGenerator.BazelQueryInfoExtractor.(queuedInfoMessages in _EB283E3D0F00A9083704ACE385FB78E0) : [Swift.String] in libtulsi_generator_lib.a(BazelQueryInfoExtractor.swift.o)
      TulsiGenerator.BazelQueryInfoExtractor.init(bazelURL: Foundation.URL, workspaceRootURL: Foundation.URL, bazelUniversalFlags: TulsiGenerator.BazelFlags, localizedMessageLogger: TulsiGenerator.LocalizedMessageLogger) -> TulsiGenerator.BazelQueryInfoExtractor in libtulsi_generator_lib.a(BazelQueryInfoExtractor.swift.o)
      TulsiGenerator.BazelQueryInfoExtractor.extractTargetRulesFromPackages([Swift.String]) -> [TulsiGenerator.RuleInfo] in libtulsi_generator_lib.a(BazelQueryInfoExtractor.swift.o)
      ...
  "Swift.Set.init() -> Swift.Set<A>", referenced from:
      variable initialization expression of TulsiGenerator.ProcessRunner.(pendingProcesses in _F89DABAFE844AC5CA1B763CAFAD9B278) : Swift.Set<__C.NSTask> in libtulsi_generator_lib.a(ProcessRunner.swift.o)
      TulsiGenerator.ProcessRunner.() -> TulsiGenerator.ProcessRunner(in _F89DABAFE844AC5CA1B763CAFAD9B278).init() -> TulsiGenerator.ProcessRunner in libtulsi_generator_lib.a(ProcessRunner.swift.o)
      parseTulsiTargetFileImpl #1 (Swift.String) throws -> TulsiGenerator.RuleEntry in TulsiGenerator.BazelAspectInfoExtractor.(extractRuleEntriesFromArtifacts in _F5D2D87286505E9AC6917BB651D4E8CB)(_: Swift.Set<Swift.String>, progressNotifier: TulsiGenerator.ProgressNotifier?) -> TulsiGenerator.RuleEntryMap in libtulsi_generator_lib.a(BazelAspectInfoExtractor.swift.o)
      static TulsiGenerator.BazelErrorExtractor.firstErrorLinesFromString(_: Swift.String, maxErrors: Swift.Int) -> Swift.String? in libtulsi_generator_lib.a(BazelErrorExtractor.swift.o)
      TulsiGenerator.BazelQueryInfoExtractor.extractBuildfiles<A where A: Swift.Collection, A.Element == TulsiGenerator.BuildLabel>(A) -> Swift.Set<TulsiGenerator.BuildLabel> in libtulsi_generator_lib.a(BazelQueryInfoExtractor.swift.o)
      TulsiGenerator.BazelQueryInfoExtractor.(extractSourceFileLabelsFromBazelXMLOutput in _EB283E3D0F00A9083704ACE385FB78E0)(Foundation.Data) -> Swift.Set<TulsiGenerator.BuildLabel>? in libtulsi_generator_lib.a(BazelQueryInfoExtractor.swift.o)
      TulsiGenerator.BazelQueryInfoExtractor.(extractRuleInfosWithRuleInputsFromBazelXMLOutput in _EB283E3D0F00A9083704ACE385FB78E0)(Foundation.Data) -> [TulsiGenerator.RuleInfo : Swift.Set<TulsiGenerator.BuildLabel>]? in libtulsi_generator_lib.a(BazelQueryInfoExtractor.swift.o)
      ...
  "Swift.AutoreleasingUnsafeMutablePointer.pointee.setter : A", referenced from:
      @objc Tulsi.SourcePathNode.validateRecursive(Swift.AutoreleasingUnsafeMutablePointer<Swift.AnyObject?>) throws -> () in libtulsi_lib.a(ConfigEditorSourceFilterViewController.swift.o)
      @objc Tulsi.TulsiProjectDocument.writeSafely(to: Foundation.URL, ofType: Swift.String, for: __C.NSSaveOperationType) throws -> () in libtulsi_lib.a(TulsiProjectDocument.swift.o)
      @objc Tulsi.TulsiProjectDocument.fileWrapper(ofType: Swift.String) throws -> __C.NSFileWrapper in libtulsi_lib.a(TulsiProjectDocument.swift.o)
      @objc Tulsi.TulsiProjectDocument.read(from: __C.NSFileWrapper, ofType: Swift.String) throws -> () in libtulsi_lib.a(TulsiProjectDocument.swift.o)
      @objc Tulsi.TulsiGeneratorConfigDocument.data(ofType: Swift.String) throws -> Foundation.Data in libtulsi_lib.a(TulsiGeneratorConfigDocument.swift.o)
      @objc Tulsi.TulsiGeneratorConfigDocument.read(from: Foundation.URL, ofType: Swift.String) throws -> () in libtulsi_lib.a(TulsiGeneratorConfigDocument.swift.o)
      @objc Tulsi.UISelectableOutlineViewNode.validateState(Swift.AutoreleasingUnsafeMutablePointer<Swift.AnyObject?>) throws -> () in libtulsi_lib.a(UISelectableOutlineViewNode.swift.o)
      ...
     (maybe you meant: closure #1 (Swift.UnsafeMutablePointer<Swift.Unmanaged<Swift.AnyObject>?>) -> () in Swift.AutoreleasingUnsafeMutablePointer.pointee.setter : A)
  "type metadata accessor for Swift.AutoreleasingUnsafeMutablePointer", referenced from:
      type metadata accessor for Swift.AutoreleasingUnsafeMutablePointer<__C.NSError?> in libtulsi_generator_lib.a(BazelQueryInfoExtractor.swift.o)
      type metadata accessor for Swift.AutoreleasingUnsafeMutablePointer<__C.NSError?> in libtulsi_generator_lib.a(PBXProjSerializer.swift.o)
      type metadata accessor for Swift.AutoreleasingUnsafeMutablePointer<__C.NSError?> in libtulsi_generator_lib.a(XcodeProjectGenerator.swift.o)
      type metadata accessor for Swift.AutoreleasingUnsafeMutablePointer<__C.NSError?> in libtulsi_lib.a(TulsiProjectDocument.swift.o)
      type metadata accessor for Swift.AutoreleasingUnsafeMutablePointer<__C.NSError?> in libtulsi_lib.a(EventLogger.swift.o)
  "protocol conformance descriptor for Swift.AutoreleasingUnsafeMutablePointer<A> : Swift._Pointer in Swift", referenced from:
      lazy protocol witness table accessor for type Swift.AutoreleasingUnsafeMutablePointer<__C.NSError?> and conformance Swift.AutoreleasingUnsafeMutablePointer<A> : Swift._Pointer in Swift in libtulsi_generator_lib.a(BazelQueryInfoExtractor.swift.o)
      lazy protocol witness table accessor for type Swift.AutoreleasingUnsafeMutablePointer<__C.NSError?> and conformance Swift.AutoreleasingUnsafeMutablePointer<A> : Swift._Pointer in Swift in libtulsi_generator_lib.a(PBXProjSerializer.swift.o)
      lazy protocol witness table accessor for type Swift.AutoreleasingUnsafeMutablePointer<__C.NSError?> and conformance Swift.AutoreleasingUnsafeMutablePointer<A> : Swift._Pointer in Swift in libtulsi_generator_lib.a(XcodeProjectGenerator.swift.o)
      lazy protocol witness table accessor for type Swift.AutoreleasingUnsafeMutablePointer<__C.NSError?> and conformance Swift.AutoreleasingUnsafeMutablePointer<A> : Swift._Pointer in Swift in libtulsi_lib.a(TulsiProjectDocument.swift.o)
      lazy protocol witness table accessor for type Swift.AutoreleasingUnsafeMutablePointer<__C.NSError?> and conformance Swift.AutoreleasingUnsafeMutablePointer<A> : Swift._Pointer in Swift in libtulsi_lib.a(EventLogger.swift.o)
  "(extension in Foundation):Swift.Dictionary._bridgeToObjectiveC() -> __C.NSDictionary", referenced from:
      TulsiGenerator.ProcessRunner.TimedProcessRunnerObserver.observeValue(forKeyPath: Swift.String?, of: Any?, change: [__C.NSKeyValueChangeKey : Any]?, context: Swift.UnsafeMutableRawPointer?) -> () in libtulsi_generator_lib.a(ProcessRunner.swift.o)
      TulsiGenerator.ProcessRunner.(createProcess in _F89DABAFE844AC5CA1B763CAFAD9B278)(_: Swift.String, arguments: [Swift.String], environment: [Swift.String : Swift.String]?, messageLogger: TulsiGenerator.LocalizedMessageLogger?, loggingIdentifier: Swift.String?, terminationHandler: (TulsiGenerator.ProcessRunner.CompletionInfo) -> ()) -> __C.NSTask in libtulsi_generator_lib.a(ProcessRunner.swift.o)
      MakeBazelFileInfos #1 (Swift.String) -> [TulsiGenerator.BazelFileInfo] in parseTulsiTargetFileImpl #1 (Swift.String) throws -> TulsiGenerator.RuleEntry in TulsiGenerator.BazelAspectInfoExtractor.(extractRuleEntriesFromArtifacts in _F5D2D87286505E9AC6917BB651D4E8CB)(_: Swift.Set<Swift.String>, progressNotifier: TulsiGenerator.ProgressNotifier?) -> TulsiGenerator.RuleEntryMap in libtulsi_generator_lib.a(BazelAspectInfoExtractor.swift.o)
      appendGeneratedSourceArtifacts #1 (_: [[Swift.String : Swift.AnyObject]], to: inout [TulsiGenerator.BazelFileInfo]) -> () in parseTulsiTargetFileImpl #1 (Swift.String) throws -> TulsiGenerator.RuleEntry in TulsiGenerator.BazelAspectInfoExtractor.(extractRuleEntriesFromArtifacts in _F5D2D87286505E9AC6917BB651D4E8CB)(_: Swift.Set<Swift.String>, progressNotifier: TulsiGenerator.ProgressNotifier?) -> TulsiGenerator.RuleEntryMap in libtulsi_generator_lib.a(BazelAspectInfoExtractor.swift.o)
      TulsiGenerator.PBXProject.serializeInto(TulsiGenerator.PBXProjFieldSerializer) throws -> () in libtulsi_generator_lib.a(PBXObjects.swift.o)
      closure #1 () -> () in TulsiGenerator.ProgressNotifier.value.didset : Swift.Int in libtulsi_generator_lib.a(ProgressNotifier.swift.o)
      closure #1 () -> () in TulsiGenerator.ProgressNotifier.start() -> () in libtulsi_generator_lib.a(ProgressNotifier.swift.o)
      ...
  "static (extension in Foundation):Swift.Dictionary._unconditionallyBridgeFromObjectiveC(__C.NSDictionary?) -> [A : B]", referenced from:
      @objc TulsiGenerator.ProcessRunner.TimedProcessRunnerObserver.observeValue(forKeyPath: Swift.String?, of: Any?, change: [__C.NSKeyValueChangeKey : Any]?, context: Swift.UnsafeMutableRawPointer?) -> () in libtulsi_generator_lib.a(ProcessRunner.swift.o)
      TulsiGenerator.BazelWorkspaceInfoExtractor.init(bazelURL: Foundation.URL, workspaceRootURL: Foundation.URL, localizedMessageLogger: TulsiGenerator.LocalizedMessageLogger) -> TulsiGenerator.BazelWorkspaceInfoExtractor in libtulsi_generator_lib.a(BazelWorkspaceInfoExtractor.swift.o)
      TulsiGenerator.ApplicationSupport.init(fileManager: __C.NSFileManager) -> TulsiGenerator.ApplicationSupport? in libtulsi_generator_lib.a(TulsiApplicationSupport.swift.o)
      closure #1 () -> [Swift.String : Swift.String] in variable initialization expression of static TulsiGenerator.TulsiProcessRunner.(defaultEnvironment in _5566A115948A845A7407E3ECF21C41F2) : [Swift.String : Swift.String] in libtulsi_generator_lib.a(TulsiProcessRunner.swift.o)
      TulsiGenerator.XcodeProjectGenerator.(linkTulsiWorkspace in _3D27909A8CA7F8C4C4BE25046CB74F8B)(Foundation.URL) -> () in libtulsi_generator_lib.a(XcodeProjectGenerator.swift.o)
      TulsiGenerator.XcodeProjectGenerator.(updateGlobalUserDefaultsWithShellCommands in _3D27909A8CA7F8C4C4BE25046CB74F8B)(shellCommandsPath: Swift.String) -> () in libtulsi_generator_lib.a(XcodeProjectGenerator.swift.o)
      static Tulsi.TulsiProjectDocument.getTulsiBundleExtension() -> Swift.String in libtulsi_lib.a(TulsiProjectDocument.swift.o)
      ...
  "Swift.Dictionary.removeValue(forKey: A) -> B?", referenced from:
      TulsiGenerator.ProcessRunner.TimedProcessRunnerObserver.(stopLogging in _F89DABAFE844AC5CA1B763CAFAD9B278)(process: __C.NSTask, messageLogger: TulsiGenerator.LocalizedMessageLogger) -> () in libtulsi_generator_lib.a(ProcessRunner.swift.o)
      TulsiGenerator.PBXGroup.removeChild(TulsiGenerator.PBXReference) -> () in libtulsi_generator_lib.a(PBXObjects.swift.o)
      TulsiGenerator.PBXGroup.updatePathForChild(_: TulsiGenerator.PBXReference, currentPath: Swift.String?) -> () in libtulsi_generator_lib.a(PBXObjects.swift.o)
      TulsiGenerator.OpenStepSerializer.(encodeSerializedPBXObjectArray in _40B8AF4E61D42104FF82B74BA7B851A2)(_: Swift.String, into: __C.NSMutableData, indented: Swift.String) throws -> () in libtulsi_generator_lib.a(PBXProjSerializer.swift.o)
      Tulsi.OptionsEditorStringNode.removeValueForOptionLevel(Tulsi.OptionsEditorNode.OptionLevel) -> () in libtulsi_lib.a(OptionsEditorNode.swift.o)
  "Swift.Dictionary.updateValue(_: __owned B, forKey: A) -> B?", referenced from:
      mergeDictionary #1 (_: inout [Swift.String : Swift.String], withContentsOfDictionary: [Swift.String : Swift.String]) -> () in TulsiGenerator.PBXTargetGenerator.(updateMissingBuildConfigurationsForList in _9BC2D135E4F1D200D8B700936548BDC4)(_: TulsiGenerator.XCConfigurationList, withBuildSettings: [Swift.String : Swift.String], inheritingFromConfigurationList: TulsiGenerator.XCConfigurationList?, suppressingBuildSettings: Swift.Set<Swift.String>) -> () in libtulsi_generator_lib.a(PBXTargetGenerator.swift.o)
  "Swift.Dictionary.makeIterator() -> [A : B].Iterator", referenced from:
      (extension in TulsiGenerator):Swift.Dictionary< where A == Swift.String, B: TulsiGenerator.Pythonable>.toPython(Swift.String) -> Swift.String in libtulsi_generator_lib.a(BazelBuildSettings.swift.o)
      (extension in TulsiGenerator):Swift.Dictionary< where A == Swift.String, B == [Swift.String]>.toPython(Swift.String) -> Swift.String in libtulsi_generator_lib.a(BazelBuildSettings.swift.o)
      closure #1 () -> Swift.Int in TulsiGenerator.PBXBuildFile.hashValue.getter : Swift.Int in libtulsi_generator_lib.a(PBXObjects.swift.o)
      TulsiGenerator.OpenStepSerializer.addField(Swift.String, [Swift.String : Any]?) throws -> () in libtulsi_generator_lib.a(PBXProjSerializer.swift.o)
      TulsiGenerator.PBXTargetGenerator.(createReferencesForVersionedFileTargets in _9BC2D135E4F1D200D8B700936548BDC4)([TulsiGenerator.BazelFileInfo]) -> [TulsiGenerator.XCVersionGroup] in libtulsi_generator_lib.a(PBXTargetGenerator.swift.o)
      TulsiGenerator.PBXTargetGenerator.generateIndexerTargets() -> [Swift.String : TulsiGenerator.PBXTarget] in libtulsi_generator_lib.a(PBXTargetGenerator.swift.o)
      linkDependencies #1 ([Swift.String : TulsiGenerator.PBXTargetGenerator.(IndexerData in _9BC2D135E4F1D200D8B700936548BDC4)]) -> () in TulsiGenerator.PBXTargetGenerator.generateIndexerTargets() -> [Swift.String : TulsiGenerator.PBXTarget] in libtulsi_generator_lib.a(PBXTargetGenerator.swift.o)
      ...
  "Swift.Dictionary.init(dictionaryLiteral: (A, B)...) -> [A : B]", referenced from:
      parseTulsiTargetFileImpl #1 (Swift.String) throws -> TulsiGenerator.RuleEntry in TulsiGenerator.BazelAspectInfoExtractor.(extractRuleEntriesFromArtifacts in _F5D2D87286505E9AC6917BB651D4E8CB)(_: Swift.Set<Swift.String>, progressNotifier: TulsiGenerator.ProgressNotifier?) -> TulsiGenerator.RuleEntryMap in libtulsi_generator_lib.a(BazelAspectInfoExtractor.swift.o)
      TulsiGenerator.PBXProject.serializeInto(TulsiGenerator.PBXProjFieldSerializer) throws -> () in libtulsi_generator_lib.a(PBXObjects.swift.o)
      TulsiGenerator.PBXTargetGenerator.(generateFileReferencesAndSettingsForNonARCFileInfos in _9BC2D135E4F1D200D8B700936548BDC4)([TulsiGenerator.BazelFileInfo]) -> ([TulsiGenerator.PBXFileReference], [TulsiGenerator.PBXFileReference : [Swift.String : Swift.String]]) in libtulsi_generator_lib.a(PBXTargetGenerator.swift.o)
      default argument 0 of TulsiGenerator.PBXTargetGenerator.generateTopLevelBuildConfigurations([Swift.String : Swift.String]) -> () in libtulsi_generator_lib.a(PBXTargetGenerator.swift.o)
      TulsiGenerator.PBXTargetGenerator.(targetTestSettings in _9BC2D135E4F1D200D8B700936548BDC4)(_: TulsiGenerator.PBXNativeTarget, hostTarget: TulsiGenerator.PBXNativeTarget?, ruleEntry: TulsiGenerator.RuleEntry, ruleEntryMap: TulsiGenerator.RuleEntryMap) -> [Swift.String : Swift.String] in libtulsi_generator_lib.a(PBXTargetGenerator.swift.o)
      _globalinit_33_A55EEC7B4996DEEAA5563F306CED6FF7_func0 in libtulsi_generator_lib.a(PBXUniformTypeIdentifiers.swift.o)
      _globalinit_33_A55EEC7B4996DEEAA5563F306CED6FF7_func1 in libtulsi_generator_lib.a(PBXUniformTypeIdentifiers.swift.o)
      ...
  "type metadata accessor for Swift.Dictionary.Keys", referenced from:
      type metadata accessor for [TulsiGenerator.RuleInfo : Swift.Set<TulsiGenerator.BuildLabel>].Keys in libtulsi_generator_lib.a(BazelQueryInfoExtractor.swift.o)
      type metadata accessor for [Swift.String : Swift.String].Keys in libtulsi_generator_lib.a(BazelSettingsProvider.swift.o)
      type metadata accessor for [Swift.String : TulsiGenerator.OpenStepSerializer.(GIDHolder in _40B8AF4E61D42104FF82B74BA7B851A2)].Keys in libtulsi_generator_lib.a(PBXProjSerializer.swift.o)
  "protocol conformance descriptor for [A : B].Keys : Swift.Sequence in Swift", referenced from:
      lazy protocol witness table accessor for type [TulsiGenerator.RuleInfo : Swift.Set<TulsiGenerator.BuildLabel>].Keys and conformance [A : B].Keys : Swift.Sequence in Swift in libtulsi_generator_lib.a(BazelQueryInfoExtractor.swift.o)
      lazy protocol witness table accessor for type [Swift.String : Swift.String].Keys and conformance [A : B].Keys : Swift.Sequence in Swift in libtulsi_generator_lib.a(BazelSettingsProvider.swift.o)
  "protocol conformance descriptor for [A : B].Keys : Swift.CustomStringConvertible in Swift", referenced from:
      lazy protocol witness table accessor for type [Swift.String : TulsiGenerator.OpenStepSerializer.(GIDHolder in _40B8AF4E61D42104FF82B74BA7B851A2)].Keys and conformance [A : B].Keys : Swift.CustomStringConvertible in Swift in libtulsi_generator_lib.a(PBXProjSerializer.swift.o)
  "Swift.Dictionary.keys.getter : [A : B].Keys", referenced from:
      TulsiGenerator.BazelQueryInfoExtractor.(extractRuleInfosFromBazelXMLOutput in _EB283E3D0F00A9083704ACE385FB78E0)(Foundation.Data) -> [TulsiGenerator.RuleInfo]? in libtulsi_generator_lib.a(BazelQueryInfoExtractor.swift.o)
      TulsiGenerator.BazelSettingsProvider.(getTargets in _FFD1A8C77C9D846D6C424506A4CAFF85)(TulsiGenerator.TulsiOptionSet, TulsiGenerator.TulsiOptionKey) -> [Swift.String] in libtulsi_generator_lib.a(BazelSettingsProvider.swift.o)
      TulsiGenerator.OpenStepSerializer.(serializeObjectDictionaryWithRoot in _40B8AF4E61D42104FF82B74BA7B851A2)(Swift.String) -> Foundation.Data? in libtulsi_generator_lib.a(PBXProjSerializer.swift.o)
  "Swift.Dictionary.count.getter : Swift.Int", referenced from:
      TulsiGenerator.PBXTargetGenerator.generateBuildTargetsForRuleEntries(_: Swift.Set<TulsiGenerator.RuleEntry>, ruleEntryMap: TulsiGenerator.RuleEntryMap) throws -> () in libtulsi_generator_lib.a(PBXTargetGenerator.swift.o)
      TulsiGenerator.XcodeProjectGenerator.(validateConfigReferences in _3D27909A8CA7F8C4C4BE25046CB74F8B)(TulsiGenerator.RuleEntryMap) throws -> () in libtulsi_generator_lib.a(XcodeProjectGenerator.swift.o)
      Tulsi.OptionsEditorGroupNode.displayItemForOptionLevel(Tulsi.OptionsEditorNode.OptionLevel) -> (displayItem: Swift.String, inherited: Swift.Bool) in libtulsi_lib.a(OptionsEditorNode.swift.o)
  "Swift.Dictionary.Values.makeIterator() -> [A : B].Values.Iterator", referenced from:
      TulsiGenerator.PBXTargetGenerator.generateBazelCleanTarget(_: Swift.String, workingDirectory: Swift.String, startupOptions: [Swift.String]) -> () in libtulsi_generator_lib.a(PBXTargetGenerator.swift.o)
      TulsiGenerator.XcodeProjectGenerator.(installXcodeSchemesForProjectInfo in _3D27909A8CA7F8C4C4BE25046CB74F8B)(_: TulsiGenerator.XcodeProjectGenerator.(GeneratedProjectInfo in _3D27909A8CA7F8C4C4BE25046CB74F8B), projectURL: Foundation.URL, projectBundleName: Swift.String) throws -> () in libtulsi_generator_lib.a(XcodeProjectGenerator.swift.o)
      TulsiGenerator.XcodeProjectGenerator.(PathTrie in _3D27909A8CA7F8C4C4BE25046CB74F8B).leafPaths() -> [Foundation.URL] in libtulsi_generator_lib.a(XcodeProjectGenerator.swift.o)
      TulsiGenerator.XcodeProjectGenerator.(PathTrie in _3D27909A8CA7F8C4C4BE25046CB74F8B).PathNode.leafPaths() -> [[Swift.String]] in libtulsi_generator_lib.a(XcodeProjectGenerator.swift.o)
  "Swift.Dictionary.Values.isEmpty.getter : Swift.Bool", referenced from:
      installSchemesForIndexerTargets #1 () throws -> () in TulsiGenerator.XcodeProjectGenerator.(installXcodeSchemesForProjectInfo in _3D27909A8CA7F8C4C4BE25046CB74F8B)(_: TulsiGenerator.XcodeProjectGenerator.(GeneratedProjectInfo in _3D27909A8CA7F8C4C4BE25046CB74F8B), projectURL: Foundation.URL, projectBundleName: Swift.String) throws -> () in libtulsi_generator_lib.a(XcodeProjectGenerator.swift.o)
  "Swift.Dictionary.Values.Iterator.next() -> B?", referenced from:
      TulsiGenerator.PBXTargetGenerator.generateBazelCleanTarget(_: Swift.String, workingDirectory: Swift.String, startupOptions: [Swift.String]) -> () in libtulsi_generator_lib.a(PBXTargetGenerator.swift.o)
      TulsiGenerator.XcodeProjectGenerator.(installXcodeSchemesForProjectInfo in _3D27909A8CA7F8C4C4BE25046CB74F8B)(_: TulsiGenerator.XcodeProjectGenerator.(GeneratedProjectInfo in _3D27909A8CA7F8C4C4BE25046CB74F8B), projectURL: Foundation.URL, projectBundleName: Swift.String) throws -> () in libtulsi_generator_lib.a(XcodeProjectGenerator.swift.o)
      TulsiGenerator.XcodeProjectGenerator.(PathTrie in _3D27909A8CA7F8C4C4BE25046CB74F8B).leafPaths() -> [Foundation.URL] in libtulsi_generator_lib.a(XcodeProjectGenerator.swift.o)
      TulsiGenerator.XcodeProjectGenerator.(PathTrie in _3D27909A8CA7F8C4C4BE25046CB74F8B).PathNode.leafPaths() -> [[Swift.String]] in libtulsi_generator_lib.a(XcodeProjectGenerator.swift.o)
  "type metadata accessor for Swift.Dictionary.Values.Iterator", referenced from:
      type metadata accessor for [Swift.String : TulsiGenerator.PBXTarget].Values.Iterator in libtulsi_generator_lib.a(PBXTargetGenerator.swift.o)
      type metadata accessor for [Swift.String : TulsiGenerator.XcodeProjectGenerator.(PathTrie in _3D27909A8CA7F8C4C4BE25046CB74F8B).PathNode].Values.Iterator in libtulsi_generator_lib.a(XcodeProjectGenerator.swift.o)
      type metadata accessor for [Swift.String : [TulsiGenerator.RuleEntry]].Values.Iterator in libtulsi_generator_lib.a(XcodeProjectGenerator.swift.o)
  "type metadata accessor for Swift.Dictionary.Values", referenced from:
      type metadata accessor for [TulsiGenerator.SourceTreePath : TulsiGenerator.PBXFileReference].Values in libtulsi_generator_lib.a(PBXObjects.swift.o)
      type metadata accessor for [Swift.String : TulsiGenerator.XCBuildConfiguration].Values in libtulsi_generator_lib.a(PBXObjects.swift.o)
      type metadata accessor for [Swift.String : TulsiGenerator.PBXTarget].Values in libtulsi_generator_lib.a(PBXObjects.swift.o)
      type metadata accessor for [Swift.String : TulsiGenerator.PBXTargetGenerator.(IndexerData in _9BC2D135E4F1D200D8B700936548BDC4)].Values in libtulsi_generator_lib.a(PBXTargetGenerator.swift.o)
      type metadata accessor for [Swift.String : TulsiGenerator.XCVersionGroup].Values in libtulsi_generator_lib.a(PBXTargetGenerator.swift.o)
      type metadata accessor for [Swift.String : TulsiGenerator.PBXTarget].Values in libtulsi_generator_lib.a(XcodeProjectGenerator.swift.o)
      type metadata accessor for [Swift.String : Tulsi.UISourcePath].Values in libtulsi_lib.a(TulsiGeneratorConfigDocument.swift.o)
      ...
  "protocol conformance descriptor for [A : B].Values : Swift.Sequence in Swift", referenced from:
      lazy protocol witness table accessor for type [TulsiGenerator.SourceTreePath : TulsiGenerator.PBXFileReference].Values and conformance [A : B].Values : Swift.Sequence in Swift in libtulsi_generator_lib.a(PBXObjects.swift.o)
      lazy protocol witness table accessor for type [Swift.String : TulsiGenerator.XCBuildConfiguration].Values and conformance [A : B].Values : Swift.Sequence in Swift in libtulsi_generator_lib.a(PBXObjects.swift.o)
      lazy protocol witness table accessor for type [Swift.String : TulsiGenerator.PBXTarget].Values and conformance [A : B].Values : Swift.Sequence in Swift in libtulsi_generator_lib.a(PBXObjects.swift.o)
      lazy protocol witness table accessor for type [Swift.String : TulsiGenerator.PBXTargetGenerator.(IndexerData in _9BC2D135E4F1D200D8B700936548BDC4)].Values and conformance [A : B].Values : Swift.Sequence in Swift in libtulsi_generator_lib.a(PBXTargetGenerator.swift.o)
      lazy protocol witness table accessor for type [Swift.String : TulsiGenerator.XCVersionGroup].Values and conformance [A : B].Values : Swift.Sequence in Swift in libtulsi_generator_lib.a(PBXTargetGenerator.swift.o)
      lazy protocol witness table accessor for type [Swift.String : Tulsi.UISourcePath].Values and conformance [A : B].Values : Swift.Sequence in Swift in libtulsi_lib.a(TulsiGeneratorConfigDocument.swift.o)
  "protocol conformance descriptor for [A : B].Values : Swift.Collection in Swift", referenced from:
      lazy protocol witness table accessor for type [Swift.String : TulsiGenerator.PBXTarget].Values and conformance [A : B].Values : Swift.Collection in Swift in libtulsi_generator_lib.a(XcodeProjectGenerator.swift.o)
  "Swift.Dictionary.filter(((key: A, value: B)) throws -> Swift.Bool) throws -> [A : B]", referenced from:
      TulsiGenerator.TulsiOptionSet.commonBuildSettings() -> [Swift.String : Swift.String] in libtulsi_generator_lib.a(TulsiOptionSet.swift.o)
      TulsiGenerator.TulsiOptionSet.buildSettingsForTarget(Swift.String) -> [Swift.String : Swift.String] in libtulsi_generator_lib.a(TulsiOptionSet.swift.o)
      TulsiGenerator.TulsiOptionSet.(saveToDictionary in _75FC4C339CDF8B0A6FC36001CDFA9AC4)((TulsiGenerator.TulsiOptionKey, TulsiGenerator.TulsiOption) -> Swift.Bool) -> [Swift.String : [Swift.String : Swift.AnyObject]] in libtulsi_generator_lib.a(TulsiOptionSet.swift.o)
  "Swift.Dictionary.values.getter : [A : B].Values", referenced from:
      TulsiGenerator.PBXGroup.childFileReference(withName: Swift.String) -> TulsiGenerator.PBXFileReference? in libtulsi_generator_lib.a(PBXObjects.swift.o)
      TulsiGenerator.XCConfigurationList.serializeInto(TulsiGenerator.PBXProjFieldSerializer) throws -> () in libtulsi_generator_lib.a(PBXObjects.swift.o)
      TulsiGenerator.PBXProject.allTargets.getter : [Swift.String : TulsiGenerator.PBXTarget].Values in libtulsi_generator_lib.a(PBXObjects.swift.o)
      TulsiGenerator.PBXProject.serializeInto(TulsiGenerator.PBXProjFieldSerializer) throws -> () in libtulsi_generator_lib.a(PBXObjects.swift.o)
      TulsiGenerator.PBXTargetGenerator.(createReferencesForVersionedFileTargets in _9BC2D135E4F1D200D8B700936548BDC4)([TulsiGenerator.BazelFileInfo]) -> [TulsiGenerator.XCVersionGroup] in libtulsi_generator_lib.a(PBXTargetGenerator.swift.o)
      TulsiGenerator.PBXTargetGenerator.(mergeRegisteredIndexers in _9BC2D135E4F1D200D8B700936548BDC4)() -> () in libtulsi_generator_lib.a(PBXTargetGenerator.swift.o)
      TulsiGenerator.XcodeProjectGenerator.(installXcodeSchemesForProjectInfo in _3D27909A8CA7F8C4C4BE25046CB74F8B)(_: TulsiGenerator.XcodeProjectGenerator.(GeneratedProjectInfo in _3D27909A8CA7F8C4C4BE25046CB74F8B), projectURL: Foundation.URL, projectBundleName: Swift.String) throws -> () in libtulsi_generator_lib.a(XcodeProjectGenerator.swift.o)
      ...
  "Swift.Dictionary.isEmpty.getter : Swift.Bool", referenced from:
      (extension in TulsiGenerator):Swift.Dictionary< where A == Swift.String, B: TulsiGenerator.Pythonable>.toPython(Swift.String) -> Swift.String in libtulsi_generator_lib.a(BazelBuildSettings.swift.o)
      (extension in TulsiGenerator):Swift.Dictionary< where A == Swift.String, B == [Swift.String]>.toPython(Swift.String) -> Swift.String in libtulsi_generator_lib.a(BazelBuildSettings.swift.o)
      TulsiGenerator.PBXProject.serializeInto(TulsiGenerator.PBXProjFieldSerializer) throws -> () in libtulsi_generator_lib.a(PBXObjects.swift.o)
      TulsiGenerator.OpenStepSerializer.(serializeObjectDictionaryWithRoot in _40B8AF4E61D42104FF82B74BA7B851A2)(Swift.String) -> Foundation.Data? in libtulsi_generator_lib.a(PBXProjSerializer.swift.o)
      TulsiGenerator.TulsiGeneratorConfig.savePerUserSettings() throws -> __C.NSData? in libtulsi_generator_lib.a(TulsiGeneratorConfig.swift.o)
      TulsiGenerator.TulsiOption.serialize() -> [Swift.String : Swift.AnyObject]? in libtulsi_generator_lib.a(TulsiOption.swift.o)
      TulsiGenerator.TulsiProject.savePerUserSettings() throws -> __C.NSData? in libtulsi_generator_lib.a(TulsiProject.swift.o)
      ...
  "Swift.Dictionary.Iterator.next() -> (key: A, value: B)?", referenced from:
      (extension in TulsiGenerator):Swift.Dictionary< where A == Swift.String, B: TulsiGenerator.Pythonable>.toPython(Swift.String) -> Swift.String in libtulsi_generator_lib.a(BazelBuildSettings.swift.o)
      (extension in TulsiGenerator):Swift.Dictionary< where A == Swift.String, B == [Swift.String]>.toPython(Swift.String) -> Swift.String in libtulsi_generator_lib.a(BazelBuildSettings.swift.o)
      closure #1 () -> Swift.Int in TulsiGenerator.PBXBuildFile.hashValue.getter : Swift.Int in libtulsi_generator_lib.a(PBXObjects.swift.o)
      TulsiGenerator.OpenStepSerializer.addField(Swift.String, [Swift.String : Any]?) throws -> () in libtulsi_generator_lib.a(PBXProjSerializer.swift.o)
      TulsiGenerator.PBXTargetGenerator.(createReferencesForVersionedFileTargets in _9BC2D135E4F1D200D8B700936548BDC4)([TulsiGenerator.BazelFileInfo]) -> [TulsiGenerator.XCVersionGroup] in libtulsi_generator_lib.a(PBXTargetGenerator.swift.o)
      TulsiGenerator.PBXTargetGenerator.generateIndexerTargets() -> [Swift.String : TulsiGenerator.PBXTarget] in libtulsi_generator_lib.a(PBXTargetGenerator.swift.o)
      linkDependencies #1 ([Swift.String : TulsiGenerator.PBXTargetGenerator.(IndexerData in _9BC2D135E4F1D200D8B700936548BDC4)]) -> () in TulsiGenerator.PBXTargetGenerator.generateIndexerTargets() -> [Swift.String : TulsiGenerator.PBXTarget] in libtulsi_generator_lib.a(PBXTargetGenerator.swift.o)
      ...
  "type metadata accessor for Swift.Dictionary.Iterator", referenced from:
      (extension in TulsiGenerator):Swift.Dictionary< where A == Swift.String, B: TulsiGenerator.Pythonable>.toPython(Swift.String) -> Swift.String in libtulsi_generator_lib.a(BazelBuildSettings.swift.o)
      type metadata accessor for [Swift.String : [Swift.String]].Iterator in libtulsi_generator_lib.a(BazelBuildSettings.swift.o)
      type metadata accessor for [Swift.String : Swift.String].Iterator in libtulsi_generator_lib.a(PBXObjects.swift.o)
      type metadata accessor for [Swift.String : Any].Iterator in libtulsi_generator_lib.a(PBXProjSerializer.swift.o)
      type metadata accessor for [Swift.String : TulsiGenerator.PBXTargetGenerator.(IndexerData in _9BC2D135E4F1D200D8B700936548BDC4)].Iterator in libtulsi_generator_lib.a(PBXTargetGenerator.swift.o)
      type metadata accessor for [Swift.String : Swift.String].Iterator in libtulsi_generator_lib.a(PBXTargetGenerator.swift.o)
      type metadata accessor for [Swift.String : TulsiGenerator.RuleEntry].Iterator in libtulsi_generator_lib.a(PBXTargetGenerator.swift.o)
      ...
  "Swift.Dictionary.removeAll(keepingCapacity: Swift.Bool) -> ()", referenced from:
      Tulsi.MessageViewController.messageCount.didset : Swift.Int in libtulsi_lib.a(MessageViewController.swift.o)
      Tulsi.MessageViewController.tableViewColumnDidResize(Foundation.Notification) -> () in libtulsi_lib.a(MessageViewController.swift.o)
  "type metadata accessor for Swift.Dictionary", referenced from:
      type metadata accessor for [__C.NSTask : TulsiGenerator.LocalizedMessageLogger.LogSessionHandle] in libtulsi_generator_lib.a(ProcessRunner.swift.o)
      type metadata accessor for [Swift.String : Swift.AnyObject] in libtulsi_generator_lib.a(BazelAspectInfoExtractor.swift.o)
      type metadata accessor for [Swift.String : Swift.AnyObject] in libtulsi_generator_lib.a(BazelBuildEvents.swift.o)
      type metadata accessor for [Swift.String : [Swift.String]] in libtulsi_generator_lib.a(BazelBuildSettings.swift.o)
      type metadata accessor for [TulsiGenerator.RuleInfo : Swift.Set<TulsiGenerator.BuildLabel>] in libtulsi_generator_lib.a(BazelQueryInfoExtractor.swift.o)
      type metadata accessor for [Swift.String : TulsiGenerator.BazelFlagsSet] in libtulsi_generator_lib.a(BazelSettingsProvider.swift.o)
      type metadata accessor for [Swift.String : Swift.Int] in libtulsi_generator_lib.a(GIDGenerator.swift.o)
      ...
  "Swift.Dictionary.subscript.modify : (_: A, default: @autoclosure () -> B) -> B", referenced from:
      TulsiGenerator.RuleEntryMap.insert(ruleEntry: TulsiGenerator.RuleEntry) -> () in libtulsi_generator_lib.a(RuleEntryMap.swift.o)
      TulsiGenerator.XcodeProjectGenerator.(validateConfigReferences in _3D27909A8CA7F8C4C4BE25046CB74F8B)(TulsiGenerator.RuleEntryMap) throws -> () in libtulsi_generator_lib.a(XcodeProjectGenerator.swift.o)
  "static (extension in Swift):Swift.Dictionary< where B: Swift.Equatable>.== infix([A : B], [A : B]) -> Swift.Bool", referenced from:
      optionalDictsAreEqual #1 <A, B where A: Swift.Hashable, B: Swift.Equatable>([A : B]?, [A : B]?) -> Swift.Bool in TulsiGenerator.== infix(TulsiGenerator.TulsiOption, TulsiGenerator.TulsiOption) -> Swift.Bool in libtulsi_generator_lib.a(TulsiOption.swift.o)
  "Swift.Dictionary.subscript.modify : (A) -> B?", referenced from:
      TulsiGenerator.ProcessRunner.TimedProcessRunnerObserver.observeValue(forKeyPath: Swift.String?, of: Any?, change: [__C.NSKeyValueChangeKey : Any]?, context: Swift.UnsafeMutableRawPointer?) -> () in libtulsi_generator_lib.a(ProcessRunner.swift.o)
      TulsiGenerator.XcodeProjectGenerator.(installXcodeSchemesForProjectInfo in _3D27909A8CA7F8C4C4BE25046CB74F8B)(_: TulsiGenerator.XcodeProjectGenerator.(GeneratedProjectInfo in _3D27909A8CA7F8C4C4BE25046CB74F8B), projectURL: Foundation.URL, projectBundleName: Swift.String) throws -> () in libtulsi_generator_lib.a(XcodeProjectGenerator.swift.o)
  "Swift.Dictionary.subscript.getter : (A) -> B?", referenced from:
      TulsiGenerator.ProcessRunner.TimedProcessRunnerObserver.(stopLogging in _F89DABAFE844AC5CA1B763CAFAD9B278)(process: __C.NSTask, messageLogger: TulsiGenerator.LocalizedMessageLogger) -> () in libtulsi_generator_lib.a(ProcessRunner.swift.o)
      TulsiGenerator.ProcessRunner.TimedProcessRunnerObserver.observeValue(forKeyPath: Swift.String?, of: Any?, change: [__C.NSKeyValueChangeKey : Any]?, context: Swift.UnsafeMutableRawPointer?) -> () in libtulsi_generator_lib.a(ProcessRunner.swift.o)
      closure #1 (Foundation.Notification) -> () in registerAndStartReader #1 (_: __C.NSFileHandle, outputData: __C.NSMutableData) -> __C.NSObject in TulsiGenerator.ProcessRunner.(createProcess in _F89DABAFE844AC5CA1B763CAFAD9B278)(_: Swift.String, arguments: [Swift.String], environment: [Swift.String : Swift.String]?, messageLogger: TulsiGenerator.LocalizedMessageLogger?, loggingIdentifier: Swift.String?, terminationHandler: (TulsiGenerator.ProcessRunner.CompletionInfo) -> ()) -> __C.NSTask in libtulsi_generator_lib.a(ProcessRunner.swift.o)
      parseTulsiTargetFileImpl #1 (Swift.String) throws -> TulsiGenerator.RuleEntry in TulsiGenerator.BazelAspectInfoExtractor.(extractRuleEntriesFromArtifacts in _F5D2D87286505E9AC6917BB651D4E8CB)(_: Swift.Set<Swift.String>, progressNotifier: TulsiGenerator.ProgressNotifier?) -> TulsiGenerator.RuleEntryMap in libtulsi_generator_lib.a(BazelAspectInfoExtractor.swift.o)
      getRequiredField #1 (Swift.String) throws -> Swift.String in parseTulsiTargetFileImpl #1 (Swift.String) throws -> TulsiGenerator.RuleEntry in TulsiGenerator.BazelAspectInfoExtractor.(extractRuleEntriesFromArtifacts in _F5D2D87286505E9AC6917BB651D4E8CB)(_: Swift.Set<Swift.String>, progressNotifier: TulsiGenerator.ProgressNotifier?) -> TulsiGenerator.RuleEntryMap in libtulsi_generator_lib.a(BazelAspectInfoExtractor.swift.o)
      MakeBazelFileInfos #1 (Swift.String) -> [TulsiGenerator.BazelFileInfo] in parseTulsiTargetFileImpl #1 (Swift.String) throws -> TulsiGenerator.RuleEntry in TulsiGenerator.BazelAspectInfoExtractor.(extractRuleEntriesFromArtifacts in _F5D2D87286505E9AC6917BB651D4E8CB)(_: Swift.Set<Swift.String>, progressNotifier: TulsiGenerator.ProgressNotifier?) -> TulsiGenerator.RuleEntryMap in libtulsi_generator_lib.a(BazelAspectInfoExtractor.swift.o)
      TulsiGenerator.BazelBuildEvent.init(eventDictionary: [Swift.String : Swift.AnyObject]) -> TulsiGenerator.BazelBuildEvent in libtulsi_generator_lib.a(BazelBuildEvents.swift.o)
      ...
  "Swift.Dictionary.subscript.setter : (A) -> B?", referenced from:
      TulsiGenerator.ProcessRunner.TimedProcessRunnerObserver.(startLoggingProcessTime in _F89DABAFE844AC5CA1B763CAFAD9B278)(process: __C.NSTask, loggingIdentifier: Swift.String, messageLogger: TulsiGenerator.LocalizedMessageLogger) -> () in libtulsi_generator_lib.a(ProcessRunner.swift.o)
      closure #1 (inout [Swift.String : [Swift.String]], TulsiGenerator.PlatformConfiguration) -> () in static TulsiGenerator.BazelBuildSettings.platformConfigurationFlagsMap.getter : [Swift.String : [Swift.String]] in libtulsi_generator_lib.a(BazelBuildSettings.swift.o)
      TulsiGenerator.BazelQueryInfoExtractor.(extractRuleInfosWithRuleInputsFromBazelXMLOutput in _EB283E3D0F00A9083704ACE385FB78E0)(Foundation.Data) -> [TulsiGenerator.RuleInfo : Swift.Set<TulsiGenerator.BuildLabel>]? in libtulsi_generator_lib.a(BazelQueryInfoExtractor.swift.o)
      TulsiGenerator.BazelSettingsProvider.buildSettings(bazel: Swift.String, bazelExecRoot: Swift.String, options: TulsiGenerator.TulsiOptionSet, features: Swift.Set<TulsiGenerator.BazelSettingFeature>, buildRuleEntries: Swift.Set<TulsiGenerator.RuleEntry>) -> TulsiGenerator.BazelBuildSettings in libtulsi_generator_lib.a(BazelSettingsProvider.swift.o)
      TulsiGenerator.ConcreteGIDGenerator.generate(TulsiGenerator.PBXObjectProtocol) -> Swift.String in libtulsi_generator_lib.a(GIDGenerator.swift.o)
      TulsiGenerator.PBXGroup.getOrCreateChildGroupByName(_: Swift.String, path: Swift.String?, sourceTree: TulsiGenerator.SourceTree) -> TulsiGenerator.PBXGroup in libtulsi_generator_lib.a(PBXObjects.swift.o)
      TulsiGenerator.PBXGroup.getOrCreateChildVariantGroupByName(_: Swift.String, sourceTree: TulsiGenerator.SourceTree) -> TulsiGenerator.PBXVariantGroup in libtulsi_generator_lib.a(PBXObjects.swift.o)
      ...
  "protocol conformance descriptor for [A : B] : Swift.Sequence in Swift", referenced from:
      lazy protocol witness table accessor for type [Swift.String : Any] and conformance [A : B] : Swift.Sequence in Swift in libtulsi_generator_lib.a(PBXProjSerializer.swift.o)
      lazy protocol witness table accessor for type [Swift.String : [TulsiGenerator.RuleEntry]] and conformance [A : B] : Swift.Sequence in Swift in libtulsi_generator_lib.a(XcodeProjectGenerator.swift.o)
  "protocol conformance descriptor for [A : B] : Swift.Collection in Swift", referenced from:
      lazy protocol witness table accessor for type [Swift.String : Swift.Bool] and conformance [A : B] : Swift.Collection in Swift in libtulsi_lib.a(OptionsEditorNode.swift.o)
  "method descriptor for Swift.Hashable._rawHashValue(seed: Swift.Int) -> Swift.Int", referenced from:
      protocol conformance descriptor for __C.NSKeyValueChangeKey : Swift.Hashable in __C_Synthesized in libtulsi_generator_lib.a(ProcessRunner.swift.o)
      protocol conformance descriptor for TulsiGenerator.BazelQueryInfoExtractor.ExtractorError : Swift.Hashable in TulsiGenerator in libtulsi_generator_lib.a(BazelQueryInfoExtractor.swift.o)
      protocol conformance descriptor for TulsiGenerator.BazelSettingFeature : Swift.Hashable in TulsiGenerator in libtulsi_generator_lib.a(BazelSettingsProvider.swift.o)
      protocol conformance descriptor for TulsiGenerator.BuildLabel : Swift.Hashable in TulsiGenerator in libtulsi_generator_lib.a(BuildLabel.swift.o)
      protocol conformance descriptor for TulsiGenerator.CPU : Swift.Hashable in TulsiGenerator in libtulsi_generator_lib.a(DeploymentTarget.swift.o)
      protocol conformance descriptor for TulsiGenerator.PlatformType : Swift.Hashable in TulsiGenerator in libtulsi_generator_lib.a(DeploymentTarget.swift.o)
      protocol conformance descriptor for (extension in TulsiGenerator):__C.NSJSONSerialization.EncodingError : Swift.Hashable in TulsiGenerator in libtulsi_generator_lib.a(NSJSONSerializationExtensions.swift.o)
      ...
  "method descriptor for Swift.Hashable.hash(into: inout Swift.Hasher) -> ()", referenced from:
      protocol conformance descriptor for __C.NSKeyValueChangeKey : Swift.Hashable in __C_Synthesized in libtulsi_generator_lib.a(ProcessRunner.swift.o)
      protocol conformance descriptor for TulsiGenerator.BazelQueryInfoExtractor.ExtractorError : Swift.Hashable in TulsiGenerator in libtulsi_generator_lib.a(BazelQueryInfoExtractor.swift.o)
      protocol conformance descriptor for TulsiGenerator.BazelSettingFeature : Swift.Hashable in TulsiGenerator in libtulsi_generator_lib.a(BazelSettingsProvider.swift.o)
      protocol conformance descriptor for TulsiGenerator.BuildLabel : Swift.Hashable in TulsiGenerator in libtulsi_generator_lib.a(BuildLabel.swift.o)
      protocol conformance descriptor for TulsiGenerator.CPU : Swift.Hashable in TulsiGenerator in libtulsi_generator_lib.a(DeploymentTarget.swift.o)
      protocol conformance descriptor for TulsiGenerator.PlatformType : Swift.Hashable in TulsiGenerator in libtulsi_generator_lib.a(DeploymentTarget.swift.o)
      protocol conformance descriptor for (extension in TulsiGenerator):__C.NSJSONSerialization.EncodingError : Swift.Hashable in TulsiGenerator in libtulsi_generator_lib.a(NSJSONSerializationExtensions.swift.o)
      ...
  "method descriptor for Swift.Hashable.hashValue.getter : Swift.Int", referenced from:
      protocol conformance descriptor for __C.NSKeyValueChangeKey : Swift.Hashable in __C_Synthesized in libtulsi_generator_lib.a(ProcessRunner.swift.o)
      protocol conformance descriptor for TulsiGenerator.BazelQueryInfoExtractor.ExtractorError : Swift.Hashable in TulsiGenerator in libtulsi_generator_lib.a(BazelQueryInfoExtractor.swift.o)
      protocol conformance descriptor for TulsiGenerator.BazelSettingFeature : Swift.Hashable in TulsiGenerator in libtulsi_generator_lib.a(BazelSettingsProvider.swift.o)
      protocol conformance descriptor for TulsiGenerator.BuildLabel : Swift.Hashable in TulsiGenerator in libtulsi_generator_lib.a(BuildLabel.swift.o)
      protocol conformance descriptor for TulsiGenerator.CPU : Swift.Hashable in TulsiGenerator in libtulsi_generator_lib.a(DeploymentTarget.swift.o)
      protocol conformance descriptor for TulsiGenerator.PlatformType : Swift.Hashable in TulsiGenerator in libtulsi_generator_lib.a(DeploymentTarget.swift.o)
      protocol conformance descriptor for (extension in TulsiGenerator):__C.NSJSONSerialization.EncodingError : Swift.Hashable in TulsiGenerator in libtulsi_generator_lib.a(NSJSONSerializationExtensions.swift.o)
      ...
  "protocol descriptor for Swift.Hashable", referenced from:
      protocol conformance descriptor for __C.NSKeyValueChangeKey : Swift.Hashable in __C_Synthesized in libtulsi_generator_lib.a(ProcessRunner.swift.o)
      protocol conformance descriptor for TulsiGenerator.BazelQueryInfoExtractor.ExtractorError : Swift.Hashable in TulsiGenerator in libtulsi_generator_lib.a(BazelQueryInfoExtractor.swift.o)
      protocol conformance descriptor for TulsiGenerator.BazelSettingFeature : Swift.Hashable in TulsiGenerator in libtulsi_generator_lib.a(BazelSettingsProvider.swift.o)
      protocol conformance descriptor for TulsiGenerator.BuildLabel : Swift.Hashable in TulsiGenerator in libtulsi_generator_lib.a(BuildLabel.swift.o)
      protocol conformance descriptor for TulsiGenerator.CPU : Swift.Hashable in TulsiGenerator in libtulsi_generator_lib.a(DeploymentTarget.swift.o)
      protocol conformance descriptor for TulsiGenerator.PlatformType : Swift.Hashable in TulsiGenerator in libtulsi_generator_lib.a(DeploymentTarget.swift.o)
      protocol conformance descriptor for (extension in TulsiGenerator):__C.NSJSONSerialization.EncodingError : Swift.Hashable in TulsiGenerator in libtulsi_generator_lib.a(NSJSONSerializationExtensions.swift.o)
      ...
  "base conformance descriptor for Swift.Hashable: Swift.Equatable", referenced from:
      protocol conformance descriptor for __C.NSKeyValueChangeKey : Swift.Hashable in __C_Synthesized in libtulsi_generator_lib.a(ProcessRunner.swift.o)
      protocol conformance descriptor for TulsiGenerator.BazelQueryInfoExtractor.ExtractorError : Swift.Hashable in TulsiGenerator in libtulsi_generator_lib.a(BazelQueryInfoExtractor.swift.o)
      protocol conformance descriptor for TulsiGenerator.BazelSettingFeature : Swift.Hashable in TulsiGenerator in libtulsi_generator_lib.a(BazelSettingsProvider.swift.o)
      protocol conformance descriptor for TulsiGenerator.BuildLabel : Swift.Hashable in TulsiGenerator in libtulsi_generator_lib.a(BuildLabel.swift.o)
      protocol conformance descriptor for TulsiGenerator.CPU : Swift.Hashable in TulsiGenerator in libtulsi_generator_lib.a(DeploymentTarget.swift.o)
      protocol conformance descriptor for TulsiGenerator.PlatformType : Swift.Hashable in TulsiGenerator in libtulsi_generator_lib.a(DeploymentTarget.swift.o)
      protocol conformance descriptor for (extension in TulsiGenerator):__C.NSJSONSerialization.EncodingError : Swift.Hashable in TulsiGenerator in libtulsi_generator_lib.a(NSJSONSerializationExtensions.swift.o)
      ...
  "(extension in Swift):Swift.Hashable._rawHashValue(seed: Swift.Int) -> Swift.Int", referenced from:
      protocol witness for Swift.Hashable._rawHashValue(seed: Swift.Int) -> Swift.Int in conformance TulsiGenerator.BazelQueryInfoExtractor.ExtractorError : Swift.Hashable in TulsiGenerator in libtulsi_generator_lib.a(BazelQueryInfoExtractor.swift.o)
      protocol witness for Swift.Hashable._rawHashValue(seed: Swift.Int) -> Swift.Int in conformance TulsiGenerator.BazelSettingFeature : Swift.Hashable in TulsiGenerator in libtulsi_generator_lib.a(BazelSettingsProvider.swift.o)
      protocol witness for Swift.Hashable._rawHashValue(seed: Swift.Int) -> Swift.Int in conformance TulsiGenerator.BuildLabel : Swift.Hashable in TulsiGenerator in libtulsi_generator_lib.a(BuildLabel.swift.o)
      protocol witness for Swift.Hashable._rawHashValue(seed: Swift.Int) -> Swift.Int in conformance (extension in TulsiGenerator):__C.NSJSONSerialization.EncodingError : Swift.Hashable in TulsiGenerator in libtulsi_generator_lib.a(NSJSONSerializationExtensions.swift.o)
      protocol witness for Swift.Hashable._rawHashValue(seed: Swift.Int) -> Swift.Int in conformance TulsiGenerator.SourceTreePath : Swift.Hashable in TulsiGenerator in libtulsi_generator_lib.a(PBXObjects.swift.o)
      protocol witness for Swift.Hashable._rawHashValue(seed: Swift.Int) -> Swift.Int in conformance TulsiGenerator.PBXFileReference : Swift.Hashable in TulsiGenerator in libtulsi_generator_lib.a(PBXObjects.swift.o)
      protocol witness for Swift.Hashable._rawHashValue(seed: Swift.Int) -> Swift.Int in conformance TulsiGenerator.PBXGroup : Swift.Hashable in TulsiGenerator in libtulsi_generator_lib.a(PBXObjects.swift.o)
      ...
  "protocol witness table for Swift.Character : Swift.Equatable in Swift", referenced from:
      closure #1 () -> Swift.String? in TulsiGenerator.BuildLabel.asFileName.getter : Swift.String? in libtulsi_generator_lib.a(BuildLabel.swift.o)
  "(extension in Swift):Swift.BidirectionalCollection.last.getter : A.Element?", referenced from:
      closure #1 () -> Swift.String? in TulsiGenerator.BuildLabel.targetName.getter : Swift.String? in libtulsi_generator_lib.a(BuildLabel.swift.o)
      TulsiGenerator.RuleEntryMap.anyRuleEntry(withBuildLabel: TulsiGenerator.BuildLabel) -> TulsiGenerator.RuleEntry? in libtulsi_generator_lib.a(RuleEntryMap.swift.o)
      TulsiGenerator.RuleEntryMap.ruleEntry(buildLabel: TulsiGenerator.BuildLabel, deploymentTarget: TulsiGenerator.DeploymentTarget) -> TulsiGenerator.RuleEntry? in libtulsi_generator_lib.a(RuleEntryMap.swift.o)
      Tulsi.TulsiGeneratorConfigDocument.(resolveLabelReferences in _576382D61AB9E62F1DB88B3C1408BD93)(() -> ()) throws -> () in libtulsi_lib.a(TulsiGeneratorConfigDocument.swift.o)
  "(extension in Swift):Swift.BidirectionalCollection.suffix(Swift.Int) -> A.SubSequence", referenced from:
      static TulsiGenerator.BazelErrorExtractor.firstErrorLinesOrLastLinesFromString(_: Swift.String, maxErrors: Swift.Int) -> Swift.String? in libtulsi_generator_lib.a(BazelErrorExtractor.swift.o)
      (extension in TulsiGenerator):Foundation.URL.relativePathTo(Foundation.URL) -> Swift.String? in libtulsi_generator_lib.a(NSURLExtensions.swift.o)
  "(extension in Swift):Swift.BidirectionalCollection.reversed() -> Swift.ReversedCollection<A>", referenced from:
      TulsiGenerator.PBXFileReference.sourceRootRelativePath.getter : Swift.String in libtulsi_generator_lib.a(PBXObjects.swift.o)
  "(extension in Swift):Swift.BidirectionalCollection< where A.Element == Swift.String>.joined(separator: Swift.String) -> Swift.String", referenced from:
      TulsiGenerator.ProcessRunner.(createProcess in _F89DABAFE844AC5CA1B763CAFAD9B278)(_: Swift.String, arguments: [Swift.String], environment: [Swift.String : Swift.String]?, messageLogger: TulsiGenerator.LocalizedMessageLogger?, loggingIdentifier: Swift.String?, terminationHandler: (TulsiGenerator.ProcessRunner.CompletionInfo) -> ()) -> __C.NSTask in libtulsi_generator_lib.a(ProcessRunner.swift.o)
      static TulsiGenerator.BazelErrorExtractor.firstErrorLinesFromString(_: Swift.String, maxErrors: Swift.Int) -> Swift.String? in libtulsi_generator_lib.a(BazelErrorExtractor.swift.o)
      static TulsiGenerator.BazelErrorExtractor.firstErrorLinesOrLastLinesFromString(_: Swift.String, maxErrors: Swift.Int) -> Swift.String? in libtulsi_generator_lib.a(BazelErrorExtractor.swift.o)
      TulsiGenerator.BazelQueryInfoExtractor.extractTargetRulesFromPackages([Swift.String]) -> [TulsiGenerator.RuleInfo] in libtulsi_generator_lib.a(BazelQueryInfoExtractor.swift.o)
      TulsiGenerator.BazelQueryInfoExtractor.extractBuildfiles<A where A: Swift.Collection, A.Element == TulsiGenerator.BuildLabel>(A) -> Swift.Set<TulsiGenerator.BuildLabel> in libtulsi_generator_lib.a(BazelQueryInfoExtractor.swift.o)
      TulsiGenerator.BazelWorkspacePathInfoFetcher.(extractWorkspaceInfo in _FBCC8FB73C67954075CF626E480CE18B)(__C.NSString) -> () in libtulsi_generator_lib.a(BazelWorkspacePathInfoFetcher.swift.o)
      TulsiGenerator.PBXFileReference.sourceRootRelativePath.getter : Swift.String in libtulsi_generator_lib.a(PBXObjects.swift.o)
      ...
  "method descriptor for static Swift.Comparable.> infix(A, A) -> Swift.Bool", referenced from:
      protocol conformance descriptor for TulsiGenerator.BuildLabel : Swift.Comparable in TulsiGenerator in libtulsi_generator_lib.a(BuildLabel.swift.o)
  "method descriptor for static Swift.Comparable.< infix(A, A) -> Swift.Bool", referenced from:
      protocol conformance descriptor for TulsiGenerator.BuildLabel : Swift.Comparable in TulsiGenerator in libtulsi_generator_lib.a(BuildLabel.swift.o)
  "method descriptor for static Swift.Comparable.>= infix(A, A) -> Swift.Bool", referenced from:
      protocol conformance descriptor for TulsiGenerator.BuildLabel : Swift.Comparable in TulsiGenerator in libtulsi_generator_lib.a(BuildLabel.swift.o)
  "method descriptor for static Swift.Comparable.<= infix(A, A) -> Swift.Bool", referenced from:
      protocol conformance descriptor for TulsiGenerator.BuildLabel : Swift.Comparable in TulsiGenerator in libtulsi_generator_lib.a(BuildLabel.swift.o)
  "protocol descriptor for Swift.Comparable", referenced from:
      protocol conformance descriptor for TulsiGenerator.BuildLabel : Swift.Comparable in TulsiGenerator in libtulsi_generator_lib.a(BuildLabel.swift.o)
  "base conformance descriptor for Swift.Comparable: Swift.Equatable", referenced from:
      protocol conformance descriptor for TulsiGenerator.BuildLabel : Swift.Comparable in TulsiGenerator in libtulsi_generator_lib.a(BuildLabel.swift.o)
  "static (extension in Swift):Swift.Comparable.> infix(A, A) -> Swift.Bool", referenced from:
      closure #2 (TulsiGenerator.BazelSettingFeature, TulsiGenerator.BazelSettingFeature) -> Swift.Bool in TulsiGenerator.BazelSettingsProvider.featureFlags(_: Swift.Set<TulsiGenerator.BazelSettingFeature>, hasSwift: Swift.Bool) -> TulsiGenerator.BazelFlagsSet in libtulsi_generator_lib.a(BazelSettingsProvider.swift.o)
      closure #2 (TulsiGenerator.BazelSettingFeature, TulsiGenerator.BazelSettingFeature) -> Swift.Bool in TulsiGenerator.BazelSettingsProvider.featureNames(_: Swift.Set<TulsiGenerator.BazelSettingFeature>, hasSwift: Swift.Bool) -> [Swift.String] in libtulsi_generator_lib.a(BazelSettingsProvider.swift.o)
      protocol witness for static Swift.Comparable.> infix(A, A) -> Swift.Bool in conformance TulsiGenerator.BuildLabel : Swift.Comparable in TulsiGenerator in libtulsi_generator_lib.a(BuildLabel.swift.o)
  "static (extension in Swift):Swift.Comparable.>= infix(A, A) -> Swift.Bool", referenced from:
      protocol witness for static Swift.Comparable.>= infix(A, A) -> Swift.Bool in conformance TulsiGenerator.BuildLabel : Swift.Comparable in TulsiGenerator in libtulsi_generator_lib.a(BuildLabel.swift.o)
  "static (extension in Swift):Swift.Comparable.<= infix(A, A) -> Swift.Bool", referenced from:
      protocol witness for static Swift.Comparable.<= infix(A, A) -> Swift.Bool in conformance TulsiGenerator.BuildLabel : Swift.Comparable in TulsiGenerator in libtulsi_generator_lib.a(BuildLabel.swift.o)
  "(extension in Swift):Swift.MutableCollection.subscript.getter : <A where A1: Swift.RangeExpression, A.Index == A1.Bound>(A1) -> A.SubSequence", referenced from:
      TulsiGenerator.PBXProject.createGroupsAndFileReferenceForPath(_: Swift.String, underGroup: TulsiGenerator.PBXGroup) -> (Swift.Set<TulsiGenerator.PBXGroup>, TulsiGenerator.PBXFileReference) in libtulsi_generator_lib.a(PBXObjects.swift.o)
  "(extension in Swift):Swift.MutableCollection< where A: Swift.RandomAccessCollection>.sort(by: (A.Element, A.Element) throws -> Swift.Bool) throws -> ()", referenced from:
      Tulsi.OptionsEditorGroupNode.addChildNode(Tulsi.OptionsEditorNode) -> () in libtulsi_lib.a(OptionsEditorNode.swift.o)
  "Swift.ClosedRange.init(uncheckedBounds: (lower: A, upper: A)) -> Swift.ClosedRange<A>", referenced from:
      TulsiGenerator.PBXProject.createGroupsAndFileReferenceForPath(_: Swift.String, underGroup: TulsiGenerator.PBXGroup) -> (Swift.Set<TulsiGenerator.PBXGroup>, TulsiGenerator.PBXFileReference) in libtulsi_generator_lib.a(PBXObjects.swift.o)
  "type metadata accessor for Swift.ClosedRange", referenced from:
      type metadata accessor for Swift.ClosedRange<Swift.Int> in libtulsi_generator_lib.a(PBXObjects.swift.o)
  "protocol conformance descriptor for Swift.ClosedRange<A> : Swift.RangeExpression in Swift", referenced from:
      lazy protocol witness table accessor for type Swift.ClosedRange<Swift.Int> and conformance Swift.ClosedRange<A> : Swift.RangeExpression in Swift in libtulsi_generator_lib.a(PBXObjects.swift.o)
  "dispatch thunk of static Swift.Equatable.== infix(A, A) -> Swift.Bool", referenced from:
      TulsiGenerator.BazelSettingsProvider.(getTargetSettings in _FFD1A8C77C9D846D6C424506A4CAFF85)(_: TulsiGenerator.TulsiOptionSet, _: Swift.String, defaultValue: TulsiGenerator.BazelFlagsSet) -> TulsiGenerator.BazelFlagsSet? in libtulsi_generator_lib.a(BazelSettingsProvider.swift.o)
      optionalsAreEqual #1 <A where A: Swift.Equatable>(A?, A?) -> Swift.Bool in TulsiGenerator.== infix(TulsiGenerator.TulsiOption, TulsiGenerator.TulsiOption) -> Swift.Bool in libtulsi_generator_lib.a(TulsiOption.swift.o)
      TulsiGenerator.== infix(TulsiGenerator.TulsiOptionSet, TulsiGenerator.TulsiOptionSet) -> Swift.Bool in libtulsi_generator_lib.a(TulsiOptionSet.swift.o)
      extractTestTargets #1 (TulsiGenerator.RuleEntry) -> (Swift.Set<TulsiGenerator.PBXTarget>, TulsiGenerator.PBXTarget?) in TulsiGenerator.XcodeProjectGenerator.(installXcodeSchemesForProjectInfo in _3D27909A8CA7F8C4C4BE25046CB74F8B)(_: TulsiGenerator.XcodeProjectGenerator.(GeneratedProjectInfo in _3D27909A8CA7F8C4C4BE25046CB74F8B), projectURL: Foundation.URL, projectBundleName: Swift.String) throws -> () in libtulsi_generator_lib.a(XcodeProjectGenerator.swift.o)
  "method descriptor for static Swift.Equatable.== infix(A, A) -> Swift.Bool", referenced from:
      protocol conformance descriptor for __C.NSKeyValueChangeKey : Swift.Equatable in __C_Synthesized in libtulsi_generator_lib.a(ProcessRunner.swift.o)
      protocol conformance descriptor for __C.NSJSONReadingOptions : Swift.Equatable in __C_Synthesized in libtulsi_generator_lib.a(BazelAspectInfoExtractor.swift.o)
      protocol conformance descriptor for __C.NSJSONReadingOptions : Swift.Equatable in __C_Synthesized in libtulsi_generator_lib.a(BazelBuildEvents.swift.o)
      protocol conformance descriptor for TulsiGenerator.BazelFlags : Swift.Equatable in TulsiGenerator in libtulsi_generator_lib.a(BazelBuildSettings.swift.o)
      protocol conformance descriptor for TulsiGenerator.BazelFlagsSet : Swift.Equatable in TulsiGenerator in libtulsi_generator_lib.a(BazelBuildSettings.swift.o)
      protocol conformance descriptor for TulsiGenerator.BazelQueryInfoExtractor.ExtractorError : Swift.Equatable in TulsiGenerator in libtulsi_generator_lib.a(BazelQueryInfoExtractor.swift.o)
      protocol conformance descriptor for TulsiGenerator.BazelSettingFeature : Swift.Equatable in TulsiGenerator in libtulsi_generator_lib.a(BazelSettingsProvider.swift.o)
      ...
  "protocol descriptor for Swift.Equatable", referenced from:
      protocol conformance descriptor for __C.NSKeyValueChangeKey : Swift.Equatable in __C_Synthesized in libtulsi_generator_lib.a(ProcessRunner.swift.o)
      protocol conformance descriptor for __C.NSJSONReadingOptions : Swift.Equatable in __C_Synthesized in libtulsi_generator_lib.a(BazelAspectInfoExtractor.swift.o)
      protocol conformance descriptor for __C.NSJSONReadingOptions : Swift.Equatable in __C_Synthesized in libtulsi_generator_lib.a(BazelBuildEvents.swift.o)
      protocol conformance descriptor for TulsiGenerator.BazelFlags : Swift.Equatable in TulsiGenerator in libtulsi_generator_lib.a(BazelBuildSettings.swift.o)
      protocol conformance descriptor for TulsiGenerator.BazelFlagsSet : Swift.Equatable in TulsiGenerator in libtulsi_generator_lib.a(BazelBuildSettings.swift.o)
      protocol conformance descriptor for TulsiGenerator.BazelQueryInfoExtractor.ExtractorError : Swift.Equatable in TulsiGenerator in libtulsi_generator_lib.a(BazelQueryInfoExtractor.swift.o)
      protocol conformance descriptor for TulsiGenerator.BazelSettingFeature : Swift.Equatable in TulsiGenerator in libtulsi_generator_lib.a(BazelSettingsProvider.swift.o)
      ...
  "(extension in Foundation):Swift.String.init(contentsOfFile: __shared Swift.String, encoding: (extension in Foundation):Swift.String.Encoding) throws -> Swift.String", referenced from:
      TulsiGenerator.BazelBuildEventsReader.readAllEvents() throws -> [TulsiGenerator.BazelBuildEvent] in libtulsi_generator_lib.a(BazelBuildEvents.swift.o)
  "(extension in Foundation):Swift.String._bridgeToObjectiveC() -> __C.NSString", referenced from:
      TulsiGenerator.ProcessRunner.TimedProcessRunnerObserver.(startLoggingProcessTime in _F89DABAFE844AC5CA1B763CAFAD9B278)(process: __C.NSTask, loggingIdentifier: Swift.String, messageLogger: TulsiGenerator.LocalizedMessageLogger) -> () in libtulsi_generator_lib.a(ProcessRunner.swift.o)
      TulsiGenerator.ProcessRunner.TimedProcessRunnerObserver.(stopLogging in _F89DABAFE844AC5CA1B763CAFAD9B278)(process: __C.NSTask, messageLogger: TulsiGenerator.LocalizedMessageLogger) -> () in libtulsi_generator_lib.a(ProcessRunner.swift.o)
      TulsiGenerator.ProcessRunner.TimedProcessRunnerObserver.observeValue(forKeyPath: Swift.String?, of: Any?, change: [__C.NSKeyValueChangeKey : Any]?, context: Swift.UnsafeMutableRawPointer?) -> () in libtulsi_generator_lib.a(ProcessRunner.swift.o)
      TulsiGenerator.ProcessRunner.(createProcess in _F89DABAFE844AC5CA1B763CAFAD9B278)(_: Swift.String, arguments: [Swift.String], environment: [Swift.String : Swift.String]?, messageLogger: TulsiGenerator.LocalizedMessageLogger?, loggingIdentifier: Swift.String?, terminationHandler: (TulsiGenerator.ProcessRunner.CompletionInfo) -> ()) -> __C.NSTask in libtulsi_generator_lib.a(ProcessRunner.swift.o)
      __C.NSKeyValueChangeKey.init(rawValue: Swift.String) -> __C.NSKeyValueChangeKey in libtulsi_generator_lib.a(ProcessRunner.swift.o)
      closure #1 () -> __C.NSThread in TulsiGenerator.ProcessRunner.(ProcessOutputReader in _F89DABAFE844AC5CA1B763CAFAD9B278).thread.getter : __C.NSThread in libtulsi_generator_lib.a(ProcessRunner.swift.o)
      TulsiGenerator.BazelAspectInfoExtractor.init(bazelURL: Foundation.URL, workspaceRootURL: Foundation.URL, executionRootURL: Foundation.URL, bazelSettingsProvider: TulsiGenerator.BazelSettingsProviderProtocol, localizedMessageLogger: TulsiGenerator.LocalizedMessageLogger) -> TulsiGenerator.BazelAspectInfoExtractor in libtulsi_generator_lib.a(BazelAspectInfoExtractor.swift.o)
      ...
  "static (extension in Foundation):Swift.String._unconditionallyBridgeFromObjectiveC(__C.NSString?) -> Swift.String", referenced from:
      @objc TulsiGenerator.ProcessRunner.TimedProcessRunnerObserver.observeValue(forKeyPath: Swift.String?, of: Any?, change: [__C.NSKeyValueChangeKey : Any]?, context: Swift.UnsafeMutableRawPointer?) -> () in libtulsi_generator_lib.a(ProcessRunner.swift.o)
      closure #1 (Foundation.Notification) -> () in registerAndStartReader #1 (_: __C.NSFileHandle, outputData: __C.NSMutableData) -> __C.NSObject in TulsiGenerator.ProcessRunner.(createProcess in _F89DABAFE844AC5CA1B763CAFAD9B278)(_: Swift.String, arguments: [Swift.String], environment: [Swift.String : Swift.String]?, messageLogger: TulsiGenerator.LocalizedMessageLogger?, loggingIdentifier: Swift.String?, terminationHandler: (TulsiGenerator.ProcessRunner.CompletionInfo) -> ()) -> __C.NSTask in libtulsi_generator_lib.a(ProcessRunner.swift.o)
      __C.NSKeyValueChangeKey.rawValue.getter : Swift.String in libtulsi_generator_lib.a(ProcessRunner.swift.o)
      TulsiGenerator.BazelAspectInfoExtractor.init(bazelURL: Foundation.URL, workspaceRootURL: Foundation.URL, executionRootURL: Foundation.URL, bazelSettingsProvider: TulsiGenerator.BazelSettingsProviderProtocol, localizedMessageLogger: TulsiGenerator.LocalizedMessageLogger) -> TulsiGenerator.BazelAspectInfoExtractor in libtulsi_generator_lib.a(BazelAspectInfoExtractor.swift.o)
      TulsiGenerator.BazelAspectInfoExtractor.(extractRuleEntriesUsingBEP in _F5D2D87286505E9AC6917BB651D4E8CB)(_: [TulsiGenerator.BuildLabel], startupOptions: [Swift.String], buildOptions: [Swift.String], compilationMode: Swift.String?, platformConfig: Swift.String?, prioritizeSwift: Swift.Bool?, useArm64_32: Swift.Bool?, features: Swift.Set<TulsiGenerator.BazelSettingFeature>) throws -> TulsiGenerator.RuleEntryMap in libtulsi_generator_lib.a(BazelAspectInfoExtractor.swift.o)
      closure #1 () -> () in TulsiGenerator.BazelAspectInfoExtractor.(extractRuleEntriesFromArtifacts in _F5D2D87286505E9AC6917BB651D4E8CB)(_: Swift.Set<Swift.String>, progressNotifier: TulsiGenerator.ProgressNotifier?) -> TulsiGenerator.RuleEntryMap in libtulsi_generator_lib.a(BazelAspectInfoExtractor.swift.o)
      TulsiGenerator.BazelBuildEventsReader.parseBuildEventFromLine(Swift.String) -> TulsiGenerator.BazelBuildEvent? in libtulsi_generator_lib.a(BazelBuildEvents.swift.o)
      ...
  "(extension in Foundation):Swift.String.init(data: __shared Foundation.Data, encoding: (extension in Foundation):Swift.String.Encoding) -> Swift.String?", referenced from:
      static TulsiGenerator.BazelLocator.bazelURL.getter : Foundation.URL? in libtulsi_generator_lib.a(BazelLocator.swift.o)
      static (extension in TulsiGenerator):__C.NSJSONSerialization.tulsi_newlineTerminatedUnescapedData(jsonObject: Any, options: __C.NSJSONWritingOptions) throws -> __C.NSMutableData in libtulsi_generator_lib.a(NSJSONSerializationExtensions.swift.o)
      TulsiGenerator.XcodeProjectGenerator.(generateBuildSettingsFile in _3D27909A8CA7F8C4C4BE25046CB74F8B)(Swift.Set<TulsiGenerator.RuleEntry>, Foundation.URL) -> () in libtulsi_generator_lib.a(XcodeProjectGenerator.swift.o)
  "(extension in Foundation):Swift.String.init(format: __shared Swift.String, arguments: __shared [Swift.CVarArg]) -> Swift.String", referenced from:
      TulsiGenerator.LocalizedMessageLogger.error(_: Swift.String, comment: Swift.String, details: Swift.String?, context: Swift.String?, values: Swift.CVarArg...) -> () in libtulsi_generator_lib.a(LocalizedMessageLogger.swift.o)
      TulsiGenerator.LocalizedMessageLogger.warning(_: Swift.String, comment: Swift.String, details: Swift.String?, context: Swift.String?, values: Swift.CVarArg...) -> () in libtulsi_generator_lib.a(LocalizedMessageLogger.swift.o)
  "(extension in Foundation):Swift.String.init(format: __shared Swift.String, _: Swift.CVarArg...) -> Swift.String", referenced from:
      closure #1 (TulsiGenerator.ProcessRunner.CompletionInfo) -> () in TulsiGenerator.BazelAspectInfoExtractor.(bazelAspectProcessForTargets in _F5D2D87286505E9AC6917BB651D4E8CB)(_: [Swift.String], aspect: Swift.String, startupOptions: [Swift.String], buildOptions: [Swift.String], compilationMode: Swift.String?, platformConfig: Swift.String?, prioritizeSwift: Swift.Bool?, useArm64_32: Swift.Bool?, features: Swift.Set<TulsiGenerator.BazelSettingFeature>, progressNotifier: TulsiGenerator.ProgressNotifier?, terminationHandler: (__C.NSTask, Swift.String) -> ()) -> __C.NSTask? in libtulsi_generator_lib.a(BazelAspectInfoExtractor.swift.o)
      closure #1 (TulsiGenerator.ProcessRunner.CompletionInfo) -> () in TulsiGenerator.BazelQueryInfoExtractor.(bazelQueryProcess in _EB283E3D0F00A9083704ACE385FB78E0)(_: Swift.String, outputKind: Swift.String?, additionalArguments: [Swift.String], message: Swift.String, loggingIdentifier: Swift.String?, terminationHandler: (__C.NSTask, Foundation.Data, Swift.String?, Swift.String) -> ()) throws -> __C.NSTask in libtulsi_generator_lib.a(BazelQueryInfoExtractor.swift.o)
      closure #1 (TulsiGenerator.ProcessRunner.CompletionInfo) -> () in TulsiGenerator.BazelWorkspacePathInfoFetcher.(fetchWorkspaceInfo in _FBCC8FB73C67954075CF626E480CE18B)() -> () in libtulsi_generator_lib.a(BazelWorkspacePathInfoFetcher.swift.o)
      TulsiGenerator.ConcreteGIDGenerator.generate(TulsiGenerator.PBXObjectProtocol) -> Swift.String in libtulsi_generator_lib.a(GIDGenerator.swift.o)
      TulsiGenerator.LocalizedMessageLogger.logProfilingEnd(TulsiGenerator.LocalizedMessageLogger.LogSessionHandle) -> () in libtulsi_generator_lib.a(LocalizedMessageLogger.swift.o)
      static TulsiGenerator.PBXTargetGenerator.(IndexerData in _9BC2D135E4F1D200D8B700936548BDC4).deploymentTargetLabel(TulsiGenerator.DeploymentTarget) -> Swift.String in libtulsi_generator_lib.a(PBXTargetGenerator.swift.o)
      static TulsiGenerator.PBXTargetGenerator.indexerNameForTargetName(_: Swift.String, hash: Swift.Int, suffix: Swift.String?) -> Swift.String in libtulsi_generator_lib.a(PBXTargetGenerator.swift.o)
      ...
  "static (extension in Foundation):Swift.String.Encoding.utf8.getter : (extension in Foundation):Swift.String.Encoding", referenced from:
      closure #1 (TulsiGenerator.ProcessRunner.CompletionInfo) -> () in TulsiGenerator.BazelAspectInfoExtractor.(bazelAspectProcessForTargets in _F5D2D87286505E9AC6917BB651D4E8CB)(_: [Swift.String], aspect: Swift.String, startupOptions: [Swift.String], buildOptions: [Swift.String], compilationMode: Swift.String?, platformConfig: Swift.String?, prioritizeSwift: Swift.Bool?, useArm64_32: Swift.Bool?, features: Swift.Set<TulsiGenerator.BazelSettingFeature>, progressNotifier: TulsiGenerator.ProgressNotifier?, terminationHandler: (__C.NSTask, Swift.String) -> ()) -> __C.NSTask? in libtulsi_generator_lib.a(BazelAspectInfoExtractor.swift.o)
      TulsiGenerator.BazelBuildEventsReader.readAllEvents() throws -> [TulsiGenerator.BazelBuildEvent] in libtulsi_generator_lib.a(BazelBuildEvents.swift.o)
      TulsiGenerator.BazelBuildEventsReader.parseBuildEventFromLine(Swift.String) -> TulsiGenerator.BazelBuildEvent? in libtulsi_generator_lib.a(BazelBuildEvents.swift.o)
      static TulsiGenerator.BazelErrorExtractor.firstErrorLinesFromData(_: Foundation.Data, maxErrors: Swift.Int) -> Swift.String? in libtulsi_generator_lib.a(BazelErrorExtractor.swift.o)
      static TulsiGenerator.BazelLocator.bazelURL.getter : Foundation.URL? in libtulsi_generator_lib.a(BazelLocator.swift.o)
      closure #1 (TulsiGenerator.ProcessRunner.CompletionInfo) -> () in TulsiGenerator.BazelQueryInfoExtractor.(bazelQueryProcess in _EB283E3D0F00A9083704ACE385FB78E0)(_: Swift.String, outputKind: Swift.String?, additionalArguments: [Swift.String], message: Swift.String, loggingIdentifier: Swift.String?, terminationHandler: (__C.NSTask, Foundation.Data, Swift.String?, Swift.String) -> ()) throws -> __C.NSTask in libtulsi_generator_lib.a(BazelQueryInfoExtractor.swift.o)
      closure #1 (TulsiGenerator.ProcessRunner.CompletionInfo) -> () in TulsiGenerator.BazelWorkspacePathInfoFetcher.(fetchWorkspaceInfo in _FBCC8FB73C67954075CF626E480CE18B)() -> () in libtulsi_generator_lib.a(BazelWorkspacePathInfoFetcher.swift.o)
      ...
  "(extension in Foundation):Swift.String.Encoding.rawValue.getter : Swift.UInt", referenced from:
      closure #1 (TulsiGenerator.ProcessRunner.CompletionInfo) -> () in TulsiGenerator.BazelAspectInfoExtractor.(bazelAspectProcessForTargets in _F5D2D87286505E9AC6917BB651D4E8CB)(_: [Swift.String], aspect: Swift.String, startupOptions: [Swift.String], buildOptions: [Swift.String], compilationMode: Swift.String?, platformConfig: Swift.String?, prioritizeSwift: Swift.Bool?, useArm64_32: Swift.Bool?, features: Swift.Set<TulsiGenerator.BazelSettingFeature>, progressNotifier: TulsiGenerator.ProgressNotifier?, terminationHandler: (__C.NSTask, Swift.String) -> ()) -> __C.NSTask? in libtulsi_generator_lib.a(BazelAspectInfoExtractor.swift.o)
      static TulsiGenerator.BazelErrorExtractor.firstErrorLinesFromData(_: Foundation.Data, maxErrors: Swift.Int) -> Swift.String? in libtulsi_generator_lib.a(BazelErrorExtractor.swift.o)
      closure #1 (TulsiGenerator.ProcessRunner.CompletionInfo) -> () in TulsiGenerator.BazelQueryInfoExtractor.(bazelQueryProcess in _EB283E3D0F00A9083704ACE385FB78E0)(_: Swift.String, outputKind: Swift.String?, additionalArguments: [Swift.String], message: Swift.String, loggingIdentifier: Swift.String?, terminationHandler: (__C.NSTask, Foundation.Data, Swift.String?, Swift.String) -> ()) throws -> __C.NSTask in libtulsi_generator_lib.a(BazelQueryInfoExtractor.swift.o)
      closure #1 (TulsiGenerator.ProcessRunner.CompletionInfo) -> () in TulsiGenerator.BazelWorkspacePathInfoFetcher.(fetchWorkspaceInfo in _FBCC8FB73C67954075CF626E480CE18B)() -> () in libtulsi_generator_lib.a(BazelWorkspacePathInfoFetcher.swift.o)
      closure #1 (TulsiGenerator.ProcessRunner.CompletionInfo) -> () in TulsiGenerator.CommandLineSplitter.splitCommandLine(Swift.String) -> [Swift.String]? in libtulsi_generator_lib.a(CommandLineSplitter.swift.o)
      TulsiGenerator.XcodeProjectGenerator.(fetchDefaultSwitchVersion in _3D27909A8CA7F8C4C4BE25046CB74F8B)() -> Swift.String in libtulsi_generator_lib.a(XcodeProjectGenerator.swift.o)
      closure #1 (TulsiGenerator.ProcessRunner.CompletionInfo) -> () in TulsiGenerator.XcodeProjectGenerator.(executePythonProcess in _3D27909A8CA7F8C4C4BE25046CB74F8B)(_: Swift.String, onError: (Swift.Int32, Swift.String) -> ()) -> () in libtulsi_generator_lib.a(XcodeProjectGenerator.swift.o)
      ...
  "type metadata accessor for (extension in Foundation):Swift.String.Encoding", referenced from:
      closure #1 (TulsiGenerator.ProcessRunner.CompletionInfo) -> () in TulsiGenerator.BazelAspectInfoExtractor.(bazelAspectProcessForTargets in _F5D2D87286505E9AC6917BB651D4E8CB)(_: [Swift.String], aspect: Swift.String, startupOptions: [Swift.String], buildOptions: [Swift.String], compilationMode: Swift.String?, platformConfig: Swift.String?, prioritizeSwift: Swift.Bool?, useArm64_32: Swift.Bool?, features: Swift.Set<TulsiGenerator.BazelSettingFeature>, progressNotifier: TulsiGenerator.ProgressNotifier?, terminationHandler: (__C.NSTask, Swift.String) -> ()) -> __C.NSTask? in libtulsi_generator_lib.a(BazelAspectInfoExtractor.swift.o)
      TulsiGenerator.BazelBuildEventsReader.readAllEvents() throws -> [TulsiGenerator.BazelBuildEvent] in libtulsi_generator_lib.a(BazelBuildEvents.swift.o)
      TulsiGenerator.BazelBuildEventsReader.parseBuildEventFromLine(Swift.String) -> TulsiGenerator.BazelBuildEvent? in libtulsi_generator_lib.a(BazelBuildEvents.swift.o)
      static TulsiGenerator.BazelErrorExtractor.firstErrorLinesFromData(_: Foundation.Data, maxErrors: Swift.Int) -> Swift.String? in libtulsi_generator_lib.a(BazelErrorExtractor.swift.o)
      static TulsiGenerator.BazelLocator.bazelURL.getter : Foundation.URL? in libtulsi_generator_lib.a(BazelLocator.swift.o)
      closure #1 (TulsiGenerator.ProcessRunner.CompletionInfo) -> () in TulsiGenerator.BazelQueryInfoExtractor.(bazelQueryProcess in _EB283E3D0F00A9083704ACE385FB78E0)(_: Swift.String, outputKind: Swift.String?, additionalArguments: [Swift.String], message: Swift.String, loggingIdentifier: Swift.String?, terminationHandler: (__C.NSTask, Foundation.Data, Swift.String?, Swift.String) -> ()) throws -> __C.NSTask in libtulsi_generator_lib.a(BazelQueryInfoExtractor.swift.o)
      closure #1 (TulsiGenerator.ProcessRunner.CompletionInfo) -> () in TulsiGenerator.BazelWorkspacePathInfoFetcher.(fetchWorkspaceInfo in _FBCC8FB73C67954075CF626E480CE18B)() -> () in libtulsi_generator_lib.a(BazelWorkspacePathInfoFetcher.swift.o)
      ...
  "Swift.String.init<A>(describing: A) -> Swift.String", referenced from:
      (extension in TulsiGenerator):TulsiGenerator.PBXObjectProtocol.debugDescription.getter : Swift.String in libtulsi_generator_lib.a(PBXObjects.swift.o)
      TulsiGenerator.TulsiOption.description.getter : Swift.String in libtulsi_generator_lib.a(TulsiOption.swift.o)
      Tulsi.TulsiProjectDocument.validateUserInterfaceItem(__C.NSValidatedUserInterfaceItem) -> Swift.Bool in libtulsi_lib.a(TulsiProjectDocument.swift.o)
      Tulsi.TulsiGeneratorConfigDocument.validateUserInterfaceItem(__C.NSValidatedUserInterfaceItem) -> Swift.Bool in libtulsi_lib.a(TulsiGeneratorConfigDocument.swift.o)
  "Swift.String.lowercased() -> Swift.String", referenced from:
      (extension in TulsiGenerator):Swift.String.pbPathUTI.getter : Swift.String? in libtulsi_generator_lib.a(PBXUniformTypeIdentifiers.swift.o)
      TulsiGenerator.XcodeProjectGenerator.(validateXcodeProjectPath in _3D27909A8CA7F8C4C4BE25046CB74F8B)(Foundation.URL) throws -> () in libtulsi_generator_lib.a(XcodeProjectGenerator.swift.o)
  "Swift.String.startIndex.getter : Swift.String.Index", referenced from:
      TulsiGenerator.BazelBuildEvent.init(eventDictionary: [Swift.String : Swift.AnyObject]) -> TulsiGenerator.BazelBuildEvent in libtulsi_generator_lib.a(BazelBuildEvents.swift.o)
      closure #1 () -> Swift.String? in TulsiGenerator.BuildLabel.packageName.getter : Swift.String? in libtulsi_generator_lib.a(BuildLabel.swift.o)
      closure #1 () -> Swift.String? in TulsiGenerator.BuildLabel.asFileName.getter : Swift.String? in libtulsi_generator_lib.a(BuildLabel.swift.o)
      static TulsiGenerator.PBXTargetGenerator.indexerNameForTargetName(_: Swift.String, hash: Swift.Int, suffix: Swift.String?) -> Swift.String in libtulsi_generator_lib.a(PBXTargetGenerator.swift.o)
      static TulsiGenerator.PBXTargetGenerator.mainGroupForOutputFolder(_: Foundation.URL, workspaceRootURL: Foundation.URL) -> TulsiGenerator.PBXGroup in libtulsi_generator_lib.a(PBXTargetGenerator.swift.o)
      TulsiGenerator.PBXTargetGenerator.(addLocalSettings in _9BC2D135E4F1D200D8B700936548BDC4)(_: TulsiGenerator.RuleEntry, localDefines: inout Swift.Set<Swift.String>, localIncludes: __C.NSMutableOrderedSet, otherCFlags: __C.NSMutableArray, swiftIncludePaths: __C.NSMutableOrderedSet, otherSwiftFlags: __C.NSMutableArray) -> () in libtulsi_generator_lib.a(PBXTargetGenerator.swift.o)
      closure #1 (Swift.String) -> Swift.String in closure #1 (Swift.AnyObject) -> Swift.AnyObject in Tulsi.TulsiCommandlineParser.init() -> Tulsi.TulsiCommandlineParser in libtulsi_lib.a(TulsiCommandlineParser.swift.o)
      ...
  "Swift.String.removeSubrange(Swift.Range<Swift.String.Index>) -> ()", referenced from:
      closure #1 () -> Swift.String? in TulsiGenerator.BuildLabel.packageName.getter : Swift.String? in libtulsi_generator_lib.a(BuildLabel.swift.o)
  "Swift.String.unicodeScalars.getter : Swift.String.UnicodeScalarView", referenced from:
      Tulsi.OptionsEditorOutlineView.keyDown(with: __C.NSEvent) -> () in libtulsi_lib.a(OptionsEditorController.swift.o)
  "Swift.String.UnicodeScalarView.startIndex.getter : Swift.String.Index", referenced from:
      Tulsi.OptionsEditorOutlineView.keyDown(with: __C.NSEvent) -> () in libtulsi_lib.a(OptionsEditorController.swift.o)
  "type metadata for Swift.String.UnicodeScalarView", referenced from:
      Tulsi.OptionsEditorOutlineView.keyDown(with: __C.NSEvent) -> () in libtulsi_lib.a(OptionsEditorController.swift.o)
      lazy protocol witness table accessor for type Swift.String.UnicodeScalarView and conformance Swift.String.UnicodeScalarView : Swift.Collection in Swift in libtulsi_lib.a(OptionsEditorController.swift.o)
  "protocol conformance descriptor for Swift.String.UnicodeScalarView : Swift.Collection in Swift", referenced from:
      lazy protocol witness table accessor for type Swift.String.UnicodeScalarView and conformance Swift.String.UnicodeScalarView : Swift.Collection in Swift in libtulsi_lib.a(OptionsEditorController.swift.o)
  "Swift.String.UnicodeScalarView.subscript.getter : (Swift.String.Index) -> Swift.Unicode.Scalar", referenced from:
      Tulsi.OptionsEditorOutlineView.keyDown(with: __C.NSEvent) -> () in libtulsi_lib.a(OptionsEditorController.swift.o)
  "Swift.String.init(stringInterpolation: Swift.DefaultStringInterpolation) -> Swift.String", referenced from:
      TulsiGenerator.ProcessRunner.(createProcess in _F89DABAFE844AC5CA1B763CAFAD9B278)(_: Swift.String, arguments: [Swift.String], environment: [Swift.String : Swift.String]?, messageLogger: TulsiGenerator.LocalizedMessageLogger?, loggingIdentifier: Swift.String?, terminationHandler: (TulsiGenerator.ProcessRunner.CompletionInfo) -> ()) -> __C.NSTask in libtulsi_generator_lib.a(ProcessRunner.swift.o)
      implicit closure #1 () -> Swift.String in closure #1 (Foundation.Notification) -> () in registerAndStartReader #1 (_: __C.NSFileHandle, outputData: __C.NSMutableData) -> __C.NSObject in TulsiGenerator.ProcessRunner.(createProcess in _F89DABAFE844AC5CA1B763CAFAD9B278)(_: Swift.String, arguments: [Swift.String], environment: [Swift.String : Swift.String]?, messageLogger: TulsiGenerator.LocalizedMessageLogger?, loggingIdentifier: Swift.String?, terminationHandler: (TulsiGenerator.ProcessRunner.CompletionInfo) -> ()) -> __C.NSTask in libtulsi_generator_lib.a(ProcessRunner.swift.o)
      TulsiGenerator.BazelAspectInfoExtractor.init(bazelURL: Foundation.URL, workspaceRootURL: Foundation.URL, executionRootURL: Foundation.URL, bazelSettingsProvider: TulsiGenerator.BazelSettingsProviderProtocol, localizedMessageLogger: TulsiGenerator.LocalizedMessageLogger) -> TulsiGenerator.BazelAspectInfoExtractor in libtulsi_generator_lib.a(BazelAspectInfoExtractor.swift.o)
      TulsiGenerator.BazelAspectInfoExtractor.(extractRuleEntriesUsingBEP in _F5D2D87286505E9AC6917BB651D4E8CB)(_: [TulsiGenerator.BuildLabel], startupOptions: [Swift.String], buildOptions: [Swift.String], compilationMode: Swift.String?, platformConfig: Swift.String?, prioritizeSwift: Swift.Bool?, useArm64_32: Swift.Bool?, features: Swift.Set<TulsiGenerator.BazelSettingFeature>) throws -> TulsiGenerator.RuleEntryMap in libtulsi_generator_lib.a(BazelAspectInfoExtractor.swift.o)
      TulsiGenerator.BazelAspectInfoExtractor.(bazelAspectProcessForTargets in _F5D2D87286505E9AC6917BB651D4E8CB)(_: [Swift.String], aspect: Swift.String, startupOptions: [Swift.String], buildOptions: [Swift.String], compilationMode: Swift.String?, platformConfig: Swift.String?, prioritizeSwift: Swift.Bool?, useArm64_32: Swift.Bool?, features: Swift.Set<TulsiGenerator.BazelSettingFeature>, progressNotifier: TulsiGenerator.ProgressNotifier?, terminationHandler: (__C.NSTask, Swift.String) -> ()) -> __C.NSTask? in libtulsi_generator_lib.a(BazelAspectInfoExtractor.swift.o)
      parseTulsiTargetFileImpl #1 (Swift.String) throws -> TulsiGenerator.RuleEntry in TulsiGenerator.BazelAspectInfoExtractor.(extractRuleEntriesFromArtifacts in _F5D2D87286505E9AC6917BB651D4E8CB)(_: Swift.Set<Swift.String>, progressNotifier: TulsiGenerator.ProgressNotifier?) -> TulsiGenerator.RuleEntryMap in libtulsi_generator_lib.a(BazelAspectInfoExtractor.swift.o)
      getRequiredField #1 (Swift.String) throws -> Swift.String in parseTulsiTargetFileImpl #1 (Swift.String) throws -> TulsiGenerator.RuleEntry in TulsiGenerator.BazelAspectInfoExtractor.(extractRuleEntriesFromArtifacts in _F5D2D87286505E9AC6917BB651D4E8CB)(_: Swift.Set<Swift.String>, progressNotifier: TulsiGenerator.ProgressNotifier?) -> TulsiGenerator.RuleEntryMap in libtulsi_generator_lib.a(BazelAspectInfoExtractor.swift.o)
      ...
  "static Swift.String.< infix(Swift.String, Swift.String) -> Swift.Bool", referenced from:
      TulsiGenerator.< infix(TulsiGenerator.BuildLabel, TulsiGenerator.BuildLabel) -> Swift.Bool in libtulsi_generator_lib.a(BuildLabel.swift.o)
      closure #1 (TulsiGenerator.PBXReference, TulsiGenerator.PBXReference) -> Swift.Bool in TulsiGenerator.PBXGroup.serializeInto(TulsiGenerator.PBXProjFieldSerializer) throws -> () in libtulsi_generator_lib.a(PBXObjects.swift.o)
      closure #1 (TulsiGenerator.XCBuildConfiguration, TulsiGenerator.XCBuildConfiguration) -> Swift.Bool in TulsiGenerator.XCConfigurationList.serializeInto(TulsiGenerator.PBXProjFieldSerializer) throws -> () in libtulsi_generator_lib.a(PBXObjects.swift.o)
      closure #1 (TulsiGenerator.PBXTarget, TulsiGenerator.PBXTarget) -> Swift.Bool in TulsiGenerator.PBXProject.serializeInto(TulsiGenerator.PBXProjFieldSerializer) throws -> () in libtulsi_generator_lib.a(PBXObjects.swift.o)
      closure #1 ((key: Swift.String, value: Any), (key: Swift.String, value: Any)) -> Swift.Bool in TulsiGenerator.OpenStepSerializer.(RawDict in _40B8AF4E61D42104FF82B74BA7B851A2).appendContentsToData(_: __C.NSMutableData, indent: Swift.String, spacer: Swift.String) throws -> () in libtulsi_generator_lib.a(PBXProjSerializer.swift.o)
      closure #1 (TulsiGenerator.PBXTargetGenerator.(IndexerData in _9BC2D135E4F1D200D8B700936548BDC4), TulsiGenerator.PBXTargetGenerator.(IndexerData in _9BC2D135E4F1D200D8B700936548BDC4)) -> Swift.Bool in mergeIndexers #1 <A where A: Swift.Sequence, A.Element == TulsiGenerator.PBXTargetGenerator.(IndexerData in _9BC2D135E4F1D200D8B700936548BDC4)>(A) -> [Swift.String : TulsiGenerator.PBXTargetGenerator.(IndexerData in _9BC2D135E4F1D200D8B700936548BDC4)] in TulsiGenerator.PBXTargetGenerator.(mergeRegisteredIndexers in _9BC2D135E4F1D200D8B700936548BDC4)() -> () in libtulsi_generator_lib.a(PBXTargetGenerator.swift.o)
      closure #1 (Tulsi.OptionsEditorNode, Tulsi.OptionsEditorNode) -> Swift.Bool in Tulsi.OptionsEditorController.prepareEditorForTarget(Tulsi.UIRuleInfo?) -> () in libtulsi_lib.a(OptionsEditorController.swift.o)
      ...
  "static Swift.String.+ infix(Swift.String, Swift.String) -> Swift.String", referenced from:
      TulsiGenerator.BazelBuildEventsReader.parseBuildEventFromLine(Swift.String) -> TulsiGenerator.BazelBuildEvent? in libtulsi_generator_lib.a(BazelBuildEvents.swift.o)
      static TulsiGenerator.BazelErrorExtractor.firstErrorLinesOrLastLinesFromString(_: Swift.String, maxErrors: Swift.Int) -> Swift.String? in libtulsi_generator_lib.a(BazelErrorExtractor.swift.o)
      TulsiGenerator.PBXGroup.updatePathForChild(_: TulsiGenerator.PBXReference, currentPath: Swift.String?) -> () in libtulsi_generator_lib.a(PBXObjects.swift.o)
      appendIndentedString #1 (Swift.String) throws -> () in TulsiGenerator.OpenStepSerializer.(serializeObjectDictionaryWithRoot in _40B8AF4E61D42104FF82B74BA7B851A2)(Swift.String) -> Foundation.Data? in libtulsi_generator_lib.a(PBXProjSerializer.swift.o)
      TulsiGenerator.OpenStepSerializer.(RawDict in _40B8AF4E61D42104FF82B74BA7B851A2).appendContentsToData(_: __C.NSMutableData, indent: Swift.String, spacer: Swift.String) throws -> () in libtulsi_generator_lib.a(PBXProjSerializer.swift.o)
      closure #1 (Swift.String) -> (Swift.String, Swift.String) in variable initialization expression of static TulsiGenerator.PBXTargetGenerator.testRunnerEnabledBuildConfigNames : [(Swift.String, Swift.String)] in libtulsi_generator_lib.a(PBXTargetGenerator.swift.o)
      static TulsiGenerator.PBXTargetGenerator.indexerNameForTargetName(_: Swift.String, hash: Swift.Int, suffix: Swift.String?) -> Swift.String in libtulsi_generator_lib.a(PBXTargetGenerator.swift.o)
      ...
  "Swift.String.init(_builtinStringLiteral: Builtin.RawPointer, utf8CodeUnitCount: Builtin.Word, isASCII: Builtin.Int1) -> Swift.String", referenced from:
      TulsiGenerator.ProcessRunner.TimedProcessRunnerObserver.(startLoggingProcessTime in _F89DABAFE844AC5CA1B763CAFAD9B278)(process: __C.NSTask, loggingIdentifier: Swift.String, messageLogger: TulsiGenerator.LocalizedMessageLogger) -> () in libtulsi_generator_lib.a(ProcessRunner.swift.o)
      TulsiGenerator.ProcessRunner.TimedProcessRunnerObserver.(stopLogging in _F89DABAFE844AC5CA1B763CAFAD9B278)(process: __C.NSTask, messageLogger: TulsiGenerator.LocalizedMessageLogger) -> () in libtulsi_generator_lib.a(ProcessRunner.swift.o)
      TulsiGenerator.ProcessRunner.TimedProcessRunnerObserver.observeValue(forKeyPath: Swift.String?, of: Any?, change: [__C.NSKeyValueChangeKey : Any]?, context: Swift.UnsafeMutableRawPointer?) -> () in libtulsi_generator_lib.a(ProcessRunner.swift.o)
      TulsiGenerator.ProcessRunner.(createProcess in _F89DABAFE844AC5CA1B763CAFAD9B278)(_: Swift.String, arguments: [Swift.String], environment: [Swift.String : Swift.String]?, messageLogger: TulsiGenerator.LocalizedMessageLogger?, loggingIdentifier: Swift.String?, terminationHandler: (TulsiGenerator.ProcessRunner.CompletionInfo) -> ()) -> __C.NSTask in libtulsi_generator_lib.a(ProcessRunner.swift.o)
      static TulsiGenerator.ProcessRunner.launchProcessSync(_: Swift.String, arguments: [Swift.String], environment: [Swift.String : Swift.String]?, messageLogger: TulsiGenerator.LocalizedMessageLogger?, loggingIdentifier: Swift.String?) -> TulsiGenerator.ProcessRunner.CompletionInfo in libtulsi_generator_lib.a(ProcessRunner.swift.o)
      closure #1 (Foundation.Notification) -> () in registerAndStartReader #1 (_: __C.NSFileHandle, outputData: __C.NSMutableData) -> __C.NSObject in TulsiGenerator.ProcessRunner.(createProcess in _F89DABAFE844AC5CA1B763CAFAD9B278)(_: Swift.String, arguments: [Swift.String], environment: [Swift.String : Swift.String]?, messageLogger: TulsiGenerator.LocalizedMessageLogger?, loggingIdentifier: Swift.String?, terminationHandler: (TulsiGenerator.ProcessRunner.CompletionInfo) -> ()) -> __C.NSTask in libtulsi_generator_lib.a(ProcessRunner.swift.o)
      implicit closure #1 () -> Swift.String in closure #1 (Foundation.Notification) -> () in registerAndStartReader #1 (_: __C.NSFileHandle, outputData: __C.NSMutableData) -> __C.NSObject in TulsiGenerator.ProcessRunner.(createProcess in _F89DABAFE844AC5CA1B763CAFAD9B278)(_: Swift.String, arguments: [Swift.String], environment: [Swift.String : Swift.String]?, messageLogger: TulsiGenerator.LocalizedMessageLogger?, loggingIdentifier: Swift.String?, terminationHandler: (TulsiGenerator.ProcessRunner.CompletionInfo) -> ()) -> __C.NSTask in libtulsi_generator_lib.a(ProcessRunner.swift.o)
      ...
  "static Swift.String.== infix(Swift.String, Swift.String) -> Swift.Bool", referenced from:
      TulsiGenerator.BazelAspectInfoExtractor.(bazelAspectProcessForTargets in _F5D2D87286505E9AC6917BB651D4E8CB)(_: [Swift.String], aspect: Swift.String, startupOptions: [Swift.String], buildOptions: [Swift.String], compilationMode: Swift.String?, platformConfig: Swift.String?, prioritizeSwift: Swift.Bool?, useArm64_32: Swift.Bool?, features: Swift.Set<TulsiGenerator.BazelSettingFeature>, progressNotifier: TulsiGenerator.ProgressNotifier?, terminationHandler: (__C.NSTask, Swift.String) -> ()) -> __C.NSTask? in libtulsi_generator_lib.a(BazelAspectInfoExtractor.swift.o)
      TulsiGenerator.BazelQueryInfoExtractor.(bazelQueryProcess in _EB283E3D0F00A9083704ACE385FB78E0)(_: Swift.String, outputKind: Swift.String?, additionalArguments: [Swift.String], message: Swift.String, loggingIdentifier: Swift.String?, terminationHandler: (__C.NSTask, Foundation.Data, Swift.String?, Swift.String) -> ()) throws -> __C.NSTask in libtulsi_generator_lib.a(BazelQueryInfoExtractor.swift.o)
      static TulsiGenerator.BazelSettingFeature.== infix(TulsiGenerator.BazelSettingFeature, TulsiGenerator.BazelSettingFeature) -> Swift.Bool in libtulsi_generator_lib.a(BazelSettingsProvider.swift.o)
      TulsiGenerator.BazelWorkspacePathInfoFetcher.(extractWorkspaceInfo in _FBCC8FB73C67954075CF626E480CE18B)(__C.NSString) -> () in libtulsi_generator_lib.a(BazelWorkspacePathInfoFetcher.swift.o)
      closure #1 (TulsiGenerator.PBXReference) -> Swift.Bool in TulsiGenerator.BazelXcodeProjectPatcher.patchBazelRelativeReferences(TulsiGenerator.PBXProject, Foundation.URL) -> () in libtulsi_generator_lib.a(BazelXcodeProjectPatcher.swift.o)
      TulsiGenerator.== infix(TulsiGenerator.BuildLabel, TulsiGenerator.BuildLabel) -> Swift.Bool in libtulsi_generator_lib.a(BuildLabel.swift.o)
      TulsiGenerator.PlatformConfiguration.init(identifier: Swift.String) -> TulsiGenerator.PlatformConfiguration? in libtulsi_generator_lib.a(DeploymentTarget.swift.o)
      ...
  "static Swift.String.+= infix(inout Swift.String, Swift.String) -> ()", referenced from:
      (extension in TulsiGenerator):Swift.Dictionary< where A == Swift.String, B: TulsiGenerator.Pythonable>.toPython(Swift.String) -> Swift.String in libtulsi_generator_lib.a(BazelBuildSettings.swift.o)
      (extension in TulsiGenerator):Swift.Dictionary< where A == Swift.String, B == [Swift.String]>.toPython(Swift.String) -> Swift.String in libtulsi_generator_lib.a(BazelBuildSettings.swift.o)
      (extension in TulsiGenerator):Swift.Array<A where A: TulsiGenerator.Pythonable>.toPython(Swift.String) -> Swift.String in libtulsi_generator_lib.a(BazelBuildSettings.swift.o)
      (extension in TulsiGenerator):Swift.Set< where A: TulsiGenerator.Pythonable>.toPython(Swift.String) -> Swift.String in libtulsi_generator_lib.a(BazelBuildSettings.swift.o)
      static TulsiGenerator.BazelErrorExtractor.firstErrorLinesFromString(_: Swift.String, maxErrors: Swift.Int) -> Swift.String? in libtulsi_generator_lib.a(BazelErrorExtractor.swift.o)
      TulsiGenerator.OpenStepSerializer.(serializeObjectDictionaryWithRoot in _40B8AF4E61D42104FF82B74BA7B851A2)(Swift.String) -> Foundation.Data? in libtulsi_generator_lib.a(PBXProjSerializer.swift.o)
      TulsiGenerator.PBXTargetGenerator.(IndexerData in _9BC2D135E4F1D200D8B700936548BDC4).indexerName.getter : Swift.String in libtulsi_generator_lib.a(PBXTargetGenerator.swift.o)
      ...
  "type metadata for Swift.String.Index", referenced from:
      TulsiGenerator.BazelBuildEvent.init(eventDictionary: [Swift.String : Swift.AnyObject]) -> TulsiGenerator.BazelBuildEvent in libtulsi_generator_lib.a(BazelBuildEvents.swift.o)
      type metadata accessor for Swift.PartialRangeFrom<Swift.String.Index> in libtulsi_generator_lib.a(BazelBuildEvents.swift.o)
      closure #1 () -> Swift.String? in TulsiGenerator.BuildLabel.packageName.getter : Swift.String? in libtulsi_generator_lib.a(BuildLabel.swift.o)
      static TulsiGenerator.PBXTargetGenerator.indexerNameForTargetName(_: Swift.String, hash: Swift.Int, suffix: Swift.String?) -> Swift.String in libtulsi_generator_lib.a(PBXTargetGenerator.swift.o)
      type metadata accessor for Swift.PartialRangeUpTo<Swift.String.Index> in libtulsi_generator_lib.a(PBXTargetGenerator.swift.o)
      static TulsiGenerator.PBXTargetGenerator.mainGroupForOutputFolder(_: Foundation.URL, workspaceRootURL: Foundation.URL) -> TulsiGenerator.PBXGroup in libtulsi_generator_lib.a(PBXTargetGenerator.swift.o)
      type metadata accessor for Swift.PartialRangeFrom<Swift.String.Index> in libtulsi_generator_lib.a(PBXTargetGenerator.swift.o)
      ...
  "protocol witness table for Swift.String.Index : Swift.Comparable in Swift", referenced from:
      TulsiGenerator.BazelBuildEvent.init(eventDictionary: [Swift.String : Swift.AnyObject]) -> TulsiGenerator.BazelBuildEvent in libtulsi_generator_lib.a(BazelBuildEvents.swift.o)
      type metadata accessor for Swift.PartialRangeFrom<Swift.String.Index> in libtulsi_generator_lib.a(BazelBuildEvents.swift.o)
      closure #1 () -> Swift.String? in TulsiGenerator.BuildLabel.packageName.getter : Swift.String? in libtulsi_generator_lib.a(BuildLabel.swift.o)
      static TulsiGenerator.PBXTargetGenerator.indexerNameForTargetName(_: Swift.String, hash: Swift.Int, suffix: Swift.String?) -> Swift.String in libtulsi_generator_lib.a(PBXTargetGenerator.swift.o)
      type metadata accessor for Swift.PartialRangeUpTo<Swift.String.Index> in libtulsi_generator_lib.a(PBXTargetGenerator.swift.o)
      static TulsiGenerator.PBXTargetGenerator.mainGroupForOutputFolder(_: Foundation.URL, workspaceRootURL: Foundation.URL) -> TulsiGenerator.PBXGroup in libtulsi_generator_lib.a(PBXTargetGenerator.swift.o)
      type metadata accessor for Swift.PartialRangeFrom<Swift.String.Index> in libtulsi_generator_lib.a(PBXTargetGenerator.swift.o)
      ...
  "Swift.String.count.getter : Swift.Int", referenced from:
      TulsiGenerator.(escapeString in _40B8AF4E61D42104FF82B74BA7B851A2)(Swift.String) -> Swift.String in libtulsi_generator_lib.a(PBXProjSerializer.swift.o)
      static TulsiGenerator.PBXTargetGenerator.indexerNameForTargetName(_: Swift.String, hash: Swift.Int, suffix: Swift.String?) -> Swift.String in libtulsi_generator_lib.a(PBXTargetGenerator.swift.o)
      static TulsiGenerator.PBXTargetGenerator.mainGroupForOutputFolder(_: Foundation.URL, workspaceRootURL: Foundation.URL) -> TulsiGenerator.PBXGroup in libtulsi_generator_lib.a(PBXTargetGenerator.swift.o)
  "Swift.String.index(_: Swift.String.Index, offsetBy: Swift.Int) -> Swift.String.Index", referenced from:
      TulsiGenerator.BazelBuildEvent.init(eventDictionary: [Swift.String : Swift.AnyObject]) -> TulsiGenerator.BazelBuildEvent in libtulsi_generator_lib.a(BazelBuildEvents.swift.o)
      closure #1 () -> Swift.String? in TulsiGenerator.BuildLabel.packageName.getter : Swift.String? in libtulsi_generator_lib.a(BuildLabel.swift.o)
      closure #1 () -> Swift.String? in TulsiGenerator.BuildLabel.asFileName.getter : Swift.String? in libtulsi_generator_lib.a(BuildLabel.swift.o)
      static TulsiGenerator.PBXTargetGenerator.indexerNameForTargetName(_: Swift.String, hash: Swift.Int, suffix: Swift.String?) -> Swift.String in libtulsi_generator_lib.a(PBXTargetGenerator.swift.o)
      static TulsiGenerator.PBXTargetGenerator.mainGroupForOutputFolder(_: Foundation.URL, workspaceRootURL: Foundation.URL) -> TulsiGenerator.PBXGroup in libtulsi_generator_lib.a(PBXTargetGenerator.swift.o)
      TulsiGenerator.PBXTargetGenerator.(addLocalSettings in _9BC2D135E4F1D200D8B700936548BDC4)(_: TulsiGenerator.RuleEntry, localDefines: inout Swift.Set<Swift.String>, localIncludes: __C.NSMutableOrderedSet, otherCFlags: __C.NSMutableArray, swiftIncludePaths: __C.NSMutableOrderedSet, otherSwiftFlags: __C.NSMutableArray) -> () in libtulsi_generator_lib.a(PBXTargetGenerator.swift.o)
      closure #2 (Swift.String) -> Swift.String in TulsiGenerator.PBXTargetGenerator.(pathFilterFunc in _9BC2D135E4F1D200D8B700936548BDC4)(Swift.Set<Swift.String>) -> (Swift.String) -> Swift.Bool in libtulsi_generator_lib.a(PBXTargetGenerator.swift.o)
      ...
  "Swift.String.append(Swift.String) -> ()", referenced from:
      static TulsiGenerator.BazelErrorExtractor.firstErrorLinesFromString(_: Swift.String, maxErrors: Swift.Int) -> Swift.String? in libtulsi_generator_lib.a(BazelErrorExtractor.swift.o)
      static (extension in TulsiGenerator):__C.NSJSONSerialization.tulsi_newlineTerminatedUnescapedData(jsonObject: Any, options: __C.NSJSONWritingOptions) throws -> __C.NSMutableData in libtulsi_generator_lib.a(NSJSONSerializationExtensions.swift.o)
  "Swift.String.isEmpty.getter : Swift.Bool", referenced from:
      closure #1 (Swift.String) -> Swift.Bool in TulsiGenerator.BazelFlags.init(startup: [Swift.String], build: [Swift.String]) -> TulsiGenerator.BazelFlags in libtulsi_generator_lib.a(BazelBuildSettings.swift.o)
      closure #2 (Swift.String) -> Swift.Bool in TulsiGenerator.BazelFlags.init(startup: [Swift.String], build: [Swift.String]) -> TulsiGenerator.BazelFlags in libtulsi_generator_lib.a(BazelBuildSettings.swift.o)
      closure #1 (Swift.String) -> Swift.Bool in static TulsiGenerator.BazelErrorExtractor.firstErrorLinesOrLastLinesFromString(_: Swift.String, maxErrors: Swift.Int) -> Swift.String? in libtulsi_generator_lib.a(BazelErrorExtractor.swift.o)
      TulsiGenerator.BazelWorkspacePathInfoFetcher.(extractWorkspaceInfo in _FBCC8FB73C67954075CF626E480CE18B)(__C.NSString) -> () in libtulsi_generator_lib.a(BazelWorkspacePathInfoFetcher.swift.o)
      closure #1 () -> Swift.String? in TulsiGenerator.BuildLabel.targetName.getter : Swift.String? in libtulsi_generator_lib.a(BuildLabel.swift.o)
      closure #1 () -> Swift.String? in TulsiGenerator.BuildLabel.packageName.getter : Swift.String? in libtulsi_generator_lib.a(BuildLabel.swift.o)
      TulsiGenerator.CommandLineSplitter.splitCommandLine(Swift.String) -> [Swift.String]? in libtulsi_generator_lib.a(CommandLineSplitter.swift.o)
      ...
  "Swift.String.endIndex.getter : Swift.String.Index", referenced from:
      closure #2 (Swift.String) -> Swift.String in TulsiGenerator.PBXTargetGenerator.(pathFilterFunc in _9BC2D135E4F1D200D8B700936548BDC4)(Swift.Set<Swift.String>) -> (Swift.String) -> Swift.Bool in libtulsi_generator_lib.a(PBXTargetGenerator.swift.o)
      Tulsi.TulsiGeneratorConfigDocument.read(from: Foundation.URL, ofType: Swift.String) throws -> () in libtulsi_lib.a(TulsiGeneratorConfigDocument.swift.o)
  "Swift.String.hasPrefix(Swift.String) -> Swift.Bool", referenced from:
      appendGeneratedSourceArtifacts #1 (_: [[Swift.String : Swift.AnyObject]], to: inout [TulsiGenerator.BazelFileInfo]) -> () in parseTulsiTargetFileImpl #1 (Swift.String) throws -> TulsiGenerator.RuleEntry in TulsiGenerator.BazelAspectInfoExtractor.(extractRuleEntriesFromArtifacts in _F5D2D87286505E9AC6917BB651D4E8CB)(_: Swift.Set<Swift.String>, progressNotifier: TulsiGenerator.ProgressNotifier?) -> TulsiGenerator.RuleEntryMap in libtulsi_generator_lib.a(BazelAspectInfoExtractor.swift.o)
      TulsiGenerator.BazelBuildEvent.init(eventDictionary: [Swift.String : Swift.AnyObject]) -> TulsiGenerator.BazelBuildEvent in libtulsi_generator_lib.a(BazelBuildEvents.swift.o)
      static TulsiGenerator.BazelErrorExtractor.firstErrorLinesFromString(_: Swift.String, maxErrors: Swift.Int) -> Swift.String? in libtulsi_generator_lib.a(BazelErrorExtractor.swift.o)
      isNewLogMessage #1 (Swift.String) -> Swift.Bool in static TulsiGenerator.BazelErrorExtractor.firstErrorLinesFromString(_: Swift.String, maxErrors: Swift.Int) -> Swift.String? in libtulsi_generator_lib.a(BazelErrorExtractor.swift.o)
      closure #1 () -> Swift.String? in TulsiGenerator.BuildLabel.packageName.getter : Swift.String? in libtulsi_generator_lib.a(BuildLabel.swift.o)
      TulsiGenerator.BuildLabel.init(_: Swift.String, normalize: Swift.Bool) -> TulsiGenerator.BuildLabel in libtulsi_generator_lib.a(BuildLabel.swift.o)
      static TulsiGenerator.PBXTargetGenerator.mainGroupForOutputFolder(_: Foundation.URL, workspaceRootURL: Foundation.URL) -> TulsiGenerator.PBXGroup in libtulsi_generator_lib.a(PBXTargetGenerator.swift.o)
      ...
  "Swift.String.hasSuffix(Swift.String) -> Swift.Bool", referenced from:
      closure #1 (Swift.String) -> Swift.Bool in closure #3 (TulsiGenerator.BazelBuildEvent) -> Swift.LazyFilterSequence<[Swift.String]> in TulsiGenerator.BazelAspectInfoExtractor.(extractRuleEntriesUsingBEP in _F5D2D87286505E9AC6917BB651D4E8CB)(_: [TulsiGenerator.BuildLabel], startupOptions: [Swift.String], buildOptions: [Swift.String], compilationMode: Swift.String?, platformConfig: Swift.String?, prioritizeSwift: Swift.Bool?, useArm64_32: Swift.Bool?, features: Swift.Set<TulsiGenerator.BazelSettingFeature>) throws -> TulsiGenerator.RuleEntryMap in libtulsi_generator_lib.a(BazelAspectInfoExtractor.swift.o)
      TulsiGenerator.BazelWorkspacePathInfoFetcher.(extractWorkspaceInfo in _FBCC8FB73C67954075CF626E480CE18B)(__C.NSString) -> () in libtulsi_generator_lib.a(BazelWorkspacePathInfoFetcher.swift.o)
      TulsiGenerator.BazelXcodeProjectPatcher.(patchFileReference in _5B992DA1E0330129FEDBB6BF90D1A431)(file: TulsiGenerator.PBXFileReference, url: Foundation.URL, workspaceRootURL: Foundation.URL) -> () in libtulsi_generator_lib.a(BazelXcodeProjectPatcher.swift.o)
      closure #1 () -> Swift.String? in TulsiGenerator.BuildLabel.packageName.getter : Swift.String? in libtulsi_generator_lib.a(BuildLabel.swift.o)
      static TulsiGenerator.PBXTargetGenerator.mainGroupForOutputFolder(_: Foundation.URL, workspaceRootURL: Foundation.URL) -> TulsiGenerator.PBXGroup in libtulsi_generator_lib.a(PBXTargetGenerator.swift.o)
      TulsiGenerator.PBXTargetGenerator.(createBuildPhaseForReferences in _9BC2D135E4F1D200D8B700936548BDC4)(_: [TulsiGenerator.PBXReference], withPerFileSettings: [TulsiGenerator.PBXFileReference : [Swift.String : Swift.String]]?) -> TulsiGenerator.PBXSourcesBuildPhase in libtulsi_generator_lib.a(PBXTargetGenerator.swift.o)
      closure #1 (Swift.String) -> Swift.Bool in TulsiGenerator.PBXTargetGenerator.(pathFilterFunc in _9BC2D135E4F1D200D8B700936548BDC4)(Swift.Set<Swift.String>) -> (Swift.String) -> Swift.Bool in libtulsi_generator_lib.a(PBXTargetGenerator.swift.o)
      ...
  "Swift.String.hashValue.getter : Swift.Int", referenced from:
      TulsiGenerator.BazelSettingFeature.hashValue.getter : Swift.Int in libtulsi_generator_lib.a(BazelSettingsProvider.swift.o)
      closure #1 () -> Swift.Int in TulsiGenerator.BuildLabel.hashValue.getter : Swift.Int in libtulsi_generator_lib.a(BuildLabel.swift.o)
      TulsiGenerator.ConcreteGIDGenerator.generate(TulsiGenerator.PBXObjectProtocol) -> Swift.String in libtulsi_generator_lib.a(GIDGenerator.swift.o)
      TulsiGenerator.SourceTreePath.hashValue.getter : Swift.Int in libtulsi_generator_lib.a(PBXObjects.swift.o)
      closure #1 () -> Swift.Int in TulsiGenerator.XCBuildConfiguration.hashValue.getter : Swift.Int in libtulsi_generator_lib.a(PBXObjects.swift.o)
      closure #1 () -> Swift.Int in TulsiGenerator.PBXReference.hashValue.getter : Swift.Int in libtulsi_generator_lib.a(PBXObjects.swift.o)
      closure #1 () -> Swift.Int in TulsiGenerator.XCConfigurationList.hashValue.getter : Swift.Int in libtulsi_generator_lib.a(PBXObjects.swift.o)
      ...
  "nominal type descriptor for Swift.String", referenced from:
      protocol conformance descriptor for Swift.String : TulsiGenerator.Pythonable in TulsiGenerator in libtulsi_generator_lib.a(BazelBuildSettings.swift.o)
  "type metadata for Swift.String", referenced from:
      TulsiGenerator.ProcessRunner.TimedProcessRunnerObserver.observeValue(forKeyPath: Swift.String?, of: Any?, change: [__C.NSKeyValueChangeKey : Any]?, context: Swift.UnsafeMutableRawPointer?) -> () in libtulsi_generator_lib.a(ProcessRunner.swift.o)
      TulsiGenerator.ProcessRunner.(createProcess in _F89DABAFE844AC5CA1B763CAFAD9B278)(_: Swift.String, arguments: [Swift.String], environment: [Swift.String : Swift.String]?, messageLogger: TulsiGenerator.LocalizedMessageLogger?, loggingIdentifier: Swift.String?, terminationHandler: (TulsiGenerator.ProcessRunner.CompletionInfo) -> ()) -> __C.NSTask in libtulsi_generator_lib.a(ProcessRunner.swift.o)
      closure #1 (Foundation.Notification) -> () in registerAndStartReader #1 (_: __C.NSFileHandle, outputData: __C.NSMutableData) -> __C.NSObject in TulsiGenerator.ProcessRunner.(createProcess in _F89DABAFE844AC5CA1B763CAFAD9B278)(_: Swift.String, arguments: [Swift.String], environment: [Swift.String : Swift.String]?, messageLogger: TulsiGenerator.LocalizedMessageLogger?, loggingIdentifier: Swift.String?, terminationHandler: (TulsiGenerator.ProcessRunner.CompletionInfo) -> ()) -> __C.NSTask in libtulsi_generator_lib.a(ProcessRunner.swift.o)
      lazy protocol witness table accessor for type Swift.String and conformance Swift.String : Swift._ObjectiveCBridgeable in Foundation in libtulsi_generator_lib.a(ProcessRunner.swift.o)
      type metadata accessor for [Swift.String] in libtulsi_generator_lib.a(ProcessRunner.swift.o)
      variable initialization expression of TulsiGenerator.BazelAspectInfoExtractor.(queuedInfoMessages in _F5D2D87286505E9AC6917BB651D4E8CB) : [Swift.String] in libtulsi_generator_lib.a(BazelAspectInfoExtractor.swift.o)
      TulsiGenerator.BazelAspectInfoExtractor.init(bazelURL: Foundation.URL, workspaceRootURL: Foundation.URL, executionRootURL: Foundation.URL, bazelSettingsProvider: TulsiGenerator.BazelSettingsProviderProtocol, localizedMessageLogger: TulsiGenerator.LocalizedMessageLogger) -> TulsiGenerator.BazelAspectInfoExtractor in libtulsi_generator_lib.a(BazelAspectInfoExtractor.swift.o)
      ...
  "protocol witness table for Swift.String : Swift.Hashable in Swift", referenced from:
      TulsiGenerator.ProcessRunner.(createProcess in _F89DABAFE844AC5CA1B763CAFAD9B278)(_: Swift.String, arguments: [Swift.String], environment: [Swift.String : Swift.String]?, messageLogger: TulsiGenerator.LocalizedMessageLogger?, loggingIdentifier: Swift.String?, terminationHandler: (TulsiGenerator.ProcessRunner.CompletionInfo) -> ()) -> __C.NSTask in libtulsi_generator_lib.a(ProcessRunner.swift.o)
      closure #1 (Foundation.Notification) -> () in registerAndStartReader #1 (_: __C.NSFileHandle, outputData: __C.NSMutableData) -> __C.NSObject in TulsiGenerator.ProcessRunner.(createProcess in _F89DABAFE844AC5CA1B763CAFAD9B278)(_: Swift.String, arguments: [Swift.String], environment: [Swift.String : Swift.String]?, messageLogger: TulsiGenerator.LocalizedMessageLogger?, loggingIdentifier: Swift.String?, terminationHandler: (TulsiGenerator.ProcessRunner.CompletionInfo) -> ()) -> __C.NSTask in libtulsi_generator_lib.a(ProcessRunner.swift.o)
      protocol witness for Swift.Hashable.hashValue.getter : Swift.Int in conformance __C.NSKeyValueChangeKey : Swift.Hashable in __C_Synthesized in libtulsi_generator_lib.a(ProcessRunner.swift.o)
      protocol witness for Swift.Hashable.hash(into: inout Swift.Hasher) -> () in conformance __C.NSKeyValueChangeKey : Swift.Hashable in __C_Synthesized in libtulsi_generator_lib.a(ProcessRunner.swift.o)
      protocol witness for Swift.Hashable._rawHashValue(seed: Swift.Int) -> Swift.Int in conformance __C.NSKeyValueChangeKey : Swift.Hashable in __C_Synthesized in libtulsi_generator_lib.a(ProcessRunner.swift.o)
      protocol witness for Swift._HasCustomAnyHashableRepresentation._toCustomAnyHashable() -> Swift.AnyHashable? in conformance __C.NSKeyValueChangeKey : Swift._HasCustomAnyHashableRepresentation in __C_Synthesized in libtulsi_generator_lib.a(ProcessRunner.swift.o)
      TulsiGenerator.BazelAspectInfoExtractor.(extractRuleEntriesUsingBEP in _F5D2D87286505E9AC6917BB651D4E8CB)(_: [TulsiGenerator.BuildLabel], startupOptions: [Swift.String], buildOptions: [Swift.String], compilationMode: Swift.String?, platformConfig: Swift.String?, prioritizeSwift: Swift.Bool?, useArm64_32: Swift.Bool?, features: Swift.Set<TulsiGenerator.BazelSettingFeature>) throws -> TulsiGenerator.RuleEntryMap in libtulsi_generator_lib.a(BazelAspectInfoExtractor.swift.o)
      ...
  "protocol witness table for Swift.String : Swift.Comparable in Swift", referenced from:
      closure #2 (TulsiGenerator.BazelSettingFeature, TulsiGenerator.BazelSettingFeature) -> Swift.Bool in TulsiGenerator.BazelSettingsProvider.featureFlags(_: Swift.Set<TulsiGenerator.BazelSettingFeature>, hasSwift: Swift.Bool) -> TulsiGenerator.BazelFlagsSet in libtulsi_generator_lib.a(BazelSettingsProvider.swift.o)
      closure #2 (TulsiGenerator.BazelSettingFeature, TulsiGenerator.BazelSettingFeature) -> Swift.Bool in TulsiGenerator.BazelSettingsProvider.featureNames(_: Swift.Set<TulsiGenerator.BazelSettingFeature>, hasSwift: Swift.Bool) -> [Swift.String] in libtulsi_generator_lib.a(BazelSettingsProvider.swift.o)
      TulsiGenerator.OpenStepSerializer.(encodeSerializedPBXObjectArray in _40B8AF4E61D42104FF82B74BA7B851A2)(_: Swift.String, into: __C.NSMutableData, indented: Swift.String) throws -> () in libtulsi_generator_lib.a(PBXProjSerializer.swift.o)
      TulsiGenerator.PBXTargetGenerator.(addConfigsForIndexingTarget in _9BC2D135E4F1D200D8B700936548BDC4)(_: TulsiGenerator.PBXTarget, data: TulsiGenerator.PBXTargetGenerator.(IndexerData in _9BC2D135E4F1D200D8B700936548BDC4)) -> () in libtulsi_generator_lib.a(PBXTargetGenerator.swift.o)
      TulsiGenerator.TulsiGeneratorConfig.save() throws -> __C.NSData in libtulsi_generator_lib.a(TulsiGeneratorConfig.swift.o)
      Tulsi.TulsiProjectDocument.read(from: __C.NSFileWrapper, ofType: Swift.String) throws -> () in libtulsi_lib.a(TulsiProjectDocument.swift.o)
      Tulsi.TulsiProjectDocument.deleteConfigsNamed([Swift.String]) -> () in libtulsi_lib.a(TulsiProjectDocument.swift.o)
      ...
  "protocol witness table for Swift.String : Swift.Equatable in Swift", referenced from:
      TulsiGenerator.ProcessRunner.TimedProcessRunnerObserver.observeValue(forKeyPath: Swift.String?, of: Any?, change: [__C.NSKeyValueChangeKey : Any]?, context: Swift.UnsafeMutableRawPointer?) -> () in libtulsi_generator_lib.a(ProcessRunner.swift.o)
      protocol witness for static Swift.Equatable.== infix(A, A) -> Swift.Bool in conformance __C.NSKeyValueChangeKey : Swift.Equatable in __C_Synthesized in libtulsi_generator_lib.a(ProcessRunner.swift.o)
      static TulsiGenerator.BazelFlags.== infix(TulsiGenerator.BazelFlags, TulsiGenerator.BazelFlags) -> Swift.Bool in libtulsi_generator_lib.a(BazelBuildSettings.swift.o)
      TulsiGenerator.BazelXcodeProjectPatcher.(patchFileReference in _5B992DA1E0330129FEDBB6BF90D1A431)(file: TulsiGenerator.PBXFileReference, url: Foundation.URL, workspaceRootURL: Foundation.URL) -> () in libtulsi_generator_lib.a(BazelXcodeProjectPatcher.swift.o)
      protocol witness for static Swift.Equatable.== infix(A, A) -> Swift.Bool in conformance TulsiGenerator.CPU : Swift.Equatable in TulsiGenerator in libtulsi_generator_lib.a(DeploymentTarget.swift.o)
      protocol witness for static Swift.Equatable.== infix(A, A) -> Swift.Bool in conformance TulsiGenerator.PlatformType : Swift.Equatable in TulsiGenerator in libtulsi_generator_lib.a(DeploymentTarget.swift.o)
      static TulsiGenerator.DeploymentTarget.== infix(TulsiGenerator.DeploymentTarget, TulsiGenerator.DeploymentTarget) -> Swift.Bool in libtulsi_generator_lib.a(DeploymentTarget.swift.o)
      ...
  "protocol witness table for Swift.String : Swift.Sequence in Swift", referenced from:
      closure #1 () -> Swift.String? in TulsiGenerator.BuildLabel.asFileName.getter : Swift.String? in libtulsi_generator_lib.a(BuildLabel.swift.o)
  "protocol conformance descriptor for Swift.String : Swift.Collection in Swift", referenced from:
      lazy protocol witness table accessor for type Swift.String and conformance Swift.String : Swift.Collection in Swift in libtulsi_generator_lib.a(BazelBuildEvents.swift.o)
      lazy protocol witness table accessor for type Swift.String and conformance Swift.String : Swift.Collection in Swift in libtulsi_generator_lib.a(BuildLabel.swift.o)
      lazy protocol witness table accessor for type Swift.String and conformance Swift.String : Swift.Collection in Swift in libtulsi_generator_lib.a(PBXTargetGenerator.swift.o)
      lazy protocol witness table accessor for type Swift.String and conformance Swift.String : Swift.Collection in Swift in libtulsi_lib.a(TulsiGeneratorConfigDocument.swift.o)
      lazy protocol witness table accessor for type Swift.String and conformance Swift.String : Swift.Collection in Swift in libtulsi_lib.a(HeadlessTulsiProjectCreator.swift.o)
      lazy protocol witness table accessor for type Swift.String and conformance Swift.String : Swift.Collection in Swift in libtulsi_lib.a(TulsiCommandlineParser.swift.o)
  "protocol conformance descriptor for Swift.String : Swift.RangeReplaceableCollection in Swift", referenced from:
      lazy protocol witness table accessor for type Swift.String and conformance Swift.String : Swift.RangeReplaceableCollection in Swift in libtulsi_generator_lib.a(BuildLabel.swift.o)
  "protocol conformance descriptor for Swift.String : Swift.StringProtocol in Swift", referenced from:
      lazy protocol witness table accessor for type Swift.String and conformance Swift.String : Swift.StringProtocol in Swift in libtulsi_generator_lib.a(BazelBuildEvents.swift.o)
      lazy protocol witness table accessor for type Swift.String and conformance Swift.String : Swift.StringProtocol in Swift in libtulsi_generator_lib.a(BazelBuildSettings.swift.o)
      lazy protocol witness table accessor for type Swift.String and conformance Swift.String : Swift.StringProtocol in Swift in libtulsi_generator_lib.a(BazelErrorExtractor.swift.o)
      lazy protocol witness table accessor for type Swift.String and conformance Swift.String : Swift.StringProtocol in Swift in libtulsi_generator_lib.a(BazelLocator.swift.o)
      lazy protocol witness table accessor for type Swift.String and conformance Swift.String : Swift.StringProtocol in Swift in libtulsi_generator_lib.a(BazelWorkspacePathInfoFetcher.swift.o)
      lazy protocol witness table accessor for type Swift.String and conformance Swift.String : Swift.StringProtocol in Swift in libtulsi_generator_lib.a(BuildLabel.swift.o)
      lazy protocol witness table accessor for type Swift.String and conformance Swift.String : Swift.StringProtocol in Swift in libtulsi_generator_lib.a(NSJSONSerializationExtensions.swift.o)
      ...
  "protocol witness table for Swift.String : Swift.TextOutputStreamable in Swift", referenced from:
      TulsiGenerator.ProcessRunner.(createProcess in _F89DABAFE844AC5CA1B763CAFAD9B278)(_: Swift.String, arguments: [Swift.String], environment: [Swift.String : Swift.String]?, messageLogger: TulsiGenerator.LocalizedMessageLogger?, loggingIdentifier: Swift.String?, terminationHandler: (TulsiGenerator.ProcessRunner.CompletionInfo) -> ()) -> __C.NSTask in libtulsi_generator_lib.a(ProcessRunner.swift.o)
      TulsiGenerator.BazelAspectInfoExtractor.(extractRuleEntriesUsingBEP in _F5D2D87286505E9AC6917BB651D4E8CB)(_: [TulsiGenerator.BuildLabel], startupOptions: [Swift.String], buildOptions: [Swift.String], compilationMode: Swift.String?, platformConfig: Swift.String?, prioritizeSwift: Swift.Bool?, useArm64_32: Swift.Bool?, features: Swift.Set<TulsiGenerator.BazelSettingFeature>) throws -> TulsiGenerator.RuleEntryMap in libtulsi_generator_lib.a(BazelAspectInfoExtractor.swift.o)
      TulsiGenerator.BazelAspectInfoExtractor.(bazelAspectProcessForTargets in _F5D2D87286505E9AC6917BB651D4E8CB)(_: [Swift.String], aspect: Swift.String, startupOptions: [Swift.String], buildOptions: [Swift.String], compilationMode: Swift.String?, platformConfig: Swift.String?, prioritizeSwift: Swift.Bool?, useArm64_32: Swift.Bool?, features: Swift.Set<TulsiGenerator.BazelSettingFeature>, progressNotifier: TulsiGenerator.ProgressNotifier?, terminationHandler: (__C.NSTask, Swift.String) -> ()) -> __C.NSTask? in libtulsi_generator_lib.a(BazelAspectInfoExtractor.swift.o)
      parseTulsiTargetFileImpl #1 (Swift.String) throws -> TulsiGenerator.RuleEntry in TulsiGenerator.BazelAspectInfoExtractor.(extractRuleEntriesFromArtifacts in _F5D2D87286505E9AC6917BB651D4E8CB)(_: Swift.Set<Swift.String>, progressNotifier: TulsiGenerator.ProgressNotifier?) -> TulsiGenerator.RuleEntryMap in libtulsi_generator_lib.a(BazelAspectInfoExtractor.swift.o)
      getRequiredField #1 (Swift.String) throws -> Swift.String in parseTulsiTargetFileImpl #1 (Swift.String) throws -> TulsiGenerator.RuleEntry in TulsiGenerator.BazelAspectInfoExtractor.(extractRuleEntriesFromArtifacts in _F5D2D87286505E9AC6917BB651D4E8CB)(_: Swift.Set<Swift.String>, progressNotifier: TulsiGenerator.ProgressNotifier?) -> TulsiGenerator.RuleEntryMap in libtulsi_generator_lib.a(BazelAspectInfoExtractor.swift.o)
      (extension in TulsiGenerator):Swift.Dictionary< where A == Swift.String, B: TulsiGenerator.Pythonable>.toPython(Swift.String) -> Swift.String in libtulsi_generator_lib.a(BazelBuildSettings.swift.o)
      (extension in TulsiGenerator):Swift.String.toPython(Swift.String) -> Swift.String in libtulsi_generator_lib.a(BazelBuildSettings.swift.o)
      ...
  "protocol conformance descriptor for Swift.String : Swift._ObjectiveCBridgeable in Foundation", referenced from:
      lazy protocol witness table accessor for type Swift.String and conformance Swift.String : Swift._ObjectiveCBridgeable in Foundation in libtulsi_generator_lib.a(ProcessRunner.swift.o)
      lazy protocol witness table accessor for type Swift.String and conformance Swift.String : Swift._ObjectiveCBridgeable in Foundation in libtulsi_generator_lib.a(XcodeProjectGenerator.swift.o)
      lazy protocol witness table accessor for type Swift.String and conformance Swift.String : Swift._ObjectiveCBridgeable in Foundation in libtulsi_lib.a(OptionsEditorController.swift.o)
      lazy protocol witness table accessor for type Swift.String and conformance Swift.String : Swift._ObjectiveCBridgeable in Foundation in libtulsi_lib.a(TulsiGeneratorConfigDocument.swift.o)
      lazy protocol witness table accessor for type Swift.String and conformance Swift.String : Swift._ObjectiveCBridgeable in Foundation in libtulsi_lib.a(UIMessage.swift.o)
      lazy protocol witness table accessor for type Swift.String and conformance Swift.String : Swift._ObjectiveCBridgeable in Foundation in libtulsi_lib.a(HeadlessTulsiProjectCreator.swift.o)
  "protocol witness table for Swift.String : Swift.CustomStringConvertible in Swift", referenced from:
      TulsiGenerator.ProcessRunner.(createProcess in _F89DABAFE844AC5CA1B763CAFAD9B278)(_: Swift.String, arguments: [Swift.String], environment: [Swift.String : Swift.String]?, messageLogger: TulsiGenerator.LocalizedMessageLogger?, loggingIdentifier: Swift.String?, terminationHandler: (TulsiGenerator.ProcessRunner.CompletionInfo) -> ()) -> __C.NSTask in libtulsi_generator_lib.a(ProcessRunner.swift.o)
      TulsiGenerator.BazelAspectInfoExtractor.(extractRuleEntriesUsingBEP in _F5D2D87286505E9AC6917BB651D4E8CB)(_: [TulsiGenerator.BuildLabel], startupOptions: [Swift.String], buildOptions: [Swift.String], compilationMode: Swift.String?, platformConfig: Swift.String?, prioritizeSwift: Swift.Bool?, useArm64_32: Swift.Bool?, features: Swift.Set<TulsiGenerator.BazelSettingFeature>) throws -> TulsiGenerator.RuleEntryMap in libtulsi_generator_lib.a(BazelAspectInfoExtractor.swift.o)
      TulsiGenerator.BazelAspectInfoExtractor.(bazelAspectProcessForTargets in _F5D2D87286505E9AC6917BB651D4E8CB)(_: [Swift.String], aspect: Swift.String, startupOptions: [Swift.String], buildOptions: [Swift.String], compilationMode: Swift.String?, platformConfig: Swift.String?, prioritizeSwift: Swift.Bool?, useArm64_32: Swift.Bool?, features: Swift.Set<TulsiGenerator.BazelSettingFeature>, progressNotifier: TulsiGenerator.ProgressNotifier?, terminationHandler: (__C.NSTask, Swift.String) -> ()) -> __C.NSTask? in libtulsi_generator_lib.a(BazelAspectInfoExtractor.swift.o)
      parseTulsiTargetFileImpl #1 (Swift.String) throws -> TulsiGenerator.RuleEntry in TulsiGenerator.BazelAspectInfoExtractor.(extractRuleEntriesFromArtifacts in _F5D2D87286505E9AC6917BB651D4E8CB)(_: Swift.Set<Swift.String>, progressNotifier: TulsiGenerator.ProgressNotifier?) -> TulsiGenerator.RuleEntryMap in libtulsi_generator_lib.a(BazelAspectInfoExtractor.swift.o)
      getRequiredField #1 (Swift.String) throws -> Swift.String in parseTulsiTargetFileImpl #1 (Swift.String) throws -> TulsiGenerator.RuleEntry in TulsiGenerator.BazelAspectInfoExtractor.(extractRuleEntriesFromArtifacts in _F5D2D87286505E9AC6917BB651D4E8CB)(_: Swift.Set<Swift.String>, progressNotifier: TulsiGenerator.ProgressNotifier?) -> TulsiGenerator.RuleEntryMap in libtulsi_generator_lib.a(BazelAspectInfoExtractor.swift.o)
      (extension in TulsiGenerator):Swift.Dictionary< where A == Swift.String, B: TulsiGenerator.Pythonable>.toPython(Swift.String) -> Swift.String in libtulsi_generator_lib.a(BazelBuildSettings.swift.o)
      (extension in TulsiGenerator):Swift.String.toPython(Swift.String) -> Swift.String in libtulsi_generator_lib.a(BazelBuildSettings.swift.o)
      ...
  "protocol conformance descriptor for Swift.String : Swift.CVarArg in Foundation", referenced from:
      lazy protocol witness table accessor for type Swift.String and conformance Swift.String : Swift.CVarArg in Foundation in libtulsi_generator_lib.a(BazelAspectInfoExtractor.swift.o)
      lazy protocol witness table accessor for type Swift.String and conformance Swift.String : Swift.CVarArg in Foundation in libtulsi_generator_lib.a(BazelBuildEvents.swift.o)
      lazy protocol witness table accessor for type Swift.String and conformance Swift.String : Swift.CVarArg in Foundation in libtulsi_generator_lib.a(BazelQueryInfoExtractor.swift.o)
      lazy protocol witness table accessor for type Swift.String and conformance Swift.String : Swift.CVarArg in Foundation in libtulsi_generator_lib.a(BazelWorkspacePathInfoFetcher.swift.o)
      lazy protocol witness table accessor for type Swift.String and conformance Swift.String : Swift.CVarArg in Foundation in libtulsi_generator_lib.a(LocalizedMessageLogger.swift.o)
      lazy protocol witness table accessor for type Swift.String and conformance Swift.String : Swift.CVarArg in Foundation in libtulsi_generator_lib.a(PBXTargetGenerator.swift.o)
      lazy protocol witness table accessor for type Swift.String and conformance Swift.String : Swift.CVarArg in Foundation in libtulsi_generator_lib.a(RuleEntryMap.swift.o)
      ...
  "Swift.String.init(__shared Swift.Substring) -> Swift.String", referenced from:
      TulsiGenerator.BazelBuildEvent.init(eventDictionary: [Swift.String : Swift.AnyObject]) -> TulsiGenerator.BazelBuildEvent in libtulsi_generator_lib.a(BazelBuildEvents.swift.o)
      static TulsiGenerator.PBXTargetGenerator.indexerNameForTargetName(_: Swift.String, hash: Swift.Int, suffix: Swift.String?) -> Swift.String in libtulsi_generator_lib.a(PBXTargetGenerator.swift.o)
      static TulsiGenerator.PBXTargetGenerator.mainGroupForOutputFolder(_: Foundation.URL, workspaceRootURL: Foundation.URL) -> TulsiGenerator.PBXGroup in libtulsi_generator_lib.a(PBXTargetGenerator.swift.o)
      TulsiGenerator.PBXTargetGenerator.(addLocalSettings in _9BC2D135E4F1D200D8B700936548BDC4)(_: TulsiGenerator.RuleEntry, localDefines: inout Swift.Set<Swift.String>, localIncludes: __C.NSMutableOrderedSet, otherCFlags: __C.NSMutableArray, swiftIncludePaths: __C.NSMutableOrderedSet, otherSwiftFlags: __C.NSMutableArray) -> () in libtulsi_generator_lib.a(PBXTargetGenerator.swift.o)
      closure #2 (Swift.String) -> Swift.String in TulsiGenerator.PBXTargetGenerator.(pathFilterFunc in _9BC2D135E4F1D200D8B700936548BDC4)(Swift.Set<Swift.String>) -> (Swift.String) -> Swift.Bool in libtulsi_generator_lib.a(PBXTargetGenerator.swift.o)
      Tulsi.TulsiGeneratorConfigDocument.read(from: Foundation.URL, ofType: Swift.String) throws -> () in libtulsi_lib.a(TulsiGeneratorConfigDocument.swift.o)
      Tulsi.HeadlessTulsiProjectCreator.(extractBazelPackages in _59287010C6E6E60CCC879AF7B9DF6695)([Swift.String]) -> Swift.Set<Swift.String> in libtulsi_lib.a(HeadlessTulsiProjectCreator.swift.o)
      ...
  "dispatch thunk of Swift.Sequence.makeIterator() -> A.Iterator", referenced from:
      static TulsiGenerator.XcodeProjectGenerator.projectSDKROOT<A where A: Swift.Sequence, A.Element == TulsiGenerator.RuleEntry>(A) -> Swift.String? in libtulsi_generator_lib.a(XcodeProjectGenerator.swift.o)
      expandTargetLabels #1 <A where A: Swift.Sequence, A.Element == TulsiGenerator.BuildLabel>(A) -> () in TulsiGenerator.XcodeProjectGenerator.(buildXcodeProjectWithMainGroup in _3D27909A8CA7F8C4C4BE25046CB74F8B)(_: TulsiGenerator.PBXGroup, stubInfoPlistPaths: TulsiGenerator.StubInfoPlistPaths) throws -> TulsiGenerator.XcodeProjectGenerator.(GeneratedProjectInfo in _3D27909A8CA7F8C4C4BE25046CB74F8B) in libtulsi_generator_lib.a(XcodeProjectGenerator.swift.o)
  "associated conformance descriptor for Swift.Sequence.Iterator: Swift.IteratorProtocol", referenced from:
      static TulsiGenerator.XcodeProjectGenerator.projectSDKROOT<A where A: Swift.Sequence, A.Element == TulsiGenerator.RuleEntry>(A) -> Swift.String? in libtulsi_generator_lib.a(XcodeProjectGenerator.swift.o)
      expandTargetLabels #1 <A where A: Swift.Sequence, A.Element == TulsiGenerator.BuildLabel>(A) -> () in TulsiGenerator.XcodeProjectGenerator.(buildXcodeProjectWithMainGroup in _3D27909A8CA7F8C4C4BE25046CB74F8B)(_: TulsiGenerator.PBXGroup, stubInfoPlistPaths: TulsiGenerator.StubInfoPlistPaths) throws -> TulsiGenerator.XcodeProjectGenerator.(GeneratedProjectInfo in _3D27909A8CA7F8C4C4BE25046CB74F8B) in libtulsi_generator_lib.a(XcodeProjectGenerator.swift.o)
  "protocol requirements base descriptor for Swift.Sequence", referenced from:
      static TulsiGenerator.XcodeProjectGenerator.projectSDKROOT<A where A: Swift.Sequence, A.Element == TulsiGenerator.RuleEntry>(A) -> Swift.String? in libtulsi_generator_lib.a(XcodeProjectGenerator.swift.o)
      expandTargetLabels #1 <A where A: Swift.Sequence, A.Element == TulsiGenerator.BuildLabel>(A) -> () in TulsiGenerator.XcodeProjectGenerator.(buildXcodeProjectWithMainGroup in _3D27909A8CA7F8C4C4BE25046CB74F8B)(_: TulsiGenerator.PBXGroup, stubInfoPlistPaths: TulsiGenerator.StubInfoPlistPaths) throws -> TulsiGenerator.XcodeProjectGenerator.(GeneratedProjectInfo in _3D27909A8CA7F8C4C4BE25046CB74F8B) in libtulsi_generator_lib.a(XcodeProjectGenerator.swift.o)
  "(extension in Swift):Swift.Sequence.compactMap<A>((A.Element) throws -> A1?) throws -> [A1]", referenced from:
      TulsiGenerator.RuleEntry.init(label: TulsiGenerator.BuildLabel, type: Swift.String, attributes: [Swift.String : Swift.AnyObject], artifacts: [TulsiGenerator.BazelFileInfo], sourceFiles: [TulsiGenerator.BazelFileInfo], nonARCSourceFiles: [TulsiGenerator.BazelFileInfo], dependencies: Swift.Set<TulsiGenerator.BuildLabel>, testDependencies: Swift.Set<TulsiGenerator.BuildLabel>, frameworkImports: [TulsiGenerator.BazelFileInfo], secondaryArtifacts: [TulsiGenerator.BazelFileInfo], weakDependencies: Swift.Set<TulsiGenerator.BuildLabel>?, extensions: Swift.Set<TulsiGenerator.BuildLabel>?, bundleID: Swift.String?, bundleName: Swift.String?, productType: TulsiGenerator.PBXTarget.ProductType?, extensionBundleID: Swift.String?, platformType: Swift.String?, osDeploymentTarget: Swift.String?, buildFilePath: Swift.String?, objcDefines: [Swift.String]?, swiftDefines: [Swift.String]?, includePaths: [(Swift.String, Swift.Bool)]?, swiftLanguageVersion: Swift.String?, swiftToolchain: Swift.String?, swiftTransitiveModules: [TulsiGenerator.BazelFileInfo], objCModuleMaps: [TulsiGenerator.BazelFileInfo], moduleName: Swift.String?, extensionType: Swift.String?, xcodeVersion: Swift.String?) -> TulsiGenerator.RuleEntry in libtulsi_generator_lib.a(RuleEntry.swift.o)
  "(extension in Swift):Swift.Sequence.enumerated() -> Swift.EnumeratedSequence<A>", referenced from:
      TulsiGenerator.XcodeProjectGenerator.(validateConfigReferences in _3D27909A8CA7F8C4C4BE25046CB74F8B)(TulsiGenerator.RuleEntryMap) throws -> () in libtulsi_generator_lib.a(XcodeProjectGenerator.swift.o)
  "(extension in Swift):Swift.Sequence.lazy.getter : Swift.LazySequence<A>", referenced from:
      closure #3 (TulsiGenerator.BazelBuildEvent) -> Swift.LazyFilterSequence<[Swift.String]> in TulsiGenerator.BazelAspectInfoExtractor.(extractRuleEntriesUsingBEP in _F5D2D87286505E9AC6917BB651D4E8CB)(_: [TulsiGenerator.BuildLabel], startupOptions: [Swift.String], buildOptions: [Swift.String], compilationMode: Swift.String?, platformConfig: Swift.String?, prioritizeSwift: Swift.Bool?, useArm64_32: Swift.Bool?, features: Swift.Set<TulsiGenerator.BazelSettingFeature>) throws -> TulsiGenerator.RuleEntryMap in libtulsi_generator_lib.a(BazelAspectInfoExtractor.swift.o)
  "(extension in Swift):Swift.Sequence.first(where: (A.Element) throws -> Swift.Bool) throws -> A.Element?", referenced from:
      TulsiGenerator.PBXGroup.childFileReference(withName: Swift.String) -> TulsiGenerator.PBXFileReference? in libtulsi_generator_lib.a(PBXObjects.swift.o)
      TulsiGenerator.TulsiGeneratorConfig.__allocating_init(data: Foundation.Data, additionalOptionData: Foundation.Data?, bazelURL: Foundation.URL?) throws -> TulsiGenerator.TulsiGeneratorConfig in libtulsi_generator_lib.a(TulsiGeneratorConfig.swift.o)
  "(extension in Swift):Swift.Sequence.filter((A.Element) throws -> Swift.Bool) throws -> [A.Element]", referenced from:
      TulsiGenerator.XcodeProjectGenerator.generateXcodeProjectInFolder(Foundation.URL) throws -> Foundation.URL in libtulsi_generator_lib.a(XcodeProjectGenerator.swift.o)
      static Tulsi.BazelSelectionPanel.beginSheetModalBazelSelectionPanelForWindow(_: __C.NSWindow, document: Tulsi.TulsiProjectDocument, completionHandler: (Foundation.URL?) -> ()?) -> Tulsi.BazelSelectionPanel in libtulsi_lib.a(BazelSelectionPanel.swift.o)
      static Tulsi.ErrorAlertView.displayModalError(_: Swift.String, details: Swift.String?) -> () in libtulsi_lib.a(TulsiProjectDocument.swift.o)
  "(extension in Swift):Swift.Sequence.reduce<A>(into: __owned A1, _: (inout A1, A.Element) throws -> ()) throws -> A1", referenced from:
      static TulsiGenerator.BazelBuildSettings.platformConfigurationFlagsMap.getter : [Swift.String : [Swift.String]] in libtulsi_generator_lib.a(BazelBuildSettings.swift.o)
      TulsiGenerator.BazelSettingsProvider.featureFlags(_: Swift.Set<TulsiGenerator.BazelSettingFeature>, hasSwift: Swift.Bool) -> TulsiGenerator.BazelFlagsSet in libtulsi_generator_lib.a(BazelSettingsProvider.swift.o)
  "(extension in Swift):Swift.Sequence.sorted(by: (A.Element, A.Element) throws -> Swift.Bool) throws -> [A.Element]", referenced from:
      TulsiGenerator.BazelSettingsProvider.featureFlags(_: Swift.Set<TulsiGenerator.BazelSettingFeature>, hasSwift: Swift.Bool) -> TulsiGenerator.BazelFlagsSet in libtulsi_generator_lib.a(BazelSettingsProvider.swift.o)
      TulsiGenerator.BazelSettingsProvider.featureNames(_: Swift.Set<TulsiGenerator.BazelSettingFeature>, hasSwift: Swift.Bool) -> [Swift.String] in libtulsi_generator_lib.a(BazelSettingsProvider.swift.o)
      TulsiGenerator.PBXGroup.serializeInto(TulsiGenerator.PBXProjFieldSerializer) throws -> () in libtulsi_generator_lib.a(PBXObjects.swift.o)
      TulsiGenerator.XCConfigurationList.serializeInto(TulsiGenerator.PBXProjFieldSerializer) throws -> () in libtulsi_generator_lib.a(PBXObjects.swift.o)
      TulsiGenerator.PBXProject.serializeInto(TulsiGenerator.PBXProjFieldSerializer) throws -> () in libtulsi_generator_lib.a(PBXObjects.swift.o)
      TulsiGenerator.OpenStepSerializer.(RawDict in _40B8AF4E61D42104FF82B74BA7B851A2).appendContentsToData(_: __C.NSMutableData, indent: Swift.String, spacer: Swift.String) throws -> () in libtulsi_generator_lib.a(PBXProjSerializer.swift.o)
      mergeIndexers #1 <A where A: Swift.Sequence, A.Element == TulsiGenerator.PBXTargetGenerator.(IndexerData in _9BC2D135E4F1D200D8B700936548BDC4)>(A) -> [Swift.String : TulsiGenerator.PBXTargetGenerator.(IndexerData in _9BC2D135E4F1D200D8B700936548BDC4)] in TulsiGenerator.PBXTargetGenerator.(mergeRegisteredIndexers in _9BC2D135E4F1D200D8B700936548BDC4)() -> () in libtulsi_generator_lib.a(PBXTargetGenerator.swift.o)
      ...
  "(extension in Swift):Swift.Sequence.flatMap<A where A1: Swift.Sequence>((A.Element) throws -> A1) throws -> [A1.Element]", referenced from:
      TulsiGenerator.BazelAspectInfoExtractor.(extractRuleEntriesUsingBEP in _F5D2D87286505E9AC6917BB651D4E8CB)(_: [TulsiGenerator.BuildLabel], startupOptions: [Swift.String], buildOptions: [Swift.String], compilationMode: Swift.String?, platformConfig: Swift.String?, prioritizeSwift: Swift.Bool?, useArm64_32: Swift.Bool?, features: Swift.Set<TulsiGenerator.BazelSettingFeature>) throws -> TulsiGenerator.RuleEntryMap in libtulsi_generator_lib.a(BazelAspectInfoExtractor.swift.o)
  "(extension in Swift):Swift.Sequence.forEach((A.Element) throws -> ()) throws -> ()", referenced from:
      TulsiGenerator.OpenStepSerializer.(RawDict in _40B8AF4E61D42104FF82B74BA7B851A2).appendContentsToData(_: __C.NSMutableData, indent: Swift.String, spacer: Swift.String) throws -> () in libtulsi_generator_lib.a(PBXProjSerializer.swift.o)
      generateIndexerTargetGraphForRuleEntry #1 (TulsiGenerator.RuleEntry) -> __C.NSOrderedSet in TulsiGenerator.PBXTargetGenerator.registerRuleEntryForIndexer(_: TulsiGenerator.RuleEntry, ruleEntryMap: TulsiGenerator.RuleEntryMap, pathFilters: Swift.Set<Swift.String>, processedEntries: inout [TulsiGenerator.RuleEntry : __C.NSOrderedSet]) -> () in libtulsi_generator_lib.a(PBXTargetGenerator.swift.o)
      TulsiGenerator.PBXTargetGenerator.(generateFileReferencesAndSettingsForNonARCFileInfos in _9BC2D135E4F1D200D8B700936548BDC4)([TulsiGenerator.BazelFileInfo]) -> ([TulsiGenerator.PBXFileReference], [TulsiGenerator.PBXFileReference : [Swift.String : Swift.String]]) in libtulsi_generator_lib.a(PBXTargetGenerator.swift.o)
      TulsiGenerator.PBXTargetGenerator.(generateFileReferencesForFileInfos in _9BC2D135E4F1D200D8B700936548BDC4)([TulsiGenerator.BazelFileInfo]) -> [TulsiGenerator.PBXFileReference] in libtulsi_generator_lib.a(PBXTargetGenerator.swift.o)
      environmentVariables #1 (for: TulsiGenerator.RuleEntry) -> [Swift.String : Swift.String] in TulsiGenerator.XcodeProjectGenerator.(installXcodeSchemesForProjectInfo in _3D27909A8CA7F8C4C4BE25046CB74F8B)(_: TulsiGenerator.XcodeProjectGenerator.(GeneratedProjectInfo in _3D27909A8CA7F8C4C4BE25046CB74F8B), projectURL: Foundation.URL, projectBundleName: Swift.String) throws -> () in libtulsi_generator_lib.a(XcodeProjectGenerator.swift.o)
      Tulsi.TulsiGeneratorConfigDocument.updateSourcePaths(([Tulsi.UISourcePath]) -> ()) -> () in libtulsi_lib.a(TulsiGeneratorConfigDocument.swift.o)
  "(extension in Swift):Swift.Sequence< where A.Element: Swift.Comparable>.sorted() -> [A.Element]", referenced from:
      TulsiGenerator.OpenStepSerializer.(encodeSerializedPBXObjectArray in _40B8AF4E61D42104FF82B74BA7B851A2)(_: Swift.String, into: __C.NSMutableData, indented: Swift.String) throws -> () in libtulsi_generator_lib.a(PBXProjSerializer.swift.o)
      TulsiGenerator.PBXTargetGenerator.(addConfigsForIndexingTarget in _9BC2D135E4F1D200D8B700936548BDC4)(_: TulsiGenerator.PBXTarget, data: TulsiGenerator.PBXTargetGenerator.(IndexerData in _9BC2D135E4F1D200D8B700936548BDC4)) -> () in libtulsi_generator_lib.a(PBXTargetGenerator.swift.o)
      TulsiGenerator.TulsiGeneratorConfig.save() throws -> __C.NSData in libtulsi_generator_lib.a(TulsiGeneratorConfig.swift.o)
      Tulsi.TulsiProjectDocument.read(from: __C.NSFileWrapper, ofType: Swift.String) throws -> () in libtulsi_lib.a(TulsiProjectDocument.swift.o)
      Tulsi.TulsiProjectDocument.deleteConfigsNamed([Swift.String]) -> () in libtulsi_lib.a(TulsiProjectDocument.swift.o)
      Tulsi.TulsiProjectDocument.didNameTulsiGeneratorConfigDocument(_: Tulsi.TulsiGeneratorConfigDocument, configName: Swift.String) -> () in libtulsi_lib.a(TulsiProjectDocument.swift.o)
  "(extension in Swift):Swift.Sequence< where A.Element: Swift.Equatable>.starts<A where A1: Swift.Sequence, A.Element == A1.Element>(with: A1) -> Swift.Bool", referenced from:
      closure #1 () -> Swift.String? in TulsiGenerator.BuildLabel.asFileName.getter : Swift.String? in libtulsi_generator_lib.a(BuildLabel.swift.o)
  "(extension in Swift):Swift.Sequence< where A.Element: Swift.Equatable>.contains(A.Element) -> Swift.Bool", referenced from:
      addStringEnumOption #1 (TulsiGenerator.TulsiOptionKey, TulsiGenerator.TulsiOption.OptionType, Swift.String, [Swift.String]) -> () in TulsiGenerator.TulsiOptionSet.(populateOptionsWithBundle in _75FC4C339CDF8B0A6FC36001CDFA9AC4)(_: __C.NSBundle, withInheritAsDefault: Swift.Bool) -> () in libtulsi_generator_lib.a(TulsiOptionSet.swift.o)
      TulsiGenerator.XcodeProjectGenerator.(buildXcodeProjectWithMainGroup in _3D27909A8CA7F8C4C4BE25046CB74F8B)(_: TulsiGenerator.PBXGroup, stubInfoPlistPaths: TulsiGenerator.StubInfoPlistPaths) throws -> TulsiGenerator.XcodeProjectGenerator.(GeneratedProjectInfo in _3D27909A8CA7F8C4C4BE25046CB74F8B) in libtulsi_generator_lib.a(XcodeProjectGenerator.swift.o)
      TulsiGenerator.XcodeProjectGenerator.(updateGlobalUserDefaultsWithShellCommands in _3D27909A8CA7F8C4C4BE25046CB74F8B)(shellCommandsPath: Swift.String) -> () in libtulsi_generator_lib.a(XcodeProjectGenerator.swift.o)
      closure #1 (Swift.AnyObject, Foundation.URL) -> Swift.Bool in static Tulsi.FilteredOpenPanel.filterNonPackageDirectoriesOrFilesMatchingNames([Swift.String]) -> (Tulsi.FilteredOpenPanel, Foundation.URL) -> Swift.Bool in libtulsi_lib.a(FilteredOpenPanel.swift.o)
      Tulsi.TulsiProjectDocument.containsBUILDFileURL(Foundation.URL) -> Swift.Bool in libtulsi_lib.a(TulsiProjectDocument.swift.o)
      Tulsi.TulsiProjectDocument.didNameTulsiGeneratorConfigDocument(_: Tulsi.TulsiGeneratorConfigDocument, configName: Swift.String) -> () in libtulsi_lib.a(TulsiProjectDocument.swift.o)
      closure #2 (Tulsi.UIRuleInfo) -> Swift.Bool in Tulsi.TulsiGeneratorConfigDocument.(resolveLabelReferences in _576382D61AB9E62F1DB88B3C1408BD93)(() -> ()) throws -> () in libtulsi_lib.a(TulsiGeneratorConfigDocument.swift.o)
      ...
  "(extension in Swift):Swift.Sequence< where A.Element: Swift.StringProtocol>.joined(separator: Swift.String) -> Swift.String", referenced from:
      static TulsiGenerator.BazelErrorExtractor.firstErrorLinesFromString(_: Swift.String, maxErrors: Swift.Int) -> Swift.String? in libtulsi_generator_lib.a(BazelErrorExtractor.swift.o)
  "method descriptor for Swift.RawRepresentable.rawValue.getter : A.RawValue", referenced from:
      protocol conformance descriptor for __C.NSKeyValueChangeKey : Swift.RawRepresentable in __C_Synthesized in libtulsi_generator_lib.a(ProcessRunner.swift.o)
      protocol conformance descriptor for __C.NSJSONReadingOptions : Swift.RawRepresentable in __C_Synthesized in libtulsi_generator_lib.a(BazelAspectInfoExtractor.swift.o)
      protocol conformance descriptor for __C.NSJSONReadingOptions : Swift.RawRepresentable in __C_Synthesized in libtulsi_generator_lib.a(BazelBuildEvents.swift.o)
      protocol conformance descriptor for TulsiGenerator.CPU : Swift.RawRepresentable in TulsiGenerator in libtulsi_generator_lib.a(DeploymentTarget.swift.o)
      protocol conformance descriptor for TulsiGenerator.PlatformType : Swift.RawRepresentable in TulsiGenerator in libtulsi_generator_lib.a(DeploymentTarget.swift.o)
      protocol conformance descriptor for TulsiGenerator.SourceTree : Swift.RawRepresentable in TulsiGenerator in libtulsi_generator_lib.a(PBXObjects.swift.o)
      protocol conformance descriptor for TulsiGenerator.PBXTarget.ProductType : Swift.RawRepresentable in TulsiGenerator in libtulsi_generator_lib.a(PBXObjects.swift.o)
      ...
  "method descriptor for Swift.RawRepresentable.init(rawValue: A.RawValue) -> A?", referenced from:
      protocol conformance descriptor for __C.NSKeyValueChangeKey : Swift.RawRepresentable in __C_Synthesized in libtulsi_generator_lib.a(ProcessRunner.swift.o)
      protocol conformance descriptor for __C.NSJSONReadingOptions : Swift.RawRepresentable in __C_Synthesized in libtulsi_generator_lib.a(BazelAspectInfoExtractor.swift.o)
      protocol conformance descriptor for __C.NSJSONReadingOptions : Swift.RawRepresentable in __C_Synthesized in libtulsi_generator_lib.a(BazelBuildEvents.swift.o)
      protocol conformance descriptor for TulsiGenerator.CPU : Swift.RawRepresentable in TulsiGenerator in libtulsi_generator_lib.a(DeploymentTarget.swift.o)
      protocol conformance descriptor for TulsiGenerator.PlatformType : Swift.RawRepresentable in TulsiGenerator in libtulsi_generator_lib.a(DeploymentTarget.swift.o)
      protocol conformance descriptor for TulsiGenerator.SourceTree : Swift.RawRepresentable in TulsiGenerator in libtulsi_generator_lib.a(PBXObjects.swift.o)
      protocol conformance descriptor for TulsiGenerator.PBXTarget.ProductType : Swift.RawRepresentable in TulsiGenerator in libtulsi_generator_lib.a(PBXObjects.swift.o)
      ...
  "protocol descriptor for Swift.RawRepresentable", referenced from:
      protocol conformance descriptor for __C.NSKeyValueChangeKey : Swift.RawRepresentable in __C_Synthesized in libtulsi_generator_lib.a(ProcessRunner.swift.o)
      protocol conformance descriptor for __C.NSJSONReadingOptions : Swift.RawRepresentable in __C_Synthesized in libtulsi_generator_lib.a(BazelAspectInfoExtractor.swift.o)
      protocol conformance descriptor for __C.NSJSONReadingOptions : Swift.RawRepresentable in __C_Synthesized in libtulsi_generator_lib.a(BazelBuildEvents.swift.o)
      protocol conformance descriptor for TulsiGenerator.CPU : Swift.RawRepresentable in TulsiGenerator in libtulsi_generator_lib.a(DeploymentTarget.swift.o)
      protocol conformance descriptor for TulsiGenerator.PlatformType : Swift.RawRepresentable in TulsiGenerator in libtulsi_generator_lib.a(DeploymentTarget.swift.o)
      protocol conformance descriptor for TulsiGenerator.SourceTree : Swift.RawRepresentable in TulsiGenerator in libtulsi_generator_lib.a(PBXObjects.swift.o)
      protocol conformance descriptor for TulsiGenerator.PBXTarget.ProductType : Swift.RawRepresentable in TulsiGenerator in libtulsi_generator_lib.a(PBXObjects.swift.o)
      ...
  "(extension in Swift):Swift.RawRepresentable< where A: Swift.Hashable, A.RawValue: Swift.Hashable>.hashValue.getter : Swift.Int", referenced from:
      protocol witness for Swift.Hashable.hashValue.getter : Swift.Int in conformance TulsiGenerator.CPU : Swift.Hashable in TulsiGenerator in libtulsi_generator_lib.a(DeploymentTarget.swift.o)
      protocol witness for Swift.Hashable.hashValue.getter : Swift.Int in conformance TulsiGenerator.PlatformType : Swift.Hashable in TulsiGenerator in libtulsi_generator_lib.a(DeploymentTarget.swift.o)
      protocol witness for Swift.Hashable.hashValue.getter : Swift.Int in conformance TulsiGenerator.SourceTree : Swift.Hashable in TulsiGenerator in libtulsi_generator_lib.a(PBXObjects.swift.o)
      TulsiGenerator.SourceTreePath.hashValue.getter : Swift.Int in libtulsi_generator_lib.a(PBXObjects.swift.o)
      protocol witness for Swift.Hashable.hashValue.getter : Swift.Int in conformance TulsiGenerator.PBXTarget.ProductType : Swift.Hashable in TulsiGenerator in libtulsi_generator_lib.a(PBXObjects.swift.o)
      protocol witness for Swift.Hashable.hashValue.getter : Swift.Int in conformance TulsiGenerator.PBXContainerItemProxy.ProxyType : Swift.Hashable in TulsiGenerator in libtulsi_generator_lib.a(PBXObjects.swift.o)
      protocol witness for Swift.Hashable.hashValue.getter : Swift.Int in conformance TulsiGenerator.BazelFileInfo.TargetType : Swift.Hashable in TulsiGenerator in libtulsi_generator_lib.a(RuleEntry.swift.o)
      ...
  "(extension in Swift):Swift.RawRepresentable< where A: Swift.Hashable, A.RawValue: Swift.Hashable>._rawHashValue(seed: Swift.Int) -> Swift.Int", referenced from:
      protocol witness for Swift.Hashable._rawHashValue(seed: Swift.Int) -> Swift.Int in conformance TulsiGenerator.CPU : Swift.Hashable in TulsiGenerator in libtulsi_generator_lib.a(DeploymentTarget.swift.o)
      protocol witness for Swift.Hashable._rawHashValue(seed: Swift.Int) -> Swift.Int in conformance TulsiGenerator.PlatformType : Swift.Hashable in TulsiGenerator in libtulsi_generator_lib.a(DeploymentTarget.swift.o)
      protocol witness for Swift.Hashable._rawHashValue(seed: Swift.Int) -> Swift.Int in conformance TulsiGenerator.SourceTree : Swift.Hashable in TulsiGenerator in libtulsi_generator_lib.a(PBXObjects.swift.o)
      protocol witness for Swift.Hashable._rawHashValue(seed: Swift.Int) -> Swift.Int in conformance TulsiGenerator.PBXTarget.ProductType : Swift.Hashable in TulsiGenerator in libtulsi_generator_lib.a(PBXObjects.swift.o)
      protocol witness for Swift.Hashable._rawHashValue(seed: Swift.Int) -> Swift.Int in conformance TulsiGenerator.PBXContainerItemProxy.ProxyType : Swift.Hashable in TulsiGenerator in libtulsi_generator_lib.a(PBXObjects.swift.o)
      protocol witness for Swift.Hashable._rawHashValue(seed: Swift.Int) -> Swift.Int in conformance TulsiGenerator.BazelFileInfo.TargetType : Swift.Hashable in TulsiGenerator in libtulsi_generator_lib.a(RuleEntry.swift.o)
      protocol witness for Swift.Hashable._rawHashValue(seed: Swift.Int) -> Swift.Int in conformance TulsiGenerator.RuleEntry.Attribute : Swift.Hashable in TulsiGenerator in libtulsi_generator_lib.a(RuleEntry.swift.o)
      ...
  "(extension in Swift):Swift.RawRepresentable< where A: Swift.Hashable, A.RawValue: Swift.Hashable>.hash(into: inout Swift.Hasher) -> ()", referenced from:
      protocol witness for Swift.Hashable.hash(into: inout Swift.Hasher) -> () in conformance TulsiGenerator.CPU : Swift.Hashable in TulsiGenerator in libtulsi_generator_lib.a(DeploymentTarget.swift.o)
      protocol witness for Swift.Hashable.hash(into: inout Swift.Hasher) -> () in conformance TulsiGenerator.PlatformType : Swift.Hashable in TulsiGenerator in libtulsi_generator_lib.a(DeploymentTarget.swift.o)
      protocol witness for Swift.Hashable.hash(into: inout Swift.Hasher) -> () in conformance TulsiGenerator.SourceTree : Swift.Hashable in TulsiGenerator in libtulsi_generator_lib.a(PBXObjects.swift.o)
      protocol witness for Swift.Hashable.hash(into: inout Swift.Hasher) -> () in conformance TulsiGenerator.PBXTarget.ProductType : Swift.Hashable in TulsiGenerator in libtulsi_generator_lib.a(PBXObjects.swift.o)
      protocol witness for Swift.Hashable.hash(into: inout Swift.Hasher) -> () in conformance TulsiGenerator.PBXContainerItemProxy.ProxyType : Swift.Hashable in TulsiGenerator in libtulsi_generator_lib.a(PBXObjects.swift.o)
      protocol witness for Swift.Hashable.hash(into: inout Swift.Hasher) -> () in conformance TulsiGenerator.BazelFileInfo.TargetType : Swift.Hashable in TulsiGenerator in libtulsi_generator_lib.a(RuleEntry.swift.o)
      protocol witness for Swift.Hashable.hash(into: inout Swift.Hasher) -> () in conformance TulsiGenerator.RuleEntry.Attribute : Swift.Hashable in TulsiGenerator in libtulsi_generator_lib.a(RuleEntry.swift.o)
      ...
  "(extension in Foundation):Swift.Array._bridgeToObjectiveC() -> __C.NSArray", referenced from:
      TulsiGenerator.ProcessRunner.(createProcess in _F89DABAFE844AC5CA1B763CAFAD9B278)(_: Swift.String, arguments: [Swift.String], environment: [Swift.String : Swift.String]?, messageLogger: TulsiGenerator.LocalizedMessageLogger?, loggingIdentifier: Swift.String?, terminationHandler: (TulsiGenerator.ProcessRunner.CompletionInfo) -> ()) -> __C.NSTask in libtulsi_generator_lib.a(ProcessRunner.swift.o)
      TulsiGenerator.PBXTargetGenerator.(addIncludes in _9BC2D135E4F1D200D8B700936548BDC4)(_: TulsiGenerator.RuleEntry, toSet: __C.NSMutableOrderedSet) -> () in libtulsi_generator_lib.a(PBXTargetGenerator.swift.o)
      TulsiGenerator.PBXTargetGenerator.(addOtherSwiftFlags in _9BC2D135E4F1D200D8B700936548BDC4)(_: TulsiGenerator.RuleEntry, toArray: __C.NSMutableArray) -> () in libtulsi_generator_lib.a(PBXTargetGenerator.swift.o)
      closure #1 () -> Swift.String in TulsiGenerator.BazelFileInfo.fullPath.getter : Swift.String in libtulsi_generator_lib.a(RuleEntry.swift.o)
      TulsiGenerator.TulsiGeneratorConfig.save() throws -> __C.NSData in libtulsi_generator_lib.a(TulsiGeneratorConfig.swift.o)
      TulsiGenerator.XcodeProjectGenerator.(PathTrie in _3D27909A8CA7F8C4C4BE25046CB74F8B).leafPaths() -> [Foundation.URL] in libtulsi_generator_lib.a(XcodeProjectGenerator.swift.o)
      static Tulsi.BazelSelectionPanel.beginSheetModalBazelSelectionPanelForWindow(_: __C.NSWindow, document: Tulsi.TulsiProjectDocument, completionHandler: (Foundation.URL?) -> ()?) -> Tulsi.BazelSelectionPanel in libtulsi_lib.a(BazelSelectionPanel.swift.o)
      ...
  "static (extension in Foundation):Swift.Array._unconditionallyBridgeFromObjectiveC(__C.NSArray?) -> [A]", referenced from:
      TulsiGenerator.BazelQueryInfoExtractor.(extractSourceFileLabelsFromBazelXMLOutput in _EB283E3D0F00A9083704ACE385FB78E0)(Foundation.Data) -> Swift.Set<TulsiGenerator.BuildLabel>? in libtulsi_generator_lib.a(BazelQueryInfoExtractor.swift.o)
      TulsiGenerator.BazelQueryInfoExtractor.(extractRuleInfosWithRuleInputsFromBazelXMLOutput in _EB283E3D0F00A9083704ACE385FB78E0)(Foundation.Data) -> [TulsiGenerator.RuleInfo : Swift.Set<TulsiGenerator.BuildLabel>]? in libtulsi_generator_lib.a(BazelQueryInfoExtractor.swift.o)
      extractLabelsFromXpath #1 (Swift.String) throws -> Swift.Set<TulsiGenerator.BuildLabel> in TulsiGenerator.BazelQueryInfoExtractor.(extractRuleInfosWithRuleInputsFromBazelXMLOutput in _EB283E3D0F00A9083704ACE385FB78E0)(Foundation.Data) -> [TulsiGenerator.RuleInfo : Swift.Set<TulsiGenerator.BuildLabel>]? in libtulsi_generator_lib.a(BazelQueryInfoExtractor.swift.o)
      TulsiGenerator.BazelWorkspacePathInfoFetcher.(extractWorkspaceInfo in _FBCC8FB73C67954075CF626E480CE18B)(__C.NSString) -> () in libtulsi_generator_lib.a(BazelWorkspacePathInfoFetcher.swift.o)
      closure #1 (TulsiGenerator.ProcessRunner.CompletionInfo) -> () in TulsiGenerator.CommandLineSplitter.splitCommandLine(Swift.String) -> [Swift.String]? in libtulsi_generator_lib.a(CommandLineSplitter.swift.o)
      static TulsiGenerator.PBXTargetGenerator.mainGroupForOutputFolder(_: Foundation.URL, workspaceRootURL: Foundation.URL) -> TulsiGenerator.PBXGroup in libtulsi_generator_lib.a(PBXTargetGenerator.swift.o)
      generateIndexerTargetGraphForRuleEntry #1 (TulsiGenerator.RuleEntry) -> __C.NSOrderedSet in TulsiGenerator.PBXTargetGenerator.registerRuleEntryForIndexer(_: TulsiGenerator.RuleEntry, ruleEntryMap: TulsiGenerator.RuleEntryMap, pathFilters: Swift.Set<Swift.String>, processedEntries: inout [TulsiGenerator.RuleEntry : __C.NSOrderedSet]) -> () in libtulsi_generator_lib.a(PBXTargetGenerator.swift.o)
      ...
  "Swift.Array.init(arrayLiteral: A...) -> [A]", referenced from:
      variable initialization expression of TulsiGenerator.BazelAspectInfoExtractor.(queuedInfoMessages in _F5D2D87286505E9AC6917BB651D4E8CB) : [Swift.String] in libtulsi_generator_lib.a(BazelAspectInfoExtractor.swift.o)
      TulsiGenerator.BazelAspectInfoExtractor.init(bazelURL: Foundation.URL, workspaceRootURL: Foundation.URL, executionRootURL: Foundation.URL, bazelSettingsProvider: TulsiGenerator.BazelSettingsProviderProtocol, localizedMessageLogger: TulsiGenerator.LocalizedMessageLogger) -> TulsiGenerator.BazelAspectInfoExtractor in libtulsi_generator_lib.a(BazelAspectInfoExtractor.swift.o)
      default argument 1 of TulsiGenerator.BazelAspectInfoExtractor.extractRuleEntriesForLabels(_: [TulsiGenerator.BuildLabel], startupOptions: [Swift.String], buildOptions: [Swift.String], compilationMode: Swift.String?, platformConfig: Swift.String?, prioritizeSwift: Swift.Bool?, useArm64_32: Swift.Bool?, features: Swift.Set<TulsiGenerator.BazelSettingFeature>) throws -> TulsiGenerator.RuleEntryMap in libtulsi_generator_lib.a(BazelAspectInfoExtractor.swift.o)
      default argument 2 of TulsiGenerator.BazelAspectInfoExtractor.extractRuleEntriesForLabels(_: [TulsiGenerator.BuildLabel], startupOptions: [Swift.String], buildOptions: [Swift.String], compilationMode: Swift.String?, platformConfig: Swift.String?, prioritizeSwift: Swift.Bool?, useArm64_32: Swift.Bool?, features: Swift.Set<TulsiGenerator.BazelSettingFeature>) throws -> TulsiGenerator.RuleEntryMap in libtulsi_generator_lib.a(BazelAspectInfoExtractor.swift.o)
      TulsiGenerator.BazelAspectInfoExtractor.(bazelAspectProcessForTargets in _F5D2D87286505E9AC6917BB651D4E8CB)(_: [Swift.String], aspect: Swift.String, startupOptions: [Swift.String], buildOptions: [Swift.String], compilationMode: Swift.String?, platformConfig: Swift.String?, prioritizeSwift: Swift.Bool?, useArm64_32: Swift.Bool?, features: Swift.Set<TulsiGenerator.BazelSettingFeature>, progressNotifier: TulsiGenerator.ProgressNotifier?, terminationHandler: (__C.NSTask, Swift.String) -> ()) -> __C.NSTask? in libtulsi_generator_lib.a(BazelAspectInfoExtractor.swift.o)
      parseTulsiTargetFileImpl #1 (Swift.String) throws -> TulsiGenerator.RuleEntry in TulsiGenerator.BazelAspectInfoExtractor.(extractRuleEntriesFromArtifacts in _F5D2D87286505E9AC6917BB651D4E8CB)(_: Swift.Set<Swift.String>, progressNotifier: TulsiGenerator.ProgressNotifier?) -> TulsiGenerator.RuleEntryMap in libtulsi_generator_lib.a(BazelAspectInfoExtractor.swift.o)
      MakeBazelFileInfos #1 (Swift.String) -> [TulsiGenerator.BazelFileInfo] in parseTulsiTargetFileImpl #1 (Swift.String) throws -> TulsiGenerator.RuleEntry in TulsiGenerator.BazelAspectInfoExtractor.(extractRuleEntriesFromArtifacts in _F5D2D87286505E9AC6917BB651D4E8CB)(_: Swift.Set<Swift.String>, progressNotifier: TulsiGenerator.ProgressNotifier?) -> TulsiGenerator.RuleEntryMap in libtulsi_generator_lib.a(BazelAspectInfoExtractor.swift.o)
      ...
  "static Swift.Array.+ infix([A], [A]) -> [A]", referenced from:
      static TulsiGenerator.BazelFlags.+ infix(TulsiGenerator.BazelFlags, TulsiGenerator.BazelFlags) -> TulsiGenerator.BazelFlags in libtulsi_generator_lib.a(BazelBuildSettings.swift.o)
      TulsiGenerator.BazelWorkspaceInfoExtractor.ruleEntriesForLabels(_: [TulsiGenerator.BuildLabel], startupOptions: TulsiGenerator.TulsiOption, extraStartupOptions: TulsiGenerator.TulsiOption, buildOptions: TulsiGenerator.TulsiOption, compilationModeOption: TulsiGenerator.TulsiOption, platformConfigOption: TulsiGenerator.TulsiOption, prioritizeSwiftOption: TulsiGenerator.TulsiOption, useArm64_32Option: TulsiGenerator.TulsiOption, features: Swift.Set<TulsiGenerator.BazelSettingFeature>) throws -> TulsiGenerator.RuleEntryMap in libtulsi_generator_lib.a(BazelWorkspaceInfoExtractor.swift.o)
      TulsiGenerator.PBXTargetGenerator.(IndexerData in _9BC2D135E4F1D200D8B700936548BDC4).merging(TulsiGenerator.PBXTargetGenerator.(IndexerData in _9BC2D135E4F1D200D8B700936548BDC4)) -> TulsiGenerator.PBXTargetGenerator.(IndexerData in _9BC2D135E4F1D200D8B700936548BDC4) in libtulsi_generator_lib.a(PBXTargetGenerator.swift.o)
      TulsiGenerator.PBXTargetGenerator.generateBazelCleanTarget(_: Swift.String, workingDirectory: Swift.String, startupOptions: [Swift.String]) -> () in libtulsi_generator_lib.a(PBXTargetGenerator.swift.o)
      TulsiGenerator.PBXTargetGenerator.(updateTestTargetBuildPhases in _9BC2D135E4F1D200D8B700936548BDC4)(_: TulsiGenerator.PBXNativeTarget, ruleEntry: TulsiGenerator.RuleEntry, ruleEntryMap: TulsiGenerator.RuleEntryMap) -> () in libtulsi_generator_lib.a(PBXTargetGenerator.swift.o)
      Tulsi.TulsiProjectDocument.didNameTulsiGeneratorConfigDocument(_: Tulsi.TulsiGeneratorConfigDocument, configName: Swift.String) -> () in libtulsi_lib.a(TulsiProjectDocument.swift.o)
  "static Swift.Array._allocateBufferUninitialized(minimumCapacity: Swift.Int) -> Swift._ArrayBuffer<A>", referenced from:
      generic specialization <serialized, Dispatch.DispatchWorkItemFlags> of static Swift.Array._allocateUninitialized(Swift.Int) -> ([A], Swift.UnsafeMutablePointer<A>) in libtulsi_generator_lib.a(BazelAspectInfoExtractor.swift.o)
      generic specialization <serialized, __C.NSStringCompareOptions> of static Swift.Array._allocateUninitialized(Swift.Int) -> ([A], Swift.UnsafeMutablePointer<A>) in libtulsi_generator_lib.a(BazelBuildSettings.swift.o)
      generic specialization <serialized, __C.NSStringCompareOptions> of static Swift.Array._allocateUninitialized(Swift.Int) -> ([A], Swift.UnsafeMutablePointer<A>) in libtulsi_generator_lib.a(BuildLabel.swift.o)
      generic specialization <serialized, __C.NSStringCompareOptions> of static Swift.Array._allocateUninitialized(Swift.Int) -> ([A], Swift.UnsafeMutablePointer<A>) in libtulsi_generator_lib.a(NSJSONSerializationExtensions.swift.o)
      generic specialization <serialized, __C.NSStringCompareOptions> of static Swift.Array._allocateUninitialized(Swift.Int) -> ([A], Swift.UnsafeMutablePointer<A>) in libtulsi_generator_lib.a(PBXObjects.swift.o)
      generic specialization <serialized, __C.NSStringCompareOptions> of static Swift.Array._allocateUninitialized(Swift.Int) -> ([A], Swift.UnsafeMutablePointer<A>) in libtulsi_generator_lib.a(PBXProjSerializer.swift.o)
      generic specialization <serialized, __C.NSStringCompareOptions> of static Swift.Array._allocateUninitialized(Swift.Int) -> ([A], Swift.UnsafeMutablePointer<A>) in libtulsi_generator_lib.a(PBXTargetGenerator.swift.o)
      ...
  "static Swift.Array.+= infix(inout [A], [A]) -> ()", referenced from:
      Tulsi.HeadlessTulsiProjectCreator.(addDefaultConfig in _59287010C6E6E60CCC879AF7B9DF6695)(_: Tulsi.TulsiProjectDocument, named: Swift.String, bazelPackages: Swift.Set<Swift.String>, targets: [Swift.String], additionalSourcePaths: Swift.Set<Swift.String>?) throws -> () in libtulsi_lib.a(HeadlessTulsiProjectCreator.swift.o)
  "Swift.Array.count.getter : Swift.Int", referenced from:
      TulsiGenerator.BazelAspectInfoExtractor.(extractRuleEntriesUsingBEP in _F5D2D87286505E9AC6917BB651D4E8CB)(_: [TulsiGenerator.BuildLabel], startupOptions: [Swift.String], buildOptions: [Swift.String], compilationMode: Swift.String?, platformConfig: Swift.String?, prioritizeSwift: Swift.Bool?, useArm64_32: Swift.Bool?, features: Swift.Set<TulsiGenerator.BazelSettingFeature>) throws -> TulsiGenerator.RuleEntryMap in libtulsi_generator_lib.a(BazelAspectInfoExtractor.swift.o)
      static TulsiGenerator.BazelErrorExtractor.firstErrorLinesFromString(_: Swift.String, maxErrors: Swift.Int) -> Swift.String? in libtulsi_generator_lib.a(BazelErrorExtractor.swift.o)
      static TulsiGenerator.BazelErrorExtractor.firstErrorLinesOrLastLinesFromString(_: Swift.String, maxErrors: Swift.Int) -> Swift.String? in libtulsi_generator_lib.a(BazelErrorExtractor.swift.o)
      closure #1 () -> Swift.String? in TulsiGenerator.BuildLabel.targetName.getter : Swift.String? in libtulsi_generator_lib.a(BuildLabel.swift.o)
      TulsiGenerator.PBXProject.createGroupsAndFileReferenceForPath(_: Swift.String, underGroup: TulsiGenerator.PBXGroup) -> (Swift.Set<TulsiGenerator.PBXGroup>, TulsiGenerator.PBXFileReference) in libtulsi_generator_lib.a(PBXObjects.swift.o)
      TulsiGenerator.PBXTargetGenerator.(IndexerData in _9BC2D135E4F1D200D8B700936548BDC4).supportedIndexingTargets.getter : [Swift.String] in libtulsi_generator_lib.a(PBXTargetGenerator.swift.o)
      static TulsiGenerator.PBXTargetGenerator.mainGroupForOutputFolder(_: Foundation.URL, workspaceRootURL: Foundation.URL) -> TulsiGenerator.PBXGroup in libtulsi_generator_lib.a(PBXTargetGenerator.swift.o)
      ...
  "Swift.Array.append<A where A == A1.Element, A1: Swift.Sequence>(contentsOf: __owned A1) -> ()", referenced from:
      TulsiGenerator.BazelAspectInfoExtractor.(bazelAspectProcessForTargets in _F5D2D87286505E9AC6917BB651D4E8CB)(_: [Swift.String], aspect: Swift.String, startupOptions: [Swift.String], buildOptions: [Swift.String], compilationMode: Swift.String?, platformConfig: Swift.String?, prioritizeSwift: Swift.Bool?, useArm64_32: Swift.Bool?, features: Swift.Set<TulsiGenerator.BazelSettingFeature>, progressNotifier: TulsiGenerator.ProgressNotifier?, terminationHandler: (__C.NSTask, Swift.String) -> ()) -> __C.NSTask? in libtulsi_generator_lib.a(BazelAspectInfoExtractor.swift.o)
      TulsiGenerator.BazelQueryInfoExtractor.(bazelQueryProcess in _EB283E3D0F00A9083704ACE385FB78E0)(_: Swift.String, outputKind: Swift.String?, additionalArguments: [Swift.String], message: Swift.String, loggingIdentifier: Swift.String?, terminationHandler: (__C.NSTask, Foundation.Data, Swift.String?, Swift.String) -> ()) throws -> __C.NSTask in libtulsi_generator_lib.a(BazelQueryInfoExtractor.swift.o)
      closure #3 (inout [Swift.String], TulsiGenerator.BazelSettingFeature) -> () in TulsiGenerator.BazelSettingsProvider.featureFlags(_: Swift.Set<TulsiGenerator.BazelSettingFeature>, hasSwift: Swift.Bool) -> TulsiGenerator.BazelFlagsSet in libtulsi_generator_lib.a(BazelSettingsProvider.swift.o)
      closure #4 (inout [Swift.String], TulsiGenerator.BazelSettingFeature) -> () in TulsiGenerator.BazelSettingsProvider.featureFlags(_: Swift.Set<TulsiGenerator.BazelSettingFeature>, hasSwift: Swift.Bool) -> TulsiGenerator.BazelFlagsSet in libtulsi_generator_lib.a(BazelSettingsProvider.swift.o)
      TulsiGenerator.BazelWorkspacePathInfoFetcher.(fetchWorkspaceInfo in _FBCC8FB73C67954075CF626E480CE18B)() -> () in libtulsi_generator_lib.a(BazelWorkspacePathInfoFetcher.swift.o)
      TulsiGenerator.BazelXcodeProjectPatcher.patchBazelRelativeReferences(TulsiGenerator.PBXProject, Foundation.URL) -> () in libtulsi_generator_lib.a(BazelXcodeProjectPatcher.swift.o)
      TulsiGenerator.PBXGroup.allSources.getter : [TulsiGenerator.PBXFileReference] in libtulsi_generator_lib.a(PBXObjects.swift.o)
      ...
  "Swift.Array.append(__owned A) -> ()", referenced from:
      TulsiGenerator.BazelAspectInfoExtractor.(extractRuleEntriesUsingBEP in _F5D2D87286505E9AC6917BB651D4E8CB)(_: [TulsiGenerator.BuildLabel], startupOptions: [Swift.String], buildOptions: [Swift.String], compilationMode: Swift.String?, platformConfig: Swift.String?, prioritizeSwift: Swift.Bool?, useArm64_32: Swift.Bool?, features: Swift.Set<TulsiGenerator.BazelSettingFeature>) throws -> TulsiGenerator.RuleEntryMap in libtulsi_generator_lib.a(BazelAspectInfoExtractor.swift.o)
      TulsiGenerator.BazelAspectInfoExtractor.(bazelAspectProcessForTargets in _F5D2D87286505E9AC6917BB651D4E8CB)(_: [Swift.String], aspect: Swift.String, startupOptions: [Swift.String], buildOptions: [Swift.String], compilationMode: Swift.String?, platformConfig: Swift.String?, prioritizeSwift: Swift.Bool?, useArm64_32: Swift.Bool?, features: Swift.Set<TulsiGenerator.BazelSettingFeature>, progressNotifier: TulsiGenerator.ProgressNotifier?, terminationHandler: (__C.NSTask, Swift.String) -> ()) -> __C.NSTask? in libtulsi_generator_lib.a(BazelAspectInfoExtractor.swift.o)
      MakeBazelFileInfos #1 (Swift.String) -> [TulsiGenerator.BazelFileInfo] in parseTulsiTargetFileImpl #1 (Swift.String) throws -> TulsiGenerator.RuleEntry in TulsiGenerator.BazelAspectInfoExtractor.(extractRuleEntriesFromArtifacts in _F5D2D87286505E9AC6917BB651D4E8CB)(_: Swift.Set<Swift.String>, progressNotifier: TulsiGenerator.ProgressNotifier?) -> TulsiGenerator.RuleEntryMap in libtulsi_generator_lib.a(BazelAspectInfoExtractor.swift.o)
      appendGeneratedSourceArtifacts #1 (_: [[Swift.String : Swift.AnyObject]], to: inout [TulsiGenerator.BazelFileInfo]) -> () in parseTulsiTargetFileImpl #1 (Swift.String) throws -> TulsiGenerator.RuleEntry in TulsiGenerator.BazelAspectInfoExtractor.(extractRuleEntriesFromArtifacts in _F5D2D87286505E9AC6917BB651D4E8CB)(_: Swift.Set<Swift.String>, progressNotifier: TulsiGenerator.ProgressNotifier?) -> TulsiGenerator.RuleEntryMap in libtulsi_generator_lib.a(BazelAspectInfoExtractor.swift.o)
      TulsiGenerator.BazelBuildEvent.init(eventDictionary: [Swift.String : Swift.AnyObject]) -> TulsiGenerator.BazelBuildEvent in libtulsi_generator_lib.a(BazelBuildEvents.swift.o)
      closure #1 (Swift.String, inout Swift.Bool) -> () in TulsiGenerator.BazelBuildEventsReader.readAllEvents() throws -> [TulsiGenerator.BazelBuildEvent] in libtulsi_generator_lib.a(BazelBuildEvents.swift.o)
      TulsiGenerator.PlatformConfiguration.bazelFlags.getter : [Swift.String] in libtulsi_generator_lib.a(BazelBuildSettingsFeatures.swift.o)
      ...
  "Swift.Array.insert(_: __owned A, at: Swift.Int) -> ()", referenced from:
      TulsiGenerator.PBXTarget.createDependencyOn(_: TulsiGenerator.PBXTarget, proxyType: TulsiGenerator.PBXContainerItemProxy.ProxyType, inProject: TulsiGenerator.PBXProject, first: Swift.Bool) -> () in libtulsi_generator_lib.a(PBXObjects.swift.o)
      TulsiGenerator.PBXTargetGenerator.generateBuildTargetsForRuleEntries(_: Swift.Set<TulsiGenerator.RuleEntry>, ruleEntryMap: TulsiGenerator.RuleEntryMap) throws -> () in libtulsi_generator_lib.a(PBXTargetGenerator.swift.o)
  "Swift.Array.remove(at: Swift.Int) -> A", referenced from:
      TulsiGenerator.BazelXcodeProjectPatcher.patchBazelRelativeReferences(TulsiGenerator.PBXProject, Foundation.URL) -> () in libtulsi_generator_lib.a(BazelXcodeProjectPatcher.swift.o)
  "Swift.Array.removeAll(keepingCapacity: Swift.Bool) -> ()", referenced from:
      TulsiGenerator.BazelAspectInfoExtractor.logQueuedInfoMessages() -> () in libtulsi_generator_lib.a(BazelAspectInfoExtractor.swift.o)
      TulsiGenerator.BazelQueryInfoExtractor.logQueuedInfoMessages() -> () in libtulsi_generator_lib.a(BazelQueryInfoExtractor.swift.o)
      Tulsi.TulsiProjectDocument.(displayErrorModal in _E9C2360CC5CB4BD1DBAF86C4F6E2C688)() -> () in libtulsi_lib.a(TulsiProjectDocument.swift.o)
      Tulsi.TulsiProjectDocument.clearMessages() -> () in libtulsi_lib.a(TulsiProjectDocument.swift.o)
     (maybe you meant: default argument 0 of Swift.Array.removeAll(keepingCapacity: Swift.Bool) -> ())
  "Swift.Array.init(repeating: A, count: Swift.Int) -> [A]", referenced from:
      static TulsiGenerator.PBXTargetGenerator.mainGroupForOutputFolder(_: Foundation.URL, workspaceRootURL: Foundation.URL) -> TulsiGenerator.PBXGroup in libtulsi_generator_lib.a(PBXTargetGenerator.swift.o)
      (extension in TulsiGenerator):Foundation.URL.relativePathTo(Foundation.URL) -> Swift.String? in libtulsi_generator_lib.a(NSURLExtensions.swift.o)
  "type metadata accessor for Swift.Array", referenced from:
      type metadata accessor for [Swift.String] in libtulsi_generator_lib.a(ProcessRunner.swift.o)
      type metadata accessor for [TulsiGenerator.BuildLabel] in libtulsi_generator_lib.a(BazelAspectInfoExtractor.swift.o)
      type metadata accessor for [Swift.String] in libtulsi_generator_lib.a(BazelAspectInfoExtractor.swift.o)
      type metadata accessor for [TulsiGenerator.BazelBuildEvent] in libtulsi_generator_lib.a(BazelAspectInfoExtractor.swift.o)
      type metadata accessor for [Dispatch.DispatchWorkItemFlags] in libtulsi_generator_lib.a(BazelAspectInfoExtractor.swift.o)
      type metadata accessor for [[Swift.String : Swift.AnyObject]] in libtulsi_generator_lib.a(BazelAspectInfoExtractor.swift.o)
      type metadata accessor for [TulsiGenerator.BazelFileInfo] in libtulsi_generator_lib.a(BazelAspectInfoExtractor.swift.o)
      ...
  "static (extension in Swift):Swift.Array<A where A: Swift.Equatable>.== infix([A], [A]) -> Swift.Bool", referenced from:
      static TulsiGenerator.BazelFlags.== infix(TulsiGenerator.BazelFlags, TulsiGenerator.BazelFlags) -> Swift.Bool in libtulsi_generator_lib.a(BazelBuildSettings.swift.o)
      TulsiGenerator.PBXTargetGenerator.(IndexerData in _9BC2D135E4F1D200D8B700936548BDC4).canMergeWith(TulsiGenerator.PBXTargetGenerator.(IndexerData in _9BC2D135E4F1D200D8B700936548BDC4)) -> Swift.Bool in libtulsi_generator_lib.a(PBXTargetGenerator.swift.o)
  "Swift.Array.init<A where A == A1.Element, A1: Swift.Sequence>(A1) -> [A]", referenced from:
      TulsiGenerator.BazelQueryInfoExtractor.(extractRuleInfosFromBazelXMLOutput in _EB283E3D0F00A9083704ACE385FB78E0)(Foundation.Data) -> [TulsiGenerator.RuleInfo]? in libtulsi_generator_lib.a(BazelQueryInfoExtractor.swift.o)
      TulsiGenerator.BazelSettingsProvider.(getTargets in _FFD1A8C77C9D846D6C424506A4CAFF85)(TulsiGenerator.TulsiOptionSet, TulsiGenerator.TulsiOptionKey) -> [Swift.String] in libtulsi_generator_lib.a(BazelSettingsProvider.swift.o)
      closure #1 (TulsiGenerator.ProcessRunner.CompletionInfo) -> () in TulsiGenerator.CommandLineSplitter.splitCommandLine(Swift.String) -> [Swift.String]? in libtulsi_generator_lib.a(CommandLineSplitter.swift.o)
      TulsiGenerator.PBXTargetGenerator.(createReferencesForVersionedFileTargets in _9BC2D135E4F1D200D8B700936548BDC4)([TulsiGenerator.BazelFileInfo]) -> [TulsiGenerator.XCVersionGroup] in libtulsi_generator_lib.a(PBXTargetGenerator.swift.o)
      mergeIndexers #1 <A where A: Swift.Sequence, A.Element == TulsiGenerator.PBXTargetGenerator.(IndexerData in _9BC2D135E4F1D200D8B700936548BDC4)>(A) -> [Swift.String : TulsiGenerator.PBXTargetGenerator.(IndexerData in _9BC2D135E4F1D200D8B700936548BDC4)] in TulsiGenerator.PBXTargetGenerator.(mergeRegisteredIndexers in _9BC2D135E4F1D200D8B700936548BDC4)() -> () in libtulsi_generator_lib.a(PBXTargetGenerator.swift.o)
      TulsiGenerator.TulsiGeneratorConfig.save() throws -> __C.NSData in libtulsi_generator_lib.a(TulsiGeneratorConfig.swift.o)
      installSchemeForTestSuite #1 (_: TulsiGenerator.RuleEntry, named: Swift.String) throws -> () in TulsiGenerator.XcodeProjectGenerator.(installXcodeSchemesForProjectInfo in _3D27909A8CA7F8C4C4BE25046CB74F8B)(_: TulsiGenerator.XcodeProjectGenerator.(GeneratedProjectInfo in _3D27909A8CA7F8C4C4BE25046CB74F8B), projectURL: Foundation.URL, projectBundleName: Swift.String) throws -> () in libtulsi_generator_lib.a(XcodeProjectGenerator.swift.o)
      ...
  "Swift.Array.subscript.getter : (Swift.Range<Swift.Int>) -> Swift.ArraySlice<A>", referenced from:
      closure #1 (Swift.String) -> () in environmentVariables #1 (for: TulsiGenerator.RuleEntry) -> [Swift.String : Swift.String] in TulsiGenerator.XcodeProjectGenerator.(installXcodeSchemesForProjectInfo in _3D27909A8CA7F8C4C4BE25046CB74F8B)(_: TulsiGenerator.XcodeProjectGenerator.(GeneratedProjectInfo in _3D27909A8CA7F8C4C4BE25046CB74F8B), projectURL: Foundation.URL, projectBundleName: Swift.String) throws -> () in libtulsi_generator_lib.a(XcodeProjectGenerator.swift.o)
  "protocol conformance descriptor for [A] : Swift.BidirectionalCollection in Swift", referenced from:
      lazy protocol witness table accessor for type [Swift.String] and conformance [A] : Swift.BidirectionalCollection in Swift in libtulsi_generator_lib.a(ProcessRunner.swift.o)
      lazy protocol witness table accessor for type [Swift.String] and conformance [A] : Swift.BidirectionalCollection in Swift in libtulsi_generator_lib.a(BazelErrorExtractor.swift.o)
      lazy protocol witness table accessor for type [Swift.String] and conformance [A] : Swift.BidirectionalCollection in Swift in libtulsi_generator_lib.a(BazelQueryInfoExtractor.swift.o)
      lazy protocol witness table accessor for type [Swift.String] and conformance [A] : Swift.BidirectionalCollection in Swift in libtulsi_generator_lib.a(BuildLabel.swift.o)
      lazy protocol witness table accessor for type [Swift.String] and conformance [A] : Swift.BidirectionalCollection in Swift in libtulsi_generator_lib.a(PBXObjects.swift.o)
      lazy protocol witness table accessor for type [Swift.String] and conformance [A] : Swift.BidirectionalCollection in Swift in libtulsi_generator_lib.a(PBXTargetGenerator.swift.o)
      lazy protocol witness table accessor for type [TulsiGenerator.PBXTargetGenerator.(IndexerData in _9BC2D135E4F1D200D8B700936548BDC4)] and conformance [A] : Swift.BidirectionalCollection in Swift in libtulsi_generator_lib.a(PBXTargetGenerator.swift.o)
      ...
  "protocol conformance descriptor for [A] : Swift.MutableCollection in Swift", referenced from:
      lazy protocol witness table accessor for type [Swift.String] and conformance [A] : Swift.MutableCollection in Swift in libtulsi_generator_lib.a(PBXObjects.swift.o)
      lazy protocol witness table accessor for type [Tulsi.OptionsEditorNode] and conformance [A] : Swift.MutableCollection in Swift in libtulsi_lib.a(OptionsEditorNode.swift.o)
  "protocol conformance descriptor for [A] : Swift.Sequence in Swift", referenced from:
      lazy protocol witness table accessor for type [Swift.String] and conformance [A] : Swift.Sequence in Swift in libtulsi_generator_lib.a(BazelAspectInfoExtractor.swift.o)
      lazy protocol witness table accessor for type [TulsiGenerator.BazelBuildEvent] and conformance [A] : Swift.Sequence in Swift in libtulsi_generator_lib.a(BazelAspectInfoExtractor.swift.o)
      lazy protocol witness table accessor for type [Dispatch.DispatchWorkItemFlags] and conformance [A] : Swift.Sequence in Swift in libtulsi_generator_lib.a(BazelAspectInfoExtractor.swift.o)
      lazy protocol witness table accessor for type [TulsiGenerator.BuildLabel] and conformance [A] : Swift.Sequence in Swift in libtulsi_generator_lib.a(BazelAspectInfoExtractor.swift.o)
      lazy protocol witness table accessor for type [TulsiGenerator.PlatformConfiguration] and conformance [A] : Swift.Sequence in Swift in libtulsi_generator_lib.a(BazelBuildSettings.swift.o)
      lazy protocol witness table accessor for type [Swift.String] and conformance [A] : Swift.Sequence in Swift in libtulsi_generator_lib.a(BazelQueryInfoExtractor.swift.o)
      lazy protocol witness table accessor for type [TulsiGenerator.BazelSettingFeature] and conformance [A] : Swift.Sequence in Swift in libtulsi_generator_lib.a(BazelSettingsProvider.swift.o)
      ...
  "protocol conformance descriptor for [A] : Swift.RandomAccessCollection in Swift", referenced from:
      lazy protocol witness table accessor for type [Tulsi.OptionsEditorNode] and conformance [A] : Swift.RandomAccessCollection in Swift in libtulsi_lib.a(OptionsEditorNode.swift.o)
  "protocol conformance descriptor for [A] : Swift.Collection in Swift", referenced from:
      lazy protocol witness table accessor for type [Swift.String] and conformance [A] : Swift.Collection in Swift in libtulsi_generator_lib.a(ProcessRunner.swift.o)
      lazy protocol witness table accessor for type [TulsiGenerator.BuildLabel] and conformance [A] : Swift.Collection in Swift in libtulsi_generator_lib.a(BazelAspectInfoExtractor.swift.o)
      lazy protocol witness table accessor for type [Swift.String] and conformance [A] : Swift.Collection in Swift in libtulsi_generator_lib.a(BazelAspectInfoExtractor.swift.o)
      lazy protocol witness table accessor for type [[Swift.String : Swift.AnyObject]] and conformance [A] : Swift.Collection in Swift in libtulsi_generator_lib.a(BazelAspectInfoExtractor.swift.o)
      lazy protocol witness table accessor for type [[Swift.String : Swift.AnyObject]] and conformance [A] : Swift.Collection in Swift in libtulsi_generator_lib.a(BazelBuildEvents.swift.o)
      (extension in TulsiGenerator):Swift.Array<A where A: TulsiGenerator.Pythonable>.toPython(Swift.String) -> Swift.String in libtulsi_generator_lib.a(BazelBuildSettings.swift.o)
      lazy protocol witness table accessor for type [Swift.String] and conformance [A] : Swift.Collection in Swift in libtulsi_generator_lib.a(BazelBuildSettings.swift.o)
      ...
  "protocol conformance descriptor for [A] : Swift.RangeReplaceableCollection in Swift", referenced from:
      lazy protocol witness table accessor for type [TulsiGenerator.PBXTargetGenerator.(IndexerData in _9BC2D135E4F1D200D8B700936548BDC4)] and conformance [A] : Swift.RangeReplaceableCollection in Swift in libtulsi_generator_lib.a(PBXTargetGenerator.swift.o)
      lazy protocol witness table accessor for type [TulsiGenerator.BuildLabel] and conformance [A] : Swift.RangeReplaceableCollection in Swift in libtulsi_generator_lib.a(RuleEntry.swift.o)
      lazy protocol witness table accessor for type [Swift.String] and conformance [A] : Swift.RangeReplaceableCollection in Swift in libtulsi_generator_lib.a(NSURLExtensions.swift.o)
  "protocol conformance descriptor for [A] : Swift._ArrayProtocol in Swift", referenced from:
      lazy protocol witness table accessor for type [Swift.String] and conformance [A] : Swift._ArrayProtocol in Swift in libtulsi_generator_lib.a(BazelBuildSettings.swift.o)
      lazy protocol witness table accessor for type [Swift.String] and conformance [A] : Swift._ArrayProtocol in Swift in libtulsi_generator_lib.a(BazelErrorExtractor.swift.o)
      lazy protocol witness table accessor for type [TulsiGenerator.PBXReference] and conformance [A] : Swift._ArrayProtocol in Swift in libtulsi_generator_lib.a(BazelPBXReferencePatcher.swift.o)
      lazy protocol witness table accessor for type [TulsiGenerator.BuildLabel] and conformance [A] : Swift._ArrayProtocol in Swift in libtulsi_generator_lib.a(BazelWorkspaceInfoExtractor.swift.o)
      lazy protocol witness table accessor for type [TulsiGenerator.PBXReference] and conformance [A] : Swift._ArrayProtocol in Swift in libtulsi_generator_lib.a(BazelXcodeProjectPatcher.swift.o)
      lazy protocol witness table accessor for type [TulsiGenerator.PBXReference] and conformance [A] : Swift._ArrayProtocol in Swift in libtulsi_generator_lib.a(PBXObjects.swift.o)
      lazy protocol witness table accessor for type [(TulsiGenerator.PBXTarget, TulsiGenerator.PBXTarget)] and conformance [A] : Swift._ArrayProtocol in Swift in libtulsi_generator_lib.a(PBXObjects.swift.o)
      ...
  "protocol conformance descriptor for [A] : Swift._ObjectiveCBridgeable in Foundation", referenced from:
      lazy protocol witness table accessor for type [Swift.String] and conformance [A] : Swift._ObjectiveCBridgeable in Foundation in libtulsi_generator_lib.a(PBXTargetGenerator.swift.o)
  "protocol conformance descriptor for [A] : Swift.CustomStringConvertible in Swift", referenced from:
      lazy protocol witness table accessor for type [Swift.String] and conformance [A] : Swift.CustomStringConvertible in Swift in libtulsi_generator_lib.a(BazelQueryInfoExtractor.swift.o)
      lazy protocol witness table accessor for type [Swift.String] and conformance [A] : Swift.CustomStringConvertible in Swift in libtulsi_generator_lib.a(TulsiOptionSet.swift.o)
      lazy protocol witness table accessor for type [Swift.String] and conformance [A] : Swift.CustomStringConvertible in Swift in libtulsi_lib.a(TulsiGeneratorConfigDocument.swift.o)
  "protocol conformance descriptor for [A] : Swift.CVarArg in Foundation", referenced from:
      lazy protocol witness table accessor for type [Swift.String] and conformance [A] : Swift.CVarArg in Foundation in libtulsi_lib.a(TulsiGeneratorConfigDocument.swift.o)
  "Swift.Array.subscript.modify : (Swift.Int) -> A", referenced from:
      static TulsiGenerator.BazelErrorExtractor.firstErrorLinesFromString(_: Swift.String, maxErrors: Swift.Int) -> Swift.String? in libtulsi_generator_lib.a(BazelErrorExtractor.swift.o)
  "Swift.Array.subscript.getter : (Swift.Int) -> A", referenced from:
      static TulsiGenerator.BazelErrorExtractor.firstErrorLinesFromString(_: Swift.String, maxErrors: Swift.Int) -> Swift.String? in libtulsi_generator_lib.a(BazelErrorExtractor.swift.o)
      TulsiGenerator.PBXProject.createGroupsAndFileReferenceForPath(_: Swift.String, underGroup: TulsiGenerator.PBXGroup) -> (Swift.Set<TulsiGenerator.PBXGroup>, TulsiGenerator.PBXFileReference) in libtulsi_generator_lib.a(PBXObjects.swift.o)
      Tulsi.ConfigEditorSourceFilterViewController.(populateOutlineView in _D662C3E634D8A7BBE011ADD96F19B9E0)([Tulsi.UISourcePath]) -> () in libtulsi_lib.a(ConfigEditorSourceFilterViewController.swift.o)
      Tulsi.OptionsEditorViewController.splitView(_: __C.NSSplitView, constrainMinCoordinate: CoreGraphics.CGFloat, ofSubviewAt: Swift.Int) -> CoreGraphics.CGFloat in libtulsi_lib.a(OptionsEditorViewController.swift.o)
      Tulsi.MessageViewController.tableView(_: __C.NSTableView, heightOfRow: Swift.Int) -> CoreGraphics.CGFloat in libtulsi_lib.a(MessageViewController.swift.o)
      Tulsi.OptionsEditorController.(optionNodeAndLevelForControl in _3E2C05B98F0DA96613930429AE126745)(__C.NSControl) -> (Tulsi.OptionsEditorNode, Tulsi.OptionsEditorNode.OptionLevel) in libtulsi_lib.a(OptionsEditorController.swift.o)
      Tulsi.OptionsEditorController.didDoubleClickInEditorView(__C.NSOutlineView) -> () in libtulsi_lib.a(OptionsEditorController.swift.o)
      ...
  "(extension in Foundation):Swift.Bool._bridgeToObjectiveC() -> __C.NSNumber", referenced from:
      TulsiGenerator.XcodeProjectGenerator.(installWorkspaceSettings in _3D27909A8CA7F8C4C4BE25046CB74F8B)(Foundation.URL) throws -> () in libtulsi_generator_lib.a(XcodeProjectGenerator.swift.o)
      Tulsi.TulsiCommandlineParser.init() -> Tulsi.TulsiCommandlineParser in libtulsi_lib.a(TulsiCommandlineParser.swift.o)
  "Swift.Bool.hashValue.getter : Swift.Int", referenced from:
      closure #1 () -> Swift.Int in TulsiGenerator.BazelFileInfo.hashValue.getter : Swift.Int in libtulsi_generator_lib.a(RuleEntry.swift.o)
  "type metadata for Swift.Bool", referenced from:
      type metadata accessor for (Swift.String, Swift.Bool) in libtulsi_generator_lib.a(BazelAspectInfoExtractor.swift.o)
      closure #1 (TulsiGenerator.RuleEntry) -> Swift.Bool in TulsiGenerator.BazelSettingsProvider.buildSettings(bazel: Swift.String, bazelExecRoot: Swift.String, options: TulsiGenerator.TulsiOptionSet, features: Swift.Set<TulsiGenerator.BazelSettingFeature>, buildRuleEntries: Swift.Set<TulsiGenerator.RuleEntry>) -> TulsiGenerator.BazelBuildSettings in libtulsi_generator_lib.a(BazelSettingsProvider.swift.o)
      generateIndexerTargetGraphForRuleEntry #1 (TulsiGenerator.RuleEntry) -> __C.NSOrderedSet in TulsiGenerator.PBXTargetGenerator.registerRuleEntryForIndexer(_: TulsiGenerator.RuleEntry, ruleEntryMap: TulsiGenerator.RuleEntryMap, pathFilters: Swift.Set<Swift.String>, processedEntries: inout [TulsiGenerator.RuleEntry : __C.NSOrderedSet]) -> () in libtulsi_generator_lib.a(PBXTargetGenerator.swift.o)
      TulsiGenerator.PBXTargetGenerator.(updateTestTargetBuildPhases in _9BC2D135E4F1D200D8B700936548BDC4)(_: TulsiGenerator.PBXNativeTarget, ruleEntry: TulsiGenerator.RuleEntry, ruleEntryMap: TulsiGenerator.RuleEntryMap) -> () in libtulsi_generator_lib.a(PBXTargetGenerator.swift.o)
      type metadata accessor for (Swift.String, Swift.Bool) in libtulsi_generator_lib.a(PBXTargetGenerator.swift.o)
      closure #1 () -> () in TulsiGenerator.ProgressNotifier.start() -> () in libtulsi_generator_lib.a(ProgressNotifier.swift.o)
      TulsiGenerator.BazelFileInfo.init(info: Swift.AnyObject?) -> TulsiGenerator.BazelFileInfo? in libtulsi_generator_lib.a(RuleEntry.swift.o)
      ...
  "protocol witness table for Swift.Bool : Swift.Equatable in Swift", referenced from:
      generateIndexerTargetGraphForRuleEntry #1 (TulsiGenerator.RuleEntry) -> __C.NSOrderedSet in TulsiGenerator.PBXTargetGenerator.registerRuleEntryForIndexer(_: TulsiGenerator.RuleEntry, ruleEntryMap: TulsiGenerator.RuleEntryMap, pathFilters: Swift.Set<Swift.String>, processedEntries: inout [TulsiGenerator.RuleEntry : __C.NSOrderedSet]) -> () in libtulsi_generator_lib.a(PBXTargetGenerator.swift.o)
      Tulsi.ConfigEditorWizardViewController.next(__C.NSButton?) -> () in libtulsi_lib.a(ConfigEditorWizardViewController.swift.o)
      Tulsi.ConfigEditorWizardViewController.previous(__C.NSButton?) -> () in libtulsi_lib.a(ConfigEditorWizardViewController.swift.o)
      Tulsi.UISelectableOutlineViewNode.state.setter : Swift.Int in libtulsi_lib.a(UISelectableOutlineViewNode.swift.o)
      Tulsi.TulsiCommandlineParser.Arguments.init(dict: [Swift.String : Any]) -> Tulsi.TulsiCommandlineParser.Arguments in libtulsi_lib.a(TulsiCommandlineParser.swift.o)
  "type metadata for Swift.Double", referenced from:
      TulsiGenerator.LocalizedMessageLogger.logProfilingEnd(TulsiGenerator.LocalizedMessageLogger.LogSessionHandle) -> () in libtulsi_generator_lib.a(LocalizedMessageLogger.swift.o)
      static Tulsi.TulsiGeneratorConfigDocument.generateXcodeProjectInFolder(_: Foundation.URL, withGeneratorConfig: TulsiGenerator.TulsiGeneratorConfig, workspaceRootURL: Foundation.URL, messageLog: Tulsi.MessageLogProtocol?, projectInfoExtractor: TulsiGenerator.TulsiProjectInfoExtractor?) -> Tulsi.TulsiGeneratorConfigDocument.GenerationResult in libtulsi_lib.a(TulsiGeneratorConfigDocument.swift.o)
  "protocol witness table for Swift.Double : Swift.CVarArg in Swift", referenced from:
      TulsiGenerator.LocalizedMessageLogger.logProfilingEnd(TulsiGenerator.LocalizedMessageLogger.LogSessionHandle) -> () in libtulsi_generator_lib.a(LocalizedMessageLogger.swift.o)
      static Tulsi.TulsiGeneratorConfigDocument.generateXcodeProjectInFolder(_: Foundation.URL, withGeneratorConfig: TulsiGenerator.TulsiGeneratorConfig, workspaceRootURL: Foundation.URL, messageLog: Tulsi.MessageLogProtocol?, projectInfoExtractor: TulsiGenerator.TulsiProjectInfoExtractor?) -> Tulsi.TulsiGeneratorConfigDocument.GenerationResult in libtulsi_lib.a(TulsiGeneratorConfigDocument.swift.o)
  "(extension in Foundation):Swift.Set._bridgeToObjectiveC() -> __C.NSSet", referenced from:
      closure #1 (Swift.AnyObject) -> Swift.AnyObject in Tulsi.TulsiCommandlineParser.init() -> Tulsi.TulsiCommandlineParser in libtulsi_lib.a(TulsiCommandlineParser.swift.o)
  "Swift.Set.removeFirst() -> A", referenced from:
      TulsiGenerator.XcodeProjectGenerator.(installXcodeSchemesForProjectInfo in _3D27909A8CA7F8C4C4BE25046CB74F8B)(_: TulsiGenerator.XcodeProjectGenerator.(GeneratedProjectInfo in _3D27909A8CA7F8C4C4BE25046CB74F8B), projectURL: Foundation.URL, projectBundleName: Swift.String) throws -> () in libtulsi_generator_lib.a(XcodeProjectGenerator.swift.o)
  "Swift.Set.init(arrayLiteral: A...) -> Swift.Set<A>", referenced from:
      default argument 7 of TulsiGenerator.BazelAspectInfoExtractor.extractRuleEntriesForLabels(_: [TulsiGenerator.BuildLabel], startupOptions: [Swift.String], buildOptions: [Swift.String], compilationMode: Swift.String?, platformConfig: Swift.String?, prioritizeSwift: Swift.Bool?, useArm64_32: Swift.Bool?, features: Swift.Set<TulsiGenerator.BazelSettingFeature>) throws -> TulsiGenerator.RuleEntryMap in libtulsi_generator_lib.a(BazelAspectInfoExtractor.swift.o)
      static TulsiGenerator.BazelBuildSettingsFeatures.enabledFeatures(options: TulsiGenerator.TulsiOptionSet) -> Swift.Set<TulsiGenerator.BazelSettingFeature> in libtulsi_generator_lib.a(BazelBuildSettingsFeatures.swift.o)
      TulsiGenerator.PlatformType.validCPUs.getter : Swift.Set<TulsiGenerator.CPU> in libtulsi_generator_lib.a(DeploymentTarget.swift.o)
      TulsiGenerator.PBXTargetGenerator.(updateTestTargetIndexer in _9BC2D135E4F1D200D8B700936548BDC4)(_: TulsiGenerator.PBXNativeTarget, ruleEntry: TulsiGenerator.RuleEntry, hostTarget: TulsiGenerator.PBXNativeTarget?, ruleEntryMap: TulsiGenerator.RuleEntryMap) -> () in libtulsi_generator_lib.a(PBXTargetGenerator.swift.o)
      static TulsiGenerator.XcodeProjectGenerator.projectSDKROOT<A where A: Swift.Sequence, A.Element == TulsiGenerator.RuleEntry>(A) -> Swift.String? in libtulsi_generator_lib.a(XcodeProjectGenerator.swift.o)
  "Swift.Set.makeIterator() -> Swift.Set<A>.Iterator", referenced from:
      TulsiGenerator.BazelAspectInfoExtractor.(extractRuleEntriesFromArtifacts in _F5D2D87286505E9AC6917BB651D4E8CB)(_: Swift.Set<Swift.String>, progressNotifier: TulsiGenerator.ProgressNotifier?) -> TulsiGenerator.RuleEntryMap in libtulsi_generator_lib.a(BazelAspectInfoExtractor.swift.o)
      (extension in TulsiGenerator):Swift.Set< where A: TulsiGenerator.Pythonable>.toPython(Swift.String) -> Swift.String in libtulsi_generator_lib.a(BazelBuildSettings.swift.o)
      TulsiGenerator.BazelSettingsProvider.buildSettings(bazel: Swift.String, bazelExecRoot: Swift.String, options: TulsiGenerator.TulsiOptionSet, features: Swift.Set<TulsiGenerator.BazelSettingFeature>, buildRuleEntries: Swift.Set<TulsiGenerator.RuleEntry>) -> TulsiGenerator.BazelBuildSettings in libtulsi_generator_lib.a(BazelSettingsProvider.swift.o)
      static TulsiGenerator.PlatformConfiguration.allValidConfigurations.getter : [TulsiGenerator.PlatformConfiguration] in libtulsi_generator_lib.a(DeploymentTarget.swift.o)
      generateIndexerTargetGraphForRuleEntry #1 (TulsiGenerator.RuleEntry) -> __C.NSOrderedSet in TulsiGenerator.PBXTargetGenerator.registerRuleEntryForIndexer(_: TulsiGenerator.RuleEntry, ruleEntryMap: TulsiGenerator.RuleEntryMap, pathFilters: Swift.Set<Swift.String>, processedEntries: inout [TulsiGenerator.RuleEntry : __C.NSOrderedSet]) -> () in libtulsi_generator_lib.a(PBXTargetGenerator.swift.o)
      TulsiGenerator.PBXTargetGenerator.generateBuildTargetsForRuleEntries(_: Swift.Set<TulsiGenerator.RuleEntry>, ruleEntryMap: TulsiGenerator.RuleEntryMap) throws -> () in libtulsi_generator_lib.a(PBXTargetGenerator.swift.o)
      TulsiGenerator.PBXTargetGenerator.(generateUniqueNamesForRuleEntries in _9BC2D135E4F1D200D8B700936548BDC4)(Swift.Set<TulsiGenerator.RuleEntry>) -> [Swift.String : TulsiGenerator.RuleEntry] in libtulsi_generator_lib.a(PBXTargetGenerator.swift.o)
      ...
  "static Swift.Set.== infix(Swift.Set<A>, Swift.Set<A>) -> Swift.Bool", referenced from:
      TulsiGenerator.PBXTargetGenerator.(IndexerData in _9BC2D135E4F1D200D8B700936548BDC4).canMergeWith(TulsiGenerator.PBXTargetGenerator.(IndexerData in _9BC2D135E4F1D200D8B700936548BDC4)) -> Swift.Bool in libtulsi_generator_lib.a(PBXTargetGenerator.swift.o)
      static TulsiGenerator.TulsiOption.ValueType.== infix(TulsiGenerator.TulsiOption.ValueType, TulsiGenerator.TulsiOption.ValueType) -> Swift.Bool in libtulsi_generator_lib.a(TulsiOption.swift.o)
      static TulsiGenerator.XcodeProjectGenerator.projectSDKROOT<A where A: Swift.Sequence, A.Element == TulsiGenerator.RuleEntry>(A) -> Swift.String? in libtulsi_generator_lib.a(XcodeProjectGenerator.swift.o)
  "Swift.Set.count.getter : Swift.Int", referenced from:
      static TulsiGenerator.XcodeProjectGenerator.projectSDKROOT<A where A: Swift.Sequence, A.Element == TulsiGenerator.RuleEntry>(A) -> Swift.String? in libtulsi_generator_lib.a(XcodeProjectGenerator.swift.o)
      TulsiGenerator.XcodeProjectGenerator.(installXcodeSchemesForProjectInfo in _3D27909A8CA7F8C4C4BE25046CB74F8B)(_: TulsiGenerator.XcodeProjectGenerator.(GeneratedProjectInfo in _3D27909A8CA7F8C4C4BE25046CB74F8B), projectURL: Foundation.URL, projectBundleName: Swift.String) throws -> () in libtulsi_generator_lib.a(XcodeProjectGenerator.swift.o)
      closure #1 () -> () in TulsiGenerator.XcodeProjectGenerator.(buildXcodeProjectWithMainGroup in _3D27909A8CA7F8C4C4BE25046CB74F8B)(_: TulsiGenerator.PBXGroup, stubInfoPlistPaths: TulsiGenerator.StubInfoPlistPaths) throws -> TulsiGenerator.XcodeProjectGenerator.(GeneratedProjectInfo in _3D27909A8CA7F8C4C4BE25046CB74F8B) in libtulsi_generator_lib.a(XcodeProjectGenerator.swift.o)
  "Swift.Set.union<A where A == A1.Element, A1: Swift.Sequence>(__owned A1) -> Swift.Set<A>", referenced from:
      TulsiGenerator.PBXTargetGenerator.(IndexerData in _9BC2D135E4F1D200D8B700936548BDC4).merging(TulsiGenerator.PBXTargetGenerator.(IndexerData in _9BC2D135E4F1D200D8B700936548BDC4)) -> TulsiGenerator.PBXTargetGenerator.(IndexerData in _9BC2D135E4F1D200D8B700936548BDC4) in libtulsi_generator_lib.a(PBXTargetGenerator.swift.o)
      TulsiGenerator.TulsiGeneratorConfig.configByAppendingPathFilters(Swift.Set<Swift.String>) -> TulsiGenerator.TulsiGeneratorConfig in libtulsi_generator_lib.a(TulsiGeneratorConfig.swift.o)
  "Swift.Set.filter((A) throws -> Swift.Bool) throws -> Swift.Set<A>", referenced from:
      TulsiGenerator.BazelSettingsProvider.featureFlags(_: Swift.Set<TulsiGenerator.BazelSettingFeature>, hasSwift: Swift.Bool) -> TulsiGenerator.BazelFlagsSet in libtulsi_generator_lib.a(BazelSettingsProvider.swift.o)
      TulsiGenerator.BazelSettingsProvider.featureNames(_: Swift.Set<TulsiGenerator.BazelSettingFeature>, hasSwift: Swift.Bool) -> [Swift.String] in libtulsi_generator_lib.a(BazelSettingsProvider.swift.o)
      TulsiGenerator.BazelSettingsProvider.buildSettings(bazel: Swift.String, bazelExecRoot: Swift.String, options: TulsiGenerator.TulsiOptionSet, features: Swift.Set<TulsiGenerator.BazelSettingFeature>, buildRuleEntries: Swift.Set<TulsiGenerator.RuleEntry>) -> TulsiGenerator.BazelBuildSettings in libtulsi_generator_lib.a(BazelSettingsProvider.swift.o)
      TulsiGenerator.PBXTargetGenerator.(pathFilterFunc in _9BC2D135E4F1D200D8B700936548BDC4)(Swift.Set<Swift.String>) -> (Swift.String) -> Swift.Bool in libtulsi_generator_lib.a(PBXTargetGenerator.swift.o)
  "Swift.Set.insert(__owned A) -> (inserted: Swift.Bool, memberAfterInsert: A)", referenced from:
      closure #3 () -> () in TulsiGenerator.ProcessRunner.(createProcess in _F89DABAFE844AC5CA1B763CAFAD9B278)(_: Swift.String, arguments: [Swift.String], environment: [Swift.String : Swift.String]?, messageLogger: TulsiGenerator.LocalizedMessageLogger?, loggingIdentifier: Swift.String?, terminationHandler: (TulsiGenerator.ProcessRunner.CompletionInfo) -> ()) -> __C.NSTask in libtulsi_generator_lib.a(ProcessRunner.swift.o)
      appendGeneratedSourceArtifacts #1 (_: [[Swift.String : Swift.AnyObject]], to: inout [TulsiGenerator.BazelFileInfo]) -> () in parseTulsiTargetFileImpl #1 (Swift.String) throws -> TulsiGenerator.RuleEntry in TulsiGenerator.BazelAspectInfoExtractor.(extractRuleEntriesFromArtifacts in _F5D2D87286505E9AC6917BB651D4E8CB)(_: Swift.Set<Swift.String>, progressNotifier: TulsiGenerator.ProgressNotifier?) -> TulsiGenerator.RuleEntryMap in libtulsi_generator_lib.a(BazelAspectInfoExtractor.swift.o)
      static TulsiGenerator.BazelBuildSettingsFeatures.enabledFeatures(options: TulsiGenerator.TulsiOptionSet) -> Swift.Set<TulsiGenerator.BazelSettingFeature> in libtulsi_generator_lib.a(BazelBuildSettingsFeatures.swift.o)
      static TulsiGenerator.BazelErrorExtractor.firstErrorLinesFromString(_: Swift.String, maxErrors: Swift.Int) -> Swift.String? in libtulsi_generator_lib.a(BazelErrorExtractor.swift.o)
      TulsiGenerator.BazelQueryInfoExtractor.(extractSourceFileLabelsFromBazelXMLOutput in _EB283E3D0F00A9083704ACE385FB78E0)(Foundation.Data) -> Swift.Set<TulsiGenerator.BuildLabel>? in libtulsi_generator_lib.a(BazelQueryInfoExtractor.swift.o)
      extractLabelsFromXpath #1 (Swift.String) throws -> Swift.Set<TulsiGenerator.BuildLabel> in TulsiGenerator.BazelQueryInfoExtractor.(extractRuleInfosWithRuleInputsFromBazelXMLOutput in _EB283E3D0F00A9083704ACE385FB78E0)(Foundation.Data) -> [TulsiGenerator.RuleInfo : Swift.Set<TulsiGenerator.BuildLabel>]? in libtulsi_generator_lib.a(BazelQueryInfoExtractor.swift.o)
      TulsiGenerator.PBXTarget.createBuildActionDependencyOn(TulsiGenerator.PBXTarget) -> () in libtulsi_generator_lib.a(PBXObjects.swift.o)
      ...
  "Swift.Set.remove(A) -> A?", referenced from:
      closure #1 () -> () in closure #2 (__C.NSTask) -> () in TulsiGenerator.ProcessRunner.(createProcess in _F89DABAFE844AC5CA1B763CAFAD9B278)(_: Swift.String, arguments: [Swift.String], environment: [Swift.String : Swift.String]?, messageLogger: TulsiGenerator.LocalizedMessageLogger?, loggingIdentifier: Swift.String?, terminationHandler: (TulsiGenerator.ProcessRunner.CompletionInfo) -> ()) -> __C.NSTask in libtulsi_generator_lib.a(ProcessRunner.swift.o)
      Tulsi.TulsiProjectDocument.deleteConfigsNamed([Swift.String]) -> () in libtulsi_lib.a(TulsiProjectDocument.swift.o)
  "Swift.Set.isEmpty.getter : Swift.Bool", referenced from:
      TulsiGenerator.BazelAspectInfoExtractor.(extractRuleEntriesUsingBEP in _F5D2D87286505E9AC6917BB651D4E8CB)(_: [TulsiGenerator.BuildLabel], startupOptions: [Swift.String], buildOptions: [Swift.String], compilationMode: Swift.String?, platformConfig: Swift.String?, prioritizeSwift: Swift.Bool?, useArm64_32: Swift.Bool?, features: Swift.Set<TulsiGenerator.BazelSettingFeature>) throws -> TulsiGenerator.RuleEntryMap in libtulsi_generator_lib.a(BazelAspectInfoExtractor.swift.o)
      (extension in TulsiGenerator):Swift.Set< where A: TulsiGenerator.Pythonable>.toPython(Swift.String) -> Swift.String in libtulsi_generator_lib.a(BazelBuildSettings.swift.o)
      TulsiGenerator.PBXTargetGenerator.(addConfigsForIndexingTarget in _9BC2D135E4F1D200D8B700936548BDC4)(_: TulsiGenerator.PBXTarget, data: TulsiGenerator.PBXTargetGenerator.(IndexerData in _9BC2D135E4F1D200D8B700936548BDC4)) -> () in libtulsi_generator_lib.a(PBXTargetGenerator.swift.o)
      TulsiGenerator.RuleEntry.testSuiteDependencies.getter : Swift.Set<TulsiGenerator.BuildLabel> in libtulsi_generator_lib.a(RuleEntry.swift.o)
      static TulsiGenerator.XcodeProjectGenerator.projectSDKROOT<A where A: Swift.Sequence, A.Element == TulsiGenerator.RuleEntry>(A) -> Swift.String? in libtulsi_generator_lib.a(XcodeProjectGenerator.swift.o)
      TulsiGenerator.XcodeProjectGenerator.(installXcodeSchemesForProjectInfo in _3D27909A8CA7F8C4C4BE25046CB74F8B)(_: TulsiGenerator.XcodeProjectGenerator.(GeneratedProjectInfo in _3D27909A8CA7F8C4C4BE25046CB74F8B), projectURL: Foundation.URL, projectBundleName: Swift.String) throws -> () in libtulsi_generator_lib.a(XcodeProjectGenerator.swift.o)
      installSchemeForTestSuite #1 (_: TulsiGenerator.RuleEntry, named: Swift.String) throws -> () in TulsiGenerator.XcodeProjectGenerator.(installXcodeSchemesForProjectInfo in _3D27909A8CA7F8C4C4BE25046CB74F8B)(_: TulsiGenerator.XcodeProjectGenerator.(GeneratedProjectInfo in _3D27909A8CA7F8C4C4BE25046CB74F8B), projectURL: Foundation.URL, projectBundleName: Swift.String) throws -> () in libtulsi_generator_lib.a(XcodeProjectGenerator.swift.o)
      ...
  "Swift.Set.Iterator.next() -> A?", referenced from:
      TulsiGenerator.BazelAspectInfoExtractor.(extractRuleEntriesFromArtifacts in _F5D2D87286505E9AC6917BB651D4E8CB)(_: Swift.Set<Swift.String>, progressNotifier: TulsiGenerator.ProgressNotifier?) -> TulsiGenerator.RuleEntryMap in libtulsi_generator_lib.a(BazelAspectInfoExtractor.swift.o)
      (extension in TulsiGenerator):Swift.Set< where A: TulsiGenerator.Pythonable>.toPython(Swift.String) -> Swift.String in libtulsi_generator_lib.a(BazelBuildSettings.swift.o)
      TulsiGenerator.BazelSettingsProvider.buildSettings(bazel: Swift.String, bazelExecRoot: Swift.String, options: TulsiGenerator.TulsiOptionSet, features: Swift.Set<TulsiGenerator.BazelSettingFeature>, buildRuleEntries: Swift.Set<TulsiGenerator.RuleEntry>) -> TulsiGenerator.BazelBuildSettings in libtulsi_generator_lib.a(BazelSettingsProvider.swift.o)
      static TulsiGenerator.PlatformConfiguration.allValidConfigurations.getter : [TulsiGenerator.PlatformConfiguration] in libtulsi_generator_lib.a(DeploymentTarget.swift.o)
      generateIndexerTargetGraphForRuleEntry #1 (TulsiGenerator.RuleEntry) -> __C.NSOrderedSet in TulsiGenerator.PBXTargetGenerator.registerRuleEntryForIndexer(_: TulsiGenerator.RuleEntry, ruleEntryMap: TulsiGenerator.RuleEntryMap, pathFilters: Swift.Set<Swift.String>, processedEntries: inout [TulsiGenerator.RuleEntry : __C.NSOrderedSet]) -> () in libtulsi_generator_lib.a(PBXTargetGenerator.swift.o)
      TulsiGenerator.PBXTargetGenerator.generateBuildTargetsForRuleEntries(_: Swift.Set<TulsiGenerator.RuleEntry>, ruleEntryMap: TulsiGenerator.RuleEntryMap) throws -> () in libtulsi_generator_lib.a(PBXTargetGenerator.swift.o)
      TulsiGenerator.PBXTargetGenerator.(generateUniqueNamesForRuleEntries in _9BC2D135E4F1D200D8B700936548BDC4)(Swift.Set<TulsiGenerator.RuleEntry>) -> [Swift.String : TulsiGenerator.RuleEntry] in libtulsi_generator_lib.a(PBXTargetGenerator.swift.o)
      ...
  "type metadata accessor for Swift.Set.Iterator", referenced from:
      type metadata accessor for Swift.Set<Swift.String>.Iterator in libtulsi_generator_lib.a(BazelAspectInfoExtractor.swift.o)
      (extension in TulsiGenerator):Swift.Set< where A: TulsiGenerator.Pythonable>.toPython(Swift.String) -> Swift.String in libtulsi_generator_lib.a(BazelBuildSettings.swift.o)
      type metadata accessor for Swift.Set<Swift.String>.Iterator in libtulsi_generator_lib.a(BazelSettingsProvider.swift.o)
      type metadata accessor for Swift.Set<TulsiGenerator.CPU>.Iterator in libtulsi_generator_lib.a(DeploymentTarget.swift.o)
      type metadata accessor for Swift.Set<TulsiGenerator.BuildLabel>.Iterator in libtulsi_generator_lib.a(PBXTargetGenerator.swift.o)
      type metadata accessor for Swift.Set<TulsiGenerator.RuleEntry>.Iterator in libtulsi_generator_lib.a(PBXTargetGenerator.swift.o)
      type metadata accessor for Swift.Set<Swift.String>.Iterator in libtulsi_generator_lib.a(PBXTargetGenerator.swift.o)
      ...
  "Swift.Set.contains(A) -> Swift.Bool", referenced from:
      closure #1 () -> () in closure #2 (__C.NSTask) -> () in TulsiGenerator.ProcessRunner.(createProcess in _F89DABAFE844AC5CA1B763CAFAD9B278)(_: Swift.String, arguments: [Swift.String], environment: [Swift.String : Swift.String]?, messageLogger: TulsiGenerator.LocalizedMessageLogger?, loggingIdentifier: Swift.String?, terminationHandler: (TulsiGenerator.ProcessRunner.CompletionInfo) -> ()) -> __C.NSTask in libtulsi_generator_lib.a(ProcessRunner.swift.o)
      closure #1 (Swift.String) -> (Swift.String, Swift.Bool) in parseTulsiTargetFileImpl #1 (Swift.String) throws -> TulsiGenerator.RuleEntry in TulsiGenerator.BazelAspectInfoExtractor.(extractRuleEntriesFromArtifacts in _F5D2D87286505E9AC6917BB651D4E8CB)(_: Swift.Set<Swift.String>, progressNotifier: TulsiGenerator.ProgressNotifier?) -> TulsiGenerator.RuleEntryMap in libtulsi_generator_lib.a(BazelAspectInfoExtractor.swift.o)
      TulsiGenerator.OpenStepSerializer.(TypedDict in _40B8AF4E61D42104FF82B74BA7B851A2).init(gid: Swift.String, isa: Swift.String, comment: Swift.String?) -> TulsiGenerator.OpenStepSerializer.(TypedDict in _40B8AF4E61D42104FF82B74BA7B851A2) in libtulsi_generator_lib.a(PBXProjSerializer.swift.o)
      includePath #1 (Swift.String) -> Swift.Bool in TulsiGenerator.PBXTargetGenerator.(pathFilterFunc in _9BC2D135E4F1D200D8B700936548BDC4)(Swift.Set<Swift.String>) -> (Swift.String) -> Swift.Bool in libtulsi_generator_lib.a(PBXTargetGenerator.swift.o)
      mergeDictionary #1 (_: inout [Swift.String : Swift.String], withContentsOfDictionary: [Swift.String : Swift.String]) -> () in TulsiGenerator.PBXTargetGenerator.(updateMissingBuildConfigurationsForList in _9BC2D135E4F1D200D8B700936548BDC4)(_: TulsiGenerator.XCConfigurationList, withBuildSettings: [Swift.String : Swift.String], inheritingFromConfigurationList: TulsiGenerator.XCConfigurationList?, suppressingBuildSettings: Swift.Set<Swift.String>) -> () in libtulsi_generator_lib.a(PBXTargetGenerator.swift.o)
      TulsiGenerator.TulsiOption.sanitizeValue(Swift.String?) -> Swift.String? in libtulsi_generator_lib.a(TulsiOption.swift.o)
      Tulsi.OptionsEditorController.didDoubleClickInEditorView(__C.NSOutlineView) -> () in libtulsi_lib.a(OptionsEditorController.swift.o)
      ...
  "Swift.Set.subtract<A where A == A1.Element, A1: Swift.Sequence>(A1) -> ()", referenced from:
      static TulsiGenerator.BazelErrorExtractor.firstErrorLinesFromString(_: Swift.String, maxErrors: Swift.Int) -> Swift.String? in libtulsi_generator_lib.a(BazelErrorExtractor.swift.o)
  "Swift.Set.formUnion<A where A == A1.Element, A1: Swift.Sequence>(__owned A1) -> ()", referenced from:
      TulsiGenerator.BazelQueryInfoExtractor.(extractRuleInfosWithRuleInputsFromBazelXMLOutput in _EB283E3D0F00A9083704ACE385FB78E0)(Foundation.Data) -> [TulsiGenerator.RuleInfo : Swift.Set<TulsiGenerator.BuildLabel>]? in libtulsi_generator_lib.a(BazelQueryInfoExtractor.swift.o)
      TulsiGenerator.BazelSettingsProvider.buildSettings(bazel: Swift.String, bazelExecRoot: Swift.String, options: TulsiGenerator.TulsiOptionSet, features: Swift.Set<TulsiGenerator.BazelSettingFeature>, buildRuleEntries: Swift.Set<TulsiGenerator.RuleEntry>) -> TulsiGenerator.BazelBuildSettings in libtulsi_generator_lib.a(BazelSettingsProvider.swift.o)
      TulsiGenerator.PBXProject.getOrCreateGroupsAndFileReferencesForPaths([Swift.String]) -> (Swift.Set<TulsiGenerator.PBXGroup>, [TulsiGenerator.PBXFileReference]) in libtulsi_generator_lib.a(PBXObjects.swift.o)
      generateIndexerTargetGraphForRuleEntry #1 (TulsiGenerator.RuleEntry) -> __C.NSOrderedSet in TulsiGenerator.PBXTargetGenerator.registerRuleEntryForIndexer(_: TulsiGenerator.RuleEntry, ruleEntryMap: TulsiGenerator.RuleEntryMap, pathFilters: Swift.Set<Swift.String>, processedEntries: inout [TulsiGenerator.RuleEntry : __C.NSOrderedSet]) -> () in libtulsi_generator_lib.a(PBXTargetGenerator.swift.o)
      expandTargetLabels #1 <A where A: Swift.Sequence, A.Element == TulsiGenerator.BuildLabel>(A) -> () in TulsiGenerator.XcodeProjectGenerator.(buildXcodeProjectWithMainGroup in _3D27909A8CA7F8C4C4BE25046CB74F8B)(_: TulsiGenerator.PBXGroup, stubInfoPlistPaths: TulsiGenerator.StubInfoPlistPaths) throws -> TulsiGenerator.XcodeProjectGenerator.(GeneratedProjectInfo in _3D27909A8CA7F8C4C4BE25046CB74F8B) in libtulsi_generator_lib.a(XcodeProjectGenerator.swift.o)
      extractTestTargets #1 (TulsiGenerator.RuleEntry) -> (Swift.Set<TulsiGenerator.PBXTarget>, TulsiGenerator.PBXTarget?) in TulsiGenerator.XcodeProjectGenerator.(installXcodeSchemesForProjectInfo in _3D27909A8CA7F8C4C4BE25046CB74F8B)(_: TulsiGenerator.XcodeProjectGenerator.(GeneratedProjectInfo in _3D27909A8CA7F8C4C4BE25046CB74F8B), projectURL: Foundation.URL, projectBundleName: Swift.String) throws -> () in libtulsi_generator_lib.a(XcodeProjectGenerator.swift.o)
  "type metadata accessor for Swift.Set", referenced from:
      type metadata accessor for Swift.Set<__C.NSTask> in libtulsi_generator_lib.a(ProcessRunner.swift.o)
      type metadata accessor for Swift.Set<Swift.String> in libtulsi_generator_lib.a(BazelAspectInfoExtractor.swift.o)
      type metadata accessor for Swift.Set<TulsiGenerator.BazelSettingFeature> in libtulsi_generator_lib.a(BazelBuildSettingsFeatures.swift.o)
      type metadata accessor for Swift.Set<Swift.String> in libtulsi_generator_lib.a(BazelErrorExtractor.swift.o)
      type metadata accessor for Swift.Set<TulsiGenerator.BuildLabel> in libtulsi_generator_lib.a(BazelQueryInfoExtractor.swift.o)
      type metadata accessor for Swift.Set<TulsiGenerator.BazelSettingFeature> in libtulsi_generator_lib.a(BazelSettingsProvider.swift.o)
      type metadata accessor for Swift.Set<Swift.String> in libtulsi_generator_lib.a(BazelSettingsProvider.swift.o)
      ...
  "Swift.Set.init<A where A == A1.Element, A1: Swift.Sequence>(__owned A1) -> Swift.Set<A>", referenced from:
      TulsiGenerator.BazelAspectInfoExtractor.(extractRuleEntriesUsingBEP in _F5D2D87286505E9AC6917BB651D4E8CB)(_: [TulsiGenerator.BuildLabel], startupOptions: [Swift.String], buildOptions: [Swift.String], compilationMode: Swift.String?, platformConfig: Swift.String?, prioritizeSwift: Swift.Bool?, useArm64_32: Swift.Bool?, features: Swift.Set<TulsiGenerator.BazelSettingFeature>) throws -> TulsiGenerator.RuleEntryMap in libtulsi_generator_lib.a(BazelAspectInfoExtractor.swift.o)
      parseTulsiTargetFileImpl #1 (Swift.String) throws -> TulsiGenerator.RuleEntry in TulsiGenerator.BazelAspectInfoExtractor.(extractRuleEntriesFromArtifacts in _F5D2D87286505E9AC6917BB651D4E8CB)(_: Swift.Set<Swift.String>, progressNotifier: TulsiGenerator.ProgressNotifier?) -> TulsiGenerator.RuleEntryMap in libtulsi_generator_lib.a(BazelAspectInfoExtractor.swift.o)
      TulsiGenerator.BazelQueryInfoExtractor.extractBuildfiles<A where A: Swift.Collection, A.Element == TulsiGenerator.BuildLabel>(A) -> Swift.Set<TulsiGenerator.BuildLabel> in libtulsi_generator_lib.a(BazelQueryInfoExtractor.swift.o)
      TulsiGenerator.BazelSettingsProvider.buildSettings(bazel: Swift.String, bazelExecRoot: Swift.String, options: TulsiGenerator.TulsiOptionSet, features: Swift.Set<TulsiGenerator.BazelSettingFeature>, buildRuleEntries: Swift.Set<TulsiGenerator.RuleEntry>) -> TulsiGenerator.BazelBuildSettings in libtulsi_generator_lib.a(BazelSettingsProvider.swift.o)
      _globalinit_33_40B8AF4E61D42104FF82B74BA7B851A2_func1 in libtulsi_generator_lib.a(PBXProjSerializer.swift.o)
      TulsiGenerator.PBXTargetGenerator.(pathFilterFunc in _9BC2D135E4F1D200D8B700936548BDC4)(Swift.Set<Swift.String>) -> (Swift.String) -> Swift.Bool in libtulsi_generator_lib.a(PBXTargetGenerator.swift.o)
      generateIndexerTargetGraphForRuleEntry #1 (TulsiGenerator.RuleEntry) -> __C.NSOrderedSet in TulsiGenerator.PBXTargetGenerator.registerRuleEntryForIndexer(_: TulsiGenerator.RuleEntry, ruleEntryMap: TulsiGenerator.RuleEntryMap, pathFilters: Swift.Set<Swift.String>, processedEntries: inout [TulsiGenerator.RuleEntry : __C.NSOrderedSet]) -> () in libtulsi_generator_lib.a(PBXTargetGenerator.swift.o)
      ...
  "protocol conformance descriptor for Swift.Set<A> : Swift.Sequence in Swift", referenced from:
      lazy protocol witness table accessor for type Swift.Set<Swift.String> and conformance Swift.Set<A> : Swift.Sequence in Swift in libtulsi_generator_lib.a(BazelErrorExtractor.swift.o)
      lazy protocol witness table accessor for type Swift.Set<TulsiGenerator.BuildLabel> and conformance Swift.Set<A> : Swift.Sequence in Swift in libtulsi_generator_lib.a(BazelQueryInfoExtractor.swift.o)
      lazy protocol witness table accessor for type Swift.Set<TulsiGenerator.BazelSettingFeature> and conformance Swift.Set<A> : Swift.Sequence in Swift in libtulsi_generator_lib.a(BazelSettingsProvider.swift.o)
      lazy protocol witness table accessor for type Swift.Set<TulsiGenerator.PBXGroup> and conformance Swift.Set<A> : Swift.Sequence in Swift in libtulsi_generator_lib.a(PBXObjects.swift.o)
      lazy protocol witness table accessor for type Swift.Set<Swift.String> and conformance Swift.Set<A> : Swift.Sequence in Swift in libtulsi_generator_lib.a(PBXTargetGenerator.swift.o)
      lazy protocol witness table accessor for type Swift.Set<TulsiGenerator.BuildLabel> and conformance Swift.Set<A> : Swift.Sequence in Swift in libtulsi_generator_lib.a(PBXTargetGenerator.swift.o)
      lazy protocol witness table accessor for type Swift.Set<TulsiGenerator.RuleEntry> and conformance Swift.Set<A> : Swift.Sequence in Swift in libtulsi_generator_lib.a(PBXTargetGenerator.swift.o)
      ...
  "protocol conformance descriptor for Swift.Set<A> : Swift.Collection in Swift", referenced from:
      lazy protocol witness table accessor for type Swift.Set<TulsiGenerator.RuleEntry> and conformance Swift.Set<A> : Swift.Collection in Swift in libtulsi_generator_lib.a(BazelSettingsProvider.swift.o)
      lazy protocol witness table accessor for type Swift.Set<TulsiGenerator.RuleEntry> and conformance Swift.Set<A> : Swift.Collection in Swift in libtulsi_generator_lib.a(PBXTargetGenerator.swift.o)
      lazy protocol witness table accessor for type Swift.Set<Swift.String> and conformance Swift.Set<A> : Swift.Collection in Swift in libtulsi_generator_lib.a(PBXTargetGenerator.swift.o)
      lazy protocol witness table accessor for type Swift.Set<Swift.String> and conformance Swift.Set<A> : Swift.Collection in Swift in libtulsi_generator_lib.a(XcodeProjectGenerator.swift.o)
      lazy protocol witness table accessor for type Swift.Set<TulsiGenerator.PBXTarget> and conformance Swift.Set<A> : Swift.Collection in Swift in libtulsi_generator_lib.a(XcodeProjectGenerator.swift.o)
      lazy protocol witness table accessor for type Swift.Set<TulsiGenerator.BuildLabel> and conformance Swift.Set<A> : Swift.Collection in Swift in libtulsi_generator_lib.a(XcodeProjectGenerator.swift.o)
      lazy protocol witness table accessor for type Swift.Set<TulsiGenerator.BuildLabel> and conformance Swift.Set<A> : Swift.Collection in Swift in libtulsi_lib.a(TulsiGeneratorConfigDocument.swift.o)
      ...
  "protocol conformance descriptor for Swift.Set<A> : Swift.CustomStringConvertible in Swift", referenced from:
      lazy protocol witness table accessor for type Swift.Set<TulsiGenerator.BuildLabel> and conformance Swift.Set<A> : Swift.CustomStringConvertible in Swift in libtulsi_generator_lib.a(TulsiXcodeProjectGenerator.swift.o)
  "(extension in Foundation):Swift.Int._bridgeToObjectiveC() -> __C.NSNumber", referenced from:
      TulsiGenerator.OpenStepSerializer.addField(Swift.String, Swift.Int) throws -> () in libtulsi_generator_lib.a(PBXProjSerializer.swift.o)
      TulsiGenerator.OpenStepSerializer.addField(Swift.String, Swift.Bool) throws -> () in libtulsi_generator_lib.a(PBXProjSerializer.swift.o)
  "type metadata for Swift.Int", referenced from:
      TulsiGenerator.BazelAspectInfoExtractor.(extractRuleEntriesUsingBEP in _F5D2D87286505E9AC6917BB651D4E8CB)(_: [TulsiGenerator.BuildLabel], startupOptions: [Swift.String], buildOptions: [Swift.String], compilationMode: Swift.String?, platformConfig: Swift.String?, prioritizeSwift: Swift.Bool?, useArm64_32: Swift.Bool?, features: Swift.Set<TulsiGenerator.BazelSettingFeature>) throws -> TulsiGenerator.RuleEntryMap in libtulsi_generator_lib.a(BazelAspectInfoExtractor.swift.o)
      static TulsiGenerator.BazelErrorExtractor.firstErrorLinesOrLastLinesFromString(_: Swift.String, maxErrors: Swift.Int) -> Swift.String? in libtulsi_generator_lib.a(BazelErrorExtractor.swift.o)
      TulsiGenerator.BazelQueryInfoExtractor.ExtractorError.hash(into: inout Swift.Hasher) -> () in libtulsi_generator_lib.a(BazelQueryInfoExtractor.swift.o)
      TulsiGenerator.BazelQueryInfoExtractor.extractBuildfiles<A where A: Swift.Collection, A.Element == TulsiGenerator.BuildLabel>(A) -> Swift.Set<TulsiGenerator.BuildLabel> in libtulsi_generator_lib.a(BazelQueryInfoExtractor.swift.o)
      TulsiGenerator.BazelSettingFeature.hash(into: inout Swift.Hasher) -> () in libtulsi_generator_lib.a(BazelSettingsProvider.swift.o)
      TulsiGenerator.BuildLabel.hash(into: inout Swift.Hasher) -> () in libtulsi_generator_lib.a(BuildLabel.swift.o)
      variable initialization expression of TulsiGenerator.ConcreteGIDGenerator.(reservedIDS in _79E9441D9394DC8A6B8381965B6C857F) : [Swift.String : Swift.Int] in libtulsi_generator_lib.a(GIDGenerator.swift.o)
      ...
  "protocol witness table for Swift.Int : Swift.Hashable in Swift", referenced from:
      TulsiGenerator.BazelQueryInfoExtractor.ExtractorError.hash(into: inout Swift.Hasher) -> () in libtulsi_generator_lib.a(BazelQueryInfoExtractor.swift.o)
      TulsiGenerator.BazelSettingFeature.hash(into: inout Swift.Hasher) -> () in libtulsi_generator_lib.a(BazelSettingsProvider.swift.o)
      TulsiGenerator.BuildLabel.hash(into: inout Swift.Hasher) -> () in libtulsi_generator_lib.a(BuildLabel.swift.o)
      (extension in TulsiGenerator):__C.NSJSONSerialization.EncodingError.hash(into: inout Swift.Hasher) -> () in libtulsi_generator_lib.a(NSJSONSerializationExtensions.swift.o)
      TulsiGenerator.SourceTreePath.hash(into: inout Swift.Hasher) -> () in libtulsi_generator_lib.a(PBXObjects.swift.o)
      TulsiGenerator.PBXFileReference.hash(into: inout Swift.Hasher) -> () in libtulsi_generator_lib.a(PBXObjects.swift.o)
      TulsiGenerator.PBXGroup.hash(into: inout Swift.Hasher) -> () in libtulsi_generator_lib.a(PBXObjects.swift.o)
      ...
  "protocol witness table for Swift.Int : Swift.Comparable in Swift", referenced from:
      static TulsiGenerator.BazelErrorExtractor.firstErrorLinesOrLastLinesFromString(_: Swift.String, maxErrors: Swift.Int) -> Swift.String? in libtulsi_generator_lib.a(BazelErrorExtractor.swift.o)
      TulsiGenerator.PBXProject.createGroupsAndFileReferenceForPath(_: Swift.String, underGroup: TulsiGenerator.PBXGroup) -> (Swift.Set<TulsiGenerator.PBXGroup>, TulsiGenerator.PBXFileReference) in libtulsi_generator_lib.a(PBXObjects.swift.o)
      type metadata accessor for Swift.Range<Swift.Int> in libtulsi_generator_lib.a(PBXObjects.swift.o)
      type metadata accessor for Swift.ClosedRange<Swift.Int> in libtulsi_generator_lib.a(PBXObjects.swift.o)
      closure #1 (Swift.String) -> () in environmentVariables #1 (for: TulsiGenerator.RuleEntry) -> [Swift.String : Swift.String] in TulsiGenerator.XcodeProjectGenerator.(installXcodeSchemesForProjectInfo in _3D27909A8CA7F8C4C4BE25046CB74F8B)(_: TulsiGenerator.XcodeProjectGenerator.(GeneratedProjectInfo in _3D27909A8CA7F8C4C4BE25046CB74F8B), projectURL: Foundation.URL, projectBundleName: Swift.String) throws -> () in libtulsi_generator_lib.a(XcodeProjectGenerator.swift.o)
      Tulsi.ConfigEditorSourceFilterViewController.(populateOutlineView in _D662C3E634D8A7BBE011ADD96F19B9E0)([Tulsi.UISourcePath]) -> () in libtulsi_lib.a(ConfigEditorSourceFilterViewController.swift.o)
      type metadata accessor for Swift.Range<Swift.Int> in libtulsi_lib.a(ConfigEditorSourceFilterViewController.swift.o)
      ...
  "protocol witness table for Swift.Int : Swift.Equatable in Swift", referenced from:
      protocol witness for static Swift.Equatable.== infix(A, A) -> Swift.Bool in conformance TulsiGenerator.PBXContainerItemProxy.ProxyType : Swift.Equatable in TulsiGenerator in libtulsi_generator_lib.a(PBXObjects.swift.o)
      TulsiGenerator.== infix(TulsiGenerator.PBXContainerItemProxy, TulsiGenerator.PBXContainerItemProxy) -> Swift.Bool in libtulsi_generator_lib.a(PBXObjects.swift.o)
      addFileReference #1 (TulsiGenerator.BazelFileInfo) -> () in TulsiGenerator.PBXTargetGenerator.registerRuleEntryForIndexer(_: TulsiGenerator.RuleEntry, ruleEntryMap: TulsiGenerator.RuleEntryMap, pathFilters: Swift.Set<Swift.String>, processedEntries: inout [TulsiGenerator.RuleEntry : __C.NSOrderedSet]) -> () in libtulsi_generator_lib.a(PBXTargetGenerator.swift.o)
      generateIndexerTargetGraphForRuleEntry #1 (TulsiGenerator.RuleEntry) -> __C.NSOrderedSet in TulsiGenerator.PBXTargetGenerator.registerRuleEntryForIndexer(_: TulsiGenerator.RuleEntry, ruleEntryMap: TulsiGenerator.RuleEntryMap, pathFilters: Swift.Set<Swift.String>, processedEntries: inout [TulsiGenerator.RuleEntry : __C.NSOrderedSet]) -> () in libtulsi_generator_lib.a(PBXTargetGenerator.swift.o)
      TulsiGenerator.PBXTargetGenerator.(createReferencesForVersionedFileTargets in _9BC2D135E4F1D200D8B700936548BDC4)([TulsiGenerator.BazelFileInfo]) -> [TulsiGenerator.XCVersionGroup] in libtulsi_generator_lib.a(PBXTargetGenerator.swift.o)
      protocol witness for static Swift.Equatable.== infix(A, A) -> Swift.Bool in conformance TulsiGenerator.BazelFileInfo.TargetType : Swift.Equatable in TulsiGenerator in libtulsi_generator_lib.a(RuleEntry.swift.o)
      TulsiGenerator.== infix(TulsiGenerator.BazelFileInfo, TulsiGenerator.BazelFileInfo) -> Swift.Bool in libtulsi_generator_lib.a(RuleEntry.swift.o)
      ...
  "protocol conformance descriptor for Swift.Int : Swift.SignedInteger in Swift", referenced from:
      lazy protocol witness table accessor for type Swift.Int and conformance Swift.Int : Swift.SignedInteger in Swift in libtulsi_generator_lib.a(PBXObjects.swift.o)
      lazy protocol witness table accessor for type Swift.Int and conformance Swift.Int : Swift.SignedInteger in Swift in libtulsi_lib.a(ConfigEditorSourceFilterViewController.swift.o)
      lazy protocol witness table accessor for type Swift.Int and conformance Swift.Int : Swift.SignedInteger in Swift in libtulsi_lib.a(OptionsEditorController.swift.o)
  "protocol witness table for Swift.Int : Swift.Strideable in Swift", referenced from:
      lazy protocol witness table accessor for type Swift.Range<Swift.Int> and conformance < where A: Swift.Strideable, A.Stride: Swift.SignedInteger> Swift.Range<A> : Swift.Collection in Swift in libtulsi_generator_lib.a(PBXObjects.swift.o)
      lazy protocol witness table accessor for type Swift.Range<Swift.Int> and conformance < where A: Swift.Strideable, A.Stride: Swift.SignedInteger> Swift.Range<A> : Swift.Collection in Swift in libtulsi_lib.a(ConfigEditorSourceFilterViewController.swift.o)
      lazy protocol witness table accessor for type Swift.Range<Swift.Int> and conformance < where A: Swift.Strideable, A.Stride: Swift.SignedInteger> Swift.Range<A> : Swift.Collection in Swift in libtulsi_lib.a(OptionsEditorController.swift.o)
  "protocol conformance descriptor for Swift.Int : Swift.FixedWidthInteger in Swift", referenced from:
      lazy protocol witness table accessor for type Swift.Int and conformance Swift.Int : Swift.FixedWidthInteger in Swift in libtulsi_generator_lib.a(TulsiOption.swift.o)
  "protocol conformance descriptor for Swift.Int : Swift._ObjectiveCBridgeable in Foundation", referenced from:
      lazy protocol witness table accessor for type Swift.Int and conformance Swift.Int : Swift._ObjectiveCBridgeable in Foundation in libtulsi_lib.a(BazelSelectionPanel.swift.o)
      lazy protocol witness table accessor for type Swift.Int and conformance Swift.Int : Swift._ObjectiveCBridgeable in Foundation in libtulsi_lib.a(NewProjectViewController.swift.o)
      lazy protocol witness table accessor for type Swift.Int and conformance Swift.Int : Swift._ObjectiveCBridgeable in Foundation in libtulsi_lib.a(ProjectEditorPackageManagerViewController.swift.o)
      lazy protocol witness table accessor for type Swift.Int and conformance Swift.Int : Swift._ObjectiveCBridgeable in Foundation in libtulsi_lib.a(XcodeProjectGenerationProgressViewController.swift.o)
  "protocol witness table for Swift.Int : Swift.CustomStringConvertible in Swift", referenced from:
      TulsiGenerator.BazelAspectInfoExtractor.(extractRuleEntriesUsingBEP in _F5D2D87286505E9AC6917BB651D4E8CB)(_: [TulsiGenerator.BuildLabel], startupOptions: [Swift.String], buildOptions: [Swift.String], compilationMode: Swift.String?, platformConfig: Swift.String?, prioritizeSwift: Swift.Bool?, useArm64_32: Swift.Bool?, features: Swift.Set<TulsiGenerator.BazelSettingFeature>) throws -> TulsiGenerator.RuleEntryMap in libtulsi_generator_lib.a(BazelAspectInfoExtractor.swift.o)
      TulsiGenerator.BazelQueryInfoExtractor.extractBuildfiles<A where A: Swift.Collection, A.Element == TulsiGenerator.BuildLabel>(A) -> Swift.Set<TulsiGenerator.BuildLabel> in libtulsi_generator_lib.a(BazelQueryInfoExtractor.swift.o)
      implicit closure #1 () -> Swift.String in Tulsi.ProjectEditorConfigManagerViewController.didClickAddRemoveSegmentedControl(__C.NSSegmentedCell) -> () in libtulsi_lib.a(ProjectEditorConfigManagerViewController.swift.o)
      implicit closure #1 () -> Swift.String in Tulsi.ProjectEditorPackageManagerViewController.didClickAddRemoveSegmentedControl(__C.NSSegmentedCell) -> () in libtulsi_lib.a(ProjectEditorPackageManagerViewController.swift.o)
      Tulsi.UIMessage.pasteboardPropertyList(forType: __C.NSPasteboardType) -> Any? in libtulsi_lib.a(UIMessage.swift.o)
  "protocol witness table for Swift.Int : Swift.CVarArg in Swift", referenced from:
      TulsiGenerator.ConcreteGIDGenerator.generate(TulsiGenerator.PBXObjectProtocol) -> Swift.String in libtulsi_generator_lib.a(GIDGenerator.swift.o)
      static TulsiGenerator.PBXTargetGenerator.indexerNameForTargetName(_: Swift.String, hash: Swift.Int, suffix: Swift.String?) -> Swift.String in libtulsi_generator_lib.a(PBXTargetGenerator.swift.o)
  "associated conformance descriptor for Swift.Collection.SubSequence: Swift.Collection", referenced from:
      TulsiGenerator.XcodeProjectGenerator.(PathTrie in _3D27909A8CA7F8C4C4BE25046CB74F8B).PathNode.addPath<A where A: Swift.Collection, A.Element == Swift.String>(A) -> () in libtulsi_generator_lib.a(XcodeProjectGenerator.swift.o)
  "dispatch thunk of Swift.Collection.count.getter : Swift.Int", referenced from:
      TulsiGenerator.BazelQueryInfoExtractor.extractBuildfiles<A where A: Swift.Collection, A.Element == TulsiGenerator.BuildLabel>(A) -> Swift.Set<TulsiGenerator.BuildLabel> in libtulsi_generator_lib.a(BazelQueryInfoExtractor.swift.o)
  "dispatch thunk of Swift.Collection.isEmpty.getter : Swift.Bool", referenced from:
      TulsiGenerator.BazelQueryInfoExtractor.extractBuildfiles<A where A: Swift.Collection, A.Element == TulsiGenerator.BuildLabel>(A) -> Swift.Set<TulsiGenerator.BuildLabel> in libtulsi_generator_lib.a(BazelQueryInfoExtractor.swift.o)
      TulsiGenerator.XcodeProjectGenerator.(PathTrie in _3D27909A8CA7F8C4C4BE25046CB74F8B).PathNode.addPath<A where A: Swift.Collection, A.Element == Swift.String>(A) -> () in libtulsi_generator_lib.a(XcodeProjectGenerator.swift.o)
  "protocol requirements base descriptor for Swift.Collection", referenced from:
      TulsiGenerator.XcodeProjectGenerator.(PathTrie in _3D27909A8CA7F8C4C4BE25046CB74F8B).PathNode.addPath<A where A: Swift.Collection, A.Element == Swift.String>(A) -> () in libtulsi_generator_lib.a(XcodeProjectGenerator.swift.o)
  "(extension in Swift):Swift.Collection.map<A>((A.Element) throws -> A1) throws -> [A1]", referenced from:
      TulsiGenerator.ProcessRunner.(createProcess in _F89DABAFE844AC5CA1B763CAFAD9B278)(_: Swift.String, arguments: [Swift.String], environment: [Swift.String : Swift.String]?, messageLogger: TulsiGenerator.LocalizedMessageLogger?, loggingIdentifier: Swift.String?, terminationHandler: (TulsiGenerator.ProcessRunner.CompletionInfo) -> ()) -> __C.NSTask in libtulsi_generator_lib.a(ProcessRunner.swift.o)
      TulsiGenerator.BazelAspectInfoExtractor.(extractRuleEntriesUsingBEP in _F5D2D87286505E9AC6917BB651D4E8CB)(_: [TulsiGenerator.BuildLabel], startupOptions: [Swift.String], buildOptions: [Swift.String], compilationMode: Swift.String?, platformConfig: Swift.String?, prioritizeSwift: Swift.Bool?, useArm64_32: Swift.Bool?, features: Swift.Set<TulsiGenerator.BazelSettingFeature>) throws -> TulsiGenerator.RuleEntryMap in libtulsi_generator_lib.a(BazelAspectInfoExtractor.swift.o)
      parseTulsiTargetFileImpl #1 (Swift.String) throws -> TulsiGenerator.RuleEntry in TulsiGenerator.BazelAspectInfoExtractor.(extractRuleEntriesFromArtifacts in _F5D2D87286505E9AC6917BB651D4E8CB)(_: Swift.Set<Swift.String>, progressNotifier: TulsiGenerator.ProgressNotifier?) -> TulsiGenerator.RuleEntryMap in libtulsi_generator_lib.a(BazelAspectInfoExtractor.swift.o)
      TulsiGenerator.BazelQueryInfoExtractor.extractTargetRulesFromPackages([Swift.String]) -> [TulsiGenerator.RuleInfo] in libtulsi_generator_lib.a(BazelQueryInfoExtractor.swift.o)
      TulsiGenerator.BazelQueryInfoExtractor.extractBuildfiles<A where A: Swift.Collection, A.Element == TulsiGenerator.BuildLabel>(A) -> Swift.Set<TulsiGenerator.BuildLabel> in libtulsi_generator_lib.a(BazelQueryInfoExtractor.swift.o)
      TulsiGenerator.BazelSettingsProvider.featureNames(_: Swift.Set<TulsiGenerator.BazelSettingFeature>, hasSwift: Swift.Bool) -> [Swift.String] in libtulsi_generator_lib.a(BazelSettingsProvider.swift.o)
      TulsiGenerator.BazelSettingsProvider.buildSettings(bazel: Swift.String, bazelExecRoot: Swift.String, options: TulsiGenerator.TulsiOptionSet, features: Swift.Set<TulsiGenerator.BazelSettingFeature>, buildRuleEntries: Swift.Set<TulsiGenerator.RuleEntry>) -> TulsiGenerator.BazelBuildSettings in libtulsi_generator_lib.a(BazelSettingsProvider.swift.o)
      ...
  "(extension in Swift):Swift.Collection.count.getter : Swift.Int", referenced from:
      Tulsi.OptionsEditorOutlineView.keyDown(with: __C.NSEvent) -> () in libtulsi_lib.a(OptionsEditorController.swift.o)
  "(extension in Swift):Swift.Collection.first.getter : A.Element?", referenced from:
      TulsiGenerator.BazelWorkspacePathInfoFetcher.(extractWorkspaceInfo in _FBCC8FB73C67954075CF626E480CE18B)(__C.NSString) -> () in libtulsi_generator_lib.a(BazelWorkspacePathInfoFetcher.swift.o)
      closure #1 () -> Swift.String? in TulsiGenerator.BuildLabel.packageName.getter : Swift.String? in libtulsi_generator_lib.a(BuildLabel.swift.o)
      addFileReference #1 (TulsiGenerator.BazelFileInfo) -> () in TulsiGenerator.PBXTargetGenerator.registerRuleEntryForIndexer(_: TulsiGenerator.RuleEntry, ruleEntryMap: TulsiGenerator.RuleEntryMap, pathFilters: Swift.Set<Swift.String>, processedEntries: inout [TulsiGenerator.RuleEntry : __C.NSOrderedSet]) -> () in libtulsi_generator_lib.a(PBXTargetGenerator.swift.o)
      TulsiGenerator.PBXTargetGenerator.(generateUniqueNamesForRuleEntries in _9BC2D135E4F1D200D8B700936548BDC4)(Swift.Set<TulsiGenerator.RuleEntry>) -> [Swift.String : TulsiGenerator.RuleEntry] in libtulsi_generator_lib.a(PBXTargetGenerator.swift.o)
      TulsiGenerator.RuleEntryMap.ruleEntry(buildLabel: TulsiGenerator.BuildLabel, deploymentTarget: TulsiGenerator.DeploymentTarget) -> TulsiGenerator.RuleEntry? in libtulsi_generator_lib.a(RuleEntryMap.swift.o)
      TulsiGenerator.ApplicationSupport.init(fileManager: __C.NSFileManager) -> TulsiGenerator.ApplicationSupport? in libtulsi_generator_lib.a(TulsiApplicationSupport.swift.o)
      static TulsiGenerator.XcodeProjectGenerator.projectSDKROOT<A where A: Swift.Sequence, A.Element == TulsiGenerator.RuleEntry>(A) -> Swift.String? in libtulsi_generator_lib.a(XcodeProjectGenerator.swift.o)
      ...
  "(extension in Swift):Swift.Collection.prefix(Swift.Int) -> A.SubSequence", referenced from:
      static TulsiGenerator.BazelErrorExtractor.firstErrorLinesFromString(_: Swift.String, maxErrors: Swift.Int) -> Swift.String? in libtulsi_generator_lib.a(BazelErrorExtractor.swift.o)
      Tulsi.SplashScreenWindowController.(getRecentDocumentViewControllers in _F72045738B417E186D8E7F4140D79441)() -> [Tulsi.SplashScreenRecentDocumentViewController] in libtulsi_lib.a(SplashScreenWindowController.swift.o)
  "(extension in Swift):Swift.Collection.suffix(from: A.Index) -> A.SubSequence", referenced from:
      closure #1 () -> Swift.String? in TulsiGenerator.BuildLabel.asFileName.getter : Swift.String? in libtulsi_generator_lib.a(BuildLabel.swift.o)
  "(extension in Swift):Swift.Collection.isEmpty.getter : Swift.Bool", referenced from:
      TulsiGenerator.BazelAspectInfoExtractor.extractRuleEntriesForLabels(_: [TulsiGenerator.BuildLabel], startupOptions: [Swift.String], buildOptions: [Swift.String], compilationMode: Swift.String?, platformConfig: Swift.String?, prioritizeSwift: Swift.Bool?, useArm64_32: Swift.Bool?, features: Swift.Set<TulsiGenerator.BazelSettingFeature>) throws -> TulsiGenerator.RuleEntryMap in libtulsi_generator_lib.a(BazelAspectInfoExtractor.swift.o)
      TulsiGenerator.BazelAspectInfoExtractor.logQueuedInfoMessages() -> () in libtulsi_generator_lib.a(BazelAspectInfoExtractor.swift.o)
      TulsiGenerator.BazelAspectInfoExtractor.hasQueuedInfoMessages.getter : Swift.Bool in libtulsi_generator_lib.a(BazelAspectInfoExtractor.swift.o)
      (extension in TulsiGenerator):Swift.Array<A where A: TulsiGenerator.Pythonable>.toPython(Swift.String) -> Swift.String in libtulsi_generator_lib.a(BazelBuildSettings.swift.o)
      TulsiGenerator.BazelFlags.isEmpty.getter : Swift.Bool in libtulsi_generator_lib.a(BazelBuildSettings.swift.o)
      static TulsiGenerator.BazelErrorExtractor.firstErrorLinesFromString(_: Swift.String, maxErrors: Swift.Int) -> Swift.String? in libtulsi_generator_lib.a(BazelErrorExtractor.swift.o)
      TulsiGenerator.BazelQueryInfoExtractor.extractTargetRulesFromPackages([Swift.String]) -> [TulsiGenerator.RuleInfo] in libtulsi_generator_lib.a(BazelQueryInfoExtractor.swift.o)
      ...
  "(extension in Swift):Swift.Collection.dropLast(Swift.Int) -> A.SubSequence", referenced from:
      closure #1 (TulsiGenerator.ProcessRunner.CompletionInfo) -> () in TulsiGenerator.CommandLineSplitter.splitCommandLine(Swift.String) -> [Swift.String]? in libtulsi_generator_lib.a(CommandLineSplitter.swift.o)
     (maybe you meant: default argument 0 of (extension in Swift):Swift.Collection.dropLast(Swift.Int) -> A.SubSequence)
  "(extension in Swift):Swift.Collection.dropFirst(Swift.Int) -> A.SubSequence", referenced from:
      TulsiGenerator.BazelWorkspacePathInfoFetcher.(extractWorkspaceInfo in _FBCC8FB73C67954075CF626E480CE18B)(__C.NSString) -> () in libtulsi_generator_lib.a(BazelWorkspacePathInfoFetcher.swift.o)
      TulsiGenerator.XcodeProjectGenerator.(PathTrie in _3D27909A8CA7F8C4C4BE25046CB74F8B).PathNode.addPath<A where A: Swift.Collection, A.Element == Swift.String>(A) -> () in libtulsi_generator_lib.a(XcodeProjectGenerator.swift.o)
      Tulsi.TulsiCommandlineParser.init() -> Tulsi.TulsiCommandlineParser in libtulsi_lib.a(TulsiCommandlineParser.swift.o)
     (maybe you meant: default argument 0 of (extension in Swift):Swift.Collection.dropFirst(Swift.Int) -> A.SubSequence)
  "(extension in Swift):Swift.Collection.subscript.getter : <A where A1: Swift.RangeExpression, A.Index == A1.Bound>(A1) -> A.SubSequence", referenced from:
      TulsiGenerator.BazelBuildEvent.init(eventDictionary: [Swift.String : Swift.AnyObject]) -> TulsiGenerator.BazelBuildEvent in libtulsi_generator_lib.a(BazelBuildEvents.swift.o)
      static TulsiGenerator.PBXTargetGenerator.indexerNameForTargetName(_: Swift.String, hash: Swift.Int, suffix: Swift.String?) -> Swift.String in libtulsi_generator_lib.a(PBXTargetGenerator.swift.o)
      static TulsiGenerator.PBXTargetGenerator.mainGroupForOutputFolder(_: Foundation.URL, workspaceRootURL: Foundation.URL) -> TulsiGenerator.PBXGroup in libtulsi_generator_lib.a(PBXTargetGenerator.swift.o)
      TulsiGenerator.PBXTargetGenerator.(addLocalSettings in _9BC2D135E4F1D200D8B700936548BDC4)(_: TulsiGenerator.RuleEntry, localDefines: inout Swift.Set<Swift.String>, localIncludes: __C.NSMutableOrderedSet, otherCFlags: __C.NSMutableArray, swiftIncludePaths: __C.NSMutableOrderedSet, otherSwiftFlags: __C.NSMutableArray) -> () in libtulsi_generator_lib.a(PBXTargetGenerator.swift.o)
      closure #2 (Swift.String) -> Swift.String in TulsiGenerator.PBXTargetGenerator.(pathFilterFunc in _9BC2D135E4F1D200D8B700936548BDC4)(Swift.Set<Swift.String>) -> (Swift.String) -> Swift.Bool in libtulsi_generator_lib.a(PBXTargetGenerator.swift.o)
      Tulsi.TulsiGeneratorConfigDocument.read(from: Foundation.URL, ofType: Swift.String) throws -> () in libtulsi_lib.a(TulsiGeneratorConfigDocument.swift.o)
      Tulsi.HeadlessTulsiProjectCreator.(extractBazelPackages in _59287010C6E6E60CCC879AF7B9DF6695)([Swift.String]) -> Swift.Set<Swift.String> in libtulsi_lib.a(HeadlessTulsiProjectCreator.swift.o)
      ...
  "(extension in Swift):Swift.Collection< where A.Element: Swift.Equatable>.index(of: A.Element) -> A.Index?", referenced from:
      Tulsi.ConfigEditorWizardViewController.(_pageController in _E1B0C66A372D50B5F2B756A9F9AAEAE1)(_: __C.NSPageController, prepareViewController: __C.NSViewController, withObject: Swift.AnyObject) -> () in libtulsi_lib.a(ConfigEditorWizardViewController.swift.o)
  "(extension in Swift):Swift.Collection< where A.Iterator == Swift.IndexingIterator<A>>.makeIterator() -> Swift.IndexingIterator<A>", referenced from:
      MakeBazelFileInfos #1 (Swift.String) -> [TulsiGenerator.BazelFileInfo] in parseTulsiTargetFileImpl #1 (Swift.String) throws -> TulsiGenerator.RuleEntry in TulsiGenerator.BazelAspectInfoExtractor.(extractRuleEntriesFromArtifacts in _F5D2D87286505E9AC6917BB651D4E8CB)(_: Swift.Set<Swift.String>, progressNotifier: TulsiGenerator.ProgressNotifier?) -> TulsiGenerator.RuleEntryMap in libtulsi_generator_lib.a(BazelAspectInfoExtractor.swift.o)
      appendGeneratedSourceArtifacts #1 (_: [[Swift.String : Swift.AnyObject]], to: inout [TulsiGenerator.BazelFileInfo]) -> () in parseTulsiTargetFileImpl #1 (Swift.String) throws -> TulsiGenerator.RuleEntry in TulsiGenerator.BazelAspectInfoExtractor.(extractRuleEntriesFromArtifacts in _F5D2D87286505E9AC6917BB651D4E8CB)(_: Swift.Set<Swift.String>, progressNotifier: TulsiGenerator.ProgressNotifier?) -> TulsiGenerator.RuleEntryMap in libtulsi_generator_lib.a(BazelAspectInfoExtractor.swift.o)
      TulsiGenerator.BazelAspectInfoExtractor.logQueuedInfoMessages() -> () in libtulsi_generator_lib.a(BazelAspectInfoExtractor.swift.o)
      TulsiGenerator.BazelBuildEvent.init(eventDictionary: [Swift.String : Swift.AnyObject]) -> TulsiGenerator.BazelBuildEvent in libtulsi_generator_lib.a(BazelBuildEvents.swift.o)
      (extension in TulsiGenerator):Swift.Array<A where A: TulsiGenerator.Pythonable>.toPython(Swift.String) -> Swift.String in libtulsi_generator_lib.a(BazelBuildSettings.swift.o)
      static TulsiGenerator.BazelErrorExtractor.firstErrorLinesFromString(_: Swift.String, maxErrors: Swift.Int) -> Swift.String? in libtulsi_generator_lib.a(BazelErrorExtractor.swift.o)
      isNewLogMessage #1 (Swift.String) -> Swift.Bool in static TulsiGenerator.BazelErrorExtractor.firstErrorLinesFromString(_: Swift.String, maxErrors: Swift.Int) -> Swift.String? in libtulsi_generator_lib.a(BazelErrorExtractor.swift.o)
      ...
  "static (extension in Swift):Swift.RangeReplaceableCollection.+ infix<A where A1: Swift.Sequence, A.Element == A1.Element>(A1, A) -> A", referenced from:
      TulsiGenerator.RuleEntry.init(label: TulsiGenerator.BuildLabel, type: Swift.String, attributes: [Swift.String : Swift.AnyObject], artifacts: [TulsiGenerator.BazelFileInfo], sourceFiles: [TulsiGenerator.BazelFileInfo], nonARCSourceFiles: [TulsiGenerator.BazelFileInfo], dependencies: Swift.Set<TulsiGenerator.BuildLabel>, testDependencies: Swift.Set<TulsiGenerator.BuildLabel>, frameworkImports: [TulsiGenerator.BazelFileInfo], secondaryArtifacts: [TulsiGenerator.BazelFileInfo], weakDependencies: Swift.Set<TulsiGenerator.BuildLabel>?, extensions: Swift.Set<TulsiGenerator.BuildLabel>?, bundleID: Swift.String?, bundleName: Swift.String?, productType: TulsiGenerator.PBXTarget.ProductType?, extensionBundleID: Swift.String?, platformType: Swift.String?, osDeploymentTarget: Swift.String?, buildFilePath: Swift.String?, objcDefines: [Swift.String]?, swiftDefines: [Swift.String]?, includePaths: [(Swift.String, Swift.Bool)]?, swiftLanguageVersion: Swift.String?, swiftToolchain: Swift.String?, swiftTransitiveModules: [TulsiGenerator.BazelFileInfo], objCModuleMaps: [TulsiGenerator.BazelFileInfo], moduleName: Swift.String?, extensionType: Swift.String?, xcodeVersion: Swift.String?) -> TulsiGenerator.RuleEntry in libtulsi_generator_lib.a(RuleEntry.swift.o)
  "static (extension in Swift):Swift.RangeReplaceableCollection.+ infix<A where A1: Swift.RangeReplaceableCollection, A.Element == A1.Element>(A, A1) -> A", referenced from:
      closure #1 () -> Swift.String? in TulsiGenerator.BuildLabel.asFileName.getter : Swift.String? in libtulsi_generator_lib.a(BuildLabel.swift.o)
  "static (extension in Swift):Swift.RangeReplaceableCollection.+= infix<A where A1: Swift.Sequence, A.Element == A1.Element>(inout A, A1) -> ()", referenced from:
      (extension in TulsiGenerator):Foundation.URL.relativePathTo(Foundation.URL) -> Swift.String? in libtulsi_generator_lib.a(NSURLExtensions.swift.o)
  "(extension in Swift):Swift.RangeReplaceableCollection< where A: Swift.BidirectionalCollection>.popLast() -> A.Element?", referenced from:
      mergeIndexers #1 <A where A: Swift.Sequence, A.Element == TulsiGenerator.PBXTargetGenerator.(IndexerData in _9BC2D135E4F1D200D8B700936548BDC4)>(A) -> [Swift.String : TulsiGenerator.PBXTargetGenerator.(IndexerData in _9BC2D135E4F1D200D8B700936548BDC4)] in TulsiGenerator.PBXTargetGenerator.(mergeRegisteredIndexers in _9BC2D135E4F1D200D8B700936548BDC4)() -> () in libtulsi_generator_lib.a(PBXTargetGenerator.swift.o)
  "(extension in Foundation):Swift.Range< where A == Swift.Int>.init(__C._NSRange) -> Swift.Range<Swift.Int>?", referenced from:
      Tulsi.OptionsEditorController.(reloadDataForItem in _3E2C05B98F0DA96613930429AE126745)(Swift.AnyObject?) -> () in libtulsi_lib.a(OptionsEditorController.swift.o)
  "Swift.Range.init(uncheckedBounds: (lower: A, upper: A)) -> Swift.Range<A>", referenced from:
      closure #1 () -> Swift.String? in TulsiGenerator.BuildLabel.packageName.getter : Swift.String? in libtulsi_generator_lib.a(BuildLabel.swift.o)
      TulsiGenerator.PBXProject.createGroupsAndFileReferenceForPath(_: Swift.String, underGroup: TulsiGenerator.PBXGroup) -> (Swift.Set<TulsiGenerator.PBXGroup>, TulsiGenerator.PBXFileReference) in libtulsi_generator_lib.a(PBXObjects.swift.o)
      closure #1 (Swift.String) -> () in environmentVariables #1 (for: TulsiGenerator.RuleEntry) -> [Swift.String : Swift.String] in TulsiGenerator.XcodeProjectGenerator.(installXcodeSchemesForProjectInfo in _3D27909A8CA7F8C4C4BE25046CB74F8B)(_: TulsiGenerator.XcodeProjectGenerator.(GeneratedProjectInfo in _3D27909A8CA7F8C4C4BE25046CB74F8B), projectURL: Foundation.URL, projectBundleName: Swift.String) throws -> () in libtulsi_generator_lib.a(XcodeProjectGenerator.swift.o)
      Tulsi.ConfigEditorSourceFilterViewController.(populateOutlineView in _D662C3E634D8A7BBE011ADD96F19B9E0)([Tulsi.UISourcePath]) -> () in libtulsi_lib.a(ConfigEditorSourceFilterViewController.swift.o)
      Tulsi.MessageViewController.tableViewColumnDidResize(Foundation.Notification) -> () in libtulsi_lib.a(MessageViewController.swift.o)
      setColumnsSelectedForRow #1 (_: Swift.Int, selected: Swift.Bool) -> () in Tulsi.OptionsEditorController.outlineView(_: __C.NSOutlineView, shouldSelectItem: Any) -> Swift.Bool in libtulsi_lib.a(OptionsEditorController.swift.o)
      Tulsi.OptionsEditorController.(reloadDataForItem in _3E2C05B98F0DA96613930429AE126745)(Swift.AnyObject?) -> () in libtulsi_lib.a(OptionsEditorController.swift.o)
      ...
  "Swift.Range.isEmpty.getter : Swift.Bool", referenced from:
      Tulsi.HeadlessTulsiProjectCreator.(extractBazelPackages in _59287010C6E6E60CCC879AF7B9DF6695)([Swift.String]) -> Swift.Set<Swift.String> in libtulsi_lib.a(HeadlessTulsiProjectCreator.swift.o)
  "type metadata accessor for Swift.Range", referenced from:
      type metadata accessor for Swift.Range<Swift.Int> in libtulsi_generator_lib.a(PBXObjects.swift.o)
      type metadata accessor for Swift.Range<Swift.Int> in libtulsi_lib.a(ConfigEditorSourceFilterViewController.swift.o)
      type metadata accessor for Swift.Range<Swift.Int> in libtulsi_lib.a(OptionsEditorController.swift.o)
      type metadata accessor for Swift.Range<Swift.String.Index> in libtulsi_lib.a(HeadlessTulsiProjectCreator.swift.o)
  "protocol conformance descriptor for < where A: Swift.Strideable, A.Stride: Swift.SignedInteger> Swift.Range<A> : Swift.Collection in Swift", referenced from:
      lazy protocol witness table accessor for type Swift.Range<Swift.Int> and conformance < where A: Swift.Strideable, A.Stride: Swift.SignedInteger> Swift.Range<A> : Swift.Collection in Swift in libtulsi_generator_lib.a(PBXObjects.swift.o)
      lazy protocol witness table accessor for type Swift.Range<Swift.Int> and conformance < where A: Swift.Strideable, A.Stride: Swift.SignedInteger> Swift.Range<A> : Swift.Collection in Swift in libtulsi_lib.a(ConfigEditorSourceFilterViewController.swift.o)
      lazy protocol witness table accessor for type Swift.Range<Swift.Int> and conformance < where A: Swift.Strideable, A.Stride: Swift.SignedInteger> Swift.Range<A> : Swift.Collection in Swift in libtulsi_lib.a(OptionsEditorController.swift.o)
  "(extension in Dispatch):__C.OS_dispatch_group.wait(timeout: Dispatch.DispatchTime) -> Dispatch.DispatchTimeoutResult", referenced from:
      closure #2 (__C.NSTask) -> () in TulsiGenerator.ProcessRunner.(createProcess in _F89DABAFE844AC5CA1B763CAFAD9B278)(_: Swift.String, arguments: [Swift.String], environment: [Swift.String : Swift.String]?, messageLogger: TulsiGenerator.LocalizedMessageLogger?, loggingIdentifier: Swift.String?, terminationHandler: (TulsiGenerator.ProcessRunner.CompletionInfo) -> ()) -> __C.NSTask in libtulsi_generator_lib.a(ProcessRunner.swift.o)
  "static (extension in Dispatch):__C.OS_dispatch_queue.Attributes.concurrent.getter : (extension in Dispatch):__C.OS_dispatch_queue.Attributes", referenced from:
      TulsiGenerator.BazelAspectInfoExtractor.(extractRuleEntriesFromArtifacts in _F5D2D87286505E9AC6917BB651D4E8CB)(_: Swift.Set<Swift.String>, progressNotifier: TulsiGenerator.ProgressNotifier?) -> TulsiGenerator.RuleEntryMap in libtulsi_generator_lib.a(BazelAspectInfoExtractor.swift.o)
  "type metadata accessor for (extension in Dispatch):__C.OS_dispatch_queue.Attributes", referenced from:
      TulsiGenerator.BazelAspectInfoExtractor.(extractRuleEntriesFromArtifacts in _F5D2D87286505E9AC6917BB651D4E8CB)(_: Swift.Set<Swift.String>, progressNotifier: TulsiGenerator.ProgressNotifier?) -> TulsiGenerator.RuleEntryMap in libtulsi_generator_lib.a(BazelAspectInfoExtractor.swift.o)
      Tulsi.(main in _54889CDB73DF4DC25B8AC2F5AB42D120)() -> () in libtulsi_lib.a(main.swift.o)
      lazy protocol witness table accessor for type (extension in Dispatch):__C.OS_dispatch_queue.Attributes and conformance (extension in Dispatch):__C.OS_dispatch_queue.Attributes : Swift.SetAlgebra in Dispatch in libtulsi_lib.a(main.swift.o)
  "protocol conformance descriptor for (extension in Dispatch):__C.OS_dispatch_queue.Attributes : Swift.SetAlgebra in Dispatch", referenced from:
      lazy protocol witness table accessor for type (extension in Dispatch):__C.OS_dispatch_queue.Attributes and conformance (extension in Dispatch):__C.OS_dispatch_queue.Attributes : Swift.SetAlgebra in Dispatch in libtulsi_lib.a(main.swift.o)
  "enum case for (extension in Dispatch):__C.OS_dispatch_queue.AutoreleaseFrequency.inherit((extension in Dispatch):__C.OS_dispatch_queue.AutoreleaseFrequency.Type) -> (extension in Dispatch):__C.OS_dispatch_queue.AutoreleaseFrequency", referenced from:
      default argument 3 of (extension in Dispatch):__C.OS_dispatch_queue.init(label: Swift.String, qos: Dispatch.DispatchQoS, attributes: (extension in Dispatch):__C.OS_dispatch_queue.Attributes, autoreleaseFrequency: (extension in Dispatch):__C.OS_dispatch_queue.AutoreleaseFrequency, target: __C.OS_dispatch_queue?) -> __C.OS_dispatch_queue in libtulsi_generator_lib.a(BazelAspectInfoExtractor.swift.o)
      default argument 3 of (extension in Dispatch):__C.OS_dispatch_queue.init(label: Swift.String, qos: Dispatch.DispatchQoS, attributes: (extension in Dispatch):__C.OS_dispatch_queue.Attributes, autoreleaseFrequency: (extension in Dispatch):__C.OS_dispatch_queue.AutoreleaseFrequency, target: __C.OS_dispatch_queue?) -> __C.OS_dispatch_queue in libtulsi_lib.a(main.swift.o)
  "type metadata accessor for (extension in Dispatch):__C.OS_dispatch_queue.AutoreleaseFrequency", referenced from:
      TulsiGenerator.BazelAspectInfoExtractor.(extractRuleEntriesFromArtifacts in _F5D2D87286505E9AC6917BB651D4E8CB)(_: Swift.Set<Swift.String>, progressNotifier: TulsiGenerator.ProgressNotifier?) -> TulsiGenerator.RuleEntryMap in libtulsi_generator_lib.a(BazelAspectInfoExtractor.swift.o)
      default argument 3 of (extension in Dispatch):__C.OS_dispatch_queue.init(label: Swift.String, qos: Dispatch.DispatchQoS, attributes: (extension in Dispatch):__C.OS_dispatch_queue.Attributes, autoreleaseFrequency: (extension in Dispatch):__C.OS_dispatch_queue.AutoreleaseFrequency, target: __C.OS_dispatch_queue?) -> __C.OS_dispatch_queue in libtulsi_generator_lib.a(BazelAspectInfoExtractor.swift.o)
      Tulsi.(main in _54889CDB73DF4DC25B8AC2F5AB42D120)() -> () in libtulsi_lib.a(main.swift.o)
      default argument 3 of (extension in Dispatch):__C.OS_dispatch_queue.init(label: Swift.String, qos: Dispatch.DispatchQoS, attributes: (extension in Dispatch):__C.OS_dispatch_queue.Attributes, autoreleaseFrequency: (extension in Dispatch):__C.OS_dispatch_queue.AutoreleaseFrequency, target: __C.OS_dispatch_queue?) -> __C.OS_dispatch_queue in libtulsi_lib.a(main.swift.o)
  "static (extension in Dispatch):__C.OS_dispatch_queue.main.getter : __C.OS_dispatch_queue", referenced from:
      Tulsi.ProjectEditorPackageManagerViewController.viewDidAppear() -> () in libtulsi_lib.a(ProjectEditorPackageManagerViewController.swift.o)
      static (extension in TulsiGenerator):__C.NSThread.doOnMainQueue(() -> ()) -> () in libtulsi_generator_lib.a(NSThreadExtensions.swift.o)
  "(extension in Dispatch):__C.OS_dispatch_queue.sync<A>(flags: Dispatch.DispatchWorkItemFlags, execute: () throws -> A) throws -> A", referenced from:
      TulsiGenerator.BazelAspectInfoExtractor.(extractRuleEntriesFromArtifacts in _F5D2D87286505E9AC6917BB651D4E8CB)(_: Swift.Set<Swift.String>, progressNotifier: TulsiGenerator.ProgressNotifier?) -> TulsiGenerator.RuleEntryMap in libtulsi_generator_lib.a(BazelAspectInfoExtractor.swift.o)
  "(extension in Dispatch):__C.OS_dispatch_queue.async(group: __C.OS_dispatch_group?, qos: Dispatch.DispatchQoS, flags: Dispatch.DispatchWorkItemFlags, execute: @convention(block) () -> ()) -> ()", referenced from:
      TulsiGenerator.BazelAspectInfoExtractor.(extractRuleEntriesFromArtifacts in _F5D2D87286505E9AC6917BB651D4E8CB)(_: Swift.Set<Swift.String>, progressNotifier: TulsiGenerator.ProgressNotifier?) -> TulsiGenerator.RuleEntryMap in libtulsi_generator_lib.a(BazelAspectInfoExtractor.swift.o)
      Tulsi.ProjectEditorPackageManagerViewController.viewDidAppear() -> () in libtulsi_lib.a(ProjectEditorPackageManagerViewController.swift.o)
      static (extension in TulsiGenerator):__C.NSThread.doOnMainQueue(() -> ()) -> () in libtulsi_generator_lib.a(NSThreadExtensions.swift.o)
      static (extension in TulsiGenerator):__C.NSThread.doOnQOSUserInitiatedThread(() -> ()) -> () in libtulsi_generator_lib.a(NSThreadExtensions.swift.o)
      Tulsi.(main in _54889CDB73DF4DC25B8AC2F5AB42D120)() -> () in libtulsi_lib.a(main.swift.o)
     (maybe you meant: default argument 0 of (extension in Dispatch):__C.OS_dispatch_queue.async(group: __C.OS_dispatch_group?, qos: Dispatch.DispatchQoS, flags: Dispatch.DispatchWorkItemFlags, execute: @convention(block) () -> ()) -> (), default argument 2 of (extension in Dispatch):__C.OS_dispatch_queue.async(group: __C.OS_dispatch_group?, qos: Dispatch.DispatchQoS, flags: Dispatch.DispatchWorkItemFlags, execute: @convention(block) () -> ()) -> () , default argument 1 of (extension in Dispatch):__C.OS_dispatch_queue.async(group: __C.OS_dispatch_group?, qos: Dispatch.DispatchQoS, flags: Dispatch.DispatchWorkItemFlags, execute: @convention(block) () -> ()) -> () )
  "(extension in Dispatch):__C.OS_dispatch_queue.init(label: Swift.String, qos: Dispatch.DispatchQoS, attributes: (extension in Dispatch):__C.OS_dispatch_queue.Attributes, autoreleaseFrequency: (extension in Dispatch):__C.OS_dispatch_queue.AutoreleaseFrequency, target: __C.OS_dispatch_queue?) -> __C.OS_dispatch_queue", referenced from:
      TulsiGenerator.BazelAspectInfoExtractor.(extractRuleEntriesFromArtifacts in _F5D2D87286505E9AC6917BB651D4E8CB)(_: Swift.Set<Swift.String>, progressNotifier: TulsiGenerator.ProgressNotifier?) -> TulsiGenerator.RuleEntryMap in libtulsi_generator_lib.a(BazelAspectInfoExtractor.swift.o)
      Tulsi.(main in _54889CDB73DF4DC25B8AC2F5AB42D120)() -> () in libtulsi_lib.a(main.swift.o)
  "static (extension in Dispatch):__C.OS_dispatch_queue.global(qos: Dispatch.DispatchQoS.QoSClass) -> __C.OS_dispatch_queue", referenced from:
      static (extension in TulsiGenerator):__C.NSThread.doOnQOSUserInitiatedThread(() -> ()) -> () in libtulsi_generator_lib.a(NSThreadExtensions.swift.o)
  "(extension in Dispatch):__C.OS_dispatch_semaphore.wait(timeout: Dispatch.DispatchTime) -> Dispatch.DispatchTimeoutResult", referenced from:
      static TulsiGenerator.ProcessRunner.launchProcessSync(_: Swift.String, arguments: [Swift.String], environment: [Swift.String : Swift.String]?, messageLogger: TulsiGenerator.LocalizedMessageLogger?, loggingIdentifier: Swift.String?) -> TulsiGenerator.ProcessRunner.CompletionInfo in libtulsi_generator_lib.a(ProcessRunner.swift.o)
      TulsiGenerator.BazelAspectInfoExtractor.(extractRuleEntriesUsingBEP in _F5D2D87286505E9AC6917BB651D4E8CB)(_: [TulsiGenerator.BuildLabel], startupOptions: [Swift.String], buildOptions: [Swift.String], compilationMode: Swift.String?, platformConfig: Swift.String?, prioritizeSwift: Swift.Bool?, useArm64_32: Swift.Bool?, features: Swift.Set<TulsiGenerator.BazelSettingFeature>) throws -> TulsiGenerator.RuleEntryMap in libtulsi_generator_lib.a(BazelAspectInfoExtractor.swift.o)
      closure #1 () -> () in TulsiGenerator.BazelAspectInfoExtractor.(extractRuleEntriesFromArtifacts in _F5D2D87286505E9AC6917BB651D4E8CB)(_: Swift.Set<Swift.String>, progressNotifier: TulsiGenerator.ProgressNotifier?) -> TulsiGenerator.RuleEntryMap in libtulsi_generator_lib.a(BazelAspectInfoExtractor.swift.o)
      static TulsiGenerator.BazelLocator.bazelURL.getter : Foundation.URL? in libtulsi_generator_lib.a(BazelLocator.swift.o)
      TulsiGenerator.BazelQueryInfoExtractor.(bazelSynchronousQueryProcess in _EB283E3D0F00A9083704ACE385FB78E0)(_: Swift.String, outputKind: Swift.String?, additionalArguments: [Swift.String], message: Swift.String, loggingIdentifier: Swift.String?) throws -> (bazelProcess: __C.NSTask, returnedData: Foundation.Data, stderrString: Swift.String?, debugInfo: Swift.String) in libtulsi_generator_lib.a(BazelQueryInfoExtractor.swift.o)
      TulsiGenerator.BazelWorkspacePathInfoFetcher.(waitForCompletion in _FBCC8FB73C67954075CF626E480CE18B)() -> () in libtulsi_generator_lib.a(BazelWorkspacePathInfoFetcher.swift.o)
      TulsiGenerator.CommandLineSplitter.splitCommandLine(Swift.String) -> [Swift.String]? in libtulsi_generator_lib.a(CommandLineSplitter.swift.o)
      ...
  "(extension in Dispatch):__C.OS_dispatch_semaphore.signal() -> Swift.Int", referenced from:
      closure #1 (TulsiGenerator.ProcessRunner.CompletionInfo) -> () in static TulsiGenerator.ProcessRunner.launchProcessSync(_: Swift.String, arguments: [Swift.String], environment: [Swift.String : Swift.String]?, messageLogger: TulsiGenerator.LocalizedMessageLogger?, loggingIdentifier: Swift.String?) -> TulsiGenerator.ProcessRunner.CompletionInfo in libtulsi_generator_lib.a(ProcessRunner.swift.o)
      $defer #1 () -> () in closure #2 (__C.NSTask, Swift.String) -> () in TulsiGenerator.BazelAspectInfoExtractor.(extractRuleEntriesUsingBEP in _F5D2D87286505E9AC6917BB651D4E8CB)(_: [TulsiGenerator.BuildLabel], startupOptions: [Swift.String], buildOptions: [Swift.String], compilationMode: Swift.String?, platformConfig: Swift.String?, prioritizeSwift: Swift.Bool?, useArm64_32: Swift.Bool?, features: Swift.Set<TulsiGenerator.BazelSettingFeature>) throws -> TulsiGenerator.RuleEntryMap in libtulsi_generator_lib.a(BazelAspectInfoExtractor.swift.o)
      closure #1 () -> () in TulsiGenerator.BazelAspectInfoExtractor.(extractRuleEntriesFromArtifacts in _F5D2D87286505E9AC6917BB651D4E8CB)(_: Swift.Set<Swift.String>, progressNotifier: TulsiGenerator.ProgressNotifier?) -> TulsiGenerator.RuleEntryMap in libtulsi_generator_lib.a(BazelAspectInfoExtractor.swift.o)
      $defer #1 () -> () in closure #1 (TulsiGenerator.ProcessRunner.CompletionInfo) -> () in static TulsiGenerator.BazelLocator.bazelURL.getter : Foundation.URL? in libtulsi_generator_lib.a(BazelLocator.swift.o)
      closure #1 (__C.NSTask, Foundation.Data, Swift.String?, Swift.String) -> () in TulsiGenerator.BazelQueryInfoExtractor.(bazelSynchronousQueryProcess in _EB283E3D0F00A9083704ACE385FB78E0)(_: Swift.String, outputKind: Swift.String?, additionalArguments: [Swift.String], message: Swift.String, loggingIdentifier: Swift.String?) throws -> (bazelProcess: __C.NSTask, returnedData: Foundation.Data, stderrString: Swift.String?, debugInfo: Swift.String) in libtulsi_generator_lib.a(BazelQueryInfoExtractor.swift.o)
      TulsiGenerator.BazelWorkspacePathInfoFetcher.(waitForCompletion in _FBCC8FB73C67954075CF626E480CE18B)() -> () in libtulsi_generator_lib.a(BazelWorkspacePathInfoFetcher.swift.o)
      $defer #1 () -> () in closure #1 (TulsiGenerator.ProcessRunner.CompletionInfo) -> () in TulsiGenerator.BazelWorkspacePathInfoFetcher.(fetchWorkspaceInfo in _FBCC8FB73C67954075CF626E480CE18B)() -> () in libtulsi_generator_lib.a(BazelWorkspacePathInfoFetcher.swift.o)
      ...
  "(extension in AppKit):__C.CGRect.fill(using: __C.NSCompositingOperation) -> ()", referenced from:
      Tulsi.TextTableCellView.draw(__C.CGRect) -> () in libtulsi_lib.a(OptionsEditorController.swift.o)
     (maybe you meant: default argument 0 of (extension in AppKit):__C.CGRect.fill(using: __C.NSCompositingOperation) -> ())
  "protocol conformance descriptor for __C.NSArray : Swift.Sequence in Foundation", referenced from:
      lazy protocol witness table accessor for type __C.NSArray and conformance __C.NSArray : Swift.Sequence in Foundation in libtulsi_lib.a(BazelSelectionPanel.swift.o)
      lazy protocol witness table accessor for type __C.NSArray and conformance __C.NSArray : Swift.Sequence in Foundation in libtulsi_lib.a(TulsiProjectDocument.swift.o)
  "static (extension in AppKit):__C.NSSound.beep() -> ()", referenced from:
      Tulsi.ProjectEditorConfigManagerViewController.(didClickAddConfig in _DD6C42412B746E73D9C2F62EBA95785F)(Swift.AnyObject?) -> () in libtulsi_lib.a(ProjectEditorConfigManagerViewController.swift.o)
      closure #2 (__C.NSModalResponse) -> () in Tulsi.ProjectEditorPackageManagerViewController.didClickAddBUILDFile(Swift.AnyObject?) -> () in libtulsi_lib.a(ProjectEditorPackageManagerViewController.swift.o)
  "protocol conformance descriptor for __C.NSObject : Swift.Hashable in ObjectiveC", referenced from:
      lazy protocol witness table accessor for type __C.NSTask and conformance __C.NSObject : Swift.Hashable in ObjectiveC in libtulsi_generator_lib.a(ProcessRunner.swift.o)
  "protocol conformance descriptor for __C.NSObject : Swift.CustomStringConvertible in Foundation", referenced from:
      lazy protocol witness table accessor for type __C.NSNumber and conformance __C.NSObject : Swift.CustomStringConvertible in Foundation in libtulsi_generator_lib.a(ProcessRunner.swift.o)
      lazy protocol witness table accessor for type __C.NSError and conformance __C.NSObject : Swift.CustomStringConvertible in Foundation in libtulsi_generator_lib.a(PBXTargetGenerator.swift.o)
      lazy protocol witness table accessor for type __C.NSString and conformance __C.NSObject : Swift.CustomStringConvertible in Foundation in libtulsi_generator_lib.a(XcodeProjectGenerator.swift.o)
      lazy protocol witness table accessor for type __C.NSError and conformance __C.NSObject : Swift.CustomStringConvertible in Foundation in libtulsi_lib.a(HeadlessXcodeProjectGenerator.swift.o)
      lazy protocol witness table accessor for type __C.NSDocument and conformance __C.NSObject : Swift.CustomStringConvertible in Foundation in libtulsi_lib.a(HeadlessXcodeProjectGenerator.swift.o)
  "protocol conformance descriptor for __C.NSObject : Swift.CVarArg in ObjectiveC", referenced from:
      lazy protocol witness table accessor for type __C.NSString and conformance __C.NSObject : Swift.CVarArg in ObjectiveC in libtulsi_generator_lib.a(BazelAspectInfoExtractor.swift.o)
      lazy protocol witness table accessor for type __C.NSXMLNode and conformance __C.NSObject : Swift.CVarArg in ObjectiveC in libtulsi_generator_lib.a(BazelQueryInfoExtractor.swift.o)
      lazy protocol witness table accessor for type __C.NSXMLElement and conformance __C.NSObject : Swift.CVarArg in ObjectiveC in libtulsi_generator_lib.a(BazelQueryInfoExtractor.swift.o)
      lazy protocol witness table accessor for type __C.NSURL and conformance __C.NSObject : Swift.CVarArg in ObjectiveC in libtulsi_generator_lib.a(BazelQueryInfoExtractor.swift.o)
      lazy protocol witness table accessor for type __C.NSString and conformance __C.NSObject : Swift.CVarArg in ObjectiveC in libtulsi_generator_lib.a(BazelQueryInfoExtractor.swift.o)
      lazy protocol witness table accessor for type __C.NSURL and conformance __C.NSObject : Swift.CVarArg in ObjectiveC in libtulsi_generator_lib.a(BazelWorkspacePathInfoFetcher.swift.o)
      lazy protocol witness table accessor for type __C.NSString and conformance __C.NSObject : Swift.CVarArg in ObjectiveC in libtulsi_generator_lib.a(BazelWorkspacePathInfoFetcher.swift.o)
      ...
  "(extension in Foundation):__C.NSString.init(stringLiteral: Swift.StaticString) -> __C.NSString", referenced from:
      closure #1 (TulsiGenerator.ProcessRunner.CompletionInfo) -> () in TulsiGenerator.BazelAspectInfoExtractor.(bazelAspectProcessForTargets in _F5D2D87286505E9AC6917BB651D4E8CB)(_: [Swift.String], aspect: Swift.String, startupOptions: [Swift.String], buildOptions: [Swift.String], compilationMode: Swift.String?, platformConfig: Swift.String?, prioritizeSwift: Swift.Bool?, useArm64_32: Swift.Bool?, features: Swift.Set<TulsiGenerator.BazelSettingFeature>, progressNotifier: TulsiGenerator.ProgressNotifier?, terminationHandler: (__C.NSTask, Swift.String) -> ()) -> __C.NSTask? in libtulsi_generator_lib.a(BazelAspectInfoExtractor.swift.o)
      closure #1 (TulsiGenerator.ProcessRunner.CompletionInfo) -> () in TulsiGenerator.BazelQueryInfoExtractor.(bazelQueryProcess in _EB283E3D0F00A9083704ACE385FB78E0)(_: Swift.String, outputKind: Swift.String?, additionalArguments: [Swift.String], message: Swift.String, loggingIdentifier: Swift.String?, terminationHandler: (__C.NSTask, Foundation.Data, Swift.String?, Swift.String) -> ()) throws -> __C.NSTask in libtulsi_generator_lib.a(BazelQueryInfoExtractor.swift.o)
      closure #1 (TulsiGenerator.ProcessRunner.CompletionInfo) -> () in TulsiGenerator.BazelWorkspacePathInfoFetcher.(fetchWorkspaceInfo in _FBCC8FB73C67954075CF626E480CE18B)() -> () in libtulsi_generator_lib.a(BazelWorkspacePathInfoFetcher.swift.o)
      TulsiGenerator.XcodeProjectGenerator.(fetchDefaultSwitchVersion in _3D27909A8CA7F8C4C4BE25046CB74F8B)() -> Swift.String in libtulsi_generator_lib.a(XcodeProjectGenerator.swift.o)
  "Swift.UnsafeMutablePointer.withMemoryRebound<A, B>(to: A1.Type, capacity: Swift.Int, _: (Swift.UnsafeMutablePointer<A1>) throws -> B1) throws -> B1", referenced from:
      Tulsi.SourcePathNode.validateRecursive(Swift.AutoreleasingUnsafeMutablePointer<Swift.AnyObject?>) throws -> () in libtulsi_lib.a(ConfigEditorSourceFilterViewController.swift.o)
      Tulsi.UISelectableOutlineViewNode.validateState(Swift.AutoreleasingUnsafeMutablePointer<Swift.AnyObject?>) throws -> () in libtulsi_lib.a(UISelectableOutlineViewNode.swift.o)
  "Swift.Optional._bridgeToObjectiveC() -> Swift.AnyObject", referenced from:
      Tulsi.TulsiProjectDocument.__deallocating_deinit in libtulsi_lib.a(TulsiProjectDocument.swift.o)
      Tulsi.MessageViewController.loadView() -> () in libtulsi_lib.a(MessageViewController.swift.o)
      Tulsi.ProjectEditorConfigManagerViewController.loadView() -> () in libtulsi_lib.a(ProjectEditorConfigManagerViewController.swift.o)
      Tulsi.ProjectEditorPackageManagerViewController.loadView() -> () in libtulsi_lib.a(ProjectEditorPackageManagerViewController.swift.o)
  "type metadata accessor for Swift.Optional", referenced from:
      TulsiGenerator.ProcessRunner.TimedProcessRunnerObserver.(startLoggingProcessTime in _F89DABAFE844AC5CA1B763CAFAD9B278)(process: __C.NSTask, loggingIdentifier: Swift.String, messageLogger: TulsiGenerator.LocalizedMessageLogger) -> () in libtulsi_generator_lib.a(ProcessRunner.swift.o)
      TulsiGenerator.ProcessRunner.TimedProcessRunnerObserver.(stopLogging in _F89DABAFE844AC5CA1B763CAFAD9B278)(process: __C.NSTask, messageLogger: TulsiGenerator.LocalizedMessageLogger) -> () in libtulsi_generator_lib.a(ProcessRunner.swift.o)
      (extension in TulsiGenerator):Swift.Dictionary< where A == Swift.String, B: TulsiGenerator.Pythonable>.toPython(Swift.String) -> Swift.String in libtulsi_generator_lib.a(BazelBuildSettings.swift.o)
      (extension in TulsiGenerator):Swift.Array<A where A: TulsiGenerator.Pythonable>.toPython(Swift.String) -> Swift.String in libtulsi_generator_lib.a(BazelBuildSettings.swift.o)
      (extension in TulsiGenerator):Swift.Set< where A: TulsiGenerator.Pythonable>.toPython(Swift.String) -> Swift.String in libtulsi_generator_lib.a(BazelBuildSettings.swift.o)
      static TulsiGenerator.BazelLocator.bazelURL.getter : Foundation.URL? in libtulsi_generator_lib.a(BazelLocator.swift.o)
      type metadata accessor for __C.NSError? in libtulsi_generator_lib.a(BazelQueryInfoExtractor.swift.o)
      ...
  "static (extension in Swift):Swift.Optional<A where A: Swift.Equatable>.== infix(A?, A?) -> Swift.Bool", referenced from:
      TulsiGenerator.ProcessRunner.TimedProcessRunnerObserver.observeValue(forKeyPath: Swift.String?, of: Any?, change: [__C.NSKeyValueChangeKey : Any]?, context: Swift.UnsafeMutableRawPointer?) -> () in libtulsi_generator_lib.a(ProcessRunner.swift.o)
      TulsiGenerator.== infix(TulsiGenerator.PBXFileReference, TulsiGenerator.PBXFileReference) -> Swift.Bool in libtulsi_generator_lib.a(PBXObjects.swift.o)
      TulsiGenerator.== infix(TulsiGenerator.PBXGroup, TulsiGenerator.PBXGroup) -> Swift.Bool in libtulsi_generator_lib.a(PBXObjects.swift.o)
      TulsiGenerator.== infix(TulsiGenerator.PBXContainerItemProxy, TulsiGenerator.PBXContainerItemProxy) -> Swift.Bool in libtulsi_generator_lib.a(PBXObjects.swift.o)
      TulsiGenerator.PBXProject.createGroupsAndFileReferenceForPath(_: Swift.String, underGroup: TulsiGenerator.PBXGroup) -> (Swift.Set<TulsiGenerator.PBXGroup>, TulsiGenerator.PBXFileReference) in libtulsi_generator_lib.a(PBXObjects.swift.o)
      TulsiGenerator.PBXTargetGenerator.(IndexerData in _9BC2D135E4F1D200D8B700936548BDC4).canMergeWith(TulsiGenerator.PBXTargetGenerator.(IndexerData in _9BC2D135E4F1D200D8B700936548BDC4)) -> Swift.Bool in libtulsi_generator_lib.a(PBXTargetGenerator.swift.o)
      generateIndexerTargetGraphForRuleEntry #1 (TulsiGenerator.RuleEntry) -> __C.NSOrderedSet in TulsiGenerator.PBXTargetGenerator.registerRuleEntryForIndexer(_: TulsiGenerator.RuleEntry, ruleEntryMap: TulsiGenerator.RuleEntryMap, pathFilters: Swift.Set<Swift.String>, processedEntries: inout [TulsiGenerator.RuleEntry : __C.NSOrderedSet]) -> () in libtulsi_generator_lib.a(PBXTargetGenerator.swift.o)
      ...
  "type metadata for Swift.Substring", referenced from:
      closure #1 () -> Swift.String? in TulsiGenerator.BuildLabel.asFileName.getter : Swift.String? in libtulsi_generator_lib.a(BuildLabel.swift.o)
      lazy protocol witness table accessor for type Swift.Substring and conformance Swift.Substring : Swift.RangeReplaceableCollection in Swift in libtulsi_generator_lib.a(BuildLabel.swift.o)
  "protocol conformance descriptor for Swift.Substring : Swift.RangeReplaceableCollection in Swift", referenced from:
      lazy protocol witness table accessor for type Swift.Substring and conformance Swift.Substring : Swift.RangeReplaceableCollection in Swift in libtulsi_generator_lib.a(BuildLabel.swift.o)
  "dispatch thunk of Swift.IteratorProtocol.next() -> A.Element?", referenced from:
      static TulsiGenerator.XcodeProjectGenerator.projectSDKROOT<A where A: Swift.Sequence, A.Element == TulsiGenerator.RuleEntry>(A) -> Swift.String? in libtulsi_generator_lib.a(XcodeProjectGenerator.swift.o)
      expandTargetLabels #1 <A where A: Swift.Sequence, A.Element == TulsiGenerator.BuildLabel>(A) -> () in TulsiGenerator.XcodeProjectGenerator.(buildXcodeProjectWithMainGroup in _3D27909A8CA7F8C4C4BE25046CB74F8B)(_: TulsiGenerator.PBXGroup, stubInfoPlistPaths: TulsiGenerator.StubInfoPlistPaths) throws -> TulsiGenerator.XcodeProjectGenerator.(GeneratedProjectInfo in _3D27909A8CA7F8C4C4BE25046CB74F8B) in libtulsi_generator_lib.a(XcodeProjectGenerator.swift.o)
  "type metadata for Swift.UInt", referenced from:
      lazy protocol witness table accessor for type Swift.UInt and conformance Swift.UInt : Swift.FixedWidthInteger in Swift in libtulsi_generator_lib.a(BazelAspectInfoExtractor.swift.o)
      lazy protocol witness table accessor for type Swift.UInt and conformance Swift.UInt : Swift.FixedWidthInteger in Swift in libtulsi_generator_lib.a(BazelBuildEvents.swift.o)
      lazy protocol witness table accessor for type Swift.UInt and conformance Swift.UInt : Swift.FixedWidthInteger in Swift in libtulsi_generator_lib.a(PBXProjSerializer.swift.o)
      lazy protocol witness table accessor for type Swift.UInt and conformance Swift.UInt : Swift.FixedWidthInteger in Swift in libtulsi_generator_lib.a(PBXTargetGenerator.swift.o)
      lazy protocol witness table accessor for type Swift.UInt and conformance Swift.UInt : Swift.FixedWidthInteger in Swift in libtulsi_generator_lib.a(TulsiGeneratorConfig.swift.o)
      lazy protocol witness table accessor for type Swift.UInt and conformance Swift.UInt : Swift.FixedWidthInteger in Swift in libtulsi_generator_lib.a(TulsiProject.swift.o)
      lazy protocol witness table accessor for type Swift.UInt and conformance Swift.UInt : Swift.FixedWidthInteger in Swift in libtulsi_generator_lib.a(XcodeProjectGenerator.swift.o)
      ...
  "protocol witness table for Swift.UInt : Swift.Equatable in Swift", referenced from:
      protocol witness for static Swift.Equatable.== infix(A, A) -> Swift.Bool in conformance __C.NSJSONReadingOptions : Swift.Equatable in __C_Synthesized in libtulsi_generator_lib.a(BazelAspectInfoExtractor.swift.o)
      protocol witness for static Swift.Equatable.== infix(A, A) -> Swift.Bool in conformance __C.NSJSONReadingOptions : Swift.Equatable in __C_Synthesized in libtulsi_generator_lib.a(BazelBuildEvents.swift.o)
      protocol witness for static Swift.Equatable.== infix(A, A) -> Swift.Bool in conformance __C.NSRegularExpressionOptions : Swift.Equatable in __C_Synthesized in libtulsi_generator_lib.a(PBXProjSerializer.swift.o)
      protocol witness for static Swift.Equatable.== infix(A, A) -> Swift.Bool in conformance __C.NSPropertyListMutabilityOptions : Swift.Equatable in __C_Synthesized in libtulsi_generator_lib.a(PBXTargetGenerator.swift.o)
      protocol witness for static Swift.Equatable.== infix(A, A) -> Swift.Bool in conformance __C.NSJSONWritingOptions : Swift.Equatable in __C_Synthesized in libtulsi_generator_lib.a(TulsiGeneratorConfig.swift.o)
      protocol witness for static Swift.Equatable.== infix(A, A) -> Swift.Bool in conformance __C.NSJSONReadingOptions : Swift.Equatable in __C_Synthesized in libtulsi_generator_lib.a(TulsiGeneratorConfig.swift.o)
      protocol witness for static Swift.Equatable.== infix(A, A) -> Swift.Bool in conformance __C.NSJSONWritingOptions : Swift.Equatable in __C_Synthesized in libtulsi_generator_lib.a(TulsiProject.swift.o)
      ...
  "protocol conformance descriptor for Swift.UInt : Swift.FixedWidthInteger in Swift", referenced from:
      lazy protocol witness table accessor for type Swift.UInt and conformance Swift.UInt : Swift.FixedWidthInteger in Swift in libtulsi_generator_lib.a(BazelAspectInfoExtractor.swift.o)
      lazy protocol witness table accessor for type Swift.UInt and conformance Swift.UInt : Swift.FixedWidthInteger in Swift in libtulsi_generator_lib.a(BazelBuildEvents.swift.o)
      lazy protocol witness table accessor for type Swift.UInt and conformance Swift.UInt : Swift.FixedWidthInteger in Swift in libtulsi_generator_lib.a(PBXProjSerializer.swift.o)
      lazy protocol witness table accessor for type Swift.UInt and conformance Swift.UInt : Swift.FixedWidthInteger in Swift in libtulsi_generator_lib.a(PBXTargetGenerator.swift.o)
      lazy protocol witness table accessor for type Swift.UInt and conformance Swift.UInt : Swift.FixedWidthInteger in Swift in libtulsi_generator_lib.a(TulsiGeneratorConfig.swift.o)
      lazy protocol witness table accessor for type Swift.UInt and conformance Swift.UInt : Swift.FixedWidthInteger in Swift in libtulsi_generator_lib.a(TulsiProject.swift.o)
      lazy protocol witness table accessor for type Swift.UInt and conformance Swift.UInt : Swift.FixedWidthInteger in Swift in libtulsi_generator_lib.a(XcodeProjectGenerator.swift.o)
      ...
  "type metadata for Swift.UnsafeMutableRawPointer", referenced from:
      TulsiGenerator.ProcessRunner.TimedProcessRunnerObserver.observeValue(forKeyPath: Swift.String?, of: Any?, change: [__C.NSKeyValueChangeKey : Any]?, context: Swift.UnsafeMutableRawPointer?) -> () in libtulsi_generator_lib.a(ProcessRunner.swift.o)
      Tulsi.TulsiGeneratorConfigDocument.observeValue(forKeyPath: Swift.String?, of: Any?, change: [__C.NSKeyValueChangeKey : Any]?, context: Swift.UnsafeMutableRawPointer?) -> () in libtulsi_lib.a(TulsiGeneratorConfigDocument.swift.o)
      Tulsi.HeadlessTulsiProjectCreator.(ProcessingCompletedObserver in _59287010C6E6E60CCC879AF7B9DF6695).observeValue(forKeyPath: Swift.String?, of: Any?, change: [__C.NSKeyValueChangeKey : Any]?, context: Swift.UnsafeMutableRawPointer?) -> () in libtulsi_lib.a(HeadlessTulsiProjectCreator.swift.o)
  "protocol witness table for Swift.UnsafeMutableRawPointer : Swift.Equatable in Swift", referenced from:
      TulsiGenerator.ProcessRunner.TimedProcessRunnerObserver.observeValue(forKeyPath: Swift.String?, of: Any?, change: [__C.NSKeyValueChangeKey : Any]?, context: Swift.UnsafeMutableRawPointer?) -> () in libtulsi_generator_lib.a(ProcessRunner.swift.o)
      Tulsi.TulsiGeneratorConfigDocument.observeValue(forKeyPath: Swift.String?, of: Any?, change: [__C.NSKeyValueChangeKey : Any]?, context: Swift.UnsafeMutableRawPointer?) -> () in libtulsi_lib.a(TulsiGeneratorConfigDocument.swift.o)
      Tulsi.HeadlessTulsiProjectCreator.(ProcessingCompletedObserver in _59287010C6E6E60CCC879AF7B9DF6695).observeValue(forKeyPath: Swift.String?, of: Any?, change: [__C.NSKeyValueChangeKey : Any]?, context: Swift.UnsafeMutableRawPointer?) -> () in libtulsi_lib.a(HeadlessTulsiProjectCreator.swift.o)
  "(extension in Foundation):Swift.StringProtocol.components(separatedBy: Foundation.CharacterSet) -> [Swift.String]", referenced from:
      environmentVariables #1 (for: TulsiGenerator.RuleEntry) -> [Swift.String : Swift.String] in TulsiGenerator.XcodeProjectGenerator.(installXcodeSchemesForProjectInfo in _3D27909A8CA7F8C4C4BE25046CB74F8B)(_: TulsiGenerator.XcodeProjectGenerator.(GeneratedProjectInfo in _3D27909A8CA7F8C4C4BE25046CB74F8B), projectURL: Foundation.URL, projectBundleName: Swift.String) throws -> () in libtulsi_generator_lib.a(XcodeProjectGenerator.swift.o)
      closure #1 (Tulsi.UISourcePath) -> [Swift.String] in Tulsi.ConfigEditorSourceFilterViewController.(populateOutlineView in _D662C3E634D8A7BBE011ADD96F19B9E0)([Tulsi.UISourcePath]) -> () in libtulsi_lib.a(ConfigEditorSourceFilterViewController.swift.o)
      addPath #1 (Swift.String) -> () in closure #3 () -> () in Tulsi.TulsiGeneratorConfigDocument.updateSourcePaths(([Tulsi.UISourcePath]) -> ()) -> () in libtulsi_lib.a(TulsiGeneratorConfigDocument.swift.o)
  "(extension in Foundation):Swift.StringProtocol.components<A where A1: Swift.StringProtocol>(separatedBy: A1) -> [Swift.String]", referenced from:
      TulsiGenerator.BazelFlags.__allocating_init(startupStr: Swift.String, buildStr: Swift.String) -> TulsiGenerator.BazelFlags in libtulsi_generator_lib.a(BazelBuildSettings.swift.o)
      static TulsiGenerator.BazelErrorExtractor.firstErrorLinesFromString(_: Swift.String, maxErrors: Swift.Int) -> Swift.String? in libtulsi_generator_lib.a(BazelErrorExtractor.swift.o)
      static TulsiGenerator.BazelErrorExtractor.firstErrorLinesOrLastLinesFromString(_: Swift.String, maxErrors: Swift.Int) -> Swift.String? in libtulsi_generator_lib.a(BazelErrorExtractor.swift.o)
      TulsiGenerator.BazelWorkspacePathInfoFetcher.(extractWorkspaceInfo in _FBCC8FB73C67954075CF626E480CE18B)(__C.NSString) -> () in libtulsi_generator_lib.a(BazelWorkspacePathInfoFetcher.swift.o)
      closure #1 () -> Swift.String? in TulsiGenerator.BuildLabel.targetName.getter : Swift.String? in libtulsi_generator_lib.a(BuildLabel.swift.o)
      closure #1 () -> Swift.String? in TulsiGenerator.BuildLabel.packageName.getter : Swift.String? in libtulsi_generator_lib.a(BuildLabel.swift.o)
      TulsiGenerator.PBXProject.createGroupsAndFileReferenceForPath(_: Swift.String, underGroup: TulsiGenerator.PBXGroup) -> (Swift.Set<TulsiGenerator.PBXGroup>, TulsiGenerator.PBXFileReference) in libtulsi_generator_lib.a(PBXObjects.swift.o)
      ...
  "(extension in Foundation):Swift.StringProtocol.enumerateLines(invoking: (Swift.String, inout Swift.Bool) -> ()) -> ()", referenced from:
      TulsiGenerator.BazelBuildEventsReader.readAllEvents() throws -> [TulsiGenerator.BazelBuildEvent] in libtulsi_generator_lib.a(BazelBuildEvents.swift.o)
  "(extension in Foundation):Swift.StringProtocol.rangeOfCharacter(from: Foundation.CharacterSet, options: __C.NSStringCompareOptions, range: Swift.Range<Swift.String.Index>?) -> Swift.Range<Swift.String.Index>?", referenced from:
      closure #2 (Swift.String) -> Swift.String in TulsiGenerator.PBXTargetGenerator.(addConfigsForIndexingTarget in _9BC2D135E4F1D200D8B700936548BDC4)(_: TulsiGenerator.PBXTarget, data: TulsiGenerator.PBXTargetGenerator.(IndexerData in _9BC2D135E4F1D200D8B700936548BDC4)) -> () in libtulsi_generator_lib.a(PBXTargetGenerator.swift.o)
      (extension in TulsiGenerator):Swift.String.escapingForShell.getter : Swift.String in libtulsi_generator_lib.a(StringExtensions.swift.o)
     (maybe you meant: default argument 1 of (extension in Foundation):Swift.StringProtocol.rangeOfCharacter(from: Foundation.CharacterSet, options: __C.NSStringCompareOptions, range: Swift.Range<Swift.String.Index>?) -> Swift.Range<Swift.String.Index>?, default argument 2 of (extension in Foundation):Swift.StringProtocol.rangeOfCharacter(from: Foundation.CharacterSet, options: __C.NSStringCompareOptions, range: Swift.Range<Swift.String.Index>?) -> Swift.Range<Swift.String.Index>? )
  "(extension in Foundation):Swift.StringProtocol.trimmingCharacters(in: Foundation.CharacterSet) -> Swift.String", referenced from:
      static TulsiGenerator.BazelLocator.bazelURL.getter : Foundation.URL? in libtulsi_generator_lib.a(BazelLocator.swift.o)
      TulsiGenerator.TulsiOption.sanitizeValue(Swift.String?) -> Swift.String? in libtulsi_generator_lib.a(TulsiOption.swift.o)
  "(extension in Foundation):Swift.StringProtocol.replacingOccurrences<A, B where A1: Swift.StringProtocol, B1: Swift.StringProtocol>(of: A1, with: B1, options: __C.NSStringCompareOptions, range: Swift.Range<Swift.String.Index>?) -> Swift.String", referenced from:
      (extension in TulsiGenerator):Swift.String.toPython(Swift.String) -> Swift.String in libtulsi_generator_lib.a(BazelBuildSettings.swift.o)
      closure #1 () -> Swift.String? in TulsiGenerator.BuildLabel.asFullPBXTargetName.getter : Swift.String? in libtulsi_generator_lib.a(BuildLabel.swift.o)
      static (extension in TulsiGenerator):__C.NSJSONSerialization.tulsi_newlineTerminatedUnescapedData(jsonObject: Any, options: __C.NSJSONWritingOptions) throws -> __C.NSMutableData in libtulsi_generator_lib.a(NSJSONSerializationExtensions.swift.o)
      TulsiGenerator.PBXProject.createGroupsAndFileReferenceForPath(_: Swift.String, underGroup: TulsiGenerator.PBXGroup) -> (Swift.Set<TulsiGenerator.PBXGroup>, TulsiGenerator.PBXFileReference) in libtulsi_generator_lib.a(PBXObjects.swift.o)
      TulsiGenerator.(escapeString in _40B8AF4E61D42104FF82B74BA7B851A2)(Swift.String) -> Swift.String in libtulsi_generator_lib.a(PBXProjSerializer.swift.o)
      closure #1 () -> Swift.String in TulsiGenerator.PBXTargetGenerator.bazelGenfilesPath.getter : Swift.String in libtulsi_generator_lib.a(PBXTargetGenerator.swift.o)
      (extension in TulsiGenerator):Swift.String.escapingForShell.getter : Swift.String in libtulsi_generator_lib.a(StringExtensions.swift.o)
      ...
     (maybe you meant: default argument 2 of (extension in Foundation):Swift.StringProtocol.replacingOccurrences<A, B where A1: Swift.StringProtocol, B1: Swift.StringProtocol>(of: A1, with: B1, options: __C.NSStringCompareOptions, range: Swift.Range<Swift.String.Index>?) -> Swift.String, default argument 3 of (extension in Foundation):Swift.StringProtocol.replacingOccurrences<A, B where A1: Swift.StringProtocol, B1: Swift.StringProtocol>(of: A1, with: B1, options: __C.NSStringCompareOptions, range: Swift.Range<Swift.String.Index>?) -> Swift.String )
  "(extension in Foundation):Swift.StringProtocol.data(using: (extension in Foundation):Swift.String.Encoding, allowLossyConversion: Swift.Bool) -> Foundation.Data?", referenced from:
      TulsiGenerator.BazelBuildEventsReader.parseBuildEventFromLine(Swift.String) -> TulsiGenerator.BazelBuildEvent? in libtulsi_generator_lib.a(BazelBuildEvents.swift.o)
      static (extension in TulsiGenerator):__C.NSJSONSerialization.tulsi_newlineTerminatedUnescapedData(jsonObject: Any, options: __C.NSJSONWritingOptions) throws -> __C.NSMutableData in libtulsi_generator_lib.a(NSJSONSerializationExtensions.swift.o)
      (extension in TulsiGenerator):__C.NSMutableData.tulsi_appendString(Swift.String) throws -> () in libtulsi_generator_lib.a(PBXProjSerializer.swift.o)
      TulsiGenerator.XcodeProjectGenerator.(generateBuildSettingsFile in _3D27909A8CA7F8C4C4BE25046CB74F8B)(Swift.Set<TulsiGenerator.RuleEntry>, Foundation.URL) -> () in libtulsi_generator_lib.a(XcodeProjectGenerator.swift.o)
      Tulsi.EventLogger.(logItem in _A4FE9277B9AEAB3AEB8125D876D5E62E)(TulsiGenerator.LogMessage) -> () in libtulsi_lib.a(EventLogger.swift.o)
     (maybe you meant: default argument 1 of (extension in Foundation):Swift.StringProtocol.data(using: (extension in Foundation):Swift.String.Encoding, allowLossyConversion: Swift.Bool) -> Foundation.Data?)
  "(extension in Foundation):Swift.StringProtocol.range<A where A1: Swift.StringProtocol>(of: A1, options: __C.NSStringCompareOptions, range: Swift.Range<Swift.String.Index>?, locale: Foundation.Locale?) -> Swift.Range<Swift.String.Index>?", referenced from:
      TulsiGenerator.XcodeProjectGenerator.(validateXcodeProjectPath in _3D27909A8CA7F8C4C4BE25046CB74F8B)(Foundation.URL) throws -> () in libtulsi_generator_lib.a(XcodeProjectGenerator.swift.o)
      Tulsi.HeadlessTulsiProjectCreator.(extractBazelPackages in _59287010C6E6E60CCC879AF7B9DF6695)([Swift.String]) -> Swift.Set<Swift.String> in libtulsi_lib.a(HeadlessTulsiProjectCreator.swift.o)
     (maybe you meant: default argument 1 of (extension in Foundation):Swift.StringProtocol.range<A where A1: Swift.StringProtocol>(of: A1, options: __C.NSStringCompareOptions, range: Swift.Range<Swift.String.Index>?, locale: Foundation.Locale?) -> Swift.Range<Swift.String.Index>?, default argument 2 of (extension in Foundation):Swift.StringProtocol.range<A where A1: Swift.StringProtocol>(of: A1, options: __C.NSStringCompareOptions, range: Swift.Range<Swift.String.Index>?, locale: Foundation.Locale?) -> Swift.Range<Swift.String.Index>? , default argument 3 of (extension in Foundation):Swift.StringProtocol.range<A where A1: Swift.StringProtocol>(of: A1, options: __C.NSStringCompareOptions, range: Swift.Range<Swift.String.Index>?, locale: Foundation.Locale?) -> Swift.Range<Swift.String.Index>? )
  "(extension in Foundation):Swift.StringProtocol.contains<A where A1: Swift.StringProtocol>(A1) -> Swift.Bool", referenced from:
      (extension in TulsiGenerator):Swift.String.toPython(Swift.String) -> Swift.String in libtulsi_generator_lib.a(BazelBuildSettings.swift.o)
      (extension in TulsiGenerator):Swift.String.escapingForShell.getter : Swift.String in libtulsi_generator_lib.a(StringExtensions.swift.o)
      Tulsi.SplashScreenWindowController.(getRecentDocumentViewControllers in _F72045738B417E186D8E7F4140D79441)() -> [Tulsi.SplashScreenRecentDocumentViewController] in libtulsi_lib.a(SplashScreenWindowController.swift.o)
  "Swift._bridgeAnyObjectToAny(Swift.AnyObject?) -> Any", referenced from:
      @objc TulsiGenerator.ProcessRunner.TimedProcessRunnerObserver.observeValue(forKeyPath: Swift.String?, of: Any?, change: [__C.NSKeyValueChangeKey : Any]?, context: Swift.UnsafeMutableRawPointer?) -> () in libtulsi_generator_lib.a(ProcessRunner.swift.o)
      TulsiGenerator.ProcessRunner.(createProcess in _F89DABAFE844AC5CA1B763CAFAD9B278)(_: Swift.String, arguments: [Swift.String], environment: [Swift.String : Swift.String]?, messageLogger: TulsiGenerator.LocalizedMessageLogger?, loggingIdentifier: Swift.String?, terminationHandler: (TulsiGenerator.ProcessRunner.CompletionInfo) -> ()) -> __C.NSTask in libtulsi_generator_lib.a(ProcessRunner.swift.o)
      parseTulsiTargetFileImpl #1 (Swift.String) throws -> TulsiGenerator.RuleEntry in TulsiGenerator.BazelAspectInfoExtractor.(extractRuleEntriesFromArtifacts in _F5D2D87286505E9AC6917BB651D4E8CB)(_: Swift.Set<Swift.String>, progressNotifier: TulsiGenerator.ProgressNotifier?) -> TulsiGenerator.RuleEntryMap in libtulsi_generator_lib.a(BazelAspectInfoExtractor.swift.o)
      TulsiGenerator.BazelBuildEventsReader.parseBuildEventFromLine(Swift.String) -> TulsiGenerator.BazelBuildEvent? in libtulsi_generator_lib.a(BazelBuildEvents.swift.o)
      generateIndexerTargetGraphForRuleEntry #1 (TulsiGenerator.RuleEntry) -> __C.NSOrderedSet in TulsiGenerator.PBXTargetGenerator.registerRuleEntryForIndexer(_: TulsiGenerator.RuleEntry, ruleEntryMap: TulsiGenerator.RuleEntryMap, pathFilters: Swift.Set<Swift.String>, processedEntries: inout [TulsiGenerator.RuleEntry : __C.NSOrderedSet]) -> () in libtulsi_generator_lib.a(PBXTargetGenerator.swift.o)
      TulsiGenerator.PBXTargetGenerator.(setCurrentVersionForXCVersionGroup in _9BC2D135E4F1D200D8B700936548BDC4)(_: TulsiGenerator.XCVersionGroup, atPath: Swift.String) -> () in libtulsi_generator_lib.a(PBXTargetGenerator.swift.o)
      extractJSONDict #1 (_: Foundation.Data, errorBuilder: (Swift.String) -> TulsiGenerator.TulsiGeneratorConfig.ConfigError) throws -> [Swift.String : Swift.AnyObject] in TulsiGenerator.TulsiGeneratorConfig.init(data: Foundation.Data, additionalOptionData: Foundation.Data?, bazelURL: Foundation.URL?) throws -> TulsiGenerator.TulsiGeneratorConfig in libtulsi_generator_lib.a(TulsiGeneratorConfig.swift.o)
      ...
  "type metadata accessor for Swift.ArraySlice", referenced from:
      type metadata accessor for Swift.ArraySlice<Swift.String> in libtulsi_generator_lib.a(BazelErrorExtractor.swift.o)
      type metadata accessor for Swift.ArraySlice<Swift.String> in libtulsi_generator_lib.a(BazelWorkspacePathInfoFetcher.swift.o)
      type metadata accessor for Swift.ArraySlice<Swift.String> in libtulsi_generator_lib.a(CommandLineSplitter.swift.o)
      type metadata accessor for Swift.ArraySlice<Swift.String> in libtulsi_generator_lib.a(PBXObjects.swift.o)
      type metadata accessor for Swift.ArraySlice<Swift.String> in libtulsi_generator_lib.a(XcodeProjectGenerator.swift.o)
      type metadata accessor for Swift.ArraySlice<Swift.String> in libtulsi_lib.a(SplashScreenWindowController.swift.o)
      type metadata accessor for Swift.ArraySlice<Swift.String> in libtulsi_lib.a(TulsiCommandlineParser.swift.o)
      ...
  "protocol conformance descriptor for Swift.ArraySlice<A> : Swift.BidirectionalCollection in Swift", referenced from:
      lazy protocol witness table accessor for type Swift.ArraySlice<Swift.String> and conformance Swift.ArraySlice<A> : Swift.BidirectionalCollection in Swift in libtulsi_generator_lib.a(BazelErrorExtractor.swift.o)
      lazy protocol witness table accessor for type Swift.ArraySlice<Swift.String> and conformance Swift.ArraySlice<A> : Swift.BidirectionalCollection in Swift in libtulsi_generator_lib.a(BazelWorkspacePathInfoFetcher.swift.o)
      lazy protocol witness table accessor for type Swift.ArraySlice<Swift.String> and conformance Swift.ArraySlice<A> : Swift.BidirectionalCollection in Swift in libtulsi_generator_lib.a(PBXObjects.swift.o)
      lazy protocol witness table accessor for type Swift.ArraySlice<Swift.String> and conformance Swift.ArraySlice<A> : Swift.BidirectionalCollection in Swift in libtulsi_generator_lib.a(XcodeProjectGenerator.swift.o)
  "protocol conformance descriptor for Swift.ArraySlice<A> : Swift.Sequence in Swift", referenced from:
      lazy protocol witness table accessor for type Swift.ArraySlice<Swift.String> and conformance Swift.ArraySlice<A> : Swift.Sequence in Swift in libtulsi_generator_lib.a(BazelErrorExtractor.swift.o)
      lazy protocol witness table accessor for type Swift.ArraySlice<Swift.String> and conformance Swift.ArraySlice<A> : Swift.Sequence in Swift in libtulsi_generator_lib.a(CommandLineSplitter.swift.o)
      lazy protocol witness table accessor for type Swift.ArraySlice<Swift.String> and conformance Swift.ArraySlice<A> : Swift.Sequence in Swift in libtulsi_lib.a(SplashScreenWindowController.swift.o)
      lazy protocol witness table accessor for type Swift.ArraySlice<Swift.String> and conformance Swift.ArraySlice<A> : Swift.Sequence in Swift in libtulsi_lib.a(TulsiCommandlineParser.swift.o)
      lazy protocol witness table accessor for type Swift.ArraySlice<Swift.String> and conformance Swift.ArraySlice<A> : Swift.Sequence in Swift in libtulsi_generator_lib.a(NSURLExtensions.swift.o)
  "protocol descriptor for Swift.SetAlgebra", referenced from:
      protocol conformance descriptor for __C.NSJSONReadingOptions : Swift.SetAlgebra in __C_Synthesized in libtulsi_generator_lib.a(BazelAspectInfoExtractor.swift.o)
      protocol conformance descriptor for __C.NSJSONReadingOptions : Swift.SetAlgebra in __C_Synthesized in libtulsi_generator_lib.a(BazelBuildEvents.swift.o)
      protocol conformance descriptor for __C.NSRegularExpressionOptions : Swift.SetAlgebra in __C_Synthesized in libtulsi_generator_lib.a(PBXProjSerializer.swift.o)
      protocol conformance descriptor for __C.NSPropertyListMutabilityOptions : Swift.SetAlgebra in __C_Synthesized in libtulsi_generator_lib.a(PBXTargetGenerator.swift.o)
      protocol conformance descriptor for __C.NSJSONWritingOptions : Swift.SetAlgebra in __C_Synthesized in libtulsi_generator_lib.a(TulsiGeneratorConfig.swift.o)
      protocol conformance descriptor for __C.NSJSONReadingOptions : Swift.SetAlgebra in __C_Synthesized in libtulsi_generator_lib.a(TulsiGeneratorConfig.swift.o)
      protocol conformance descriptor for TulsiGenerator.TulsiOption.OptionType : Swift.SetAlgebra in TulsiGenerator in libtulsi_generator_lib.a(TulsiOption.swift.o)
      ...
  "method descriptor for Swift.SetAlgebra.isDisjoint(with: A) -> Swift.Bool", referenced from:
      protocol conformance descriptor for __C.NSJSONReadingOptions : Swift.SetAlgebra in __C_Synthesized in libtulsi_generator_lib.a(BazelAspectInfoExtractor.swift.o)
      protocol conformance descriptor for __C.NSJSONReadingOptions : Swift.SetAlgebra in __C_Synthesized in libtulsi_generator_lib.a(BazelBuildEvents.swift.o)
      protocol conformance descriptor for __C.NSRegularExpressionOptions : Swift.SetAlgebra in __C_Synthesized in libtulsi_generator_lib.a(PBXProjSerializer.swift.o)
      protocol conformance descriptor for __C.NSPropertyListMutabilityOptions : Swift.SetAlgebra in __C_Synthesized in libtulsi_generator_lib.a(PBXTargetGenerator.swift.o)
      protocol conformance descriptor for __C.NSJSONWritingOptions : Swift.SetAlgebra in __C_Synthesized in libtulsi_generator_lib.a(TulsiGeneratorConfig.swift.o)
      protocol conformance descriptor for __C.NSJSONReadingOptions : Swift.SetAlgebra in __C_Synthesized in libtulsi_generator_lib.a(TulsiGeneratorConfig.swift.o)
      protocol conformance descriptor for TulsiGenerator.TulsiOption.OptionType : Swift.SetAlgebra in TulsiGenerator in libtulsi_generator_lib.a(TulsiOption.swift.o)
      ...
  "method descriptor for Swift.SetAlgebra.isSuperset(of: A) -> Swift.Bool", referenced from:
      protocol conformance descriptor for __C.NSJSONReadingOptions : Swift.SetAlgebra in __C_Synthesized in libtulsi_generator_lib.a(BazelAspectInfoExtractor.swift.o)
      protocol conformance descriptor for __C.NSJSONReadingOptions : Swift.SetAlgebra in __C_Synthesized in libtulsi_generator_lib.a(BazelBuildEvents.swift.o)
      protocol conformance descriptor for __C.NSRegularExpressionOptions : Swift.SetAlgebra in __C_Synthesized in libtulsi_generator_lib.a(PBXProjSerializer.swift.o)
      protocol conformance descriptor for __C.NSPropertyListMutabilityOptions : Swift.SetAlgebra in __C_Synthesized in libtulsi_generator_lib.a(PBXTargetGenerator.swift.o)
      protocol conformance descriptor for __C.NSJSONWritingOptions : Swift.SetAlgebra in __C_Synthesized in libtulsi_generator_lib.a(TulsiGeneratorConfig.swift.o)
      protocol conformance descriptor for __C.NSJSONReadingOptions : Swift.SetAlgebra in __C_Synthesized in libtulsi_generator_lib.a(TulsiGeneratorConfig.swift.o)
      protocol conformance descriptor for TulsiGenerator.TulsiOption.OptionType : Swift.SetAlgebra in TulsiGenerator in libtulsi_generator_lib.a(TulsiOption.swift.o)
      ...
  "method descriptor for Swift.SetAlgebra.subtracting(A) -> A", referenced from:
      protocol conformance descriptor for __C.NSJSONReadingOptions : Swift.SetAlgebra in __C_Synthesized in libtulsi_generator_lib.a(BazelAspectInfoExtractor.swift.o)
      protocol conformance descriptor for __C.NSJSONReadingOptions : Swift.SetAlgebra in __C_Synthesized in libtulsi_generator_lib.a(BazelBuildEvents.swift.o)
      protocol conformance descriptor for __C.NSRegularExpressionOptions : Swift.SetAlgebra in __C_Synthesized in libtulsi_generator_lib.a(PBXProjSerializer.swift.o)
      protocol conformance descriptor for __C.NSPropertyListMutabilityOptions : Swift.SetAlgebra in __C_Synthesized in libtulsi_generator_lib.a(PBXTargetGenerator.swift.o)
      protocol conformance descriptor for __C.NSJSONWritingOptions : Swift.SetAlgebra in __C_Synthesized in libtulsi_generator_lib.a(TulsiGeneratorConfig.swift.o)
      protocol conformance descriptor for __C.NSJSONReadingOptions : Swift.SetAlgebra in __C_Synthesized in libtulsi_generator_lib.a(TulsiGeneratorConfig.swift.o)
      protocol conformance descriptor for TulsiGenerator.TulsiOption.OptionType : Swift.SetAlgebra in TulsiGenerator in libtulsi_generator_lib.a(TulsiOption.swift.o)
      ...
  "method descriptor for Swift.SetAlgebra.intersection(A) -> A", referenced from:
      protocol conformance descriptor for __C.NSJSONReadingOptions : Swift.SetAlgebra in __C_Synthesized in libtulsi_generator_lib.a(BazelAspectInfoExtractor.swift.o)
      protocol conformance descriptor for __C.NSJSONReadingOptions : Swift.SetAlgebra in __C_Synthesized in libtulsi_generator_lib.a(BazelBuildEvents.swift.o)
      protocol conformance descriptor for __C.NSRegularExpressionOptions : Swift.SetAlgebra in __C_Synthesized in libtulsi_generator_lib.a(PBXProjSerializer.swift.o)
      protocol conformance descriptor for __C.NSPropertyListMutabilityOptions : Swift.SetAlgebra in __C_Synthesized in libtulsi_generator_lib.a(PBXTargetGenerator.swift.o)
      protocol conformance descriptor for __C.NSJSONWritingOptions : Swift.SetAlgebra in __C_Synthesized in libtulsi_generator_lib.a(TulsiGeneratorConfig.swift.o)
      protocol conformance descriptor for __C.NSJSONReadingOptions : Swift.SetAlgebra in __C_Synthesized in libtulsi_generator_lib.a(TulsiGeneratorConfig.swift.o)
      protocol conformance descriptor for TulsiGenerator.TulsiOption.OptionType : Swift.SetAlgebra in TulsiGenerator in libtulsi_generator_lib.a(TulsiOption.swift.o)
      ...
  "method descriptor for Swift.SetAlgebra.formIntersection(A) -> ()", referenced from:
      protocol conformance descriptor for __C.NSJSONReadingOptions : Swift.SetAlgebra in __C_Synthesized in libtulsi_generator_lib.a(BazelAspectInfoExtractor.swift.o)
      protocol conformance descriptor for __C.NSJSONReadingOptions : Swift.SetAlgebra in __C_Synthesized in libtulsi_generator_lib.a(BazelBuildEvents.swift.o)
      protocol conformance descriptor for __C.NSRegularExpressionOptions : Swift.SetAlgebra in __C_Synthesized in libtulsi_generator_lib.a(PBXProjSerializer.swift.o)
      protocol conformance descriptor for __C.NSPropertyListMutabilityOptions : Swift.SetAlgebra in __C_Synthesized in libtulsi_generator_lib.a(PBXTargetGenerator.swift.o)
      protocol conformance descriptor for __C.NSJSONWritingOptions : Swift.SetAlgebra in __C_Synthesized in libtulsi_generator_lib.a(TulsiGeneratorConfig.swift.o)
      protocol conformance descriptor for __C.NSJSONReadingOptions : Swift.SetAlgebra in __C_Synthesized in libtulsi_generator_lib.a(TulsiGeneratorConfig.swift.o)
      protocol conformance descriptor for TulsiGenerator.TulsiOption.OptionType : Swift.SetAlgebra in TulsiGenerator in libtulsi_generator_lib.a(TulsiOption.swift.o)
      ...
  "method descriptor for Swift.SetAlgebra.symmetricDifference(__owned A) -> A", referenced from:
      protocol conformance descriptor for __C.NSJSONReadingOptions : Swift.SetAlgebra in __C_Synthesized in libtulsi_generator_lib.a(BazelAspectInfoExtractor.swift.o)
      protocol conformance descriptor for __C.NSJSONReadingOptions : Swift.SetAlgebra in __C_Synthesized in libtulsi_generator_lib.a(BazelBuildEvents.swift.o)
      protocol conformance descriptor for __C.NSRegularExpressionOptions : Swift.SetAlgebra in __C_Synthesized in libtulsi_generator_lib.a(PBXProjSerializer.swift.o)
      protocol conformance descriptor for __C.NSPropertyListMutabilityOptions : Swift.SetAlgebra in __C_Synthesized in libtulsi_generator_lib.a(PBXTargetGenerator.swift.o)
      protocol conformance descriptor for __C.NSJSONWritingOptions : Swift.SetAlgebra in __C_Synthesized in libtulsi_generator_lib.a(TulsiGeneratorConfig.swift.o)
      protocol conformance descriptor for __C.NSJSONReadingOptions : Swift.SetAlgebra in __C_Synthesized in libtulsi_generator_lib.a(TulsiGeneratorConfig.swift.o)
      protocol conformance descriptor for TulsiGenerator.TulsiOption.OptionType : Swift.SetAlgebra in TulsiGenerator in libtulsi_generator_lib.a(TulsiOption.swift.o)
      ...
  "method descriptor for Swift.SetAlgebra.formSymmetricDifference(__owned A) -> ()", referenced from:
      protocol conformance descriptor for __C.NSJSONReadingOptions : Swift.SetAlgebra in __C_Synthesized in libtulsi_generator_lib.a(BazelAspectInfoExtractor.swift.o)
      protocol conformance descriptor for __C.NSJSONReadingOptions : Swift.SetAlgebra in __C_Synthesized in libtulsi_generator_lib.a(BazelBuildEvents.swift.o)
      protocol conformance descriptor for __C.NSRegularExpressionOptions : Swift.SetAlgebra in __C_Synthesized in libtulsi_generator_lib.a(PBXProjSerializer.swift.o)
      protocol conformance descriptor for __C.NSPropertyListMutabilityOptions : Swift.SetAlgebra in __C_Synthesized in libtulsi_generator_lib.a(PBXTargetGenerator.swift.o)
      protocol conformance descriptor for __C.NSJSONWritingOptions : Swift.SetAlgebra in __C_Synthesized in libtulsi_generator_lib.a(TulsiGeneratorConfig.swift.o)
      protocol conformance descriptor for __C.NSJSONReadingOptions : Swift.SetAlgebra in __C_Synthesized in libtulsi_generator_lib.a(TulsiGeneratorConfig.swift.o)
      protocol conformance descriptor for TulsiGenerator.TulsiOption.OptionType : Swift.SetAlgebra in TulsiGenerator in libtulsi_generator_lib.a(TulsiOption.swift.o)
      ...
  "method descriptor for Swift.SetAlgebra.union(__owned A) -> A", referenced from:
      protocol conformance descriptor for __C.NSJSONReadingOptions : Swift.SetAlgebra in __C_Synthesized in libtulsi_generator_lib.a(BazelAspectInfoExtractor.swift.o)
      protocol conformance descriptor for __C.NSJSONReadingOptions : Swift.SetAlgebra in __C_Synthesized in libtulsi_generator_lib.a(BazelBuildEvents.swift.o)
      protocol conformance descriptor for __C.NSRegularExpressionOptions : Swift.SetAlgebra in __C_Synthesized in libtulsi_generator_lib.a(PBXProjSerializer.swift.o)
      protocol conformance descriptor for __C.NSPropertyListMutabilityOptions : Swift.SetAlgebra in __C_Synthesized in libtulsi_generator_lib.a(PBXTargetGenerator.swift.o)
      protocol conformance descriptor for __C.NSJSONWritingOptions : Swift.SetAlgebra in __C_Synthesized in libtulsi_generator_lib.a(TulsiGeneratorConfig.swift.o)
      protocol conformance descriptor for __C.NSJSONReadingOptions : Swift.SetAlgebra in __C_Synthesized in libtulsi_generator_lib.a(TulsiGeneratorConfig.swift.o)
      protocol conformance descriptor for TulsiGenerator.TulsiOption.OptionType : Swift.SetAlgebra in TulsiGenerator in libtulsi_generator_lib.a(TulsiOption.swift.o)
      ...
  "method descriptor for Swift.SetAlgebra.insert(__owned A.Element) -> (inserted: Swift.Bool, memberAfterInsert: A.Element)", referenced from:
      protocol conformance descriptor for __C.NSJSONReadingOptions : Swift.SetAlgebra in __C_Synthesized in libtulsi_generator_lib.a(BazelAspectInfoExtractor.swift.o)
      protocol conformance descriptor for __C.NSJSONReadingOptions : Swift.SetAlgebra in __C_Synthesized in libtulsi_generator_lib.a(BazelBuildEvents.swift.o)
      protocol conformance descriptor for __C.NSRegularExpressionOptions : Swift.SetAlgebra in __C_Synthesized in libtulsi_generator_lib.a(PBXProjSerializer.swift.o)
      protocol conformance descriptor for __C.NSPropertyListMutabilityOptions : Swift.SetAlgebra in __C_Synthesized in libtulsi_generator_lib.a(PBXTargetGenerator.swift.o)
      protocol conformance descriptor for __C.NSJSONWritingOptions : Swift.SetAlgebra in __C_Synthesized in libtulsi_generator_lib.a(TulsiGeneratorConfig.swift.o)
      protocol conformance descriptor for __C.NSJSONReadingOptions : Swift.SetAlgebra in __C_Synthesized in libtulsi_generator_lib.a(TulsiGeneratorConfig.swift.o)
      protocol conformance descriptor for TulsiGenerator.TulsiOption.OptionType : Swift.SetAlgebra in TulsiGenerator in libtulsi_generator_lib.a(TulsiOption.swift.o)
      ...
  "method descriptor for Swift.SetAlgebra.remove(A.Element) -> A.Element?", referenced from:
      protocol conformance descriptor for __C.NSJSONReadingOptions : Swift.SetAlgebra in __C_Synthesized in libtulsi_generator_lib.a(BazelAspectInfoExtractor.swift.o)
      protocol conformance descriptor for __C.NSJSONReadingOptions : Swift.SetAlgebra in __C_Synthesized in libtulsi_generator_lib.a(BazelBuildEvents.swift.o)
      protocol conformance descriptor for __C.NSRegularExpressionOptions : Swift.SetAlgebra in __C_Synthesized in libtulsi_generator_lib.a(PBXProjSerializer.swift.o)
      protocol conformance descriptor for __C.NSPropertyListMutabilityOptions : Swift.SetAlgebra in __C_Synthesized in libtulsi_generator_lib.a(PBXTargetGenerator.swift.o)
      protocol conformance descriptor for __C.NSJSONWritingOptions : Swift.SetAlgebra in __C_Synthesized in libtulsi_generator_lib.a(TulsiGeneratorConfig.swift.o)
      protocol conformance descriptor for __C.NSJSONReadingOptions : Swift.SetAlgebra in __C_Synthesized in libtulsi_generator_lib.a(TulsiGeneratorConfig.swift.o)
      protocol conformance descriptor for TulsiGenerator.TulsiOption.OptionType : Swift.SetAlgebra in TulsiGenerator in libtulsi_generator_lib.a(TulsiOption.swift.o)
      ...
  "method descriptor for Swift.SetAlgebra.update(with: __owned A.Element) -> A.Element?", referenced from:
      protocol conformance descriptor for __C.NSJSONReadingOptions : Swift.SetAlgebra in __C_Synthesized in libtulsi_generator_lib.a(BazelAspectInfoExtractor.swift.o)
      protocol conformance descriptor for __C.NSJSONReadingOptions : Swift.SetAlgebra in __C_Synthesized in libtulsi_generator_lib.a(BazelBuildEvents.swift.o)
      protocol conformance descriptor for __C.NSRegularExpressionOptions : Swift.SetAlgebra in __C_Synthesized in libtulsi_generator_lib.a(PBXProjSerializer.swift.o)
      protocol conformance descriptor for __C.NSPropertyListMutabilityOptions : Swift.SetAlgebra in __C_Synthesized in libtulsi_generator_lib.a(PBXTargetGenerator.swift.o)
      protocol conformance descriptor for __C.NSJSONWritingOptions : Swift.SetAlgebra in __C_Synthesized in libtulsi_generator_lib.a(TulsiGeneratorConfig.swift.o)
      protocol conformance descriptor for __C.NSJSONReadingOptions : Swift.SetAlgebra in __C_Synthesized in libtulsi_generator_lib.a(TulsiGeneratorConfig.swift.o)
      protocol conformance descriptor for TulsiGenerator.TulsiOption.OptionType : Swift.SetAlgebra in TulsiGenerator in libtulsi_generator_lib.a(TulsiOption.swift.o)
      ...
  "method descriptor for Swift.SetAlgebra.isEmpty.getter : Swift.Bool", referenced from:
      protocol conformance descriptor for __C.NSJSONReadingOptions : Swift.SetAlgebra in __C_Synthesized in libtulsi_generator_lib.a(BazelAspectInfoExtractor.swift.o)
      protocol conformance descriptor for __C.NSJSONReadingOptions : Swift.SetAlgebra in __C_Synthesized in libtulsi_generator_lib.a(BazelBuildEvents.swift.o)
      protocol conformance descriptor for __C.NSRegularExpressionOptions : Swift.SetAlgebra in __C_Synthesized in libtulsi_generator_lib.a(PBXProjSerializer.swift.o)
      protocol conformance descriptor for __C.NSPropertyListMutabilityOptions : Swift.SetAlgebra in __C_Synthesized in libtulsi_generator_lib.a(PBXTargetGenerator.swift.o)
      protocol conformance descriptor for __C.NSJSONWritingOptions : Swift.SetAlgebra in __C_Synthesized in libtulsi_generator_lib.a(TulsiGeneratorConfig.swift.o)
      protocol conformance descriptor for __C.NSJSONReadingOptions : Swift.SetAlgebra in __C_Synthesized in libtulsi_generator_lib.a(TulsiGeneratorConfig.swift.o)
      protocol conformance descriptor for TulsiGenerator.TulsiOption.OptionType : Swift.SetAlgebra in TulsiGenerator in libtulsi_generator_lib.a(TulsiOption.swift.o)
      ...
  "method descriptor for Swift.SetAlgebra.contains(A.Element) -> Swift.Bool", referenced from:
      protocol conformance descriptor for __C.NSJSONReadingOptions : Swift.SetAlgebra in __C_Synthesized in libtulsi_generator_lib.a(BazelAspectInfoExtractor.swift.o)
      protocol conformance descriptor for __C.NSJSONReadingOptions : Swift.SetAlgebra in __C_Synthesized in libtulsi_generator_lib.a(BazelBuildEvents.swift.o)
      protocol conformance descriptor for __C.NSRegularExpressionOptions : Swift.SetAlgebra in __C_Synthesized in libtulsi_generator_lib.a(PBXProjSerializer.swift.o)
      protocol conformance descriptor for __C.NSPropertyListMutabilityOptions : Swift.SetAlgebra in __C_Synthesized in libtulsi_generator_lib.a(PBXTargetGenerator.swift.o)
      protocol conformance descriptor for __C.NSJSONWritingOptions : Swift.SetAlgebra in __C_Synthesized in libtulsi_generator_lib.a(TulsiGeneratorConfig.swift.o)
      protocol conformance descriptor for __C.NSJSONReadingOptions : Swift.SetAlgebra in __C_Synthesized in libtulsi_generator_lib.a(TulsiGeneratorConfig.swift.o)
      protocol conformance descriptor for TulsiGenerator.TulsiOption.OptionType : Swift.SetAlgebra in TulsiGenerator in libtulsi_generator_lib.a(TulsiOption.swift.o)
      ...
  "method descriptor for Swift.SetAlgebra.isSubset(of: A) -> Swift.Bool", referenced from:
      protocol conformance descriptor for __C.NSJSONReadingOptions : Swift.SetAlgebra in __C_Synthesized in libtulsi_generator_lib.a(BazelAspectInfoExtractor.swift.o)
      protocol conformance descriptor for __C.NSJSONReadingOptions : Swift.SetAlgebra in __C_Synthesized in libtulsi_generator_lib.a(BazelBuildEvents.swift.o)
      protocol conformance descriptor for __C.NSRegularExpressionOptions : Swift.SetAlgebra in __C_Synthesized in libtulsi_generator_lib.a(PBXProjSerializer.swift.o)
      protocol conformance descriptor for __C.NSPropertyListMutabilityOptions : Swift.SetAlgebra in __C_Synthesized in libtulsi_generator_lib.a(PBXTargetGenerator.swift.o)
      protocol conformance descriptor for __C.NSJSONWritingOptions : Swift.SetAlgebra in __C_Synthesized in libtulsi_generator_lib.a(TulsiGeneratorConfig.swift.o)
      protocol conformance descriptor for __C.NSJSONReadingOptions : Swift.SetAlgebra in __C_Synthesized in libtulsi_generator_lib.a(TulsiGeneratorConfig.swift.o)
      protocol conformance descriptor for TulsiGenerator.TulsiOption.OptionType : Swift.SetAlgebra in TulsiGenerator in libtulsi_generator_lib.a(TulsiOption.swift.o)
      ...
  "method descriptor for Swift.SetAlgebra.subtract(A) -> ()", referenced from:
      protocol conformance descriptor for __C.NSJSONReadingOptions : Swift.SetAlgebra in __C_Synthesized in libtulsi_generator_lib.a(BazelAspectInfoExtractor.swift.o)
      protocol conformance descriptor for __C.NSJSONReadingOptions : Swift.SetAlgebra in __C_Synthesized in libtulsi_generator_lib.a(BazelBuildEvents.swift.o)
      protocol conformance descriptor for __C.NSRegularExpressionOptions : Swift.SetAlgebra in __C_Synthesized in libtulsi_generator_lib.a(PBXProjSerializer.swift.o)
      protocol conformance descriptor for __C.NSPropertyListMutabilityOptions : Swift.SetAlgebra in __C_Synthesized in libtulsi_generator_lib.a(PBXTargetGenerator.swift.o)
      protocol conformance descriptor for __C.NSJSONWritingOptions : Swift.SetAlgebra in __C_Synthesized in libtulsi_generator_lib.a(TulsiGeneratorConfig.swift.o)
      protocol conformance descriptor for __C.NSJSONReadingOptions : Swift.SetAlgebra in __C_Synthesized in libtulsi_generator_lib.a(TulsiGeneratorConfig.swift.o)
      protocol conformance descriptor for TulsiGenerator.TulsiOption.OptionType : Swift.SetAlgebra in TulsiGenerator in libtulsi_generator_lib.a(TulsiOption.swift.o)
      ...
  "method descriptor for Swift.SetAlgebra.formUnion(__owned A) -> ()", referenced from:
      protocol conformance descriptor for __C.NSJSONReadingOptions : Swift.SetAlgebra in __C_Synthesized in libtulsi_generator_lib.a(BazelAspectInfoExtractor.swift.o)
      protocol conformance descriptor for __C.NSJSONReadingOptions : Swift.SetAlgebra in __C_Synthesized in libtulsi_generator_lib.a(BazelBuildEvents.swift.o)
      protocol conformance descriptor for __C.NSRegularExpressionOptions : Swift.SetAlgebra in __C_Synthesized in libtulsi_generator_lib.a(PBXProjSerializer.swift.o)
      protocol conformance descriptor for __C.NSPropertyListMutabilityOptions : Swift.SetAlgebra in __C_Synthesized in libtulsi_generator_lib.a(PBXTargetGenerator.swift.o)
      protocol conformance descriptor for __C.NSJSONWritingOptions : Swift.SetAlgebra in __C_Synthesized in libtulsi_generator_lib.a(TulsiGeneratorConfig.swift.o)
      protocol conformance descriptor for __C.NSJSONReadingOptions : Swift.SetAlgebra in __C_Synthesized in libtulsi_generator_lib.a(TulsiGeneratorConfig.swift.o)
      protocol conformance descriptor for TulsiGenerator.TulsiOption.OptionType : Swift.SetAlgebra in TulsiGenerator in libtulsi_generator_lib.a(TulsiOption.swift.o)
      ...
  "base conformance descriptor for Swift.SetAlgebra: Swift.Equatable", referenced from:
      protocol conformance descriptor for __C.NSJSONReadingOptions : Swift.SetAlgebra in __C_Synthesized in libtulsi_generator_lib.a(BazelAspectInfoExtractor.swift.o)
      protocol conformance descriptor for __C.NSJSONReadingOptions : Swift.SetAlgebra in __C_Synthesized in libtulsi_generator_lib.a(BazelBuildEvents.swift.o)
      protocol conformance descriptor for __C.NSRegularExpressionOptions : Swift.SetAlgebra in __C_Synthesized in libtulsi_generator_lib.a(PBXProjSerializer.swift.o)
      protocol conformance descriptor for __C.NSPropertyListMutabilityOptions : Swift.SetAlgebra in __C_Synthesized in libtulsi_generator_lib.a(PBXTargetGenerator.swift.o)
      protocol conformance descriptor for __C.NSJSONWritingOptions : Swift.SetAlgebra in __C_Synthesized in libtulsi_generator_lib.a(TulsiGeneratorConfig.swift.o)
      protocol conformance descriptor for __C.NSJSONReadingOptions : Swift.SetAlgebra in __C_Synthesized in libtulsi_generator_lib.a(TulsiGeneratorConfig.swift.o)
      protocol conformance descriptor for TulsiGenerator.TulsiOption.OptionType : Swift.SetAlgebra in TulsiGenerator in libtulsi_generator_lib.a(TulsiOption.swift.o)
      ...
  "base conformance descriptor for Swift.SetAlgebra: Swift.ExpressibleByArrayLiteral", referenced from:
      protocol conformance descriptor for __C.NSJSONReadingOptions : Swift.SetAlgebra in __C_Synthesized in libtulsi_generator_lib.a(BazelAspectInfoExtractor.swift.o)
      protocol conformance descriptor for __C.NSJSONReadingOptions : Swift.SetAlgebra in __C_Synthesized in libtulsi_generator_lib.a(BazelBuildEvents.swift.o)
      protocol conformance descriptor for __C.NSRegularExpressionOptions : Swift.SetAlgebra in __C_Synthesized in libtulsi_generator_lib.a(PBXProjSerializer.swift.o)
      protocol conformance descriptor for __C.NSPropertyListMutabilityOptions : Swift.SetAlgebra in __C_Synthesized in libtulsi_generator_lib.a(PBXTargetGenerator.swift.o)
      protocol conformance descriptor for __C.NSJSONWritingOptions : Swift.SetAlgebra in __C_Synthesized in libtulsi_generator_lib.a(TulsiGeneratorConfig.swift.o)
      protocol conformance descriptor for __C.NSJSONReadingOptions : Swift.SetAlgebra in __C_Synthesized in libtulsi_generator_lib.a(TulsiGeneratorConfig.swift.o)
      protocol conformance descriptor for TulsiGenerator.TulsiOption.OptionType : Swift.SetAlgebra in TulsiGenerator in libtulsi_generator_lib.a(TulsiOption.swift.o)
      ...
  "(extension in Swift):Swift.SetAlgebra< where A.ArrayLiteralElement == A.Element>.init(arrayLiteral: A.ArrayLiteralElement...) -> A", referenced from:
      protocol witness for Swift.ExpressibleByArrayLiteral.init(arrayLiteral: A.ArrayLiteralElement...) -> A in conformance __C.NSJSONReadingOptions : Swift.ExpressibleByArrayLiteral in __C_Synthesized in libtulsi_generator_lib.a(BazelAspectInfoExtractor.swift.o)
      protocol witness for Swift.ExpressibleByArrayLiteral.init(arrayLiteral: A.ArrayLiteralElement...) -> A in conformance __C.NSJSONReadingOptions : Swift.ExpressibleByArrayLiteral in __C_Synthesized in libtulsi_generator_lib.a(BazelBuildEvents.swift.o)
      _globalinit_33_40B8AF4E61D42104FF82B74BA7B851A2_func2 in libtulsi_generator_lib.a(PBXProjSerializer.swift.o)
      protocol witness for Swift.ExpressibleByArrayLiteral.init(arrayLiteral: A.ArrayLiteralElement...) -> A in conformance __C.NSRegularExpressionOptions : Swift.ExpressibleByArrayLiteral in __C_Synthesized in libtulsi_generator_lib.a(PBXProjSerializer.swift.o)
      protocol witness for Swift.ExpressibleByArrayLiteral.init(arrayLiteral: A.ArrayLiteralElement...) -> A in conformance __C.NSPropertyListMutabilityOptions : Swift.ExpressibleByArrayLiteral in __C_Synthesized in libtulsi_generator_lib.a(PBXTargetGenerator.swift.o)
      TulsiGenerator.TulsiGeneratorConfig.save() throws -> __C.NSData in libtulsi_generator_lib.a(TulsiGeneratorConfig.swift.o)
      TulsiGenerator.TulsiGeneratorConfig.savePerUserSettings() throws -> __C.NSData? in libtulsi_generator_lib.a(TulsiGeneratorConfig.swift.o)
      ...
     (maybe you meant: generic specialization <serialized, __C.NSStringCompareOptions> of (extension in Swift):Swift.SetAlgebra< where A.ArrayLiteralElement == A.Element>.init(arrayLiteral: A.ArrayLiteralElement...) -> A)
  "(extension in Swift):Swift.SetAlgebra.isDisjoint(with: A) -> Swift.Bool", referenced from:
      protocol witness for Swift.SetAlgebra.isDisjoint(with: A) -> Swift.Bool in conformance __C.NSJSONReadingOptions : Swift.SetAlgebra in __C_Synthesized in libtulsi_generator_lib.a(BazelAspectInfoExtractor.swift.o)
      protocol witness for Swift.SetAlgebra.isDisjoint(with: A) -> Swift.Bool in conformance __C.NSJSONReadingOptions : Swift.SetAlgebra in __C_Synthesized in libtulsi_generator_lib.a(BazelBuildEvents.swift.o)
      protocol witness for Swift.SetAlgebra.isDisjoint(with: A) -> Swift.Bool in conformance __C.NSRegularExpressionOptions : Swift.SetAlgebra in __C_Synthesized in libtulsi_generator_lib.a(PBXProjSerializer.swift.o)
      protocol witness for Swift.SetAlgebra.isDisjoint(with: A) -> Swift.Bool in conformance __C.NSPropertyListMutabilityOptions : Swift.SetAlgebra in __C_Synthesized in libtulsi_generator_lib.a(PBXTargetGenerator.swift.o)
      protocol witness for Swift.SetAlgebra.isDisjoint(with: A) -> Swift.Bool in conformance __C.NSJSONWritingOptions : Swift.SetAlgebra in __C_Synthesized in libtulsi_generator_lib.a(TulsiGeneratorConfig.swift.o)
      protocol witness for Swift.SetAlgebra.isDisjoint(with: A) -> Swift.Bool in conformance __C.NSJSONReadingOptions : Swift.SetAlgebra in __C_Synthesized in libtulsi_generator_lib.a(TulsiGeneratorConfig.swift.o)
      protocol witness for Swift.SetAlgebra.isDisjoint(with: A) -> Swift.Bool in conformance TulsiGenerator.TulsiOption.OptionType : Swift.SetAlgebra in TulsiGenerator in libtulsi_generator_lib.a(TulsiOption.swift.o)
      ...
  "(extension in Swift):Swift.SetAlgebra.isSuperset(of: A) -> Swift.Bool", referenced from:
      protocol witness for Swift.SetAlgebra.isSuperset(of: A) -> Swift.Bool in conformance __C.NSJSONReadingOptions : Swift.SetAlgebra in __C_Synthesized in libtulsi_generator_lib.a(BazelAspectInfoExtractor.swift.o)
      protocol witness for Swift.SetAlgebra.isSuperset(of: A) -> Swift.Bool in conformance __C.NSJSONReadingOptions : Swift.SetAlgebra in __C_Synthesized in libtulsi_generator_lib.a(BazelBuildEvents.swift.o)
      protocol witness for Swift.SetAlgebra.isSuperset(of: A) -> Swift.Bool in conformance __C.NSRegularExpressionOptions : Swift.SetAlgebra in __C_Synthesized in libtulsi_generator_lib.a(PBXProjSerializer.swift.o)
      protocol witness for Swift.SetAlgebra.isSuperset(of: A) -> Swift.Bool in conformance __C.NSPropertyListMutabilityOptions : Swift.SetAlgebra in __C_Synthesized in libtulsi_generator_lib.a(PBXTargetGenerator.swift.o)
      protocol witness for Swift.SetAlgebra.isSuperset(of: A) -> Swift.Bool in conformance __C.NSJSONWritingOptions : Swift.SetAlgebra in __C_Synthesized in libtulsi_generator_lib.a(TulsiGeneratorConfig.swift.o)
      protocol witness for Swift.SetAlgebra.isSuperset(of: A) -> Swift.Bool in conformance __C.NSJSONReadingOptions : Swift.SetAlgebra in __C_Synthesized in libtulsi_generator_lib.a(TulsiGeneratorConfig.swift.o)
      protocol witness for Swift.SetAlgebra.isSuperset(of: A) -> Swift.Bool in conformance TulsiGenerator.TulsiOption.OptionType : Swift.SetAlgebra in TulsiGenerator in libtulsi_generator_lib.a(TulsiOption.swift.o)
      ...
  "(extension in Swift):Swift.SetAlgebra.subtracting(A) -> A", referenced from:
      protocol witness for Swift.SetAlgebra.subtracting(A) -> A in conformance __C.NSJSONReadingOptions : Swift.SetAlgebra in __C_Synthesized in libtulsi_generator_lib.a(BazelAspectInfoExtractor.swift.o)
      protocol witness for Swift.SetAlgebra.subtracting(A) -> A in conformance __C.NSJSONReadingOptions : Swift.SetAlgebra in __C_Synthesized in libtulsi_generator_lib.a(BazelBuildEvents.swift.o)
      protocol witness for Swift.SetAlgebra.subtracting(A) -> A in conformance __C.NSRegularExpressionOptions : Swift.SetAlgebra in __C_Synthesized in libtulsi_generator_lib.a(PBXProjSerializer.swift.o)
      protocol witness for Swift.SetAlgebra.subtracting(A) -> A in conformance __C.NSPropertyListMutabilityOptions : Swift.SetAlgebra in __C_Synthesized in libtulsi_generator_lib.a(PBXTargetGenerator.swift.o)
      protocol witness for Swift.SetAlgebra.subtracting(A) -> A in conformance __C.NSJSONWritingOptions : Swift.SetAlgebra in __C_Synthesized in libtulsi_generator_lib.a(TulsiGeneratorConfig.swift.o)
      protocol witness for Swift.SetAlgebra.subtracting(A) -> A in conformance __C.NSJSONReadingOptions : Swift.SetAlgebra in __C_Synthesized in libtulsi_generator_lib.a(TulsiGeneratorConfig.swift.o)
      protocol witness for Swift.SetAlgebra.subtracting(A) -> A in conformance TulsiGenerator.TulsiOption.OptionType : Swift.SetAlgebra in TulsiGenerator in libtulsi_generator_lib.a(TulsiOption.swift.o)
      ...
  "(extension in Swift):Swift.SetAlgebra.isEmpty.getter : Swift.Bool", referenced from:
      protocol witness for Swift.SetAlgebra.isEmpty.getter : Swift.Bool in conformance __C.NSJSONReadingOptions : Swift.SetAlgebra in __C_Synthesized in libtulsi_generator_lib.a(BazelAspectInfoExtractor.swift.o)
      protocol witness for Swift.SetAlgebra.isEmpty.getter : Swift.Bool in conformance __C.NSJSONReadingOptions : Swift.SetAlgebra in __C_Synthesized in libtulsi_generator_lib.a(BazelBuildEvents.swift.o)
      protocol witness for Swift.SetAlgebra.isEmpty.getter : Swift.Bool in conformance __C.NSRegularExpressionOptions : Swift.SetAlgebra in __C_Synthesized in libtulsi_generator_lib.a(PBXProjSerializer.swift.o)
      protocol witness for Swift.SetAlgebra.isEmpty.getter : Swift.Bool in conformance __C.NSPropertyListMutabilityOptions : Swift.SetAlgebra in __C_Synthesized in libtulsi_generator_lib.a(PBXTargetGenerator.swift.o)
      protocol witness for Swift.SetAlgebra.isEmpty.getter : Swift.Bool in conformance __C.NSJSONWritingOptions : Swift.SetAlgebra in __C_Synthesized in libtulsi_generator_lib.a(TulsiGeneratorConfig.swift.o)
      protocol witness for Swift.SetAlgebra.isEmpty.getter : Swift.Bool in conformance __C.NSJSONReadingOptions : Swift.SetAlgebra in __C_Synthesized in libtulsi_generator_lib.a(TulsiGeneratorConfig.swift.o)
      protocol witness for Swift.SetAlgebra.isEmpty.getter : Swift.Bool in conformance TulsiGenerator.TulsiOption.OptionType : Swift.SetAlgebra in TulsiGenerator in libtulsi_generator_lib.a(TulsiOption.swift.o)
      ...
  "(extension in Swift):Swift.SetAlgebra.isSubset(of: A) -> Swift.Bool", referenced from:
      protocol witness for Swift.SetAlgebra.isSubset(of: A) -> Swift.Bool in conformance __C.NSJSONReadingOptions : Swift.SetAlgebra in __C_Synthesized in libtulsi_generator_lib.a(BazelAspectInfoExtractor.swift.o)
      protocol witness for Swift.SetAlgebra.isSubset(of: A) -> Swift.Bool in conformance __C.NSJSONReadingOptions : Swift.SetAlgebra in __C_Synthesized in libtulsi_generator_lib.a(BazelBuildEvents.swift.o)
      protocol witness for Swift.SetAlgebra.isSubset(of: A) -> Swift.Bool in conformance __C.NSRegularExpressionOptions : Swift.SetAlgebra in __C_Synthesized in libtulsi_generator_lib.a(PBXProjSerializer.swift.o)
      protocol witness for Swift.SetAlgebra.isSubset(of: A) -> Swift.Bool in conformance __C.NSPropertyListMutabilityOptions : Swift.SetAlgebra in __C_Synthesized in libtulsi_generator_lib.a(PBXTargetGenerator.swift.o)
      protocol witness for Swift.SetAlgebra.isSubset(of: A) -> Swift.Bool in conformance __C.NSJSONWritingOptions : Swift.SetAlgebra in __C_Synthesized in libtulsi_generator_lib.a(TulsiGeneratorConfig.swift.o)
      protocol witness for Swift.SetAlgebra.isSubset(of: A) -> Swift.Bool in conformance __C.NSJSONReadingOptions : Swift.SetAlgebra in __C_Synthesized in libtulsi_generator_lib.a(TulsiGeneratorConfig.swift.o)
      protocol witness for Swift.SetAlgebra.isSubset(of: A) -> Swift.Bool in conformance TulsiGenerator.TulsiOption.OptionType : Swift.SetAlgebra in TulsiGenerator in libtulsi_generator_lib.a(TulsiOption.swift.o)
      ...
  "(extension in Swift):Swift.SetAlgebra.subtract(A) -> ()", referenced from:
      protocol witness for Swift.SetAlgebra.subtract(A) -> () in conformance __C.NSJSONReadingOptions : Swift.SetAlgebra in __C_Synthesized in libtulsi_generator_lib.a(BazelAspectInfoExtractor.swift.o)
      protocol witness for Swift.SetAlgebra.subtract(A) -> () in conformance __C.NSJSONReadingOptions : Swift.SetAlgebra in __C_Synthesized in libtulsi_generator_lib.a(BazelBuildEvents.swift.o)
      protocol witness for Swift.SetAlgebra.subtract(A) -> () in conformance __C.NSRegularExpressionOptions : Swift.SetAlgebra in __C_Synthesized in libtulsi_generator_lib.a(PBXProjSerializer.swift.o)
      protocol witness for Swift.SetAlgebra.subtract(A) -> () in conformance __C.NSPropertyListMutabilityOptions : Swift.SetAlgebra in __C_Synthesized in libtulsi_generator_lib.a(PBXTargetGenerator.swift.o)
      protocol witness for Swift.SetAlgebra.subtract(A) -> () in conformance __C.NSJSONWritingOptions : Swift.SetAlgebra in __C_Synthesized in libtulsi_generator_lib.a(TulsiGeneratorConfig.swift.o)
      protocol witness for Swift.SetAlgebra.subtract(A) -> () in conformance __C.NSJSONReadingOptions : Swift.SetAlgebra in __C_Synthesized in libtulsi_generator_lib.a(TulsiGeneratorConfig.swift.o)
      protocol witness for Swift.SetAlgebra.subtract(A) -> () in conformance TulsiGenerator.TulsiOption.OptionType : Swift.SetAlgebra in TulsiGenerator in libtulsi_generator_lib.a(TulsiOption.swift.o)
      ...
  "(extension in Swift):Swift.SetAlgebra.init<A where A1: Swift.Sequence, A.Element == A1.Element>(__owned A1) -> A", referenced from:
      protocol witness for Swift.SetAlgebra.init<A where A1: Swift.Sequence, A.Element == A1.Element>(__owned A1) -> A in conformance __C.NSJSONReadingOptions : Swift.SetAlgebra in __C_Synthesized in libtulsi_generator_lib.a(BazelAspectInfoExtractor.swift.o)
      protocol witness for Swift.SetAlgebra.init<A where A1: Swift.Sequence, A.Element == A1.Element>(__owned A1) -> A in conformance __C.NSJSONReadingOptions : Swift.SetAlgebra in __C_Synthesized in libtulsi_generator_lib.a(BazelBuildEvents.swift.o)
      protocol witness for Swift.SetAlgebra.init<A where A1: Swift.Sequence, A.Element == A1.Element>(__owned A1) -> A in conformance __C.NSRegularExpressionOptions : Swift.SetAlgebra in __C_Synthesized in libtulsi_generator_lib.a(PBXProjSerializer.swift.o)
      protocol witness for Swift.SetAlgebra.init<A where A1: Swift.Sequence, A.Element == A1.Element>(__owned A1) -> A in conformance __C.NSPropertyListMutabilityOptions : Swift.SetAlgebra in __C_Synthesized in libtulsi_generator_lib.a(PBXTargetGenerator.swift.o)
      protocol witness for Swift.SetAlgebra.init<A where A1: Swift.Sequence, A.Element == A1.Element>(__owned A1) -> A in conformance __C.NSJSONWritingOptions : Swift.SetAlgebra in __C_Synthesized in libtulsi_generator_lib.a(TulsiGeneratorConfig.swift.o)
      protocol witness for Swift.SetAlgebra.init<A where A1: Swift.Sequence, A.Element == A1.Element>(__owned A1) -> A in conformance __C.NSJSONReadingOptions : Swift.SetAlgebra in __C_Synthesized in libtulsi_generator_lib.a(TulsiGeneratorConfig.swift.o)
      _globalinit_33_AA7A40C5F4C3372CA9CEF72F6B11CCE0_func6 in libtulsi_generator_lib.a(TulsiOption.swift.o)
      ...
  "method descriptor for Swift.SetAlgebra.init() -> A", referenced from:
      protocol conformance descriptor for __C.NSJSONReadingOptions : Swift.SetAlgebra in __C_Synthesized in libtulsi_generator_lib.a(BazelAspectInfoExtractor.swift.o)
      protocol conformance descriptor for __C.NSJSONReadingOptions : Swift.SetAlgebra in __C_Synthesized in libtulsi_generator_lib.a(BazelBuildEvents.swift.o)
      protocol conformance descriptor for __C.NSRegularExpressionOptions : Swift.SetAlgebra in __C_Synthesized in libtulsi_generator_lib.a(PBXProjSerializer.swift.o)
      protocol conformance descriptor for __C.NSPropertyListMutabilityOptions : Swift.SetAlgebra in __C_Synthesized in libtulsi_generator_lib.a(PBXTargetGenerator.swift.o)
      protocol conformance descriptor for __C.NSJSONWritingOptions : Swift.SetAlgebra in __C_Synthesized in libtulsi_generator_lib.a(TulsiGeneratorConfig.swift.o)
      protocol conformance descriptor for __C.NSJSONReadingOptions : Swift.SetAlgebra in __C_Synthesized in libtulsi_generator_lib.a(TulsiGeneratorConfig.swift.o)
      protocol conformance descriptor for TulsiGenerator.TulsiOption.OptionType : Swift.SetAlgebra in TulsiGenerator in libtulsi_generator_lib.a(TulsiOption.swift.o)
      ...
  "dispatch thunk of Swift.SetAlgebra.init<A where A1: Swift.Sequence, A.Element == A1.Element>(__owned A1) -> A", referenced from:
      default argument 2 of (extension in Dispatch):__C.OS_dispatch_queue.async(group: __C.OS_dispatch_group?, qos: Dispatch.DispatchQoS, flags: Dispatch.DispatchWorkItemFlags, execute: @convention(block) () -> ()) -> () in libtulsi_generator_lib.a(BazelAspectInfoExtractor.swift.o)
      default argument 2 of (extension in Dispatch):__C.OS_dispatch_queue.async(group: __C.OS_dispatch_group?, qos: Dispatch.DispatchQoS, flags: Dispatch.DispatchWorkItemFlags, execute: @convention(block) () -> ()) -> () in libtulsi_lib.a(ProjectEditorPackageManagerViewController.swift.o)
      default argument 2 of (extension in Dispatch):__C.OS_dispatch_queue.async(group: __C.OS_dispatch_group?, qos: Dispatch.DispatchQoS, flags: Dispatch.DispatchWorkItemFlags, execute: @convention(block) () -> ()) -> () in libtulsi_generator_lib.a(NSThreadExtensions.swift.o)
      default argument 2 of (extension in Dispatch):__C.OS_dispatch_queue.async(group: __C.OS_dispatch_group?, qos: Dispatch.DispatchQoS, flags: Dispatch.DispatchWorkItemFlags, execute: @convention(block) () -> ()) -> () in libtulsi_lib.a(main.swift.o)
  "method descriptor for Swift.SetAlgebra.init<A where A1: Swift.Sequence, A.Element == A1.Element>(__owned A1) -> A", referenced from:
      protocol conformance descriptor for __C.NSJSONReadingOptions : Swift.SetAlgebra in __C_Synthesized in libtulsi_generator_lib.a(BazelAspectInfoExtractor.swift.o)
      protocol conformance descriptor for __C.NSJSONReadingOptions : Swift.SetAlgebra in __C_Synthesized in libtulsi_generator_lib.a(BazelBuildEvents.swift.o)
      protocol conformance descriptor for __C.NSRegularExpressionOptions : Swift.SetAlgebra in __C_Synthesized in libtulsi_generator_lib.a(PBXProjSerializer.swift.o)
      protocol conformance descriptor for __C.NSPropertyListMutabilityOptions : Swift.SetAlgebra in __C_Synthesized in libtulsi_generator_lib.a(PBXTargetGenerator.swift.o)
      protocol conformance descriptor for __C.NSJSONWritingOptions : Swift.SetAlgebra in __C_Synthesized in libtulsi_generator_lib.a(TulsiGeneratorConfig.swift.o)
      protocol conformance descriptor for __C.NSJSONReadingOptions : Swift.SetAlgebra in __C_Synthesized in libtulsi_generator_lib.a(TulsiGeneratorConfig.swift.o)
      protocol conformance descriptor for TulsiGenerator.TulsiOption.OptionType : Swift.SetAlgebra in TulsiGenerator in libtulsi_generator_lib.a(TulsiOption.swift.o)
      ...
  "Swift._hashValue<A where A: Swift.Hashable>(for: A) -> Swift.Int", referenced from:
      TulsiGenerator.BazelQueryInfoExtractor.ExtractorError.hashValue.getter : Swift.Int in libtulsi_generator_lib.a(BazelQueryInfoExtractor.swift.o)
      (extension in TulsiGenerator):__C.NSJSONSerialization.EncodingError.hashValue.getter : Swift.Int in libtulsi_generator_lib.a(NSJSONSerializationExtensions.swift.o)
      (extension in TulsiGenerator):__C.NSMutableData.EncodingError.hashValue.getter : Swift.Int in libtulsi_generator_lib.a(PBXProjSerializer.swift.o)
      TulsiGenerator.OpenStepSerializer.(SerializationError in _40B8AF4E61D42104FF82B74BA7B851A2).hashValue.getter : Swift.Int in libtulsi_generator_lib.a(PBXProjSerializer.swift.o)
      Tulsi.NewGeneratorConfigViewController.CompletionReason.hashValue.getter : Swift.Int in libtulsi_lib.a(NewGeneratorConfigViewController.swift.o)
      Tulsi.NewProjectViewController.CompletionReason.hashValue.getter : Swift.Int in libtulsi_lib.a(NewProjectViewController.swift.o)
      Tulsi.OptionsEditorPopoverViewController.CloseReason.hashValue.getter : Swift.Int in libtulsi_lib.a(OptionsEditorController.swift.o)
      ...
  "type metadata for Swift.AnyHashable", referenced from:
      closure #1 (Foundation.Notification) -> () in registerAndStartReader #1 (_: __C.NSFileHandle, outputData: __C.NSMutableData) -> __C.NSObject in TulsiGenerator.ProcessRunner.(createProcess in _F89DABAFE844AC5CA1B763CAFAD9B278)(_: Swift.String, arguments: [Swift.String], environment: [Swift.String : Swift.String]?, messageLogger: TulsiGenerator.LocalizedMessageLogger?, loggingIdentifier: Swift.String?, terminationHandler: (TulsiGenerator.ProcessRunner.CompletionInfo) -> ()) -> __C.NSTask in libtulsi_generator_lib.a(ProcessRunner.swift.o)
      closure #1 () -> () in TulsiGenerator.ProgressNotifier.value.didset : Swift.Int in libtulsi_generator_lib.a(ProgressNotifier.swift.o)
      closure #1 () -> () in TulsiGenerator.ProgressNotifier.start() -> () in libtulsi_generator_lib.a(ProgressNotifier.swift.o)
      type metadata accessor for (Swift.AnyHashable, Any) in libtulsi_generator_lib.a(ProgressNotifier.swift.o)
      static TulsiGenerator.LogMessage.displayPendingErrors() -> () in libtulsi_generator_lib.a(TulsiNotifications.swift.o)
      static TulsiGenerator.LogMessage.(postMessage in _7E10A39DF9FEDECE09E7600D98C9F77B)(_: TulsiGenerator.TulsiMessageLevel, message: Swift.String, details: Swift.String?, context: Swift.String?) -> () in libtulsi_generator_lib.a(TulsiNotifications.swift.o)
      TulsiGenerator.LogMessage.init(notification: Foundation.Notification) -> TulsiGenerator.LogMessage? in libtulsi_generator_lib.a(TulsiNotifications.swift.o)
      ...
  "protocol witness table for Swift.AnyHashable : Swift.Hashable in Swift", referenced from:
      closure #1 (Foundation.Notification) -> () in registerAndStartReader #1 (_: __C.NSFileHandle, outputData: __C.NSMutableData) -> __C.NSObject in TulsiGenerator.ProcessRunner.(createProcess in _F89DABAFE844AC5CA1B763CAFAD9B278)(_: Swift.String, arguments: [Swift.String], environment: [Swift.String : Swift.String]?, messageLogger: TulsiGenerator.LocalizedMessageLogger?, loggingIdentifier: Swift.String?, terminationHandler: (TulsiGenerator.ProcessRunner.CompletionInfo) -> ()) -> __C.NSTask in libtulsi_generator_lib.a(ProcessRunner.swift.o)
      closure #1 () -> () in TulsiGenerator.ProgressNotifier.value.didset : Swift.Int in libtulsi_generator_lib.a(ProgressNotifier.swift.o)
      closure #1 () -> () in TulsiGenerator.ProgressNotifier.start() -> () in libtulsi_generator_lib.a(ProgressNotifier.swift.o)
      static TulsiGenerator.LogMessage.displayPendingErrors() -> () in libtulsi_generator_lib.a(TulsiNotifications.swift.o)
      static TulsiGenerator.LogMessage.(postMessage in _7E10A39DF9FEDECE09E7600D98C9F77B)(_: TulsiGenerator.TulsiMessageLevel, message: Swift.String, details: Swift.String?, context: Swift.String?) -> () in libtulsi_generator_lib.a(TulsiNotifications.swift.o)
      TulsiGenerator.LogMessage.init(notification: Foundation.Notification) -> TulsiGenerator.LogMessage? in libtulsi_generator_lib.a(TulsiNotifications.swift.o)
      TulsiGenerator.XcodeScheme.(commandlineArgumentsElement in _3583C8AB1A7D3CB468B1420C3DA41CF5)([Swift.String]) -> __C.NSXMLElement in libtulsi_generator_lib.a(XcodeScheme.swift.o)
      ...
  "static Swift.CommandLine.unsafeArgv.getter : Swift.UnsafeMutablePointer<Swift.UnsafeMutablePointer<Swift.Int8>?>", referenced from:
      Tulsi.(main in _54889CDB73DF4DC25B8AC2F5AB42D120)() -> () in libtulsi_lib.a(main.swift.o)
  "static Swift.CommandLine.argc.getter : Swift.Int32", referenced from:
      Tulsi.(main in _54889CDB73DF4DC25B8AC2F5AB42D120)() -> () in libtulsi_lib.a(main.swift.o)
  "static Swift.CommandLine.arguments.getter : [Swift.String]", referenced from:
      Tulsi.TulsiCommandlineParser.init() -> Tulsi.TulsiCommandlineParser in libtulsi_lib.a(TulsiCommandlineParser.swift.o)
      static Tulsi.TulsiCommandlineParser.(printUsage in _515B3E1A117BBCF75E07B67797B41708)() -> () in libtulsi_lib.a(TulsiCommandlineParser.swift.o)
  "type metadata accessor for Swift.LazySequence", referenced from:
      type metadata accessor for Swift.LazySequence<[Swift.String]> in libtulsi_generator_lib.a(BazelAspectInfoExtractor.swift.o)
  "protocol conformance descriptor for Swift.LazySequence<A> : Swift.LazySequenceProtocol in Swift", referenced from:
      lazy protocol witness table accessor for type Swift.LazySequence<[Swift.String]> and conformance Swift.LazySequence<A> : Swift.LazySequenceProtocol in Swift in libtulsi_generator_lib.a(BazelAspectInfoExtractor.swift.o)
  "type metadata for Swift.StaticString", referenced from:
      TulsiGenerator.CPU.init(rawValue: Swift.String) -> TulsiGenerator.CPU? in libtulsi_generator_lib.a(DeploymentTarget.swift.o)
      TulsiGenerator.PlatformType.init(rawValue: Swift.String) -> TulsiGenerator.PlatformType? in libtulsi_generator_lib.a(DeploymentTarget.swift.o)
      TulsiGenerator.SourceTree.init(rawValue: Swift.String) -> TulsiGenerator.SourceTree? in libtulsi_generator_lib.a(PBXObjects.swift.o)
      TulsiGenerator.PBXTarget.ProductType.init(rawValue: Swift.String) -> TulsiGenerator.PBXTarget.ProductType? in libtulsi_generator_lib.a(PBXObjects.swift.o)
      TulsiGenerator.RuleEntry.Attribute.init(rawValue: Swift.String) -> TulsiGenerator.RuleEntry.Attribute? in libtulsi_generator_lib.a(RuleEntry.swift.o)
      TulsiGenerator.TulsiMessageLevel.init(rawValue: Swift.String) -> TulsiGenerator.TulsiMessageLevel? in libtulsi_generator_lib.a(TulsiNotifications.swift.o)
      TulsiGenerator.TulsiOptionKey.init(rawValue: Swift.String) -> TulsiGenerator.TulsiOptionKey? in libtulsi_generator_lib.a(TulsiOptionSet.swift.o)
      ...
  "Swift.Zip2Sequence.makeIterator() -> Swift.Zip2Sequence<A, B>.Iterator", referenced from:
      (extension in TulsiGenerator):Foundation.URL.relativePathTo(Foundation.URL) -> Swift.String? in libtulsi_generator_lib.a(NSURLExtensions.swift.o)
  "Swift.Zip2Sequence.Iterator.next() -> (A.Element, B.Element)?", referenced from:
      (extension in TulsiGenerator):Foundation.URL.relativePathTo(Foundation.URL) -> Swift.String? in libtulsi_generator_lib.a(NSURLExtensions.swift.o)
  "type metadata accessor for Swift.Zip2Sequence.Iterator", referenced from:
      type metadata accessor for Swift.Zip2Sequence<[Swift.String], [Swift.String]>.Iterator in libtulsi_generator_lib.a(NSURLExtensions.swift.o)
  "type metadata accessor for Swift.Zip2Sequence", referenced from:
      type metadata accessor for Swift.Zip2Sequence<[Swift.String], [Swift.String]> in libtulsi_generator_lib.a(NSURLExtensions.swift.o)
  "(extension in Swift):Swift._ArrayProtocol.filter((A.Element) throws -> Swift.Bool) throws -> [A.Element]", referenced from:
      TulsiGenerator.BazelFlags.init(startup: [Swift.String], build: [Swift.String]) -> TulsiGenerator.BazelFlags in libtulsi_generator_lib.a(BazelBuildSettings.swift.o)
      static TulsiGenerator.BazelErrorExtractor.firstErrorLinesOrLastLinesFromString(_: Swift.String, maxErrors: Swift.Int) -> Swift.String? in libtulsi_generator_lib.a(BazelErrorExtractor.swift.o)
      TulsiGenerator.BazelPBXReferencePatcher.patchExternalRepositoryReferences(TulsiGenerator.PBXProject) -> () in libtulsi_generator_lib.a(BazelPBXReferencePatcher.swift.o)
      TulsiGenerator.BazelWorkspaceInfoExtractor.ruleEntriesForLabels(_: [TulsiGenerator.BuildLabel], startupOptions: TulsiGenerator.TulsiOption, extraStartupOptions: TulsiGenerator.TulsiOption, buildOptions: TulsiGenerator.TulsiOption, compilationModeOption: TulsiGenerator.TulsiOption, platformConfigOption: TulsiGenerator.TulsiOption, prioritizeSwiftOption: TulsiGenerator.TulsiOption, useArm64_32Option: TulsiGenerator.TulsiOption, features: Swift.Set<TulsiGenerator.BazelSettingFeature>) throws -> TulsiGenerator.RuleEntryMap in libtulsi_generator_lib.a(BazelWorkspaceInfoExtractor.swift.o)
      TulsiGenerator.BazelXcodeProjectPatcher.patchBazelRelativeReferences(TulsiGenerator.PBXProject, Foundation.URL) -> () in libtulsi_generator_lib.a(BazelXcodeProjectPatcher.swift.o)
      TulsiGenerator.PBXGroup.removeChild(TulsiGenerator.PBXReference) -> () in libtulsi_generator_lib.a(PBXObjects.swift.o)
      TulsiGenerator.PBXProject.linkedTestTargetsForHost(TulsiGenerator.PBXTarget) -> [TulsiGenerator.PBXTarget] in libtulsi_generator_lib.a(PBXObjects.swift.o)
      ...
  "Swift._arrayForceCast<A, B>([A]) -> [B]", referenced from:
      TulsiGenerator.BazelPBXReferencePatcher.patchExternalRepositoryReferences(TulsiGenerator.PBXProject) -> () in libtulsi_generator_lib.a(BazelPBXReferencePatcher.swift.o)
      generateIndexerTargetGraphForRuleEntry #1 (TulsiGenerator.RuleEntry) -> __C.NSOrderedSet in TulsiGenerator.PBXTargetGenerator.registerRuleEntryForIndexer(_: TulsiGenerator.RuleEntry, ruleEntryMap: TulsiGenerator.RuleEntryMap, pathFilters: Swift.Set<Swift.String>, processedEntries: inout [TulsiGenerator.RuleEntry : __C.NSOrderedSet]) -> () in libtulsi_generator_lib.a(PBXTargetGenerator.swift.o)
      TulsiGenerator.PBXTargetGenerator.(addIncludes in _9BC2D135E4F1D200D8B700936548BDC4)(_: TulsiGenerator.RuleEntry, toSet: __C.NSMutableOrderedSet) -> () in libtulsi_generator_lib.a(PBXTargetGenerator.swift.o)
      TulsiGenerator.PBXTargetGenerator.(updateTestTargetBuildPhases in _9BC2D135E4F1D200D8B700936548BDC4)(_: TulsiGenerator.PBXNativeTarget, ruleEntry: TulsiGenerator.RuleEntry, ruleEntryMap: TulsiGenerator.RuleEntryMap) -> () in libtulsi_generator_lib.a(PBXTargetGenerator.swift.o)
      TulsiGenerator.PBXTargetGenerator.(targetTestSettings in _9BC2D135E4F1D200D8B700936548BDC4)(_: TulsiGenerator.PBXNativeTarget, hostTarget: TulsiGenerator.PBXNativeTarget?, ruleEntry: TulsiGenerator.RuleEntry, ruleEntryMap: TulsiGenerator.RuleEntryMap) -> [Swift.String : Swift.String] in libtulsi_generator_lib.a(PBXTargetGenerator.swift.o)
      Tulsi.SourcePathNode.recursive.getter : Swift.Int in libtulsi_lib.a(ConfigEditorSourceFilterViewController.swift.o)
      Tulsi.SourcePathNode.(setChildrenHaveRecursiveParent in _D662C3E634D8A7BBE011ADD96F19B9E0)(Swift.Bool) -> () in libtulsi_lib.a(ConfigEditorSourceFilterViewController.swift.o)
      ...
  "Swift.IndexingIterator.next() -> A.Element?", referenced from:
      MakeBazelFileInfos #1 (Swift.String) -> [TulsiGenerator.BazelFileInfo] in parseTulsiTargetFileImpl #1 (Swift.String) throws -> TulsiGenerator.RuleEntry in TulsiGenerator.BazelAspectInfoExtractor.(extractRuleEntriesFromArtifacts in _F5D2D87286505E9AC6917BB651D4E8CB)(_: Swift.Set<Swift.String>, progressNotifier: TulsiGenerator.ProgressNotifier?) -> TulsiGenerator.RuleEntryMap in libtulsi_generator_lib.a(BazelAspectInfoExtractor.swift.o)
      appendGeneratedSourceArtifacts #1 (_: [[Swift.String : Swift.AnyObject]], to: inout [TulsiGenerator.BazelFileInfo]) -> () in parseTulsiTargetFileImpl #1 (Swift.String) throws -> TulsiGenerator.RuleEntry in TulsiGenerator.BazelAspectInfoExtractor.(extractRuleEntriesFromArtifacts in _F5D2D87286505E9AC6917BB651D4E8CB)(_: Swift.Set<Swift.String>, progressNotifier: TulsiGenerator.ProgressNotifier?) -> TulsiGenerator.RuleEntryMap in libtulsi_generator_lib.a(BazelAspectInfoExtractor.swift.o)
      TulsiGenerator.BazelAspectInfoExtractor.logQueuedInfoMessages() -> () in libtulsi_generator_lib.a(BazelAspectInfoExtractor.swift.o)
      TulsiGenerator.BazelBuildEvent.init(eventDictionary: [Swift.String : Swift.AnyObject]) -> TulsiGenerator.BazelBuildEvent in libtulsi_generator_lib.a(BazelBuildEvents.swift.o)
      (extension in TulsiGenerator):Swift.Array<A where A: TulsiGenerator.Pythonable>.toPython(Swift.String) -> Swift.String in libtulsi_generator_lib.a(BazelBuildSettings.swift.o)
      static TulsiGenerator.BazelErrorExtractor.firstErrorLinesFromString(_: Swift.String, maxErrors: Swift.Int) -> Swift.String? in libtulsi_generator_lib.a(BazelErrorExtractor.swift.o)
      isNewLogMessage #1 (Swift.String) -> Swift.Bool in static TulsiGenerator.BazelErrorExtractor.firstErrorLinesFromString(_: Swift.String, maxErrors: Swift.Int) -> Swift.String? in libtulsi_generator_lib.a(BazelErrorExtractor.swift.o)
      ...
  "type metadata accessor for Swift.IndexingIterator", referenced from:
      type metadata accessor for Swift.IndexingIterator<[Swift.String]> in libtulsi_generator_lib.a(BazelAspectInfoExtractor.swift.o)
      type metadata accessor for Swift.IndexingIterator<[[Swift.String : Swift.AnyObject]]> in libtulsi_generator_lib.a(BazelAspectInfoExtractor.swift.o)
      type metadata accessor for Swift.IndexingIterator<[[Swift.String : Swift.AnyObject]]> in libtulsi_generator_lib.a(BazelBuildEvents.swift.o)
      (extension in TulsiGenerator):Swift.Array<A where A: TulsiGenerator.Pythonable>.toPython(Swift.String) -> Swift.String in libtulsi_generator_lib.a(BazelBuildSettings.swift.o)
      type metadata accessor for Swift.IndexingIterator<[Swift.String]> in libtulsi_generator_lib.a(BazelErrorExtractor.swift.o)
      type metadata accessor for Swift.IndexingIterator<[TulsiGenerator.PBXGroup]> in libtulsi_generator_lib.a(BazelPBXReferencePatcher.swift.o)
      type metadata accessor for Swift.IndexingIterator<[Swift.String]> in libtulsi_generator_lib.a(BazelQueryInfoExtractor.swift.o)
      ...
  "type metadata accessor for Swift.PartialRangeFrom", referenced from:
      type metadata accessor for Swift.PartialRangeFrom<Swift.String.Index> in libtulsi_generator_lib.a(BazelBuildEvents.swift.o)
      type metadata accessor for Swift.PartialRangeFrom<Swift.String.Index> in libtulsi_generator_lib.a(PBXTargetGenerator.swift.o)
      type metadata accessor for Swift.PartialRangeFrom<Swift.String.Index> in libtulsi_lib.a(TulsiCommandlineParser.swift.o)
  "Swift.PartialRangeFrom.init(A) -> Swift.PartialRangeFrom<A>", referenced from:
      TulsiGenerator.BazelBuildEvent.init(eventDictionary: [Swift.String : Swift.AnyObject]) -> TulsiGenerator.BazelBuildEvent in libtulsi_generator_lib.a(BazelBuildEvents.swift.o)
      static TulsiGenerator.PBXTargetGenerator.mainGroupForOutputFolder(_: Foundation.URL, workspaceRootURL: Foundation.URL) -> TulsiGenerator.PBXGroup in libtulsi_generator_lib.a(PBXTargetGenerator.swift.o)
      TulsiGenerator.PBXTargetGenerator.(addLocalSettings in _9BC2D135E4F1D200D8B700936548BDC4)(_: TulsiGenerator.RuleEntry, localDefines: inout Swift.Set<Swift.String>, localIncludes: __C.NSMutableOrderedSet, otherCFlags: __C.NSMutableArray, swiftIncludePaths: __C.NSMutableOrderedSet, otherSwiftFlags: __C.NSMutableArray) -> () in libtulsi_generator_lib.a(PBXTargetGenerator.swift.o)
      closure #1 (Swift.String) -> Swift.String in closure #1 (Swift.AnyObject) -> Swift.AnyObject in Tulsi.TulsiCommandlineParser.init() -> Tulsi.TulsiCommandlineParser in libtulsi_lib.a(TulsiCommandlineParser.swift.o)
  "protocol conformance descriptor for Swift.PartialRangeFrom<A> : Swift.RangeExpression in Swift", referenced from:
      lazy protocol witness table accessor for type Swift.PartialRangeFrom<Swift.String.Index> and conformance Swift.PartialRangeFrom<A> : Swift.RangeExpression in Swift in libtulsi_generator_lib.a(BazelBuildEvents.swift.o)
      lazy protocol witness table accessor for type Swift.PartialRangeFrom<Swift.String.Index> and conformance Swift.PartialRangeFrom<A> : Swift.RangeExpression in Swift in libtulsi_generator_lib.a(PBXTargetGenerator.swift.o)
      lazy protocol witness table accessor for type Swift.PartialRangeFrom<Swift.String.Index> and conformance Swift.PartialRangeFrom<A> : Swift.RangeExpression in Swift in libtulsi_lib.a(TulsiCommandlineParser.swift.o)
  "type metadata accessor for Swift.PartialRangeUpTo", referenced from:
      type metadata accessor for Swift.PartialRangeUpTo<Swift.String.Index> in libtulsi_generator_lib.a(PBXTargetGenerator.swift.o)
      type metadata accessor for Swift.PartialRangeUpTo<Swift.String.Index> in libtulsi_lib.a(TulsiGeneratorConfigDocument.swift.o)
      type metadata accessor for Swift.PartialRangeUpTo<Swift.String.Index> in libtulsi_lib.a(HeadlessTulsiProjectCreator.swift.o)
  "Swift.PartialRangeUpTo.init(A) -> Swift.PartialRangeUpTo<A>", referenced from:
      static TulsiGenerator.PBXTargetGenerator.indexerNameForTargetName(_: Swift.String, hash: Swift.Int, suffix: Swift.String?) -> Swift.String in libtulsi_generator_lib.a(PBXTargetGenerator.swift.o)
      closure #2 (Swift.String) -> Swift.String in TulsiGenerator.PBXTargetGenerator.(pathFilterFunc in _9BC2D135E4F1D200D8B700936548BDC4)(Swift.Set<Swift.String>) -> (Swift.String) -> Swift.Bool in libtulsi_generator_lib.a(PBXTargetGenerator.swift.o)
      Tulsi.TulsiGeneratorConfigDocument.read(from: Foundation.URL, ofType: Swift.String) throws -> () in libtulsi_lib.a(TulsiGeneratorConfigDocument.swift.o)
      Tulsi.HeadlessTulsiProjectCreator.(extractBazelPackages in _59287010C6E6E60CCC879AF7B9DF6695)([Swift.String]) -> Swift.Set<Swift.String> in libtulsi_lib.a(HeadlessTulsiProjectCreator.swift.o)
  "protocol conformance descriptor for Swift.PartialRangeUpTo<A> : Swift.RangeExpression in Swift", referenced from:
      lazy protocol witness table accessor for type Swift.PartialRangeUpTo<Swift.String.Index> and conformance Swift.PartialRangeUpTo<A> : Swift.RangeExpression in Swift in libtulsi_generator_lib.a(PBXTargetGenerator.swift.o)
      lazy protocol witness table accessor for type Swift.PartialRangeUpTo<Swift.String.Index> and conformance Swift.PartialRangeUpTo<A> : Swift.RangeExpression in Swift in libtulsi_lib.a(TulsiGeneratorConfigDocument.swift.o)
      lazy protocol witness table accessor for type Swift.PartialRangeUpTo<Swift.String.Index> and conformance Swift.PartialRangeUpTo<A> : Swift.RangeExpression in Swift in libtulsi_lib.a(HeadlessTulsiProjectCreator.swift.o)
  "Swift.assertionFailure(_: @autoclosure () -> Swift.String, file: Swift.StaticString, line: Swift.UInt) -> ()", referenced from:
      closure #1 (Foundation.Notification) -> () in registerAndStartReader #1 (_: __C.NSFileHandle, outputData: __C.NSMutableData) -> __C.NSObject in TulsiGenerator.ProcessRunner.(createProcess in _F89DABAFE844AC5CA1B763CAFAD9B278)(_: Swift.String, arguments: [Swift.String], environment: [Swift.String : Swift.String]?, messageLogger: TulsiGenerator.LocalizedMessageLogger?, loggingIdentifier: Swift.String?, terminationHandler: (TulsiGenerator.ProcessRunner.CompletionInfo) -> ()) -> __C.NSTask in libtulsi_generator_lib.a(ProcessRunner.swift.o)
      TulsiGenerator.PBXReference.isa.getter : Swift.String in libtulsi_generator_lib.a(PBXObjects.swift.o)
      TulsiGenerator.PBXBuildPhase.isa.getter : Swift.String in libtulsi_generator_lib.a(PBXObjects.swift.o)
      TulsiGenerator.PBXBuildPhase.hashValue.getter : Swift.Int in libtulsi_generator_lib.a(PBXObjects.swift.o)
      TulsiGenerator.PBXBuildPhase.comment.getter : Swift.String? in libtulsi_generator_lib.a(PBXObjects.swift.o)
      TulsiGenerator.PBXTarget.isa.getter : Swift.String in libtulsi_generator_lib.a(PBXObjects.swift.o)
      TulsiGenerator.PBXTarget.createDependencyOn(_: TulsiGenerator.PBXTarget, proxyType: TulsiGenerator.PBXContainerItemProxy.ProxyType, inProject: TulsiGenerator.PBXProject, first: Swift.Bool) -> () in libtulsi_generator_lib.a(PBXObjects.swift.o)
      ...
  "Swift._assertionFailure(_: Swift.StaticString, _: Swift.String, file: Swift.StaticString, line: Swift.UInt, flags: Swift.UInt32) -> Swift.Never", referenced from:
      TulsiGenerator.ProcessRunner.(createProcess in _F89DABAFE844AC5CA1B763CAFAD9B278)(_: Swift.String, arguments: [Swift.String], environment: [Swift.String : Swift.String]?, messageLogger: TulsiGenerator.LocalizedMessageLogger?, loggingIdentifier: Swift.String?, terminationHandler: (TulsiGenerator.ProcessRunner.CompletionInfo) -> ()) -> __C.NSTask in libtulsi_generator_lib.a(ProcessRunner.swift.o)
      static TulsiGenerator.ProcessRunner.launchProcessSync(_: Swift.String, arguments: [Swift.String], environment: [Swift.String : Swift.String]?, messageLogger: TulsiGenerator.LocalizedMessageLogger?, loggingIdentifier: Swift.String?) -> TulsiGenerator.ProcessRunner.CompletionInfo in libtulsi_generator_lib.a(ProcessRunner.swift.o)
      closure #2 (__C.NSTask) -> () in TulsiGenerator.ProcessRunner.(createProcess in _F89DABAFE844AC5CA1B763CAFAD9B278)(_: Swift.String, arguments: [Swift.String], environment: [Swift.String : Swift.String]?, messageLogger: TulsiGenerator.LocalizedMessageLogger?, loggingIdentifier: Swift.String?, terminationHandler: (TulsiGenerator.ProcessRunner.CompletionInfo) -> ()) -> __C.NSTask in libtulsi_generator_lib.a(ProcessRunner.swift.o)
      closure #1 () -> () in closure #2 (__C.NSTask) -> () in TulsiGenerator.ProcessRunner.(createProcess in _F89DABAFE844AC5CA1B763CAFAD9B278)(_: Swift.String, arguments: [Swift.String], environment: [Swift.String : Swift.String]?, messageLogger: TulsiGenerator.LocalizedMessageLogger?, loggingIdentifier: Swift.String?, terminationHandler: (TulsiGenerator.ProcessRunner.CompletionInfo) -> ()) -> __C.NSTask in libtulsi_generator_lib.a(ProcessRunner.swift.o)
      TulsiGenerator.ProcessRunner.(ProcessOutputReader in _F89DABAFE844AC5CA1B763CAFAD9B278).thread.getter : __C.NSThread in libtulsi_generator_lib.a(ProcessRunner.swift.o)
      TulsiGenerator.ProcessRunner.(ProcessOutputReader in _F89DABAFE844AC5CA1B763CAFAD9B278).start() -> () in libtulsi_generator_lib.a(ProcessRunner.swift.o)
      TulsiGenerator.BazelAspectInfoExtractor.init(bazelURL: Foundation.URL, workspaceRootURL: Foundation.URL, executionRootURL: Foundation.URL, bazelSettingsProvider: TulsiGenerator.BazelSettingsProviderProtocol, localizedMessageLogger: TulsiGenerator.LocalizedMessageLogger) -> TulsiGenerator.BazelAspectInfoExtractor in libtulsi_generator_lib.a(BazelAspectInfoExtractor.swift.o)
      ...
  "Swift._dictionaryUpCast<A, B, C, D where A: Swift.Hashable, C: Swift.Hashable>([A : B]) -> [C : D]", referenced from:
      TulsiGenerator.XCBuildConfiguration.serializeInto(TulsiGenerator.PBXProjFieldSerializer) throws -> () in libtulsi_generator_lib.a(PBXObjects.swift.o)
      TulsiGenerator.PBXBuildFile.serializeInto(TulsiGenerator.PBXProjFieldSerializer) throws -> () in libtulsi_generator_lib.a(PBXObjects.swift.o)
      TulsiGenerator.PBXProject.serializeInto(TulsiGenerator.PBXProjFieldSerializer) throws -> () in libtulsi_generator_lib.a(PBXObjects.swift.o)
      TulsiGenerator.OpenStepSerializer.addField(Swift.String, [Swift.String : Any]?) throws -> () in libtulsi_generator_lib.a(PBXProjSerializer.swift.o)
      TulsiGenerator.TulsiGeneratorConfig.__allocating_init(data: Foundation.Data, additionalOptionData: Foundation.Data?, bazelURL: Foundation.URL?) throws -> TulsiGenerator.TulsiGeneratorConfig in libtulsi_generator_lib.a(TulsiGeneratorConfig.swift.o)
      static TulsiGenerator.LogMessage.displayPendingErrors() -> () in libtulsi_generator_lib.a(TulsiNotifications.swift.o)
      static TulsiGenerator.LogMessage.(postMessage in _7E10A39DF9FEDECE09E7600D98C9F77B)(_: TulsiGenerator.TulsiMessageLevel, message: Swift.String, details: Swift.String?, context: Swift.String?) -> () in libtulsi_generator_lib.a(TulsiNotifications.swift.o)
      ...
  "type metadata accessor for Swift.EnumeratedSequence", referenced from:
      type metadata accessor for Swift.EnumeratedSequence<[Swift.String : [TulsiGenerator.RuleEntry]]> in libtulsi_generator_lib.a(XcodeProjectGenerator.swift.o)
  "protocol conformance descriptor for Swift.EnumeratedSequence<A> : Swift.Sequence in Swift", referenced from:
      lazy protocol witness table accessor for type Swift.EnumeratedSequence<[Swift.String : [TulsiGenerator.RuleEntry]]> and conformance Swift.EnumeratedSequence<A> : Swift.Sequence in Swift in libtulsi_generator_lib.a(XcodeProjectGenerator.swift.o)
  "type metadata accessor for Swift.LazyFilterSequence", referenced from:
      type metadata accessor for Swift.LazyFilterSequence<[Swift.String]> in libtulsi_generator_lib.a(BazelAspectInfoExtractor.swift.o)
  "protocol conformance descriptor for Swift.LazyFilterSequence<A> : Swift.Sequence in Swift", referenced from:
      lazy protocol witness table accessor for type Swift.LazyFilterSequence<[Swift.String]> and conformance Swift.LazyFilterSequence<A> : Swift.Sequence in Swift in libtulsi_generator_lib.a(BazelAspectInfoExtractor.swift.o)
  "type metadata accessor for Swift.ReversedCollection", referenced from:
      type metadata accessor for Swift.ReversedCollection<[Swift.String]> in libtulsi_generator_lib.a(PBXObjects.swift.o)
  "protocol conformance descriptor for Swift.ReversedCollection<A> : Swift.BidirectionalCollection in Swift", referenced from:
      lazy protocol witness table accessor for type Swift.ReversedCollection<[Swift.String]> and conformance Swift.ReversedCollection<A> : Swift.BidirectionalCollection in Swift in libtulsi_generator_lib.a(PBXObjects.swift.o)
  "Swift._fatalErrorMessage(_: Swift.StaticString, _: Swift.StaticString, file: Swift.StaticString, line: Swift.UInt, flags: Swift.UInt32) -> Swift.Never", referenced from:
      closure #1 () -> Swift.String? in TulsiGenerator.BuildLabel.packageName.getter : Swift.String? in libtulsi_generator_lib.a(BuildLabel.swift.o)
      TulsiGenerator.PBXFileReference.init(name: Swift.String, path: Swift.String?, sourceTree: TulsiGenerator.SourceTree, parent: TulsiGenerator.PBXReference?) -> TulsiGenerator.PBXFileReference in libtulsi_generator_lib.a(PBXObjects.swift.o)
      TulsiGenerator.PBXGroup.init(name: Swift.String, path: Swift.String?, sourceTree: TulsiGenerator.SourceTree, parent: TulsiGenerator.PBXReference?) -> TulsiGenerator.PBXGroup in libtulsi_generator_lib.a(PBXObjects.swift.o)
      TulsiGenerator.XCVersionGroup.init(name: Swift.String, path: Swift.String?, sourceTree: TulsiGenerator.SourceTree, parent: TulsiGenerator.PBXGroup?) -> TulsiGenerator.XCVersionGroup in libtulsi_generator_lib.a(PBXObjects.swift.o)
      TulsiGenerator.PBXShellScriptBuildPhase.init(buildActionMask: Swift.Int, runOnlyForDeploymentPostprocessing: Swift.Bool) -> TulsiGenerator.PBXShellScriptBuildPhase in libtulsi_generator_lib.a(PBXObjects.swift.o)
      TulsiGenerator.PBXNativeTarget.init(name: Swift.String, deploymentTarget: TulsiGenerator.DeploymentTarget?) -> TulsiGenerator.PBXNativeTarget in libtulsi_generator_lib.a(PBXObjects.swift.o)
      TulsiGenerator.PBXLegacyTarget.init(name: Swift.String, deploymentTarget: TulsiGenerator.DeploymentTarget?) -> TulsiGenerator.PBXLegacyTarget in libtulsi_generator_lib.a(PBXObjects.swift.o)
      ...
  "(extension in Swift):Swift.LazySequenceProtocol.filter((A.Element) -> Swift.Bool) -> Swift.LazyFilterSequence<A.Elements>", referenced from:
      closure #3 (TulsiGenerator.BazelBuildEvent) -> Swift.LazyFilterSequence<[Swift.String]> in TulsiGenerator.BazelAspectInfoExtractor.(extractRuleEntriesUsingBEP in _F5D2D87286505E9AC6917BB651D4E8CB)(_: [TulsiGenerator.BuildLabel], startupOptions: [Swift.String], buildOptions: [Swift.String], compilationMode: Swift.String?, platformConfig: Swift.String?, prioritizeSwift: Swift.Bool?, useArm64_32: Swift.Bool?, features: Swift.Set<TulsiGenerator.BazelSettingFeature>) throws -> TulsiGenerator.RuleEntryMap in libtulsi_generator_lib.a(BazelAspectInfoExtractor.swift.o)
  "protocol descriptor for Swift._SwiftNewtypeWrapper", referenced from:
      protocol conformance descriptor for __C.NSKeyValueChangeKey : Swift._SwiftNewtypeWrapper in __C_Synthesized in libtulsi_generator_lib.a(ProcessRunner.swift.o)
      protocol conformance descriptor for __C.NSFileAttributeKey : Swift._SwiftNewtypeWrapper in __C_Synthesized in libtulsi_generator_lib.a(XcodeProjectGenerator.swift.o)
      protocol conformance descriptor for __C.NSFileAttributeType : Swift._SwiftNewtypeWrapper in __C_Synthesized in libtulsi_generator_lib.a(XcodeProjectGenerator.swift.o)
      protocol conformance descriptor for __C.NSModalResponse : Swift._SwiftNewtypeWrapper in __C_Synthesized in libtulsi_lib.a(BazelSelectionPanel.swift.o)
      protocol conformance descriptor for __C.NSControlStateValue : Swift._SwiftNewtypeWrapper in __C_Synthesized in libtulsi_lib.a(BazelSelectionPanel.swift.o)
      protocol conformance descriptor for __C.NSModalResponse : Swift._SwiftNewtypeWrapper in __C_Synthesized in libtulsi_lib.a(NewProjectViewController.swift.o)
      protocol conformance descriptor for __C.NSAttributedStringKey : Swift._SwiftNewtypeWrapper in __C_Synthesized in libtulsi_lib.a(OptionsEditorController.swift.o)
      ...
  "base conformance descriptor for Swift._SwiftNewtypeWrapper: Swift.RawRepresentable", referenced from:
      protocol conformance descriptor for __C.NSKeyValueChangeKey : Swift._SwiftNewtypeWrapper in __C_Synthesized in libtulsi_generator_lib.a(ProcessRunner.swift.o)
      protocol conformance descriptor for __C.NSFileAttributeKey : Swift._SwiftNewtypeWrapper in __C_Synthesized in libtulsi_generator_lib.a(XcodeProjectGenerator.swift.o)
      protocol conformance descriptor for __C.NSFileAttributeType : Swift._SwiftNewtypeWrapper in __C_Synthesized in libtulsi_generator_lib.a(XcodeProjectGenerator.swift.o)
      protocol conformance descriptor for __C.NSModalResponse : Swift._SwiftNewtypeWrapper in __C_Synthesized in libtulsi_lib.a(BazelSelectionPanel.swift.o)
      protocol conformance descriptor for __C.NSControlStateValue : Swift._SwiftNewtypeWrapper in __C_Synthesized in libtulsi_lib.a(BazelSelectionPanel.swift.o)
      protocol conformance descriptor for __C.NSModalResponse : Swift._SwiftNewtypeWrapper in __C_Synthesized in libtulsi_lib.a(NewProjectViewController.swift.o)
      protocol conformance descriptor for __C.NSAttributedStringKey : Swift._SwiftNewtypeWrapper in __C_Synthesized in libtulsi_lib.a(OptionsEditorController.swift.o)
      ...
  "base conformance descriptor for Swift._SwiftNewtypeWrapper: Swift._HasCustomAnyHashableRepresentation", referenced from:
      protocol conformance descriptor for __C.NSKeyValueChangeKey : Swift._SwiftNewtypeWrapper in __C_Synthesized in libtulsi_generator_lib.a(ProcessRunner.swift.o)
      protocol conformance descriptor for __C.NSFileAttributeKey : Swift._SwiftNewtypeWrapper in __C_Synthesized in libtulsi_generator_lib.a(XcodeProjectGenerator.swift.o)
      protocol conformance descriptor for __C.NSFileAttributeType : Swift._SwiftNewtypeWrapper in __C_Synthesized in libtulsi_generator_lib.a(XcodeProjectGenerator.swift.o)
      protocol conformance descriptor for __C.NSModalResponse : Swift._SwiftNewtypeWrapper in __C_Synthesized in libtulsi_lib.a(BazelSelectionPanel.swift.o)
      protocol conformance descriptor for __C.NSControlStateValue : Swift._SwiftNewtypeWrapper in __C_Synthesized in libtulsi_lib.a(BazelSelectionPanel.swift.o)
      protocol conformance descriptor for __C.NSModalResponse : Swift._SwiftNewtypeWrapper in __C_Synthesized in libtulsi_lib.a(NewProjectViewController.swift.o)
      protocol conformance descriptor for __C.NSAttributedStringKey : Swift._SwiftNewtypeWrapper in __C_Synthesized in libtulsi_lib.a(OptionsEditorController.swift.o)
      ...
  "(extension in Swift):Swift._SwiftNewtypeWrapper< where A: Swift.Hashable, A.RawValue: Swift.Hashable>.hashValue.getter : Swift.Int", referenced from:
      protocol witness for Swift.Hashable.hashValue.getter : Swift.Int in conformance __C.NSKeyValueChangeKey : Swift.Hashable in __C_Synthesized in libtulsi_generator_lib.a(ProcessRunner.swift.o)
      protocol witness for Swift.Hashable.hashValue.getter : Swift.Int in conformance __C.NSFileAttributeKey : Swift.Hashable in __C_Synthesized in libtulsi_generator_lib.a(XcodeProjectGenerator.swift.o)
      protocol witness for Swift.Hashable.hashValue.getter : Swift.Int in conformance __C.NSFileAttributeType : Swift.Hashable in __C_Synthesized in libtulsi_generator_lib.a(XcodeProjectGenerator.swift.o)
      protocol witness for Swift.Hashable.hashValue.getter : Swift.Int in conformance __C.NSModalResponse : Swift.Hashable in __C_Synthesized in libtulsi_lib.a(BazelSelectionPanel.swift.o)
      protocol witness for Swift.Hashable.hashValue.getter : Swift.Int in conformance __C.NSControlStateValue : Swift.Hashable in __C_Synthesized in libtulsi_lib.a(BazelSelectionPanel.swift.o)
      protocol witness for Swift.Hashable.hashValue.getter : Swift.Int in conformance __C.NSModalResponse : Swift.Hashable in __C_Synthesized in libtulsi_lib.a(NewProjectViewController.swift.o)
      protocol witness for Swift.Hashable.hashValue.getter : Swift.Int in conformance __C.NSAttributedStringKey : Swift.Hashable in __C_Synthesized in libtulsi_lib.a(OptionsEditorController.swift.o)
      ...
  "(extension in Swift):Swift._SwiftNewtypeWrapper< where A: Swift.Hashable, A.RawValue: Swift.Hashable>._rawHashValue(seed: Swift.Int) -> Swift.Int", referenced from:
      protocol witness for Swift.Hashable._rawHashValue(seed: Swift.Int) -> Swift.Int in conformance __C.NSKeyValueChangeKey : Swift.Hashable in __C_Synthesized in libtulsi_generator_lib.a(ProcessRunner.swift.o)
      protocol witness for Swift.Hashable._rawHashValue(seed: Swift.Int) -> Swift.Int in conformance __C.NSFileAttributeKey : Swift.Hashable in __C_Synthesized in libtulsi_generator_lib.a(XcodeProjectGenerator.swift.o)
      protocol witness for Swift.Hashable._rawHashValue(seed: Swift.Int) -> Swift.Int in conformance __C.NSFileAttributeType : Swift.Hashable in __C_Synthesized in libtulsi_generator_lib.a(XcodeProjectGenerator.swift.o)
      protocol witness for Swift.Hashable._rawHashValue(seed: Swift.Int) -> Swift.Int in conformance __C.NSModalResponse : Swift.Hashable in __C_Synthesized in libtulsi_lib.a(BazelSelectionPanel.swift.o)
      protocol witness for Swift.Hashable._rawHashValue(seed: Swift.Int) -> Swift.Int in conformance __C.NSControlStateValue : Swift.Hashable in __C_Synthesized in libtulsi_lib.a(BazelSelectionPanel.swift.o)
      protocol witness for Swift.Hashable._rawHashValue(seed: Swift.Int) -> Swift.Int in conformance __C.NSModalResponse : Swift.Hashable in __C_Synthesized in libtulsi_lib.a(NewProjectViewController.swift.o)
      protocol witness for Swift.Hashable._rawHashValue(seed: Swift.Int) -> Swift.Int in conformance __C.NSAttributedStringKey : Swift.Hashable in __C_Synthesized in libtulsi_lib.a(OptionsEditorController.swift.o)
      ...
  "(extension in Swift):Swift._SwiftNewtypeWrapper< where A: Swift.Hashable, A.RawValue: Swift.Hashable>._toCustomAnyHashable() -> Swift.AnyHashable?", referenced from:
      protocol witness for Swift._HasCustomAnyHashableRepresentation._toCustomAnyHashable() -> Swift.AnyHashable? in conformance __C.NSKeyValueChangeKey : Swift._HasCustomAnyHashableRepresentation in __C_Synthesized in libtulsi_generator_lib.a(ProcessRunner.swift.o)
      protocol witness for Swift._HasCustomAnyHashableRepresentation._toCustomAnyHashable() -> Swift.AnyHashable? in conformance __C.NSFileAttributeKey : Swift._HasCustomAnyHashableRepresentation in __C_Synthesized in libtulsi_generator_lib.a(XcodeProjectGenerator.swift.o)
      protocol witness for Swift._HasCustomAnyHashableRepresentation._toCustomAnyHashable() -> Swift.AnyHashable? in conformance __C.NSFileAttributeType : Swift._HasCustomAnyHashableRepresentation in __C_Synthesized in libtulsi_generator_lib.a(XcodeProjectGenerator.swift.o)
      protocol witness for Swift._HasCustomAnyHashableRepresentation._toCustomAnyHashable() -> Swift.AnyHashable? in conformance __C.NSModalResponse : Swift._HasCustomAnyHashableRepresentation in __C_Synthesized in libtulsi_lib.a(BazelSelectionPanel.swift.o)
      protocol witness for Swift._HasCustomAnyHashableRepresentation._toCustomAnyHashable() -> Swift.AnyHashable? in conformance __C.NSControlStateValue : Swift._HasCustomAnyHashableRepresentation in __C_Synthesized in libtulsi_lib.a(BazelSelectionPanel.swift.o)
      protocol witness for Swift._HasCustomAnyHashableRepresentation._toCustomAnyHashable() -> Swift.AnyHashable? in conformance __C.NSModalResponse : Swift._HasCustomAnyHashableRepresentation in __C_Synthesized in libtulsi_lib.a(NewProjectViewController.swift.o)
      protocol witness for Swift._HasCustomAnyHashableRepresentation._toCustomAnyHashable() -> Swift.AnyHashable? in conformance __C.NSAttributedStringKey : Swift._HasCustomAnyHashableRepresentation in __C_Synthesized in libtulsi_lib.a(OptionsEditorController.swift.o)
      ...
  "(extension in Swift):Swift._SwiftNewtypeWrapper< where A: Swift.Hashable, A.RawValue: Swift.Hashable>.hash(into: inout Swift.Hasher) -> ()", referenced from:
      protocol witness for Swift.Hashable.hash(into: inout Swift.Hasher) -> () in conformance __C.NSKeyValueChangeKey : Swift.Hashable in __C_Synthesized in libtulsi_generator_lib.a(ProcessRunner.swift.o)
      protocol witness for Swift.Hashable.hash(into: inout Swift.Hasher) -> () in conformance __C.NSFileAttributeKey : Swift.Hashable in __C_Synthesized in libtulsi_generator_lib.a(XcodeProjectGenerator.swift.o)
      protocol witness for Swift.Hashable.hash(into: inout Swift.Hasher) -> () in conformance __C.NSFileAttributeType : Swift.Hashable in __C_Synthesized in libtulsi_generator_lib.a(XcodeProjectGenerator.swift.o)
      protocol witness for Swift.Hashable.hash(into: inout Swift.Hasher) -> () in conformance __C.NSModalResponse : Swift.Hashable in __C_Synthesized in libtulsi_lib.a(BazelSelectionPanel.swift.o)
      protocol witness for Swift.Hashable.hash(into: inout Swift.Hasher) -> () in conformance __C.NSControlStateValue : Swift.Hashable in __C_Synthesized in libtulsi_lib.a(BazelSelectionPanel.swift.o)
      protocol witness for Swift.Hashable.hash(into: inout Swift.Hasher) -> () in conformance __C.NSModalResponse : Swift.Hashable in __C_Synthesized in libtulsi_lib.a(NewProjectViewController.swift.o)
      protocol witness for Swift.Hashable.hash(into: inout Swift.Hasher) -> () in conformance __C.NSAttributedStringKey : Swift.Hashable in __C_Synthesized in libtulsi_lib.a(OptionsEditorController.swift.o)
      ...
  "static (extension in Swift):Swift._SwiftNewtypeWrapper< where A.RawValue: Swift._ObjectiveCBridgeable>._forceBridgeFromObjectiveC(_: A.RawValue._ObjectiveCType, result: inout A?) -> ()", referenced from:
      protocol witness for static Swift._ObjectiveCBridgeable._forceBridgeFromObjectiveC(_: A._ObjectiveCType, result: inout A?) -> () in conformance __C.NSKeyValueChangeKey : Swift._ObjectiveCBridgeable in __C_Synthesized in libtulsi_generator_lib.a(ProcessRunner.swift.o)
      protocol witness for static Swift._ObjectiveCBridgeable._forceBridgeFromObjectiveC(_: A._ObjectiveCType, result: inout A?) -> () in conformance __C.NSFileAttributeKey : Swift._ObjectiveCBridgeable in __C_Synthesized in libtulsi_generator_lib.a(XcodeProjectGenerator.swift.o)
      protocol witness for static Swift._ObjectiveCBridgeable._forceBridgeFromObjectiveC(_: A._ObjectiveCType, result: inout A?) -> () in conformance __C.NSFileAttributeType : Swift._ObjectiveCBridgeable in __C_Synthesized in libtulsi_generator_lib.a(XcodeProjectGenerator.swift.o)
      protocol witness for static Swift._ObjectiveCBridgeable._forceBridgeFromObjectiveC(_: A._ObjectiveCType, result: inout A?) -> () in conformance __C.NSModalResponse : Swift._ObjectiveCBridgeable in __C_Synthesized in libtulsi_lib.a(BazelSelectionPanel.swift.o)
      protocol witness for static Swift._ObjectiveCBridgeable._forceBridgeFromObjectiveC(_: A._ObjectiveCType, result: inout A?) -> () in conformance __C.NSControlStateValue : Swift._ObjectiveCBridgeable in __C_Synthesized in libtulsi_lib.a(BazelSelectionPanel.swift.o)
      protocol witness for static Swift._ObjectiveCBridgeable._forceBridgeFromObjectiveC(_: A._ObjectiveCType, result: inout A?) -> () in conformance __C.NSModalResponse : Swift._ObjectiveCBridgeable in __C_Synthesized in libtulsi_lib.a(NewProjectViewController.swift.o)
      protocol witness for static Swift._ObjectiveCBridgeable._forceBridgeFromObjectiveC(_: A._ObjectiveCType, result: inout A?) -> () in conformance __C.NSAttributedStringKey : Swift._ObjectiveCBridgeable in __C_Synthesized in libtulsi_lib.a(OptionsEditorController.swift.o)
      ...
  "static (extension in Swift):Swift._SwiftNewtypeWrapper< where A.RawValue: Swift._ObjectiveCBridgeable>._conditionallyBridgeFromObjectiveC(_: A.RawValue._ObjectiveCType, result: inout A?) -> Swift.Bool", referenced from:
      protocol witness for static Swift._ObjectiveCBridgeable._conditionallyBridgeFromObjectiveC(_: A._ObjectiveCType, result: inout A?) -> Swift.Bool in conformance __C.NSKeyValueChangeKey : Swift._ObjectiveCBridgeable in __C_Synthesized in libtulsi_generator_lib.a(ProcessRunner.swift.o)
      protocol witness for static Swift._ObjectiveCBridgeable._conditionallyBridgeFromObjectiveC(_: A._ObjectiveCType, result: inout A?) -> Swift.Bool in conformance __C.NSFileAttributeKey : Swift._ObjectiveCBridgeable in __C_Synthesized in libtulsi_generator_lib.a(XcodeProjectGenerator.swift.o)
      protocol witness for static Swift._ObjectiveCBridgeable._conditionallyBridgeFromObjectiveC(_: A._ObjectiveCType, result: inout A?) -> Swift.Bool in conformance __C.NSFileAttributeType : Swift._ObjectiveCBridgeable in __C_Synthesized in libtulsi_generator_lib.a(XcodeProjectGenerator.swift.o)
      protocol witness for static Swift._ObjectiveCBridgeable._conditionallyBridgeFromObjectiveC(_: A._ObjectiveCType, result: inout A?) -> Swift.Bool in conformance __C.NSModalResponse : Swift._ObjectiveCBridgeable in __C_Synthesized in libtulsi_lib.a(BazelSelectionPanel.swift.o)
      protocol witness for static Swift._ObjectiveCBridgeable._conditionallyBridgeFromObjectiveC(_: A._ObjectiveCType, result: inout A?) -> Swift.Bool in conformance __C.NSControlStateValue : Swift._ObjectiveCBridgeable in __C_Synthesized in libtulsi_lib.a(BazelSelectionPanel.swift.o)
      protocol witness for static Swift._ObjectiveCBridgeable._conditionallyBridgeFromObjectiveC(_: A._ObjectiveCType, result: inout A?) -> Swift.Bool in conformance __C.NSModalResponse : Swift._ObjectiveCBridgeable in __C_Synthesized in libtulsi_lib.a(NewProjectViewController.swift.o)
      protocol witness for static Swift._ObjectiveCBridgeable._conditionallyBridgeFromObjectiveC(_: A._ObjectiveCType, result: inout A?) -> Swift.Bool in conformance __C.NSAttributedStringKey : Swift._ObjectiveCBridgeable in __C_Synthesized in libtulsi_lib.a(OptionsEditorController.swift.o)
      ...
  "static (extension in Swift):Swift._SwiftNewtypeWrapper< where A.RawValue: Swift._ObjectiveCBridgeable>._unconditionallyBridgeFromObjectiveC(A.RawValue._ObjectiveCType?) -> A", referenced from:
      protocol witness for static Swift._ObjectiveCBridgeable._unconditionallyBridgeFromObjectiveC(A._ObjectiveCType?) -> A in conformance __C.NSKeyValueChangeKey : Swift._ObjectiveCBridgeable in __C_Synthesized in libtulsi_generator_lib.a(ProcessRunner.swift.o)
      protocol witness for static Swift._ObjectiveCBridgeable._unconditionallyBridgeFromObjectiveC(A._ObjectiveCType?) -> A in conformance __C.NSFileAttributeKey : Swift._ObjectiveCBridgeable in __C_Synthesized in libtulsi_generator_lib.a(XcodeProjectGenerator.swift.o)
      protocol witness for static Swift._ObjectiveCBridgeable._unconditionallyBridgeFromObjectiveC(A._ObjectiveCType?) -> A in conformance __C.NSFileAttributeType : Swift._ObjectiveCBridgeable in __C_Synthesized in libtulsi_generator_lib.a(XcodeProjectGenerator.swift.o)
      protocol witness for static Swift._ObjectiveCBridgeable._unconditionallyBridgeFromObjectiveC(A._ObjectiveCType?) -> A in conformance __C.NSModalResponse : Swift._ObjectiveCBridgeable in __C_Synthesized in libtulsi_lib.a(BazelSelectionPanel.swift.o)
      protocol witness for static Swift._ObjectiveCBridgeable._unconditionallyBridgeFromObjectiveC(A._ObjectiveCType?) -> A in conformance __C.NSControlStateValue : Swift._ObjectiveCBridgeable in __C_Synthesized in libtulsi_lib.a(BazelSelectionPanel.swift.o)
      protocol witness for static Swift._ObjectiveCBridgeable._unconditionallyBridgeFromObjectiveC(A._ObjectiveCType?) -> A in conformance __C.NSModalResponse : Swift._ObjectiveCBridgeable in __C_Synthesized in libtulsi_lib.a(NewProjectViewController.swift.o)
      protocol witness for static Swift._ObjectiveCBridgeable._unconditionallyBridgeFromObjectiveC(A._ObjectiveCType?) -> A in conformance __C.NSAttributedStringKey : Swift._ObjectiveCBridgeable in __C_Synthesized in libtulsi_lib.a(OptionsEditorController.swift.o)
      ...
  "(extension in Swift):Swift._SwiftNewtypeWrapper< where A.RawValue: Swift._ObjectiveCBridgeable>._bridgeToObjectiveC() -> A.RawValue._ObjectiveCType", referenced from:
      protocol witness for Swift._ObjectiveCBridgeable._bridgeToObjectiveC() -> A._ObjectiveCType in conformance __C.NSKeyValueChangeKey : Swift._ObjectiveCBridgeable in __C_Synthesized in libtulsi_generator_lib.a(ProcessRunner.swift.o)
      protocol witness for Swift._ObjectiveCBridgeable._bridgeToObjectiveC() -> A._ObjectiveCType in conformance __C.NSFileAttributeKey : Swift._ObjectiveCBridgeable in __C_Synthesized in libtulsi_generator_lib.a(XcodeProjectGenerator.swift.o)
      protocol witness for Swift._ObjectiveCBridgeable._bridgeToObjectiveC() -> A._ObjectiveCType in conformance __C.NSFileAttributeType : Swift._ObjectiveCBridgeable in __C_Synthesized in libtulsi_generator_lib.a(XcodeProjectGenerator.swift.o)
      protocol witness for Swift._ObjectiveCBridgeable._bridgeToObjectiveC() -> A._ObjectiveCType in conformance __C.NSModalResponse : Swift._ObjectiveCBridgeable in __C_Synthesized in libtulsi_lib.a(BazelSelectionPanel.swift.o)
      protocol witness for Swift._ObjectiveCBridgeable._bridgeToObjectiveC() -> A._ObjectiveCType in conformance __C.NSControlStateValue : Swift._ObjectiveCBridgeable in __C_Synthesized in libtulsi_lib.a(BazelSelectionPanel.swift.o)
      protocol witness for Swift._ObjectiveCBridgeable._bridgeToObjectiveC() -> A._ObjectiveCType in conformance __C.NSModalResponse : Swift._ObjectiveCBridgeable in __C_Synthesized in libtulsi_lib.a(NewProjectViewController.swift.o)
      protocol witness for Swift._ObjectiveCBridgeable._bridgeToObjectiveC() -> A._ObjectiveCType in conformance __C.NSAttributedStringKey : Swift._ObjectiveCBridgeable in __C_Synthesized in libtulsi_lib.a(OptionsEditorController.swift.o)
      ...
  "protocol descriptor for Swift._ObjectiveCBridgeable", referenced from:
      protocol conformance descriptor for __C.NSKeyValueChangeKey : Swift._ObjectiveCBridgeable in __C_Synthesized in libtulsi_generator_lib.a(ProcessRunner.swift.o)
      protocol conformance descriptor for __C.NSFileAttributeKey : Swift._ObjectiveCBridgeable in __C_Synthesized in libtulsi_generator_lib.a(XcodeProjectGenerator.swift.o)
      protocol conformance descriptor for __C.NSFileAttributeType : Swift._ObjectiveCBridgeable in __C_Synthesized in libtulsi_generator_lib.a(XcodeProjectGenerator.swift.o)
      protocol conformance descriptor for __C.NSModalResponse : Swift._ObjectiveCBridgeable in __C_Synthesized in libtulsi_lib.a(BazelSelectionPanel.swift.o)
      protocol conformance descriptor for __C.NSControlStateValue : Swift._ObjectiveCBridgeable in __C_Synthesized in libtulsi_lib.a(BazelSelectionPanel.swift.o)
      protocol conformance descriptor for __C.NSModalResponse : Swift._ObjectiveCBridgeable in __C_Synthesized in libtulsi_lib.a(NewProjectViewController.swift.o)
      protocol conformance descriptor for __C.NSAttributedStringKey : Swift._ObjectiveCBridgeable in __C_Synthesized in libtulsi_lib.a(OptionsEditorController.swift.o)
      ...
  "method descriptor for static Swift._ObjectiveCBridgeable._forceBridgeFromObjectiveC(_: A._ObjectiveCType, result: inout A?) -> ()", referenced from:
      protocol conformance descriptor for __C.NSKeyValueChangeKey : Swift._ObjectiveCBridgeable in __C_Synthesized in libtulsi_generator_lib.a(ProcessRunner.swift.o)
      protocol conformance descriptor for __C.NSFileAttributeKey : Swift._ObjectiveCBridgeable in __C_Synthesized in libtulsi_generator_lib.a(XcodeProjectGenerator.swift.o)
      protocol conformance descriptor for __C.NSFileAttributeType : Swift._ObjectiveCBridgeable in __C_Synthesized in libtulsi_generator_lib.a(XcodeProjectGenerator.swift.o)
      protocol conformance descriptor for __C.NSModalResponse : Swift._ObjectiveCBridgeable in __C_Synthesized in libtulsi_lib.a(BazelSelectionPanel.swift.o)
      protocol conformance descriptor for __C.NSControlStateValue : Swift._ObjectiveCBridgeable in __C_Synthesized in libtulsi_lib.a(BazelSelectionPanel.swift.o)
      protocol conformance descriptor for __C.NSModalResponse : Swift._ObjectiveCBridgeable in __C_Synthesized in libtulsi_lib.a(NewProjectViewController.swift.o)
      protocol conformance descriptor for __C.NSAttributedStringKey : Swift._ObjectiveCBridgeable in __C_Synthesized in libtulsi_lib.a(OptionsEditorController.swift.o)
      ...
  "method descriptor for static Swift._ObjectiveCBridgeable._conditionallyBridgeFromObjectiveC(_: A._ObjectiveCType, result: inout A?) -> Swift.Bool", referenced from:
      protocol conformance descriptor for __C.NSKeyValueChangeKey : Swift._ObjectiveCBridgeable in __C_Synthesized in libtulsi_generator_lib.a(ProcessRunner.swift.o)
      protocol conformance descriptor for __C.NSFileAttributeKey : Swift._ObjectiveCBridgeable in __C_Synthesized in libtulsi_generator_lib.a(XcodeProjectGenerator.swift.o)
      protocol conformance descriptor for __C.NSFileAttributeType : Swift._ObjectiveCBridgeable in __C_Synthesized in libtulsi_generator_lib.a(XcodeProjectGenerator.swift.o)
      protocol conformance descriptor for __C.NSModalResponse : Swift._ObjectiveCBridgeable in __C_Synthesized in libtulsi_lib.a(BazelSelectionPanel.swift.o)
      protocol conformance descriptor for __C.NSControlStateValue : Swift._ObjectiveCBridgeable in __C_Synthesized in libtulsi_lib.a(BazelSelectionPanel.swift.o)
      protocol conformance descriptor for __C.NSModalResponse : Swift._ObjectiveCBridgeable in __C_Synthesized in libtulsi_lib.a(NewProjectViewController.swift.o)
      protocol conformance descriptor for __C.NSAttributedStringKey : Swift._ObjectiveCBridgeable in __C_Synthesized in libtulsi_lib.a(OptionsEditorController.swift.o)
      ...
  "method descriptor for static Swift._ObjectiveCBridgeable._unconditionallyBridgeFromObjectiveC(A._ObjectiveCType?) -> A", referenced from:
      protocol conformance descriptor for __C.NSKeyValueChangeKey : Swift._ObjectiveCBridgeable in __C_Synthesized in libtulsi_generator_lib.a(ProcessRunner.swift.o)
      protocol conformance descriptor for __C.NSFileAttributeKey : Swift._ObjectiveCBridgeable in __C_Synthesized in libtulsi_generator_lib.a(XcodeProjectGenerator.swift.o)
      protocol conformance descriptor for __C.NSFileAttributeType : Swift._ObjectiveCBridgeable in __C_Synthesized in libtulsi_generator_lib.a(XcodeProjectGenerator.swift.o)
      protocol conformance descriptor for __C.NSModalResponse : Swift._ObjectiveCBridgeable in __C_Synthesized in libtulsi_lib.a(BazelSelectionPanel.swift.o)
      protocol conformance descriptor for __C.NSControlStateValue : Swift._ObjectiveCBridgeable in __C_Synthesized in libtulsi_lib.a(BazelSelectionPanel.swift.o)
      protocol conformance descriptor for __C.NSModalResponse : Swift._ObjectiveCBridgeable in __C_Synthesized in libtulsi_lib.a(NewProjectViewController.swift.o)
      protocol conformance descriptor for __C.NSAttributedStringKey : Swift._ObjectiveCBridgeable in __C_Synthesized in libtulsi_lib.a(OptionsEditorController.swift.o)
      ...
  "method descriptor for Swift._ObjectiveCBridgeable._bridgeToObjectiveC() -> A._ObjectiveCType", referenced from:
      protocol conformance descriptor for __C.NSKeyValueChangeKey : Swift._ObjectiveCBridgeable in __C_Synthesized in libtulsi_generator_lib.a(ProcessRunner.swift.o)
      protocol conformance descriptor for __C.NSFileAttributeKey : Swift._ObjectiveCBridgeable in __C_Synthesized in libtulsi_generator_lib.a(XcodeProjectGenerator.swift.o)
      protocol conformance descriptor for __C.NSFileAttributeType : Swift._ObjectiveCBridgeable in __C_Synthesized in libtulsi_generator_lib.a(XcodeProjectGenerator.swift.o)
      protocol conformance descriptor for __C.NSModalResponse : Swift._ObjectiveCBridgeable in __C_Synthesized in libtulsi_lib.a(BazelSelectionPanel.swift.o)
      protocol conformance descriptor for __C.NSControlStateValue : Swift._ObjectiveCBridgeable in __C_Synthesized in libtulsi_lib.a(BazelSelectionPanel.swift.o)
      protocol conformance descriptor for __C.NSModalResponse : Swift._ObjectiveCBridgeable in __C_Synthesized in libtulsi_lib.a(NewProjectViewController.swift.o)
      protocol conformance descriptor for __C.NSAttributedStringKey : Swift._ObjectiveCBridgeable in __C_Synthesized in libtulsi_lib.a(OptionsEditorController.swift.o)
      ...
  "Swift._arrayConditionalCast<A, B>([A]) -> [B]?", referenced from:
      TulsiGenerator.PBXTargetGenerator.(targetTestSettings in _9BC2D135E4F1D200D8B700936548BDC4)(_: TulsiGenerator.PBXNativeTarget, hostTarget: TulsiGenerator.PBXNativeTarget?, ruleEntry: TulsiGenerator.RuleEntry, ruleEntryMap: TulsiGenerator.RuleEntryMap) -> [Swift.String : Swift.String] in libtulsi_generator_lib.a(PBXTargetGenerator.swift.o)
      Tulsi.MessageViewController.copy(Swift.AnyObject?) -> () in libtulsi_lib.a(MessageViewController.swift.o)
  "Swift._convertToAnyHashable<A where A: Swift.Hashable>(A) -> Swift.AnyHashable", referenced from:
      closure #1 (Foundation.Notification) -> () in registerAndStartReader #1 (_: __C.NSFileHandle, outputData: __C.NSMutableData) -> __C.NSObject in TulsiGenerator.ProcessRunner.(createProcess in _F89DABAFE844AC5CA1B763CAFAD9B278)(_: Swift.String, arguments: [Swift.String], environment: [Swift.String : Swift.String]?, messageLogger: TulsiGenerator.LocalizedMessageLogger?, loggingIdentifier: Swift.String?, terminationHandler: (TulsiGenerator.ProcessRunner.CompletionInfo) -> ()) -> __C.NSTask in libtulsi_generator_lib.a(ProcessRunner.swift.o)
      closure #1 () -> () in TulsiGenerator.ProgressNotifier.value.didset : Swift.Int in libtulsi_generator_lib.a(ProgressNotifier.swift.o)
      closure #1 () -> () in TulsiGenerator.ProgressNotifier.start() -> () in libtulsi_generator_lib.a(ProgressNotifier.swift.o)
      TulsiGenerator.LogMessage.init(notification: Foundation.Notification) -> TulsiGenerator.LogMessage? in libtulsi_generator_lib.a(TulsiNotifications.swift.o)
      TulsiGenerator.XcodeScheme.(commandlineArgumentsElement in _3583C8AB1A7D3CB468B1420C3DA41CF5)([Swift.String]) -> __C.NSXMLElement in libtulsi_generator_lib.a(XcodeScheme.swift.o)
      closure #1 (Foundation.Notification) -> () in Tulsi.TulsiProjectDocument.init() -> Tulsi.TulsiProjectDocument in libtulsi_lib.a(TulsiProjectDocument.swift.o)
      Tulsi.OptionsEditorTextField.textDidEndEditing(Foundation.Notification) -> () in libtulsi_lib.a(OptionsEditorController.swift.o)
      ...
  "Swift._findStringSwitchCase(cases: [Swift.StaticString], string: Swift.String) -> Swift.Int", referenced from:
      TulsiGenerator.CPU.init(rawValue: Swift.String) -> TulsiGenerator.CPU? in libtulsi_generator_lib.a(DeploymentTarget.swift.o)
      TulsiGenerator.PlatformType.init(rawValue: Swift.String) -> TulsiGenerator.PlatformType? in libtulsi_generator_lib.a(DeploymentTarget.swift.o)
      TulsiGenerator.SourceTree.init(rawValue: Swift.String) -> TulsiGenerator.SourceTree? in libtulsi_generator_lib.a(PBXObjects.swift.o)
      TulsiGenerator.PBXTarget.ProductType.init(rawValue: Swift.String) -> TulsiGenerator.PBXTarget.ProductType? in libtulsi_generator_lib.a(PBXObjects.swift.o)
      TulsiGenerator.RuleEntry.Attribute.init(rawValue: Swift.String) -> TulsiGenerator.RuleEntry.Attribute? in libtulsi_generator_lib.a(RuleEntry.swift.o)
      TulsiGenerator.TulsiMessageLevel.init(rawValue: Swift.String) -> TulsiGenerator.TulsiMessageLevel? in libtulsi_generator_lib.a(TulsiNotifications.swift.o)
      TulsiGenerator.TulsiOptionKey.init(rawValue: Swift.String) -> TulsiGenerator.TulsiOptionKey? in libtulsi_generator_lib.a(TulsiOptionSet.swift.o)
      ...
  "protocol descriptor for Swift.CustomStringConvertible", referenced from:
      protocol conformance descriptor for TulsiGenerator.BuildLabel : Swift.CustomStringConvertible in TulsiGenerator in libtulsi_generator_lib.a(BuildLabel.swift.o)
      protocol conformance descriptor for TulsiGenerator.TulsiOption : Swift.CustomStringConvertible in TulsiGenerator in libtulsi_generator_lib.a(TulsiOption.swift.o)
  "method descriptor for Swift.CustomStringConvertible.description.getter : Swift.String", referenced from:
      protocol conformance descriptor for TulsiGenerator.BuildLabel : Swift.CustomStringConvertible in TulsiGenerator in libtulsi_generator_lib.a(BuildLabel.swift.o)
      protocol conformance descriptor for TulsiGenerator.TulsiOption : Swift.CustomStringConvertible in TulsiGenerator in libtulsi_generator_lib.a(TulsiOption.swift.o)
  "protocol descriptor for Swift.ExpressibleByArrayLiteral", referenced from:
      protocol conformance descriptor for __C.NSJSONReadingOptions : Swift.ExpressibleByArrayLiteral in __C_Synthesized in libtulsi_generator_lib.a(BazelAspectInfoExtractor.swift.o)
      protocol conformance descriptor for __C.NSJSONReadingOptions : Swift.ExpressibleByArrayLiteral in __C_Synthesized in libtulsi_generator_lib.a(BazelBuildEvents.swift.o)
      protocol conformance descriptor for __C.NSRegularExpressionOptions : Swift.ExpressibleByArrayLiteral in __C_Synthesized in libtulsi_generator_lib.a(PBXProjSerializer.swift.o)
      protocol conformance descriptor for __C.NSPropertyListMutabilityOptions : Swift.ExpressibleByArrayLiteral in __C_Synthesized in libtulsi_generator_lib.a(PBXTargetGenerator.swift.o)
      protocol conformance descriptor for __C.NSJSONWritingOptions : Swift.ExpressibleByArrayLiteral in __C_Synthesized in libtulsi_generator_lib.a(TulsiGeneratorConfig.swift.o)
      protocol conformance descriptor for __C.NSJSONReadingOptions : Swift.ExpressibleByArrayLiteral in __C_Synthesized in libtulsi_generator_lib.a(TulsiGeneratorConfig.swift.o)
      protocol conformance descriptor for TulsiGenerator.TulsiOption.OptionType : Swift.ExpressibleByArrayLiteral in TulsiGenerator in libtulsi_generator_lib.a(TulsiOption.swift.o)
      ...
  "method descriptor for Swift.ExpressibleByArrayLiteral.init(arrayLiteral: A.ArrayLiteralElement...) -> A", referenced from:
      protocol conformance descriptor for __C.NSJSONReadingOptions : Swift.ExpressibleByArrayLiteral in __C_Synthesized in libtulsi_generator_lib.a(BazelAspectInfoExtractor.swift.o)
      protocol conformance descriptor for __C.NSJSONReadingOptions : Swift.ExpressibleByArrayLiteral in __C_Synthesized in libtulsi_generator_lib.a(BazelBuildEvents.swift.o)
      protocol conformance descriptor for __C.NSRegularExpressionOptions : Swift.ExpressibleByArrayLiteral in __C_Synthesized in libtulsi_generator_lib.a(PBXProjSerializer.swift.o)
      protocol conformance descriptor for __C.NSPropertyListMutabilityOptions : Swift.ExpressibleByArrayLiteral in __C_Synthesized in libtulsi_generator_lib.a(PBXTargetGenerator.swift.o)
      protocol conformance descriptor for __C.NSJSONWritingOptions : Swift.ExpressibleByArrayLiteral in __C_Synthesized in libtulsi_generator_lib.a(TulsiGeneratorConfig.swift.o)
      protocol conformance descriptor for __C.NSJSONReadingOptions : Swift.ExpressibleByArrayLiteral in __C_Synthesized in libtulsi_generator_lib.a(TulsiGeneratorConfig.swift.o)
      protocol conformance descriptor for TulsiGenerator.TulsiOption.OptionType : Swift.ExpressibleByArrayLiteral in TulsiGenerator in libtulsi_generator_lib.a(TulsiOption.swift.o)
      ...
  "Swift.DefaultStringInterpolation.appendInterpolation<A>(A) -> ()", referenced from:
      (extension in TulsiGenerator):TulsiGenerator.PBXObjectProtocol.debugDescription.getter : Swift.String in libtulsi_generator_lib.a(PBXObjects.swift.o)
      implicit closure #1 () -> Swift.String in TulsiGenerator.OpenStepSerializer.addField(Swift.String, [Swift.String : Any]?) throws -> () in libtulsi_generator_lib.a(PBXProjSerializer.swift.o)
      TulsiGenerator.OpenStepSerializer.(RawDict in _40B8AF4E61D42104FF82B74BA7B851A2).appendContentsToData(_: __C.NSMutableData, indent: Swift.String, spacer: Swift.String) throws -> () in libtulsi_generator_lib.a(PBXProjSerializer.swift.o)
      implicit closure #1 () -> Swift.String in static TulsiGenerator.PBXTargetGenerator.workingDirectoryForPBXGroup(TulsiGenerator.PBXGroup) -> Swift.String in libtulsi_generator_lib.a(PBXTargetGenerator.swift.o)
      TulsiGenerator.RuleInfo.debugDescription.getter : Swift.String in libtulsi_generator_lib.a(RuleEntry.swift.o)
      closure #1 () -> Swift.String in TulsiGenerator.BazelFileInfo.debugDescription.getter : Swift.String in libtulsi_generator_lib.a(RuleEntry.swift.o)
      TulsiGenerator.TulsiOptionSet.groupInfoForOptionKey(TulsiGenerator.TulsiOptionKey) -> (TulsiGenerator.TulsiOptionKeyGroup, displayName: Swift.String, description: Swift.String)? in libtulsi_generator_lib.a(TulsiOptionSet.swift.o)
      ...
  "Swift.DefaultStringInterpolation.appendInterpolation<A where A: Swift.CustomStringConvertible>(A) -> ()", referenced from:
      implicit closure #1 () -> Swift.String in closure #1 (Foundation.Notification) -> () in registerAndStartReader #1 (_: __C.NSFileHandle, outputData: __C.NSMutableData) -> __C.NSObject in TulsiGenerator.ProcessRunner.(createProcess in _F89DABAFE844AC5CA1B763CAFAD9B278)(_: Swift.String, arguments: [Swift.String], environment: [Swift.String : Swift.String]?, messageLogger: TulsiGenerator.LocalizedMessageLogger?, loggingIdentifier: Swift.String?, terminationHandler: (TulsiGenerator.ProcessRunner.CompletionInfo) -> ()) -> __C.NSTask in libtulsi_generator_lib.a(ProcessRunner.swift.o)
      TulsiGenerator.BazelAspectInfoExtractor.init(bazelURL: Foundation.URL, workspaceRootURL: Foundation.URL, executionRootURL: Foundation.URL, bazelSettingsProvider: TulsiGenerator.BazelSettingsProviderProtocol, localizedMessageLogger: TulsiGenerator.LocalizedMessageLogger) -> TulsiGenerator.BazelAspectInfoExtractor in libtulsi_generator_lib.a(BazelAspectInfoExtractor.swift.o)
      TulsiGenerator.BazelAspectInfoExtractor.(extractRuleEntriesUsingBEP in _F5D2D87286505E9AC6917BB651D4E8CB)(_: [TulsiGenerator.BuildLabel], startupOptions: [Swift.String], buildOptions: [Swift.String], compilationMode: Swift.String?, platformConfig: Swift.String?, prioritizeSwift: Swift.Bool?, useArm64_32: Swift.Bool?, features: Swift.Set<TulsiGenerator.BazelSettingFeature>) throws -> TulsiGenerator.RuleEntryMap in libtulsi_generator_lib.a(BazelAspectInfoExtractor.swift.o)
      TulsiGenerator.BazelQueryInfoExtractor.extractTargetRulesFromPackages([Swift.String]) -> [TulsiGenerator.RuleInfo] in libtulsi_generator_lib.a(BazelQueryInfoExtractor.swift.o)
      TulsiGenerator.BazelQueryInfoExtractor.extractBuildfiles<A where A: Swift.Collection, A.Element == TulsiGenerator.BuildLabel>(A) -> Swift.Set<TulsiGenerator.BuildLabel> in libtulsi_generator_lib.a(BazelQueryInfoExtractor.swift.o)
      TulsiGenerator.OpenStepSerializer.(serializeObjectDictionaryWithRoot in _40B8AF4E61D42104FF82B74BA7B851A2)(Swift.String) -> Foundation.Data? in libtulsi_generator_lib.a(PBXProjSerializer.swift.o)
      TulsiGenerator.PBXTargetGenerator.(setCurrentVersionForXCVersionGroup in _9BC2D135E4F1D200D8B700936548BDC4)(_: TulsiGenerator.XCVersionGroup, atPath: Swift.String) -> () in libtulsi_generator_lib.a(PBXTargetGenerator.swift.o)
      ...
  "Swift.DefaultStringInterpolation.appendInterpolation<A where A: Swift.CustomStringConvertible, A: Swift.TextOutputStreamable>(A) -> ()", referenced from:
      TulsiGenerator.ProcessRunner.(createProcess in _F89DABAFE844AC5CA1B763CAFAD9B278)(_: Swift.String, arguments: [Swift.String], environment: [Swift.String : Swift.String]?, messageLogger: TulsiGenerator.LocalizedMessageLogger?, loggingIdentifier: Swift.String?, terminationHandler: (TulsiGenerator.ProcessRunner.CompletionInfo) -> ()) -> __C.NSTask in libtulsi_generator_lib.a(ProcessRunner.swift.o)
      TulsiGenerator.BazelAspectInfoExtractor.(extractRuleEntriesUsingBEP in _F5D2D87286505E9AC6917BB651D4E8CB)(_: [TulsiGenerator.BuildLabel], startupOptions: [Swift.String], buildOptions: [Swift.String], compilationMode: Swift.String?, platformConfig: Swift.String?, prioritizeSwift: Swift.Bool?, useArm64_32: Swift.Bool?, features: Swift.Set<TulsiGenerator.BazelSettingFeature>) throws -> TulsiGenerator.RuleEntryMap in libtulsi_generator_lib.a(BazelAspectInfoExtractor.swift.o)
      TulsiGenerator.BazelAspectInfoExtractor.(bazelAspectProcessForTargets in _F5D2D87286505E9AC6917BB651D4E8CB)(_: [Swift.String], aspect: Swift.String, startupOptions: [Swift.String], buildOptions: [Swift.String], compilationMode: Swift.String?, platformConfig: Swift.String?, prioritizeSwift: Swift.Bool?, useArm64_32: Swift.Bool?, features: Swift.Set<TulsiGenerator.BazelSettingFeature>, progressNotifier: TulsiGenerator.ProgressNotifier?, terminationHandler: (__C.NSTask, Swift.String) -> ()) -> __C.NSTask? in libtulsi_generator_lib.a(BazelAspectInfoExtractor.swift.o)
      parseTulsiTargetFileImpl #1 (Swift.String) throws -> TulsiGenerator.RuleEntry in TulsiGenerator.BazelAspectInfoExtractor.(extractRuleEntriesFromArtifacts in _F5D2D87286505E9AC6917BB651D4E8CB)(_: Swift.Set<Swift.String>, progressNotifier: TulsiGenerator.ProgressNotifier?) -> TulsiGenerator.RuleEntryMap in libtulsi_generator_lib.a(BazelAspectInfoExtractor.swift.o)
      getRequiredField #1 (Swift.String) throws -> Swift.String in parseTulsiTargetFileImpl #1 (Swift.String) throws -> TulsiGenerator.RuleEntry in TulsiGenerator.BazelAspectInfoExtractor.(extractRuleEntriesFromArtifacts in _F5D2D87286505E9AC6917BB651D4E8CB)(_: Swift.Set<Swift.String>, progressNotifier: TulsiGenerator.ProgressNotifier?) -> TulsiGenerator.RuleEntryMap in libtulsi_generator_lib.a(BazelAspectInfoExtractor.swift.o)
      (extension in TulsiGenerator):Swift.Dictionary< where A == Swift.String, B: TulsiGenerator.Pythonable>.toPython(Swift.String) -> Swift.String in libtulsi_generator_lib.a(BazelBuildSettings.swift.o)
      (extension in TulsiGenerator):Swift.String.toPython(Swift.String) -> Swift.String in libtulsi_generator_lib.a(BazelBuildSettings.swift.o)
      ...
  "Swift.DefaultStringInterpolation.appendLiteral(Swift.String) -> ()", referenced from:
      TulsiGenerator.ProcessRunner.(createProcess in _F89DABAFE844AC5CA1B763CAFAD9B278)(_: Swift.String, arguments: [Swift.String], environment: [Swift.String : Swift.String]?, messageLogger: TulsiGenerator.LocalizedMessageLogger?, loggingIdentifier: Swift.String?, terminationHandler: (TulsiGenerator.ProcessRunner.CompletionInfo) -> ()) -> __C.NSTask in libtulsi_generator_lib.a(ProcessRunner.swift.o)
      implicit closure #1 () -> Swift.String in closure #1 (Foundation.Notification) -> () in registerAndStartReader #1 (_: __C.NSFileHandle, outputData: __C.NSMutableData) -> __C.NSObject in TulsiGenerator.ProcessRunner.(createProcess in _F89DABAFE844AC5CA1B763CAFAD9B278)(_: Swift.String, arguments: [Swift.String], environment: [Swift.String : Swift.String]?, messageLogger: TulsiGenerator.LocalizedMessageLogger?, loggingIdentifier: Swift.String?, terminationHandler: (TulsiGenerator.ProcessRunner.CompletionInfo) -> ()) -> __C.NSTask in libtulsi_generator_lib.a(ProcessRunner.swift.o)
      TulsiGenerator.BazelAspectInfoExtractor.init(bazelURL: Foundation.URL, workspaceRootURL: Foundation.URL, executionRootURL: Foundation.URL, bazelSettingsProvider: TulsiGenerator.BazelSettingsProviderProtocol, localizedMessageLogger: TulsiGenerator.LocalizedMessageLogger) -> TulsiGenerator.BazelAspectInfoExtractor in libtulsi_generator_lib.a(BazelAspectInfoExtractor.swift.o)
      TulsiGenerator.BazelAspectInfoExtractor.(extractRuleEntriesUsingBEP in _F5D2D87286505E9AC6917BB651D4E8CB)(_: [TulsiGenerator.BuildLabel], startupOptions: [Swift.String], buildOptions: [Swift.String], compilationMode: Swift.String?, platformConfig: Swift.String?, prioritizeSwift: Swift.Bool?, useArm64_32: Swift.Bool?, features: Swift.Set<TulsiGenerator.BazelSettingFeature>) throws -> TulsiGenerator.RuleEntryMap in libtulsi_generator_lib.a(BazelAspectInfoExtractor.swift.o)
      TulsiGenerator.BazelAspectInfoExtractor.(bazelAspectProcessForTargets in _F5D2D87286505E9AC6917BB651D4E8CB)(_: [Swift.String], aspect: Swift.String, startupOptions: [Swift.String], buildOptions: [Swift.String], compilationMode: Swift.String?, platformConfig: Swift.String?, prioritizeSwift: Swift.Bool?, useArm64_32: Swift.Bool?, features: Swift.Set<TulsiGenerator.BazelSettingFeature>, progressNotifier: TulsiGenerator.ProgressNotifier?, terminationHandler: (__C.NSTask, Swift.String) -> ()) -> __C.NSTask? in libtulsi_generator_lib.a(BazelAspectInfoExtractor.swift.o)
      parseTulsiTargetFileImpl #1 (Swift.String) throws -> TulsiGenerator.RuleEntry in TulsiGenerator.BazelAspectInfoExtractor.(extractRuleEntriesFromArtifacts in _F5D2D87286505E9AC6917BB651D4E8CB)(_: Swift.Set<Swift.String>, progressNotifier: TulsiGenerator.ProgressNotifier?) -> TulsiGenerator.RuleEntryMap in libtulsi_generator_lib.a(BazelAspectInfoExtractor.swift.o)
      getRequiredField #1 (Swift.String) throws -> Swift.String in parseTulsiTargetFileImpl #1 (Swift.String) throws -> TulsiGenerator.RuleEntry in TulsiGenerator.BazelAspectInfoExtractor.(extractRuleEntriesFromArtifacts in _F5D2D87286505E9AC6917BB651D4E8CB)(_: Swift.Set<Swift.String>, progressNotifier: TulsiGenerator.ProgressNotifier?) -> TulsiGenerator.RuleEntryMap in libtulsi_generator_lib.a(BazelAspectInfoExtractor.swift.o)
      ...
  "Swift.DefaultStringInterpolation.init(literalCapacity: Swift.Int, interpolationCount: Swift.Int) -> Swift.DefaultStringInterpolation", referenced from:
      TulsiGenerator.ProcessRunner.(createProcess in _F89DABAFE844AC5CA1B763CAFAD9B278)(_: Swift.String, arguments: [Swift.String], environment: [Swift.String : Swift.String]?, messageLogger: TulsiGenerator.LocalizedMessageLogger?, loggingIdentifier: Swift.String?, terminationHandler: (TulsiGenerator.ProcessRunner.CompletionInfo) -> ()) -> __C.NSTask in libtulsi_generator_lib.a(ProcessRunner.swift.o)
      implicit closure #1 () -> Swift.String in closure #1 (Foundation.Notification) -> () in registerAndStartReader #1 (_: __C.NSFileHandle, outputData: __C.NSMutableData) -> __C.NSObject in TulsiGenerator.ProcessRunner.(createProcess in _F89DABAFE844AC5CA1B763CAFAD9B278)(_: Swift.String, arguments: [Swift.String], environment: [Swift.String : Swift.String]?, messageLogger: TulsiGenerator.LocalizedMessageLogger?, loggingIdentifier: Swift.String?, terminationHandler: (TulsiGenerator.ProcessRunner.CompletionInfo) -> ()) -> __C.NSTask in libtulsi_generator_lib.a(ProcessRunner.swift.o)
      TulsiGenerator.BazelAspectInfoExtractor.init(bazelURL: Foundation.URL, workspaceRootURL: Foundation.URL, executionRootURL: Foundation.URL, bazelSettingsProvider: TulsiGenerator.BazelSettingsProviderProtocol, localizedMessageLogger: TulsiGenerator.LocalizedMessageLogger) -> TulsiGenerator.BazelAspectInfoExtractor in libtulsi_generator_lib.a(BazelAspectInfoExtractor.swift.o)
      TulsiGenerator.BazelAspectInfoExtractor.(extractRuleEntriesUsingBEP in _F5D2D87286505E9AC6917BB651D4E8CB)(_: [TulsiGenerator.BuildLabel], startupOptions: [Swift.String], buildOptions: [Swift.String], compilationMode: Swift.String?, platformConfig: Swift.String?, prioritizeSwift: Swift.Bool?, useArm64_32: Swift.Bool?, features: Swift.Set<TulsiGenerator.BazelSettingFeature>) throws -> TulsiGenerator.RuleEntryMap in libtulsi_generator_lib.a(BazelAspectInfoExtractor.swift.o)
      TulsiGenerator.BazelAspectInfoExtractor.(bazelAspectProcessForTargets in _F5D2D87286505E9AC6917BB651D4E8CB)(_: [Swift.String], aspect: Swift.String, startupOptions: [Swift.String], buildOptions: [Swift.String], compilationMode: Swift.String?, platformConfig: Swift.String?, prioritizeSwift: Swift.Bool?, useArm64_32: Swift.Bool?, features: Swift.Set<TulsiGenerator.BazelSettingFeature>, progressNotifier: TulsiGenerator.ProgressNotifier?, terminationHandler: (__C.NSTask, Swift.String) -> ()) -> __C.NSTask? in libtulsi_generator_lib.a(BazelAspectInfoExtractor.swift.o)
      parseTulsiTargetFileImpl #1 (Swift.String) throws -> TulsiGenerator.RuleEntry in TulsiGenerator.BazelAspectInfoExtractor.(extractRuleEntriesFromArtifacts in _F5D2D87286505E9AC6917BB651D4E8CB)(_: Swift.Set<Swift.String>, progressNotifier: TulsiGenerator.ProgressNotifier?) -> TulsiGenerator.RuleEntryMap in libtulsi_generator_lib.a(BazelAspectInfoExtractor.swift.o)
      getRequiredField #1 (Swift.String) throws -> Swift.String in parseTulsiTargetFileImpl #1 (Swift.String) throws -> TulsiGenerator.RuleEntry in TulsiGenerator.BazelAspectInfoExtractor.(extractRuleEntriesFromArtifacts in _F5D2D87286505E9AC6917BB651D4E8CB)(_: Swift.Set<Swift.String>, progressNotifier: TulsiGenerator.ProgressNotifier?) -> TulsiGenerator.RuleEntryMap in libtulsi_generator_lib.a(BazelAspectInfoExtractor.swift.o)
      ...
  "Swift._stdlib_isOSVersionAtLeast(Builtin.Word, Builtin.Word, Builtin.Word) -> Builtin.Int1", referenced from:
      static Tulsi.BazelSelectionPanel.beginSheetModalBazelSelectionPanelForWindow(_: __C.NSWindow, document: Tulsi.TulsiProjectDocument, completionHandler: (Foundation.URL?) -> ()?) -> Tulsi.BazelSelectionPanel in libtulsi_lib.a(BazelSelectionPanel.swift.o)
  "Swift._allocateUninitializedArray<A>(Builtin.Word) -> ([A], Builtin.RawPointer)", referenced from:
      variable initialization expression of TulsiGenerator.BazelAspectInfoExtractor.(queuedInfoMessages in _F5D2D87286505E9AC6917BB651D4E8CB) : [Swift.String] in libtulsi_generator_lib.a(BazelAspectInfoExtractor.swift.o)
      TulsiGenerator.BazelAspectInfoExtractor.init(bazelURL: Foundation.URL, workspaceRootURL: Foundation.URL, executionRootURL: Foundation.URL, bazelSettingsProvider: TulsiGenerator.BazelSettingsProviderProtocol, localizedMessageLogger: TulsiGenerator.LocalizedMessageLogger) -> TulsiGenerator.BazelAspectInfoExtractor in libtulsi_generator_lib.a(BazelAspectInfoExtractor.swift.o)
      default argument 1 of TulsiGenerator.BazelAspectInfoExtractor.extractRuleEntriesForLabels(_: [TulsiGenerator.BuildLabel], startupOptions: [Swift.String], buildOptions: [Swift.String], compilationMode: Swift.String?, platformConfig: Swift.String?, prioritizeSwift: Swift.Bool?, useArm64_32: Swift.Bool?, features: Swift.Set<TulsiGenerator.BazelSettingFeature>) throws -> TulsiGenerator.RuleEntryMap in libtulsi_generator_lib.a(BazelAspectInfoExtractor.swift.o)
      default argument 2 of TulsiGenerator.BazelAspectInfoExtractor.extractRuleEntriesForLabels(_: [TulsiGenerator.BuildLabel], startupOptions: [Swift.String], buildOptions: [Swift.String], compilationMode: Swift.String?, platformConfig: Swift.String?, prioritizeSwift: Swift.Bool?, useArm64_32: Swift.Bool?, features: Swift.Set<TulsiGenerator.BazelSettingFeature>) throws -> TulsiGenerator.RuleEntryMap in libtulsi_generator_lib.a(BazelAspectInfoExtractor.swift.o)
      default argument 7 of TulsiGenerator.BazelAspectInfoExtractor.extractRuleEntriesForLabels(_: [TulsiGenerator.BuildLabel], startupOptions: [Swift.String], buildOptions: [Swift.String], compilationMode: Swift.String?, platformConfig: Swift.String?, prioritizeSwift: Swift.Bool?, useArm64_32: Swift.Bool?, features: Swift.Set<TulsiGenerator.BazelSettingFeature>) throws -> TulsiGenerator.RuleEntryMap in libtulsi_generator_lib.a(BazelAspectInfoExtractor.swift.o)
      TulsiGenerator.BazelAspectInfoExtractor.(extractRuleEntriesUsingBEP in _F5D2D87286505E9AC6917BB651D4E8CB)(_: [TulsiGenerator.BuildLabel], startupOptions: [Swift.String], buildOptions: [Swift.String], compilationMode: Swift.String?, platformConfig: Swift.String?, prioritizeSwift: Swift.Bool?, useArm64_32: Swift.Bool?, features: Swift.Set<TulsiGenerator.BazelSettingFeature>) throws -> TulsiGenerator.RuleEntryMap in libtulsi_generator_lib.a(BazelAspectInfoExtractor.swift.o)
      TulsiGenerator.BazelAspectInfoExtractor.(bazelAspectProcessForTargets in _F5D2D87286505E9AC6917BB651D4E8CB)(_: [Swift.String], aspect: Swift.String, startupOptions: [Swift.String], buildOptions: [Swift.String], compilationMode: Swift.String?, platformConfig: Swift.String?, prioritizeSwift: Swift.Bool?, useArm64_32: Swift.Bool?, features: Swift.Set<TulsiGenerator.BazelSettingFeature>, progressNotifier: TulsiGenerator.ProgressNotifier?, terminationHandler: (__C.NSTask, Swift.String) -> ()) -> __C.NSTask? in libtulsi_generator_lib.a(BazelAspectInfoExtractor.swift.o)
      ...
  "Swift._bridgeAnythingToObjectiveC<A>(A) -> Swift.AnyObject", referenced from:
      TulsiGenerator.ProcessRunner.TimedProcessRunnerObserver.observeValue(forKeyPath: Swift.String?, of: Any?, change: [__C.NSKeyValueChangeKey : Any]?, context: Swift.UnsafeMutableRawPointer?) -> () in libtulsi_generator_lib.a(ProcessRunner.swift.o)
      TulsiGenerator.ProcessRunner.(createProcess in _F89DABAFE844AC5CA1B763CAFAD9B278)(_: Swift.String, arguments: [Swift.String], environment: [Swift.String : Swift.String]?, messageLogger: TulsiGenerator.LocalizedMessageLogger?, loggingIdentifier: Swift.String?, terminationHandler: (TulsiGenerator.ProcessRunner.CompletionInfo) -> ()) -> __C.NSTask in libtulsi_generator_lib.a(ProcessRunner.swift.o)
      registerAndStartReader #1 (_: __C.NSFileHandle, outputData: __C.NSMutableData) -> __C.NSObject in TulsiGenerator.ProcessRunner.(createProcess in _F89DABAFE844AC5CA1B763CAFAD9B278)(_: Swift.String, arguments: [Swift.String], environment: [Swift.String : Swift.String]?, messageLogger: TulsiGenerator.LocalizedMessageLogger?, loggingIdentifier: Swift.String?, terminationHandler: (TulsiGenerator.ProcessRunner.CompletionInfo) -> ()) -> __C.NSTask in libtulsi_generator_lib.a(ProcessRunner.swift.o)
      TulsiGenerator.ProcessRunner.(ProcessOutputReader in _F89DABAFE844AC5CA1B763CAFAD9B278).stop() -> () in libtulsi_generator_lib.a(ProcessRunner.swift.o)
      @nonobjc __C.NSThread.init(target: Any, selector: ObjectiveC.Selector, object: Any?) -> __C.NSThread in libtulsi_generator_lib.a(ProcessRunner.swift.o)
      static (extension in TulsiGenerator):__C.NSJSONSerialization.tulsi_newlineTerminatedUnescapedData(jsonObject: Any, options: __C.NSJSONWritingOptions) throws -> __C.NSMutableData in libtulsi_generator_lib.a(NSJSONSerializationExtensions.swift.o)
      static TulsiGenerator.LogMessage.displayPendingErrors() -> () in libtulsi_generator_lib.a(TulsiNotifications.swift.o)
      ...
  "protocol descriptor for Swift.CustomDebugStringConvertible", referenced from:
      protocol descriptor for TulsiGenerator.PBXObjectProtocol in libtulsi_generator_lib.a(PBXObjects.swift.o)
      protocol conformance descriptor for TulsiGenerator.XCBuildConfiguration : Swift.CustomDebugStringConvertible in TulsiGenerator in libtulsi_generator_lib.a(PBXObjects.swift.o)
      protocol conformance descriptor for TulsiGenerator.PBXReference : Swift.CustomDebugStringConvertible in TulsiGenerator in libtulsi_generator_lib.a(PBXObjects.swift.o)
      protocol conformance descriptor for TulsiGenerator.XCConfigurationList : Swift.CustomDebugStringConvertible in TulsiGenerator in libtulsi_generator_lib.a(PBXObjects.swift.o)
      protocol conformance descriptor for TulsiGenerator.PBXBuildPhase : Swift.CustomDebugStringConvertible in TulsiGenerator in libtulsi_generator_lib.a(PBXObjects.swift.o)
      protocol conformance descriptor for TulsiGenerator.PBXBuildFile : Swift.CustomDebugStringConvertible in TulsiGenerator in libtulsi_generator_lib.a(PBXObjects.swift.o)
      protocol conformance descriptor for TulsiGenerator.PBXTarget : Swift.CustomDebugStringConvertible in TulsiGenerator in libtulsi_generator_lib.a(PBXObjects.swift.o)
      ...
  "method descriptor for Swift.CustomDebugStringConvertible.debugDescription.getter : Swift.String", referenced from:
      protocol conformance descriptor for TulsiGenerator.XCBuildConfiguration : Swift.CustomDebugStringConvertible in TulsiGenerator in libtulsi_generator_lib.a(PBXObjects.swift.o)
      protocol conformance descriptor for TulsiGenerator.PBXReference : Swift.CustomDebugStringConvertible in TulsiGenerator in libtulsi_generator_lib.a(PBXObjects.swift.o)
      protocol conformance descriptor for TulsiGenerator.XCConfigurationList : Swift.CustomDebugStringConvertible in TulsiGenerator in libtulsi_generator_lib.a(PBXObjects.swift.o)
      protocol conformance descriptor for TulsiGenerator.PBXBuildPhase : Swift.CustomDebugStringConvertible in TulsiGenerator in libtulsi_generator_lib.a(PBXObjects.swift.o)
      protocol conformance descriptor for TulsiGenerator.PBXBuildFile : Swift.CustomDebugStringConvertible in TulsiGenerator in libtulsi_generator_lib.a(PBXObjects.swift.o)
      protocol conformance descriptor for TulsiGenerator.PBXTarget : Swift.CustomDebugStringConvertible in TulsiGenerator in libtulsi_generator_lib.a(PBXObjects.swift.o)
      protocol conformance descriptor for TulsiGenerator.PBXContainerItemProxy : Swift.CustomDebugStringConvertible in TulsiGenerator in libtulsi_generator_lib.a(PBXObjects.swift.o)
      ...
  "Swift.== infix<A where A: Swift.RawRepresentable, A.RawValue: Swift.Equatable>(A, A) -> Swift.Bool", referenced from:
      protocol witness for static Swift.Equatable.== infix(A, A) -> Swift.Bool in conformance __C.NSKeyValueChangeKey : Swift.Equatable in __C_Synthesized in libtulsi_generator_lib.a(ProcessRunner.swift.o)
      protocol witness for static Swift.Equatable.== infix(A, A) -> Swift.Bool in conformance __C.NSJSONReadingOptions : Swift.Equatable in __C_Synthesized in libtulsi_generator_lib.a(BazelAspectInfoExtractor.swift.o)
      protocol witness for static Swift.Equatable.== infix(A, A) -> Swift.Bool in conformance __C.NSJSONReadingOptions : Swift.Equatable in __C_Synthesized in libtulsi_generator_lib.a(BazelBuildEvents.swift.o)
      TulsiGenerator.BazelXcodeProjectPatcher.(patchFileReference in _5B992DA1E0330129FEDBB6BF90D1A431)(file: TulsiGenerator.PBXFileReference, url: Foundation.URL, workspaceRootURL: Foundation.URL) -> () in libtulsi_generator_lib.a(BazelXcodeProjectPatcher.swift.o)
      protocol witness for static Swift.Equatable.== infix(A, A) -> Swift.Bool in conformance TulsiGenerator.CPU : Swift.Equatable in TulsiGenerator in libtulsi_generator_lib.a(DeploymentTarget.swift.o)
      protocol witness for static Swift.Equatable.== infix(A, A) -> Swift.Bool in conformance TulsiGenerator.PlatformType : Swift.Equatable in TulsiGenerator in libtulsi_generator_lib.a(DeploymentTarget.swift.o)
      static TulsiGenerator.DeploymentTarget.== infix(TulsiGenerator.DeploymentTarget, TulsiGenerator.DeploymentTarget) -> Swift.Bool in libtulsi_generator_lib.a(DeploymentTarget.swift.o)
      ...
  "Swift.== infix(Any.Type?, Any.Type?) -> Swift.Bool", referenced from:
      TulsiGenerator.RuleInfo.equals(TulsiGenerator.RuleInfo) -> Swift.Bool in libtulsi_generator_lib.a(RuleEntry.swift.o)
  "Swift._convertInOutToPointerArgument<A where A: Swift._Pointer>(Builtin.RawPointer) -> A", referenced from:
      @nonobjc __C.NSXMLDocument.init(data: Foundation.Data, options: __C.NSXMLNodeOptions) throws -> __C.NSXMLDocument in libtulsi_generator_lib.a(BazelQueryInfoExtractor.swift.o)
      @nonobjc __C.NSRegularExpression.init(pattern: Swift.String, options: __C.NSRegularExpressionOptions) throws -> __C.NSRegularExpression in libtulsi_generator_lib.a(PBXProjSerializer.swift.o)
      @nonobjc __C.NSRegularExpression.init(pattern: Swift.String, options: __C.NSRegularExpressionOptions) throws -> __C.NSRegularExpression in libtulsi_generator_lib.a(XcodeProjectGenerator.swift.o)
      @nonobjc __C.NSFileWrapper.init(url: Foundation.URL, options: __C.NSFileWrapperReadingOptions) throws -> __C.NSFileWrapper in libtulsi_lib.a(TulsiProjectDocument.swift.o)
      @nonobjc __C.NSFileHandle.__allocating_init(forWritingTo: Foundation.URL) throws -> __C.NSFileHandle in libtulsi_lib.a(EventLogger.swift.o)
  "Swift._dictionaryDownCastConditional<A, B, C, D where A: Swift.Hashable, C: Swift.Hashable>([A : B]) -> [C : D]?", referenced from:
      TulsiGenerator.TulsiOptionSet.__allocating_init(fromDictionary: [Swift.String : Any]) -> TulsiGenerator.TulsiOptionSet in libtulsi_generator_lib.a(TulsiOptionSet.swift.o)
  "Swift._diagnoseUnexpectedEnumCaseValue<A, B>(type: A.Type, rawValue: B) -> Swift.Never", referenced from:
      Tulsi.MessageTypeToImageValueTransformer.transformedValue(Any?) -> Any? in libtulsi_lib.a(MessageViewController.swift.o)
  "protocol descriptor for Swift._HasCustomAnyHashableRepresentation", referenced from:
      protocol conformance descriptor for __C.NSKeyValueChangeKey : Swift._HasCustomAnyHashableRepresentation in __C_Synthesized in libtulsi_generator_lib.a(ProcessRunner.swift.o)
      protocol conformance descriptor for __C.NSFileAttributeKey : Swift._HasCustomAnyHashableRepresentation in __C_Synthesized in libtulsi_generator_lib.a(XcodeProjectGenerator.swift.o)
      protocol conformance descriptor for __C.NSFileAttributeType : Swift._HasCustomAnyHashableRepresentation in __C_Synthesized in libtulsi_generator_lib.a(XcodeProjectGenerator.swift.o)
      protocol conformance descriptor for __C.NSModalResponse : Swift._HasCustomAnyHashableRepresentation in __C_Synthesized in libtulsi_lib.a(BazelSelectionPanel.swift.o)
      protocol conformance descriptor for __C.NSControlStateValue : Swift._HasCustomAnyHashableRepresentation in __C_Synthesized in libtulsi_lib.a(BazelSelectionPanel.swift.o)
      protocol conformance descriptor for __C.NSModalResponse : Swift._HasCustomAnyHashableRepresentation in __C_Synthesized in libtulsi_lib.a(NewProjectViewController.swift.o)
      protocol conformance descriptor for __C.NSAttributedStringKey : Swift._HasCustomAnyHashableRepresentation in __C_Synthesized in libtulsi_lib.a(OptionsEditorController.swift.o)
      ...
  "method descriptor for Swift._HasCustomAnyHashableRepresentation._toCustomAnyHashable() -> Swift.AnyHashable?", referenced from:
      protocol conformance descriptor for __C.NSKeyValueChangeKey : Swift._HasCustomAnyHashableRepresentation in __C_Synthesized in libtulsi_generator_lib.a(ProcessRunner.swift.o)
      protocol conformance descriptor for __C.NSFileAttributeKey : Swift._HasCustomAnyHashableRepresentation in __C_Synthesized in libtulsi_generator_lib.a(XcodeProjectGenerator.swift.o)
      protocol conformance descriptor for __C.NSFileAttributeType : Swift._HasCustomAnyHashableRepresentation in __C_Synthesized in libtulsi_generator_lib.a(XcodeProjectGenerator.swift.o)
      protocol conformance descriptor for __C.NSModalResponse : Swift._HasCustomAnyHashableRepresentation in __C_Synthesized in libtulsi_lib.a(BazelSelectionPanel.swift.o)
      protocol conformance descriptor for __C.NSControlStateValue : Swift._HasCustomAnyHashableRepresentation in __C_Synthesized in libtulsi_lib.a(BazelSelectionPanel.swift.o)
      protocol conformance descriptor for __C.NSModalResponse : Swift._HasCustomAnyHashableRepresentation in __C_Synthesized in libtulsi_lib.a(NewProjectViewController.swift.o)
      protocol conformance descriptor for __C.NSAttributedStringKey : Swift._HasCustomAnyHashableRepresentation in __C_Synthesized in libtulsi_lib.a(OptionsEditorController.swift.o)
      ...
  "Swift._forceBridgeFromObjectiveC_bridgeable<A where A: Swift._ObjectiveCBridgeable>(A._ObjectiveCType, A.Type) -> A", referenced from:
      generateIndexerTargetGraphForRuleEntry #1 (TulsiGenerator.RuleEntry) -> __C.NSOrderedSet in TulsiGenerator.PBXTargetGenerator.registerRuleEntryForIndexer(_: TulsiGenerator.RuleEntry, ruleEntryMap: TulsiGenerator.RuleEntryMap, pathFilters: Swift.Set<Swift.String>, processedEntries: inout [TulsiGenerator.RuleEntry : __C.NSOrderedSet]) -> () in libtulsi_generator_lib.a(PBXTargetGenerator.swift.o)
  "Swift.=== infix(Swift.AnyObject?, Swift.AnyObject?) -> Swift.Bool", referenced from:
      TulsiGenerator.PBXTarget.createDependencyOn(_: TulsiGenerator.PBXTarget, proxyType: TulsiGenerator.PBXContainerItemProxy.ProxyType, inProject: TulsiGenerator.PBXProject, first: Swift.Bool) -> () in libtulsi_generator_lib.a(PBXObjects.swift.o)
      TulsiGenerator.PBXTargetGenerator.generateBazelCleanTarget(_: Swift.String, workingDirectory: Swift.String, startupOptions: [Swift.String]) -> () in libtulsi_generator_lib.a(PBXTargetGenerator.swift.o)
  "Swift.max<A where A: Swift.Comparable>(A, A) -> A", referenced from:
      Tulsi.MessageViewController.tableView(_: __C.NSTableView, heightOfRow: Swift.Int) -> CoreGraphics.CGFloat in libtulsi_lib.a(MessageViewController.swift.o)
  "Swift.min<A where A: Swift.Comparable>(A, A) -> A", referenced from:
      static TulsiGenerator.BazelErrorExtractor.firstErrorLinesOrLastLinesFromString(_: Swift.String, maxErrors: Swift.Int) -> Swift.String? in libtulsi_generator_lib.a(BazelErrorExtractor.swift.o)
  "Swift.!== infix(Swift.AnyObject?, Swift.AnyObject?) -> Swift.Bool", referenced from:
      closure #1 (TulsiGenerator.PBXReference) -> Swift.Bool in TulsiGenerator.PBXGroup.removeChild(TulsiGenerator.PBXReference) -> () in libtulsi_generator_lib.a(PBXObjects.swift.o)
      linkDependencies #1 ([Swift.String : TulsiGenerator.PBXTargetGenerator.(IndexerData in _9BC2D135E4F1D200D8B700936548BDC4)]) -> () in TulsiGenerator.PBXTargetGenerator.generateIndexerTargets() -> [Swift.String : TulsiGenerator.PBXTarget] in libtulsi_generator_lib.a(PBXTargetGenerator.swift.o)
  "Swift.zip<A, B where A: Swift.Sequence, B: Swift.Sequence>(A, B) -> Swift.Zip2Sequence<A, B>", referenced from:
      (extension in TulsiGenerator):Foundation.URL.relativePathTo(Foundation.URL) -> Swift.String? in libtulsi_generator_lib.a(NSURLExtensions.swift.o)
  "Swift._conditionallyBridgeFromObjectiveC_bridgeable<A where A: Swift._ObjectiveCBridgeable>(A._ObjectiveCType, A.Type) -> A?", referenced from:
      TulsiGenerator.PBXTargetGenerator.(targetTestSettings in _9BC2D135E4F1D200D8B700936548BDC4)(_: TulsiGenerator.PBXNativeTarget, hostTarget: TulsiGenerator.PBXNativeTarget?, ruleEntry: TulsiGenerator.RuleEntry, ruleEntryMap: TulsiGenerator.RuleEntryMap) -> [Swift.String : Swift.String] in libtulsi_generator_lib.a(PBXTargetGenerator.swift.o)
  "protocol descriptor for Swift.Error", referenced from:
      type metadata accessor for Swift.Error in libtulsi_generator_lib.a(BazelAspectInfoExtractor.swift.o)
      protocol conformance descriptor for TulsiGenerator.BazelAspectInfoExtractor.ExtractorError : Swift.Error in TulsiGenerator in libtulsi_generator_lib.a(BazelAspectInfoExtractor.swift.o)
      type metadata accessor for Swift.Error in libtulsi_generator_lib.a(BazelBuildEvents.swift.o)
      type metadata accessor for Swift.Error in libtulsi_generator_lib.a(BazelQueryInfoExtractor.swift.o)
      protocol conformance descriptor for TulsiGenerator.BazelQueryInfoExtractor.ExtractorError : Swift.Error in TulsiGenerator in libtulsi_generator_lib.a(BazelQueryInfoExtractor.swift.o)
      type metadata accessor for Swift.Error in libtulsi_generator_lib.a(BazelWorkspaceInfoExtractor.swift.o)
      protocol conformance descriptor for TulsiGenerator.BazelWorkspaceInfoExtractorError : Swift.Error in TulsiGenerator in libtulsi_generator_lib.a(BazelWorkspaceInfoExtractorProtocol.swift.o)
      ...
  "(extension in Foundation):Swift.Error.localizedDescription.getter : Swift.String", referenced from:
      TulsiGenerator.XcodeProjectGenerator.(installStubExtensionPlistFiles in _3D27909A8CA7F8C4C4BE25046CB74F8B)(_: Foundation.URL, rules: [TulsiGenerator.RuleEntry], plistPaths: TulsiGenerator.StubInfoPlistPaths) -> () in libtulsi_generator_lib.a(XcodeProjectGenerator.swift.o)
      TulsiGenerator.XcodeProjectGenerator.(savePlist in _3D27909A8CA7F8C4C4BE25046CB74F8B)(_: Any, url: Foundation.URL) -> Swift.Bool in libtulsi_generator_lib.a(XcodeProjectGenerator.swift.o)
  "method descriptor for Swift.Error._getEmbeddedNSError() -> Swift.AnyObject?", referenced from:
      protocol conformance descriptor for TulsiGenerator.BazelAspectInfoExtractor.ExtractorError : Swift.Error in TulsiGenerator in libtulsi_generator_lib.a(BazelAspectInfoExtractor.swift.o)
      protocol conformance descriptor for TulsiGenerator.BazelQueryInfoExtractor.ExtractorError : Swift.Error in TulsiGenerator in libtulsi_generator_lib.a(BazelQueryInfoExtractor.swift.o)
      protocol conformance descriptor for TulsiGenerator.BazelWorkspaceInfoExtractorError : Swift.Error in TulsiGenerator in libtulsi_generator_lib.a(BazelWorkspaceInfoExtractorProtocol.swift.o)
      protocol conformance descriptor for (extension in TulsiGenerator):__C.NSJSONSerialization.EncodingError : Swift.Error in TulsiGenerator in libtulsi_generator_lib.a(NSJSONSerializationExtensions.swift.o)
      protocol conformance descriptor for (extension in TulsiGenerator):__C.NSMutableData.EncodingError : Swift.Error in TulsiGenerator in libtulsi_generator_lib.a(PBXProjSerializer.swift.o)
      protocol conformance descriptor for TulsiGenerator.OpenStepSerializer.(SerializationError in _40B8AF4E61D42104FF82B74BA7B851A2) : Swift.Error in TulsiGenerator in libtulsi_generator_lib.a(PBXProjSerializer.swift.o)
      protocol conformance descriptor for TulsiGenerator.PBXTargetGenerator.ProjectSerializationError : Swift.Error in TulsiGenerator in libtulsi_generator_lib.a(PBXTargetGenerator.swift.o)
      ...
  "method descriptor for Swift.Error._code.getter : Swift.Int", referenced from:
      protocol conformance descriptor for TulsiGenerator.BazelAspectInfoExtractor.ExtractorError : Swift.Error in TulsiGenerator in libtulsi_generator_lib.a(BazelAspectInfoExtractor.swift.o)
      protocol conformance descriptor for TulsiGenerator.BazelQueryInfoExtractor.ExtractorError : Swift.Error in TulsiGenerator in libtulsi_generator_lib.a(BazelQueryInfoExtractor.swift.o)
      protocol conformance descriptor for TulsiGenerator.BazelWorkspaceInfoExtractorError : Swift.Error in TulsiGenerator in libtulsi_generator_lib.a(BazelWorkspaceInfoExtractorProtocol.swift.o)
      protocol conformance descriptor for (extension in TulsiGenerator):__C.NSJSONSerialization.EncodingError : Swift.Error in TulsiGenerator in libtulsi_generator_lib.a(NSJSONSerializationExtensions.swift.o)
      protocol conformance descriptor for (extension in TulsiGenerator):__C.NSMutableData.EncodingError : Swift.Error in TulsiGenerator in libtulsi_generator_lib.a(PBXProjSerializer.swift.o)
      protocol conformance descriptor for TulsiGenerator.OpenStepSerializer.(SerializationError in _40B8AF4E61D42104FF82B74BA7B851A2) : Swift.Error in TulsiGenerator in libtulsi_generator_lib.a(PBXProjSerializer.swift.o)
      protocol conformance descriptor for TulsiGenerator.PBXTargetGenerator.ProjectSerializationError : Swift.Error in TulsiGenerator in libtulsi_generator_lib.a(PBXTargetGenerator.swift.o)
      ...
  "method descriptor for Swift.Error._domain.getter : Swift.String", referenced from:
      protocol conformance descriptor for TulsiGenerator.BazelAspectInfoExtractor.ExtractorError : Swift.Error in TulsiGenerator in libtulsi_generator_lib.a(BazelAspectInfoExtractor.swift.o)
      protocol conformance descriptor for TulsiGenerator.BazelQueryInfoExtractor.ExtractorError : Swift.Error in TulsiGenerator in libtulsi_generator_lib.a(BazelQueryInfoExtractor.swift.o)
      protocol conformance descriptor for TulsiGenerator.BazelWorkspaceInfoExtractorError : Swift.Error in TulsiGenerator in libtulsi_generator_lib.a(BazelWorkspaceInfoExtractorProtocol.swift.o)
      protocol conformance descriptor for (extension in TulsiGenerator):__C.NSJSONSerialization.EncodingError : Swift.Error in TulsiGenerator in libtulsi_generator_lib.a(NSJSONSerializationExtensions.swift.o)
      protocol conformance descriptor for (extension in TulsiGenerator):__C.NSMutableData.EncodingError : Swift.Error in TulsiGenerator in libtulsi_generator_lib.a(PBXProjSerializer.swift.o)
      protocol conformance descriptor for TulsiGenerator.OpenStepSerializer.(SerializationError in _40B8AF4E61D42104FF82B74BA7B851A2) : Swift.Error in TulsiGenerator in libtulsi_generator_lib.a(PBXProjSerializer.swift.o)
      protocol conformance descriptor for TulsiGenerator.PBXTargetGenerator.ProjectSerializationError : Swift.Error in TulsiGenerator in libtulsi_generator_lib.a(PBXTargetGenerator.swift.o)
      ...
  "method descriptor for Swift.Error._userInfo.getter : Swift.AnyObject?", referenced from:
      protocol conformance descriptor for TulsiGenerator.BazelAspectInfoExtractor.ExtractorError : Swift.Error in TulsiGenerator in libtulsi_generator_lib.a(BazelAspectInfoExtractor.swift.o)
      protocol conformance descriptor for TulsiGenerator.BazelQueryInfoExtractor.ExtractorError : Swift.Error in TulsiGenerator in libtulsi_generator_lib.a(BazelQueryInfoExtractor.swift.o)
      protocol conformance descriptor for TulsiGenerator.BazelWorkspaceInfoExtractorError : Swift.Error in TulsiGenerator in libtulsi_generator_lib.a(BazelWorkspaceInfoExtractorProtocol.swift.o)
      protocol conformance descriptor for (extension in TulsiGenerator):__C.NSJSONSerialization.EncodingError : Swift.Error in TulsiGenerator in libtulsi_generator_lib.a(NSJSONSerializationExtensions.swift.o)
      protocol conformance descriptor for (extension in TulsiGenerator):__C.NSMutableData.EncodingError : Swift.Error in TulsiGenerator in libtulsi_generator_lib.a(PBXProjSerializer.swift.o)
      protocol conformance descriptor for TulsiGenerator.OpenStepSerializer.(SerializationError in _40B8AF4E61D42104FF82B74BA7B851A2) : Swift.Error in TulsiGenerator in libtulsi_generator_lib.a(PBXProjSerializer.swift.o)
      protocol conformance descriptor for TulsiGenerator.PBXTargetGenerator.ProjectSerializationError : Swift.Error in TulsiGenerator in libtulsi_generator_lib.a(PBXTargetGenerator.swift.o)
      ...
  "(extension in Swift):Swift.Error._getEmbeddedNSError() -> Swift.AnyObject?", referenced from:
      protocol witness for Swift.Error._getEmbeddedNSError() -> Swift.AnyObject? in conformance TulsiGenerator.BazelAspectInfoExtractor.ExtractorError : Swift.Error in TulsiGenerator in libtulsi_generator_lib.a(BazelAspectInfoExtractor.swift.o)
      protocol witness for Swift.Error._getEmbeddedNSError() -> Swift.AnyObject? in conformance TulsiGenerator.BazelQueryInfoExtractor.ExtractorError : Swift.Error in TulsiGenerator in libtulsi_generator_lib.a(BazelQueryInfoExtractor.swift.o)
      protocol witness for Swift.Error._getEmbeddedNSError() -> Swift.AnyObject? in conformance TulsiGenerator.BazelWorkspaceInfoExtractorError : Swift.Error in TulsiGenerator in libtulsi_generator_lib.a(BazelWorkspaceInfoExtractorProtocol.swift.o)
      protocol witness for Swift.Error._getEmbeddedNSError() -> Swift.AnyObject? in conformance (extension in TulsiGenerator):__C.NSJSONSerialization.EncodingError : Swift.Error in TulsiGenerator in libtulsi_generator_lib.a(NSJSONSerializationExtensions.swift.o)
      protocol witness for Swift.Error._getEmbeddedNSError() -> Swift.AnyObject? in conformance (extension in TulsiGenerator):__C.NSMutableData.EncodingError : Swift.Error in TulsiGenerator in libtulsi_generator_lib.a(PBXProjSerializer.swift.o)
      protocol witness for Swift.Error._getEmbeddedNSError() -> Swift.AnyObject? in conformance TulsiGenerator.OpenStepSerializer.(SerializationError in _40B8AF4E61D42104FF82B74BA7B851A2) : Swift.Error in TulsiGenerator in libtulsi_generator_lib.a(PBXProjSerializer.swift.o)
      protocol witness for Swift.Error._getEmbeddedNSError() -> Swift.AnyObject? in conformance TulsiGenerator.PBXTargetGenerator.ProjectSerializationError : Swift.Error in TulsiGenerator in libtulsi_generator_lib.a(PBXTargetGenerator.swift.o)
      ...
  "(extension in Swift):Swift.Error._code.getter : Swift.Int", referenced from:
      protocol witness for Swift.Error._code.getter : Swift.Int in conformance TulsiGenerator.BazelAspectInfoExtractor.ExtractorError : Swift.Error in TulsiGenerator in libtulsi_generator_lib.a(BazelAspectInfoExtractor.swift.o)
      protocol witness for Swift.Error._code.getter : Swift.Int in conformance TulsiGenerator.BazelQueryInfoExtractor.ExtractorError : Swift.Error in TulsiGenerator in libtulsi_generator_lib.a(BazelQueryInfoExtractor.swift.o)
      protocol witness for Swift.Error._code.getter : Swift.Int in conformance TulsiGenerator.BazelWorkspaceInfoExtractorError : Swift.Error in TulsiGenerator in libtulsi_generator_lib.a(BazelWorkspaceInfoExtractorProtocol.swift.o)
      protocol witness for Swift.Error._code.getter : Swift.Int in conformance (extension in TulsiGenerator):__C.NSJSONSerialization.EncodingError : Swift.Error in TulsiGenerator in libtulsi_generator_lib.a(NSJSONSerializationExtensions.swift.o)
      protocol witness for Swift.Error._code.getter : Swift.Int in conformance (extension in TulsiGenerator):__C.NSMutableData.EncodingError : Swift.Error in TulsiGenerator in libtulsi_generator_lib.a(PBXProjSerializer.swift.o)
      protocol witness for Swift.Error._code.getter : Swift.Int in conformance TulsiGenerator.OpenStepSerializer.(SerializationError in _40B8AF4E61D42104FF82B74BA7B851A2) : Swift.Error in TulsiGenerator in libtulsi_generator_lib.a(PBXProjSerializer.swift.o)
      protocol witness for Swift.Error._code.getter : Swift.Int in conformance TulsiGenerator.PBXTargetGenerator.ProjectSerializationError : Swift.Error in TulsiGenerator in libtulsi_generator_lib.a(PBXTargetGenerator.swift.o)
      ...
  "(extension in Swift):Swift.Error._domain.getter : Swift.String", referenced from:
      protocol witness for Swift.Error._domain.getter : Swift.String in conformance TulsiGenerator.BazelAspectInfoExtractor.ExtractorError : Swift.Error in TulsiGenerator in libtulsi_generator_lib.a(BazelAspectInfoExtractor.swift.o)
      protocol witness for Swift.Error._domain.getter : Swift.String in conformance TulsiGenerator.BazelQueryInfoExtractor.ExtractorError : Swift.Error in TulsiGenerator in libtulsi_generator_lib.a(BazelQueryInfoExtractor.swift.o)
      protocol witness for Swift.Error._domain.getter : Swift.String in conformance TulsiGenerator.BazelWorkspaceInfoExtractorError : Swift.Error in TulsiGenerator in libtulsi_generator_lib.a(BazelWorkspaceInfoExtractorProtocol.swift.o)
      protocol witness for Swift.Error._domain.getter : Swift.String in conformance (extension in TulsiGenerator):__C.NSJSONSerialization.EncodingError : Swift.Error in TulsiGenerator in libtulsi_generator_lib.a(NSJSONSerializationExtensions.swift.o)
      protocol witness for Swift.Error._domain.getter : Swift.String in conformance (extension in TulsiGenerator):__C.NSMutableData.EncodingError : Swift.Error in TulsiGenerator in libtulsi_generator_lib.a(PBXProjSerializer.swift.o)
      protocol witness for Swift.Error._domain.getter : Swift.String in conformance TulsiGenerator.OpenStepSerializer.(SerializationError in _40B8AF4E61D42104FF82B74BA7B851A2) : Swift.Error in TulsiGenerator in libtulsi_generator_lib.a(PBXProjSerializer.swift.o)
      protocol witness for Swift.Error._domain.getter : Swift.String in conformance TulsiGenerator.PBXTargetGenerator.ProjectSerializationError : Swift.Error in TulsiGenerator in libtulsi_generator_lib.a(PBXTargetGenerator.swift.o)
      ...
  "(extension in Swift):Swift.Error._userInfo.getter : Swift.AnyObject?", referenced from:
      protocol witness for Swift.Error._userInfo.getter : Swift.AnyObject? in conformance TulsiGenerator.BazelAspectInfoExtractor.ExtractorError : Swift.Error in TulsiGenerator in libtulsi_generator_lib.a(BazelAspectInfoExtractor.swift.o)
      protocol witness for Swift.Error._userInfo.getter : Swift.AnyObject? in conformance TulsiGenerator.BazelQueryInfoExtractor.ExtractorError : Swift.Error in TulsiGenerator in libtulsi_generator_lib.a(BazelQueryInfoExtractor.swift.o)
      protocol witness for Swift.Error._userInfo.getter : Swift.AnyObject? in conformance TulsiGenerator.BazelWorkspaceInfoExtractorError : Swift.Error in TulsiGenerator in libtulsi_generator_lib.a(BazelWorkspaceInfoExtractorProtocol.swift.o)
      protocol witness for Swift.Error._userInfo.getter : Swift.AnyObject? in conformance (extension in TulsiGenerator):__C.NSJSONSerialization.EncodingError : Swift.Error in TulsiGenerator in libtulsi_generator_lib.a(NSJSONSerializationExtensions.swift.o)
      protocol witness for Swift.Error._userInfo.getter : Swift.AnyObject? in conformance (extension in TulsiGenerator):__C.NSMutableData.EncodingError : Swift.Error in TulsiGenerator in libtulsi_generator_lib.a(PBXProjSerializer.swift.o)
      protocol witness for Swift.Error._userInfo.getter : Swift.AnyObject? in conformance TulsiGenerator.OpenStepSerializer.(SerializationError in _40B8AF4E61D42104FF82B74BA7B851A2) : Swift.Error in TulsiGenerator in libtulsi_generator_lib.a(PBXProjSerializer.swift.o)
      protocol witness for Swift.Error._userInfo.getter : Swift.AnyObject? in conformance TulsiGenerator.PBXTargetGenerator.ProjectSerializationError : Swift.Error in TulsiGenerator in libtulsi_generator_lib.a(PBXTargetGenerator.swift.o)
      ...
  "type metadata for Swift.Int32", referenced from:
      TulsiGenerator.BazelAspectInfoExtractor.init(bazelURL: Foundation.URL, workspaceRootURL: Foundation.URL, executionRootURL: Foundation.URL, bazelSettingsProvider: TulsiGenerator.BazelSettingsProviderProtocol, localizedMessageLogger: TulsiGenerator.LocalizedMessageLogger) -> TulsiGenerator.BazelAspectInfoExtractor in libtulsi_generator_lib.a(BazelAspectInfoExtractor.swift.o)
      closure #1 (TulsiGenerator.ProcessRunner.CompletionInfo) -> () in TulsiGenerator.BazelAspectInfoExtractor.(bazelAspectProcessForTargets in _F5D2D87286505E9AC6917BB651D4E8CB)(_: [Swift.String], aspect: Swift.String, startupOptions: [Swift.String], buildOptions: [Swift.String], compilationMode: Swift.String?, platformConfig: Swift.String?, prioritizeSwift: Swift.Bool?, useArm64_32: Swift.Bool?, features: Swift.Set<TulsiGenerator.BazelSettingFeature>, progressNotifier: TulsiGenerator.ProgressNotifier?, terminationHandler: (__C.NSTask, Swift.String) -> ()) -> __C.NSTask? in libtulsi_generator_lib.a(BazelAspectInfoExtractor.swift.o)
      closure #1 (TulsiGenerator.ProcessRunner.CompletionInfo) -> () in TulsiGenerator.BazelQueryInfoExtractor.(bazelQueryProcess in _EB283E3D0F00A9083704ACE385FB78E0)(_: Swift.String, outputKind: Swift.String?, additionalArguments: [Swift.String], message: Swift.String, loggingIdentifier: Swift.String?, terminationHandler: (__C.NSTask, Foundation.Data, Swift.String?, Swift.String) -> ()) throws -> __C.NSTask in libtulsi_generator_lib.a(BazelQueryInfoExtractor.swift.o)
      closure #1 (TulsiGenerator.ProcessRunner.CompletionInfo) -> () in TulsiGenerator.BazelWorkspacePathInfoFetcher.(fetchWorkspaceInfo in _FBCC8FB73C67954075CF626E480CE18B)() -> () in libtulsi_generator_lib.a(BazelWorkspacePathInfoFetcher.swift.o)
      TulsiGenerator.XcodeProjectGenerator.(fetchDefaultSwitchVersion in _3D27909A8CA7F8C4C4BE25046CB74F8B)() -> Swift.String in libtulsi_generator_lib.a(XcodeProjectGenerator.swift.o)
      closure #1 (Swift.Int32, Swift.String) -> () in TulsiGenerator.XcodeProjectGenerator.(cleanCachedDsymPaths in _3D27909A8CA7F8C4C4BE25046CB74F8B)() -> () in libtulsi_generator_lib.a(XcodeProjectGenerator.swift.o)
      closure #1 (Swift.Int32, Swift.String) -> () in TulsiGenerator.XcodeProjectGenerator.(bootstrapLLDBInit in _3D27909A8CA7F8C4C4BE25046CB74F8B)() -> () in libtulsi_generator_lib.a(XcodeProjectGenerator.swift.o)
      ...
  "protocol witness table for Swift.Int32 : Swift.CustomStringConvertible in Swift", referenced from:
      TulsiGenerator.BazelAspectInfoExtractor.init(bazelURL: Foundation.URL, workspaceRootURL: Foundation.URL, executionRootURL: Foundation.URL, bazelSettingsProvider: TulsiGenerator.BazelSettingsProviderProtocol, localizedMessageLogger: TulsiGenerator.LocalizedMessageLogger) -> TulsiGenerator.BazelAspectInfoExtractor in libtulsi_generator_lib.a(BazelAspectInfoExtractor.swift.o)
      TulsiGenerator.XcodeProjectGenerator.(fetchDefaultSwitchVersion in _3D27909A8CA7F8C4C4BE25046CB74F8B)() -> Swift.String in libtulsi_generator_lib.a(XcodeProjectGenerator.swift.o)
  "protocol witness table for Swift.Int32 : Swift.CVarArg in Swift", referenced from:
      closure #1 (TulsiGenerator.ProcessRunner.CompletionInfo) -> () in TulsiGenerator.BazelAspectInfoExtractor.(bazelAspectProcessForTargets in _F5D2D87286505E9AC6917BB651D4E8CB)(_: [Swift.String], aspect: Swift.String, startupOptions: [Swift.String], buildOptions: [Swift.String], compilationMode: Swift.String?, platformConfig: Swift.String?, prioritizeSwift: Swift.Bool?, useArm64_32: Swift.Bool?, features: Swift.Set<TulsiGenerator.BazelSettingFeature>, progressNotifier: TulsiGenerator.ProgressNotifier?, terminationHandler: (__C.NSTask, Swift.String) -> ()) -> __C.NSTask? in libtulsi_generator_lib.a(BazelAspectInfoExtractor.swift.o)
      closure #1 (TulsiGenerator.ProcessRunner.CompletionInfo) -> () in TulsiGenerator.BazelQueryInfoExtractor.(bazelQueryProcess in _EB283E3D0F00A9083704ACE385FB78E0)(_: Swift.String, outputKind: Swift.String?, additionalArguments: [Swift.String], message: Swift.String, loggingIdentifier: Swift.String?, terminationHandler: (__C.NSTask, Foundation.Data, Swift.String?, Swift.String) -> ()) throws -> __C.NSTask in libtulsi_generator_lib.a(BazelQueryInfoExtractor.swift.o)
      closure #1 (TulsiGenerator.ProcessRunner.CompletionInfo) -> () in TulsiGenerator.BazelWorkspacePathInfoFetcher.(fetchWorkspaceInfo in _FBCC8FB73C67954075CF626E480CE18B)() -> () in libtulsi_generator_lib.a(BazelWorkspacePathInfoFetcher.swift.o)
      closure #1 (Swift.Int32, Swift.String) -> () in TulsiGenerator.XcodeProjectGenerator.(cleanCachedDsymPaths in _3D27909A8CA7F8C4C4BE25046CB74F8B)() -> () in libtulsi_generator_lib.a(XcodeProjectGenerator.swift.o)
      closure #1 (Swift.Int32, Swift.String) -> () in TulsiGenerator.XcodeProjectGenerator.(bootstrapLLDBInit in _3D27909A8CA7F8C4C4BE25046CB74F8B)() -> () in libtulsi_generator_lib.a(XcodeProjectGenerator.swift.o)
  "Swift.print(_: Any..., separator: Swift.String, terminator: Swift.String) -> ()", referenced from:
      TulsiGenerator.RuleEntry.init(label: TulsiGenerator.BuildLabel, type: Swift.String, attributes: [Swift.String : Swift.AnyObject], artifacts: [TulsiGenerator.BazelFileInfo], sourceFiles: [TulsiGenerator.BazelFileInfo], nonARCSourceFiles: [TulsiGenerator.BazelFileInfo], dependencies: Swift.Set<TulsiGenerator.BuildLabel>, testDependencies: Swift.Set<TulsiGenerator.BuildLabel>, frameworkImports: [TulsiGenerator.BazelFileInfo], secondaryArtifacts: [TulsiGenerator.BazelFileInfo], weakDependencies: Swift.Set<TulsiGenerator.BuildLabel>?, extensions: Swift.Set<TulsiGenerator.BuildLabel>?, bundleID: Swift.String?, bundleName: Swift.String?, productType: TulsiGenerator.PBXTarget.ProductType?, extensionBundleID: Swift.String?, platformType: Swift.String?, osDeploymentTarget: Swift.String?, buildFilePath: Swift.String?, objcDefines: [Swift.String]?, swiftDefines: [Swift.String]?, includePaths: [(Swift.String, Swift.Bool)]?, swiftLanguageVersion: Swift.String?, swiftToolchain: Swift.String?, swiftTransitiveModules: [TulsiGenerator.BazelFileInfo], objCModuleMaps: [TulsiGenerator.BazelFileInfo], moduleName: Swift.String?, extensionType: Swift.String?, xcodeVersion: Swift.String?) -> TulsiGenerator.RuleEntry in libtulsi_generator_lib.a(RuleEntry.swift.o)
      TulsiGenerator.ApplicationSupport.(copyFileIfNeeded in _E3DCD047EB2FB2B8919621A1AB06D8E1)(fromURL: Foundation.URL, toURL: Foundation.URL) throws -> () in libtulsi_generator_lib.a(TulsiApplicationSupport.swift.o)
      TulsiGenerator.XcodeProjectGenerator.(installFiles in _3D27909A8CA7F8C4C4BE25046CB74F8B)(_: [(sourceURL: Foundation.URL, filename: Swift.String)], toDirectory: Foundation.URL, failSilently: Swift.Bool) -> () in libtulsi_generator_lib.a(XcodeProjectGenerator.swift.o)
      Tulsi.TulsiProjectDocument.validateUserInterfaceItem(__C.NSValidatedUserInterfaceItem) -> Swift.Bool in libtulsi_lib.a(TulsiProjectDocument.swift.o)
      Tulsi.TulsiGeneratorConfigDocument.validateUserInterfaceItem(__C.NSValidatedUserInterfaceItem) -> Swift.Bool in libtulsi_lib.a(TulsiGeneratorConfigDocument.swift.o)
      static Tulsi.EventLogger.(createLogFile in _A4FE9277B9AEAB3AEB8125D876D5E62E)(Swift.String) -> __C.NSFileHandle? in libtulsi_lib.a(EventLogger.swift.o)
      Tulsi.EventLogger.(logItem in _A4FE9277B9AEAB3AEB8125D876D5E62E)(TulsiGenerator.LogMessage) -> () in libtulsi_lib.a(EventLogger.swift.o)
      ...
     (maybe you meant: default argument 1 of Swift.print(_: Any..., separator: Swift.String, terminator: Swift.String) -> (), default argument 2 of Swift.print(_: Any..., separator: Swift.String, terminator: Swift.String) -> () )
  "Swift.Hasher.combine<A where A: Swift.Hashable>(A) -> ()", referenced from:
      TulsiGenerator.BazelQueryInfoExtractor.ExtractorError.hash(into: inout Swift.Hasher) -> () in libtulsi_generator_lib.a(BazelQueryInfoExtractor.swift.o)
      TulsiGenerator.BazelSettingFeature.hash(into: inout Swift.Hasher) -> () in libtulsi_generator_lib.a(BazelSettingsProvider.swift.o)
      TulsiGenerator.BuildLabel.hash(into: inout Swift.Hasher) -> () in libtulsi_generator_lib.a(BuildLabel.swift.o)
      (extension in TulsiGenerator):__C.NSJSONSerialization.EncodingError.hash(into: inout Swift.Hasher) -> () in libtulsi_generator_lib.a(NSJSONSerializationExtensions.swift.o)
      TulsiGenerator.SourceTreePath.hash(into: inout Swift.Hasher) -> () in libtulsi_generator_lib.a(PBXObjects.swift.o)
      TulsiGenerator.PBXFileReference.hash(into: inout Swift.Hasher) -> () in libtulsi_generator_lib.a(PBXObjects.swift.o)
      TulsiGenerator.PBXGroup.hash(into: inout Swift.Hasher) -> () in libtulsi_generator_lib.a(PBXObjects.swift.o)
      ...
  "protocol descriptor for Swift.CVarArg", referenced from:
      type metadata accessor for Swift.CVarArg in libtulsi_generator_lib.a(BazelAspectInfoExtractor.swift.o)
      type metadata accessor for Swift.CVarArg in libtulsi_generator_lib.a(BazelBuildEvents.swift.o)
      type metadata accessor for Swift.CVarArg in libtulsi_generator_lib.a(BazelQueryInfoExtractor.swift.o)
      type metadata accessor for Swift.CVarArg in libtulsi_generator_lib.a(BazelWorkspacePathInfoFetcher.swift.o)
      type metadata accessor for Swift.CVarArg in libtulsi_generator_lib.a(GIDGenerator.swift.o)
      type metadata accessor for Swift.CVarArg in libtulsi_generator_lib.a(LocalizedMessageLogger.swift.o)
      type metadata accessor for Swift.CVarArg in libtulsi_generator_lib.a(PBXTargetGenerator.swift.o)
      ...
  "type metadata for Swift.Unicode.Scalar", referenced from:
      Tulsi.OptionsEditorOutlineView.keyDown(with: __C.NSEvent) -> () in libtulsi_lib.a(OptionsEditorController.swift.o)
  "protocol witness table for Swift.Unicode.Scalar : Swift.Equatable in Swift", referenced from:
      Tulsi.OptionsEditorOutlineView.keyDown(with: __C.NSEvent) -> () in libtulsi_lib.a(OptionsEditorController.swift.o)
  "Swift.Unicode.Scalar.init(Swift.Int) -> Swift.Unicode.Scalar?", referenced from:
      Tulsi.OptionsEditorOutlineView.keyDown(with: __C.NSEvent) -> () in libtulsi_lib.a(OptionsEditorController.swift.o)
  "protocol descriptor for Swift.OptionSet", referenced from:
      protocol conformance descriptor for __C.NSJSONReadingOptions : Swift.OptionSet in __C_Synthesized in libtulsi_generator_lib.a(BazelAspectInfoExtractor.swift.o)
      protocol conformance descriptor for __C.NSJSONReadingOptions : Swift.OptionSet in __C_Synthesized in libtulsi_generator_lib.a(BazelBuildEvents.swift.o)
      protocol conformance descriptor for __C.NSRegularExpressionOptions : Swift.OptionSet in __C_Synthesized in libtulsi_generator_lib.a(PBXProjSerializer.swift.o)
      protocol conformance descriptor for __C.NSPropertyListMutabilityOptions : Swift.OptionSet in __C_Synthesized in libtulsi_generator_lib.a(PBXTargetGenerator.swift.o)
      protocol conformance descriptor for __C.NSJSONWritingOptions : Swift.OptionSet in __C_Synthesized in libtulsi_generator_lib.a(TulsiGeneratorConfig.swift.o)
      protocol conformance descriptor for __C.NSJSONReadingOptions : Swift.OptionSet in __C_Synthesized in libtulsi_generator_lib.a(TulsiGeneratorConfig.swift.o)
      protocol conformance descriptor for TulsiGenerator.TulsiOption.OptionType : Swift.OptionSet in TulsiGenerator in libtulsi_generator_lib.a(TulsiOption.swift.o)
      ...
  "method descriptor for Swift.OptionSet.init(rawValue: A.RawValue) -> A", referenced from:
      protocol conformance descriptor for __C.NSJSONReadingOptions : Swift.OptionSet in __C_Synthesized in libtulsi_generator_lib.a(BazelAspectInfoExtractor.swift.o)
      protocol conformance descriptor for __C.NSJSONReadingOptions : Swift.OptionSet in __C_Synthesized in libtulsi_generator_lib.a(BazelBuildEvents.swift.o)
      protocol conformance descriptor for __C.NSRegularExpressionOptions : Swift.OptionSet in __C_Synthesized in libtulsi_generator_lib.a(PBXProjSerializer.swift.o)
      protocol conformance descriptor for __C.NSPropertyListMutabilityOptions : Swift.OptionSet in __C_Synthesized in libtulsi_generator_lib.a(PBXTargetGenerator.swift.o)
      protocol conformance descriptor for __C.NSJSONWritingOptions : Swift.OptionSet in __C_Synthesized in libtulsi_generator_lib.a(TulsiGeneratorConfig.swift.o)
      protocol conformance descriptor for __C.NSJSONReadingOptions : Swift.OptionSet in __C_Synthesized in libtulsi_generator_lib.a(TulsiGeneratorConfig.swift.o)
      protocol conformance descriptor for TulsiGenerator.TulsiOption.OptionType : Swift.OptionSet in TulsiGenerator in libtulsi_generator_lib.a(TulsiOption.swift.o)
      ...
  "base conformance descriptor for Swift.OptionSet: Swift.RawRepresentable", referenced from:
      protocol conformance descriptor for __C.NSJSONReadingOptions : Swift.OptionSet in __C_Synthesized in libtulsi_generator_lib.a(BazelAspectInfoExtractor.swift.o)
      protocol conformance descriptor for __C.NSJSONReadingOptions : Swift.OptionSet in __C_Synthesized in libtulsi_generator_lib.a(BazelBuildEvents.swift.o)
      protocol conformance descriptor for __C.NSRegularExpressionOptions : Swift.OptionSet in __C_Synthesized in libtulsi_generator_lib.a(PBXProjSerializer.swift.o)
      protocol conformance descriptor for __C.NSPropertyListMutabilityOptions : Swift.OptionSet in __C_Synthesized in libtulsi_generator_lib.a(PBXTargetGenerator.swift.o)
      protocol conformance descriptor for __C.NSJSONWritingOptions : Swift.OptionSet in __C_Synthesized in libtulsi_generator_lib.a(TulsiGeneratorConfig.swift.o)
      protocol conformance descriptor for __C.NSJSONReadingOptions : Swift.OptionSet in __C_Synthesized in libtulsi_generator_lib.a(TulsiGeneratorConfig.swift.o)
      protocol conformance descriptor for TulsiGenerator.TulsiOption.OptionType : Swift.OptionSet in TulsiGenerator in libtulsi_generator_lib.a(TulsiOption.swift.o)
      ...
  "base conformance descriptor for Swift.OptionSet: Swift.SetAlgebra", referenced from:
      protocol conformance descriptor for __C.NSJSONReadingOptions : Swift.OptionSet in __C_Synthesized in libtulsi_generator_lib.a(BazelAspectInfoExtractor.swift.o)
      protocol conformance descriptor for __C.NSJSONReadingOptions : Swift.OptionSet in __C_Synthesized in libtulsi_generator_lib.a(BazelBuildEvents.swift.o)
      protocol conformance descriptor for __C.NSRegularExpressionOptions : Swift.OptionSet in __C_Synthesized in libtulsi_generator_lib.a(PBXProjSerializer.swift.o)
      protocol conformance descriptor for __C.NSPropertyListMutabilityOptions : Swift.OptionSet in __C_Synthesized in libtulsi_generator_lib.a(PBXTargetGenerator.swift.o)
      protocol conformance descriptor for __C.NSJSONWritingOptions : Swift.OptionSet in __C_Synthesized in libtulsi_generator_lib.a(TulsiGeneratorConfig.swift.o)
      protocol conformance descriptor for __C.NSJSONReadingOptions : Swift.OptionSet in __C_Synthesized in libtulsi_generator_lib.a(TulsiGeneratorConfig.swift.o)
      protocol conformance descriptor for TulsiGenerator.TulsiOption.OptionType : Swift.OptionSet in TulsiGenerator in libtulsi_generator_lib.a(TulsiOption.swift.o)
      ...
  "(extension in Swift):Swift.OptionSet< where A == A.Element>.insert(A) -> (inserted: Swift.Bool, memberAfterInsert: A)", referenced from:
      protocol witness for Swift.SetAlgebra.insert(__owned A.Element) -> (inserted: Swift.Bool, memberAfterInsert: A.Element) in conformance __C.NSJSONReadingOptions : Swift.SetAlgebra in __C_Synthesized in libtulsi_generator_lib.a(BazelAspectInfoExtractor.swift.o)
      protocol witness for Swift.SetAlgebra.insert(__owned A.Element) -> (inserted: Swift.Bool, memberAfterInsert: A.Element) in conformance __C.NSJSONReadingOptions : Swift.SetAlgebra in __C_Synthesized in libtulsi_generator_lib.a(BazelBuildEvents.swift.o)
      protocol witness for Swift.SetAlgebra.insert(__owned A.Element) -> (inserted: Swift.Bool, memberAfterInsert: A.Element) in conformance __C.NSRegularExpressionOptions : Swift.SetAlgebra in __C_Synthesized in libtulsi_generator_lib.a(PBXProjSerializer.swift.o)
      protocol witness for Swift.SetAlgebra.insert(__owned A.Element) -> (inserted: Swift.Bool, memberAfterInsert: A.Element) in conformance __C.NSPropertyListMutabilityOptions : Swift.SetAlgebra in __C_Synthesized in libtulsi_generator_lib.a(PBXTargetGenerator.swift.o)
      protocol witness for Swift.SetAlgebra.insert(__owned A.Element) -> (inserted: Swift.Bool, memberAfterInsert: A.Element) in conformance __C.NSJSONWritingOptions : Swift.SetAlgebra in __C_Synthesized in libtulsi_generator_lib.a(TulsiGeneratorConfig.swift.o)
      protocol witness for Swift.SetAlgebra.insert(__owned A.Element) -> (inserted: Swift.Bool, memberAfterInsert: A.Element) in conformance __C.NSJSONReadingOptions : Swift.SetAlgebra in __C_Synthesized in libtulsi_generator_lib.a(TulsiGeneratorConfig.swift.o)
      protocol witness for Swift.SetAlgebra.insert(__owned A.Element) -> (inserted: Swift.Bool, memberAfterInsert: A.Element) in conformance TulsiGenerator.TulsiOption.OptionType : Swift.SetAlgebra in TulsiGenerator in libtulsi_generator_lib.a(TulsiOption.swift.o)
      ...
  "(extension in Swift):Swift.OptionSet< where A == A.Element>.remove(A) -> A?", referenced from:
      protocol witness for Swift.SetAlgebra.remove(A.Element) -> A.Element? in conformance __C.NSJSONReadingOptions : Swift.SetAlgebra in __C_Synthesized in libtulsi_generator_lib.a(BazelAspectInfoExtractor.swift.o)
      protocol witness for Swift.SetAlgebra.remove(A.Element) -> A.Element? in conformance __C.NSJSONReadingOptions : Swift.SetAlgebra in __C_Synthesized in libtulsi_generator_lib.a(BazelBuildEvents.swift.o)
      protocol witness for Swift.SetAlgebra.remove(A.Element) -> A.Element? in conformance __C.NSRegularExpressionOptions : Swift.SetAlgebra in __C_Synthesized in libtulsi_generator_lib.a(PBXProjSerializer.swift.o)
      protocol witness for Swift.SetAlgebra.remove(A.Element) -> A.Element? in conformance __C.NSPropertyListMutabilityOptions : Swift.SetAlgebra in __C_Synthesized in libtulsi_generator_lib.a(PBXTargetGenerator.swift.o)
      protocol witness for Swift.SetAlgebra.remove(A.Element) -> A.Element? in conformance __C.NSJSONWritingOptions : Swift.SetAlgebra in __C_Synthesized in libtulsi_generator_lib.a(TulsiGeneratorConfig.swift.o)
      protocol witness for Swift.SetAlgebra.remove(A.Element) -> A.Element? in conformance __C.NSJSONReadingOptions : Swift.SetAlgebra in __C_Synthesized in libtulsi_generator_lib.a(TulsiGeneratorConfig.swift.o)
      protocol witness for Swift.SetAlgebra.remove(A.Element) -> A.Element? in conformance TulsiGenerator.TulsiOption.OptionType : Swift.SetAlgebra in TulsiGenerator in libtulsi_generator_lib.a(TulsiOption.swift.o)
      ...
  "(extension in Swift):Swift.OptionSet< where A == A.Element>.update(with: A) -> A?", referenced from:
      protocol witness for Swift.SetAlgebra.update(with: __owned A.Element) -> A.Element? in conformance __C.NSJSONReadingOptions : Swift.SetAlgebra in __C_Synthesized in libtulsi_generator_lib.a(BazelAspectInfoExtractor.swift.o)
      protocol witness for Swift.SetAlgebra.update(with: __owned A.Element) -> A.Element? in conformance __C.NSJSONReadingOptions : Swift.SetAlgebra in __C_Synthesized in libtulsi_generator_lib.a(BazelBuildEvents.swift.o)
      protocol witness for Swift.SetAlgebra.update(with: __owned A.Element) -> A.Element? in conformance __C.NSRegularExpressionOptions : Swift.SetAlgebra in __C_Synthesized in libtulsi_generator_lib.a(PBXProjSerializer.swift.o)
      protocol witness for Swift.SetAlgebra.update(with: __owned A.Element) -> A.Element? in conformance __C.NSPropertyListMutabilityOptions : Swift.SetAlgebra in __C_Synthesized in libtulsi_generator_lib.a(PBXTargetGenerator.swift.o)
      protocol witness for Swift.SetAlgebra.update(with: __owned A.Element) -> A.Element? in conformance __C.NSJSONWritingOptions : Swift.SetAlgebra in __C_Synthesized in libtulsi_generator_lib.a(TulsiGeneratorConfig.swift.o)
      protocol witness for Swift.SetAlgebra.update(with: __owned A.Element) -> A.Element? in conformance __C.NSJSONReadingOptions : Swift.SetAlgebra in __C_Synthesized in libtulsi_generator_lib.a(TulsiGeneratorConfig.swift.o)
      protocol witness for Swift.SetAlgebra.update(with: __owned A.Element) -> A.Element? in conformance TulsiGenerator.TulsiOption.OptionType : Swift.SetAlgebra in TulsiGenerator in libtulsi_generator_lib.a(TulsiOption.swift.o)
      ...
  "(extension in Swift):Swift.OptionSet< where A == A.Element>.contains(A) -> Swift.Bool", referenced from:
      protocol witness for Swift.SetAlgebra.contains(A.Element) -> Swift.Bool in conformance __C.NSJSONReadingOptions : Swift.SetAlgebra in __C_Synthesized in libtulsi_generator_lib.a(BazelAspectInfoExtractor.swift.o)
      protocol witness for Swift.SetAlgebra.contains(A.Element) -> Swift.Bool in conformance __C.NSJSONReadingOptions : Swift.SetAlgebra in __C_Synthesized in libtulsi_generator_lib.a(BazelBuildEvents.swift.o)
      protocol witness for Swift.SetAlgebra.contains(A.Element) -> Swift.Bool in conformance __C.NSRegularExpressionOptions : Swift.SetAlgebra in __C_Synthesized in libtulsi_generator_lib.a(PBXProjSerializer.swift.o)
      protocol witness for Swift.SetAlgebra.contains(A.Element) -> Swift.Bool in conformance __C.NSPropertyListMutabilityOptions : Swift.SetAlgebra in __C_Synthesized in libtulsi_generator_lib.a(PBXTargetGenerator.swift.o)
      protocol witness for Swift.SetAlgebra.contains(A.Element) -> Swift.Bool in conformance __C.NSJSONWritingOptions : Swift.SetAlgebra in __C_Synthesized in libtulsi_generator_lib.a(TulsiGeneratorConfig.swift.o)
      protocol witness for Swift.SetAlgebra.contains(A.Element) -> Swift.Bool in conformance __C.NSJSONReadingOptions : Swift.SetAlgebra in __C_Synthesized in libtulsi_generator_lib.a(TulsiGeneratorConfig.swift.o)
      protocol witness for Swift.SetAlgebra.contains(A.Element) -> Swift.Bool in conformance TulsiGenerator.TulsiOption.OptionType : Swift.SetAlgebra in TulsiGenerator in libtulsi_generator_lib.a(TulsiOption.swift.o)
      ...
  "(extension in Swift):Swift.OptionSet.intersection(A) -> A", referenced from:
      protocol witness for Swift.SetAlgebra.intersection(A) -> A in conformance __C.NSJSONReadingOptions : Swift.SetAlgebra in __C_Synthesized in libtulsi_generator_lib.a(BazelAspectInfoExtractor.swift.o)
      protocol witness for Swift.SetAlgebra.intersection(A) -> A in conformance __C.NSJSONReadingOptions : Swift.SetAlgebra in __C_Synthesized in libtulsi_generator_lib.a(BazelBuildEvents.swift.o)
      protocol witness for Swift.SetAlgebra.intersection(A) -> A in conformance __C.NSRegularExpressionOptions : Swift.SetAlgebra in __C_Synthesized in libtulsi_generator_lib.a(PBXProjSerializer.swift.o)
      protocol witness for Swift.SetAlgebra.intersection(A) -> A in conformance __C.NSPropertyListMutabilityOptions : Swift.SetAlgebra in __C_Synthesized in libtulsi_generator_lib.a(PBXTargetGenerator.swift.o)
      protocol witness for Swift.SetAlgebra.intersection(A) -> A in conformance __C.NSJSONWritingOptions : Swift.SetAlgebra in __C_Synthesized in libtulsi_generator_lib.a(TulsiGeneratorConfig.swift.o)
      protocol witness for Swift.SetAlgebra.intersection(A) -> A in conformance __C.NSJSONReadingOptions : Swift.SetAlgebra in __C_Synthesized in libtulsi_generator_lib.a(TulsiGeneratorConfig.swift.o)
      protocol witness for Swift.SetAlgebra.intersection(A) -> A in conformance TulsiGenerator.TulsiOption.OptionType : Swift.SetAlgebra in TulsiGenerator in libtulsi_generator_lib.a(TulsiOption.swift.o)
      ...
  "(extension in Swift):Swift.OptionSet.symmetricDifference(A) -> A", referenced from:
      protocol witness for Swift.SetAlgebra.symmetricDifference(__owned A) -> A in conformance __C.NSJSONReadingOptions : Swift.SetAlgebra in __C_Synthesized in libtulsi_generator_lib.a(BazelAspectInfoExtractor.swift.o)
      protocol witness for Swift.SetAlgebra.symmetricDifference(__owned A) -> A in conformance __C.NSJSONReadingOptions : Swift.SetAlgebra in __C_Synthesized in libtulsi_generator_lib.a(BazelBuildEvents.swift.o)
      protocol witness for Swift.SetAlgebra.symmetricDifference(__owned A) -> A in conformance __C.NSRegularExpressionOptions : Swift.SetAlgebra in __C_Synthesized in libtulsi_generator_lib.a(PBXProjSerializer.swift.o)
      protocol witness for Swift.SetAlgebra.symmetricDifference(__owned A) -> A in conformance __C.NSPropertyListMutabilityOptions : Swift.SetAlgebra in __C_Synthesized in libtulsi_generator_lib.a(PBXTargetGenerator.swift.o)
      protocol witness for Swift.SetAlgebra.symmetricDifference(__owned A) -> A in conformance __C.NSJSONWritingOptions : Swift.SetAlgebra in __C_Synthesized in libtulsi_generator_lib.a(TulsiGeneratorConfig.swift.o)
      protocol witness for Swift.SetAlgebra.symmetricDifference(__owned A) -> A in conformance __C.NSJSONReadingOptions : Swift.SetAlgebra in __C_Synthesized in libtulsi_generator_lib.a(TulsiGeneratorConfig.swift.o)
      protocol witness for Swift.SetAlgebra.symmetricDifference(__owned A) -> A in conformance TulsiGenerator.TulsiOption.OptionType : Swift.SetAlgebra in TulsiGenerator in libtulsi_generator_lib.a(TulsiOption.swift.o)
      ...
  "(extension in Swift):Swift.OptionSet.union(A) -> A", referenced from:
      protocol witness for Swift.SetAlgebra.union(__owned A) -> A in conformance __C.NSJSONReadingOptions : Swift.SetAlgebra in __C_Synthesized in libtulsi_generator_lib.a(BazelAspectInfoExtractor.swift.o)
      protocol witness for Swift.SetAlgebra.union(__owned A) -> A in conformance __C.NSJSONReadingOptions : Swift.SetAlgebra in __C_Synthesized in libtulsi_generator_lib.a(BazelBuildEvents.swift.o)
      protocol witness for Swift.SetAlgebra.union(__owned A) -> A in conformance __C.NSRegularExpressionOptions : Swift.SetAlgebra in __C_Synthesized in libtulsi_generator_lib.a(PBXProjSerializer.swift.o)
      protocol witness for Swift.SetAlgebra.union(__owned A) -> A in conformance __C.NSPropertyListMutabilityOptions : Swift.SetAlgebra in __C_Synthesized in libtulsi_generator_lib.a(PBXTargetGenerator.swift.o)
      protocol witness for Swift.SetAlgebra.union(__owned A) -> A in conformance __C.NSJSONWritingOptions : Swift.SetAlgebra in __C_Synthesized in libtulsi_generator_lib.a(TulsiGeneratorConfig.swift.o)
      protocol witness for Swift.SetAlgebra.union(__owned A) -> A in conformance __C.NSJSONReadingOptions : Swift.SetAlgebra in __C_Synthesized in libtulsi_generator_lib.a(TulsiGeneratorConfig.swift.o)
      protocol witness for Swift.SetAlgebra.union(__owned A) -> A in conformance TulsiGenerator.TulsiOption.OptionType : Swift.SetAlgebra in TulsiGenerator in libtulsi_generator_lib.a(TulsiOption.swift.o)
      ...
  "(extension in Swift):Swift.OptionSet< where A.RawValue: Swift.FixedWidthInteger>.formIntersection(A) -> ()", referenced from:
      protocol witness for Swift.SetAlgebra.formIntersection(A) -> () in conformance __C.NSJSONReadingOptions : Swift.SetAlgebra in __C_Synthesized in libtulsi_generator_lib.a(BazelAspectInfoExtractor.swift.o)
      protocol witness for Swift.SetAlgebra.formIntersection(A) -> () in conformance __C.NSJSONReadingOptions : Swift.SetAlgebra in __C_Synthesized in libtulsi_generator_lib.a(BazelBuildEvents.swift.o)
      protocol witness for Swift.SetAlgebra.formIntersection(A) -> () in conformance __C.NSRegularExpressionOptions : Swift.SetAlgebra in __C_Synthesized in libtulsi_generator_lib.a(PBXProjSerializer.swift.o)
      protocol witness for Swift.SetAlgebra.formIntersection(A) -> () in conformance __C.NSPropertyListMutabilityOptions : Swift.SetAlgebra in __C_Synthesized in libtulsi_generator_lib.a(PBXTargetGenerator.swift.o)
      protocol witness for Swift.SetAlgebra.formIntersection(A) -> () in conformance __C.NSJSONWritingOptions : Swift.SetAlgebra in __C_Synthesized in libtulsi_generator_lib.a(TulsiGeneratorConfig.swift.o)
      protocol witness for Swift.SetAlgebra.formIntersection(A) -> () in conformance __C.NSJSONReadingOptions : Swift.SetAlgebra in __C_Synthesized in libtulsi_generator_lib.a(TulsiGeneratorConfig.swift.o)
      protocol witness for Swift.SetAlgebra.formIntersection(A) -> () in conformance TulsiGenerator.TulsiOption.OptionType : Swift.SetAlgebra in TulsiGenerator in libtulsi_generator_lib.a(TulsiOption.swift.o)
      ...
  "(extension in Swift):Swift.OptionSet< where A.RawValue: Swift.FixedWidthInteger>.formSymmetricDifference(A) -> ()", referenced from:
      protocol witness for Swift.SetAlgebra.formSymmetricDifference(__owned A) -> () in conformance __C.NSJSONReadingOptions : Swift.SetAlgebra in __C_Synthesized in libtulsi_generator_lib.a(BazelAspectInfoExtractor.swift.o)
      protocol witness for Swift.SetAlgebra.formSymmetricDifference(__owned A) -> () in conformance __C.NSJSONReadingOptions : Swift.SetAlgebra in __C_Synthesized in libtulsi_generator_lib.a(BazelBuildEvents.swift.o)
      protocol witness for Swift.SetAlgebra.formSymmetricDifference(__owned A) -> () in conformance __C.NSRegularExpressionOptions : Swift.SetAlgebra in __C_Synthesized in libtulsi_generator_lib.a(PBXProjSerializer.swift.o)
      protocol witness for Swift.SetAlgebra.formSymmetricDifference(__owned A) -> () in conformance __C.NSPropertyListMutabilityOptions : Swift.SetAlgebra in __C_Synthesized in libtulsi_generator_lib.a(PBXTargetGenerator.swift.o)
      protocol witness for Swift.SetAlgebra.formSymmetricDifference(__owned A) -> () in conformance __C.NSJSONWritingOptions : Swift.SetAlgebra in __C_Synthesized in libtulsi_generator_lib.a(TulsiGeneratorConfig.swift.o)
      protocol witness for Swift.SetAlgebra.formSymmetricDifference(__owned A) -> () in conformance __C.NSJSONReadingOptions : Swift.SetAlgebra in __C_Synthesized in libtulsi_generator_lib.a(TulsiGeneratorConfig.swift.o)
      protocol witness for Swift.SetAlgebra.formSymmetricDifference(__owned A) -> () in conformance TulsiGenerator.TulsiOption.OptionType : Swift.SetAlgebra in TulsiGenerator in libtulsi_generator_lib.a(TulsiOption.swift.o)
      ...
  "(extension in Swift):Swift.OptionSet< where A.RawValue: Swift.FixedWidthInteger>.formUnion(A) -> ()", referenced from:
      protocol witness for Swift.SetAlgebra.formUnion(__owned A) -> () in conformance __C.NSJSONReadingOptions : Swift.SetAlgebra in __C_Synthesized in libtulsi_generator_lib.a(BazelAspectInfoExtractor.swift.o)
      protocol witness for Swift.SetAlgebra.formUnion(__owned A) -> () in conformance __C.NSJSONReadingOptions : Swift.SetAlgebra in __C_Synthesized in libtulsi_generator_lib.a(BazelBuildEvents.swift.o)
      protocol witness for Swift.SetAlgebra.formUnion(__owned A) -> () in conformance __C.NSRegularExpressionOptions : Swift.SetAlgebra in __C_Synthesized in libtulsi_generator_lib.a(PBXProjSerializer.swift.o)
      protocol witness for Swift.SetAlgebra.formUnion(__owned A) -> () in conformance __C.NSPropertyListMutabilityOptions : Swift.SetAlgebra in __C_Synthesized in libtulsi_generator_lib.a(PBXTargetGenerator.swift.o)
      protocol witness for Swift.SetAlgebra.formUnion(__owned A) -> () in conformance __C.NSJSONWritingOptions : Swift.SetAlgebra in __C_Synthesized in libtulsi_generator_lib.a(TulsiGeneratorConfig.swift.o)
      protocol witness for Swift.SetAlgebra.formUnion(__owned A) -> () in conformance __C.NSJSONReadingOptions : Swift.SetAlgebra in __C_Synthesized in libtulsi_generator_lib.a(TulsiGeneratorConfig.swift.o)
      protocol witness for Swift.SetAlgebra.formUnion(__owned A) -> () in conformance TulsiGenerator.TulsiOption.OptionType : Swift.SetAlgebra in TulsiGenerator in libtulsi_generator_lib.a(TulsiOption.swift.o)
      ...
  "(extension in Swift):Swift.OptionSet< where A.RawValue: Swift.FixedWidthInteger>.init() -> A", referenced from:
      parseTulsiTargetFileImpl #1 (Swift.String) throws -> TulsiGenerator.RuleEntry in TulsiGenerator.BazelAspectInfoExtractor.(extractRuleEntriesFromArtifacts in _F5D2D87286505E9AC6917BB651D4E8CB)(_: Swift.Set<Swift.String>, progressNotifier: TulsiGenerator.ProgressNotifier?) -> TulsiGenerator.RuleEntryMap in libtulsi_generator_lib.a(BazelAspectInfoExtractor.swift.o)
      protocol witness for Swift.SetAlgebra.init() -> A in conformance __C.NSJSONReadingOptions : Swift.SetAlgebra in __C_Synthesized in libtulsi_generator_lib.a(BazelAspectInfoExtractor.swift.o)
      TulsiGenerator.BazelBuildEventsReader.parseBuildEventFromLine(Swift.String) -> TulsiGenerator.BazelBuildEvent? in libtulsi_generator_lib.a(BazelBuildEvents.swift.o)
      protocol witness for Swift.SetAlgebra.init() -> A in conformance __C.NSJSONReadingOptions : Swift.SetAlgebra in __C_Synthesized in libtulsi_generator_lib.a(BazelBuildEvents.swift.o)
      protocol witness for Swift.SetAlgebra.init() -> A in conformance __C.NSRegularExpressionOptions : Swift.SetAlgebra in __C_Synthesized in libtulsi_generator_lib.a(PBXProjSerializer.swift.o)
      TulsiGenerator.PBXTargetGenerator.(setCurrentVersionForXCVersionGroup in _9BC2D135E4F1D200D8B700936548BDC4)(_: TulsiGenerator.XCVersionGroup, atPath: Swift.String) -> () in libtulsi_generator_lib.a(PBXTargetGenerator.swift.o)
      protocol witness for Swift.SetAlgebra.init() -> A in conformance __C.NSPropertyListMutabilityOptions : Swift.SetAlgebra in __C_Synthesized in libtulsi_generator_lib.a(PBXTargetGenerator.swift.o)
      ...
  "Swift.Unmanaged.takeRetainedValue() -> A", referenced from:
      (extension in TulsiGenerator):Swift.String.pbPathUTI.getter : Swift.String? in libtulsi_generator_lib.a(PBXUniformTypeIdentifiers.swift.o)
  "type metadata accessor for Swift.Unmanaged", referenced from:
      type metadata accessor for Swift.Unmanaged<Swift.AnyObject> in libtulsi_lib.a(ConfigEditorSourceFilterViewController.swift.o)
      type metadata accessor for Swift.Unmanaged<Swift.AnyObject> in libtulsi_lib.a(UISelectableOutlineViewNode.swift.o)
  "type metadata for Swift.AnyObject", referenced from:
      parseTulsiTargetFileImpl #1 (Swift.String) throws -> TulsiGenerator.RuleEntry in TulsiGenerator.BazelAspectInfoExtractor.(extractRuleEntriesFromArtifacts in _F5D2D87286505E9AC6917BB651D4E8CB)(_: Swift.Set<Swift.String>, progressNotifier: TulsiGenerator.ProgressNotifier?) -> TulsiGenerator.RuleEntryMap in libtulsi_generator_lib.a(BazelAspectInfoExtractor.swift.o)
      getRequiredField #1 (Swift.String) throws -> Swift.String in parseTulsiTargetFileImpl #1 (Swift.String) throws -> TulsiGenerator.RuleEntry in TulsiGenerator.BazelAspectInfoExtractor.(extractRuleEntriesFromArtifacts in _F5D2D87286505E9AC6917BB651D4E8CB)(_: Swift.Set<Swift.String>, progressNotifier: TulsiGenerator.ProgressNotifier?) -> TulsiGenerator.RuleEntryMap in libtulsi_generator_lib.a(BazelAspectInfoExtractor.swift.o)
      MakeBazelFileInfos #1 (Swift.String) -> [TulsiGenerator.BazelFileInfo] in parseTulsiTargetFileImpl #1 (Swift.String) throws -> TulsiGenerator.RuleEntry in TulsiGenerator.BazelAspectInfoExtractor.(extractRuleEntriesFromArtifacts in _F5D2D87286505E9AC6917BB651D4E8CB)(_: Swift.Set<Swift.String>, progressNotifier: TulsiGenerator.ProgressNotifier?) -> TulsiGenerator.RuleEntryMap in libtulsi_generator_lib.a(BazelAspectInfoExtractor.swift.o)
      appendGeneratedSourceArtifacts #1 (_: [[Swift.String : Swift.AnyObject]], to: inout [TulsiGenerator.BazelFileInfo]) -> () in parseTulsiTargetFileImpl #1 (Swift.String) throws -> TulsiGenerator.RuleEntry in TulsiGenerator.BazelAspectInfoExtractor.(extractRuleEntriesFromArtifacts in _F5D2D87286505E9AC6917BB651D4E8CB)(_: Swift.Set<Swift.String>, progressNotifier: TulsiGenerator.ProgressNotifier?) -> TulsiGenerator.RuleEntryMap in libtulsi_generator_lib.a(BazelAspectInfoExtractor.swift.o)
      type metadata accessor for [Swift.String : Swift.AnyObject] in libtulsi_generator_lib.a(BazelAspectInfoExtractor.swift.o)
      type metadata accessor for (Swift.String, Swift.AnyObject) in libtulsi_generator_lib.a(BazelAspectInfoExtractor.swift.o)
      TulsiGenerator.BazelBuildEvent.init(eventDictionary: [Swift.String : Swift.AnyObject]) -> TulsiGenerator.BazelBuildEvent in libtulsi_generator_lib.a(BazelBuildEvents.swift.o)
      ...
  "type metadata for Any", referenced from:
      TulsiGenerator.ProcessRunner.TimedProcessRunnerObserver.observeValue(forKeyPath: Swift.String?, of: Any?, change: [__C.NSKeyValueChangeKey : Any]?, context: Swift.UnsafeMutableRawPointer?) -> () in libtulsi_generator_lib.a(ProcessRunner.swift.o)
      @objc TulsiGenerator.ProcessRunner.TimedProcessRunnerObserver.observeValue(forKeyPath: Swift.String?, of: Any?, change: [__C.NSKeyValueChangeKey : Any]?, context: Swift.UnsafeMutableRawPointer?) -> () in libtulsi_generator_lib.a(ProcessRunner.swift.o)
      closure #1 (Foundation.Notification) -> () in registerAndStartReader #1 (_: __C.NSFileHandle, outputData: __C.NSMutableData) -> __C.NSObject in TulsiGenerator.ProcessRunner.(createProcess in _F89DABAFE844AC5CA1B763CAFAD9B278)(_: Swift.String, arguments: [Swift.String], environment: [Swift.String : Swift.String]?, messageLogger: TulsiGenerator.LocalizedMessageLogger?, loggingIdentifier: Swift.String?, terminationHandler: (TulsiGenerator.ProcessRunner.CompletionInfo) -> ()) -> __C.NSTask in libtulsi_generator_lib.a(ProcessRunner.swift.o)
      parseTulsiTargetFileImpl #1 (Swift.String) throws -> TulsiGenerator.RuleEntry in TulsiGenerator.BazelAspectInfoExtractor.(extractRuleEntriesFromArtifacts in _F5D2D87286505E9AC6917BB651D4E8CB)(_: Swift.Set<Swift.String>, progressNotifier: TulsiGenerator.ProgressNotifier?) -> TulsiGenerator.RuleEntryMap in libtulsi_generator_lib.a(BazelAspectInfoExtractor.swift.o)
      TulsiGenerator.BazelBuildEventsReader.parseBuildEventFromLine(Swift.String) -> TulsiGenerator.BazelBuildEvent? in libtulsi_generator_lib.a(BazelBuildEvents.swift.o)
      TulsiGenerator.BazelWorkspaceInfoExtractor.init(bazelURL: Foundation.URL, workspaceRootURL: Foundation.URL, localizedMessageLogger: TulsiGenerator.LocalizedMessageLogger) -> TulsiGenerator.BazelWorkspaceInfoExtractor in libtulsi_generator_lib.a(BazelWorkspaceInfoExtractor.swift.o)
      TulsiGenerator.XCBuildConfiguration.serializeInto(TulsiGenerator.PBXProjFieldSerializer) throws -> () in libtulsi_generator_lib.a(PBXObjects.swift.o)
      ...
  "type metadata for ()", referenced from:
      TulsiGenerator.BazelAspectInfoExtractor.(extractRuleEntriesFromArtifacts in _F5D2D87286505E9AC6917BB651D4E8CB)(_: Swift.Set<Swift.String>, progressNotifier: TulsiGenerator.ProgressNotifier?) -> TulsiGenerator.RuleEntryMap in libtulsi_generator_lib.a(BazelAspectInfoExtractor.swift.o)
      closure #1 () -> () in TulsiGenerator.XcodeProjectGenerator.(buildXcodeProjectWithMainGroup in _3D27909A8CA7F8C4C4BE25046CB74F8B)(_: TulsiGenerator.PBXGroup, stubInfoPlistPaths: TulsiGenerator.StubInfoPlistPaths) throws -> TulsiGenerator.XcodeProjectGenerator.(GeneratedProjectInfo in _3D27909A8CA7F8C4C4BE25046CB74F8B) in libtulsi_generator_lib.a(XcodeProjectGenerator.swift.o)
      Tulsi.SourcePathNode.validateRecursive(Swift.AutoreleasingUnsafeMutablePointer<Swift.AnyObject?>) throws -> () in libtulsi_lib.a(ConfigEditorSourceFilterViewController.swift.o)
      Tulsi.UISelectableOutlineViewNode.validateState(Swift.AutoreleasingUnsafeMutablePointer<Swift.AnyObject?>) throws -> () in libtulsi_lib.a(UISelectableOutlineViewNode.swift.o)
  "value witness table for ()", referenced from:
      full type metadata for TulsiGenerator.PythonSettings in libtulsi_generator_lib.a(BazelBuildSettings.swift.o)
      full type metadata for TulsiGenerator.BazelErrorExtractor in libtulsi_generator_lib.a(BazelErrorExtractor.swift.o)
      full type metadata for TulsiGenerator.BazelLocator in libtulsi_generator_lib.a(BazelLocator.swift.o)
  "value witness table for () -> ()", referenced from:
      type metadata completion function for TulsiGenerator.XcodeProjectGenerator in libtulsi_generator_lib.a(XcodeProjectGenerator.swift.o)
  "_OBJC_CLASS_$__TtCs12_SwiftObject", referenced from:
      type metadata for TulsiGenerator.ProcessRunner in libtulsi_generator_lib.a(ProcessRunner.swift.o)
      type metadata for TulsiGenerator.BazelAspectInfoExtractor in libtulsi_generator_lib.a(BazelAspectInfoExtractor.swift.o)
      type metadata for TulsiGenerator.BazelBuildEvent in libtulsi_generator_lib.a(BazelBuildEvents.swift.o)
      type metadata for TulsiGenerator.BazelBuildEventsReader in libtulsi_generator_lib.a(BazelBuildEvents.swift.o)
      type metadata for TulsiGenerator.BazelFlags in libtulsi_generator_lib.a(BazelBuildSettings.swift.o)
      type metadata for TulsiGenerator.BazelFlagsSet in libtulsi_generator_lib.a(BazelBuildSettings.swift.o)
      type metadata for TulsiGenerator.BazelBuildSettings in libtulsi_generator_lib.a(BazelBuildSettings.swift.o)
      ...
  "_OBJC_METACLASS_$__TtCs12_SwiftObject", referenced from:
      metaclass for TulsiGenerator.ProcessRunner in libtulsi_generator_lib.a(ProcessRunner.swift.o)
      metaclass for TulsiGenerator.BazelAspectInfoExtractor in libtulsi_generator_lib.a(BazelAspectInfoExtractor.swift.o)
      metaclass for TulsiGenerator.BazelBuildEvent in libtulsi_generator_lib.a(BazelBuildEvents.swift.o)
      metaclass for TulsiGenerator.BazelBuildEventsReader in libtulsi_generator_lib.a(BazelBuildEvents.swift.o)
      metaclass for TulsiGenerator.BazelFlags in libtulsi_generator_lib.a(BazelBuildSettings.swift.o)
      metaclass for TulsiGenerator.BazelFlagsSet in libtulsi_generator_lib.a(BazelBuildSettings.swift.o)
      metaclass for TulsiGenerator.BazelBuildSettings in libtulsi_generator_lib.a(BazelBuildSettings.swift.o)
      ...
  "__swiftEmptyArrayStorage", referenced from:
      generic specialization <serialized, Dispatch.DispatchWorkItemFlags> of static Swift.Array._allocateUninitialized(Swift.Int) -> ([A], Swift.UnsafeMutablePointer<A>) in libtulsi_generator_lib.a(BazelAspectInfoExtractor.swift.o)
      generic specialization <serialized, __C.NSStringCompareOptions> of static Swift.Array._allocateUninitialized(Swift.Int) -> ([A], Swift.UnsafeMutablePointer<A>) in libtulsi_generator_lib.a(BazelBuildSettings.swift.o)
      generic specialization <serialized, __C.NSStringCompareOptions> of static Swift.Array._allocateUninitialized(Swift.Int) -> ([A], Swift.UnsafeMutablePointer<A>) in libtulsi_generator_lib.a(BuildLabel.swift.o)
      generic specialization <serialized, __C.NSStringCompareOptions> of static Swift.Array._allocateUninitialized(Swift.Int) -> ([A], Swift.UnsafeMutablePointer<A>) in libtulsi_generator_lib.a(NSJSONSerializationExtensions.swift.o)
      generic specialization <serialized, __C.NSStringCompareOptions> of static Swift.Array._allocateUninitialized(Swift.Int) -> ([A], Swift.UnsafeMutablePointer<A>) in libtulsi_generator_lib.a(PBXObjects.swift.o)
      generic specialization <serialized, __C.NSStringCompareOptions> of static Swift.Array._allocateUninitialized(Swift.Int) -> ([A], Swift.UnsafeMutablePointer<A>) in libtulsi_generator_lib.a(PBXProjSerializer.swift.o)
      generic specialization <serialized, __C.NSStringCompareOptions> of static Swift.Array._allocateUninitialized(Swift.Int) -> ([A], Swift.UnsafeMutablePointer<A>) in libtulsi_generator_lib.a(PBXTargetGenerator.swift.o)
      ...
  "__swift_stdlib_reportUnimplementedInitializerInFile", referenced from:
      closure #1 (Swift.UnsafeBufferPointer<Swift.UInt8>) -> () in closure #1 (Swift.UnsafeBufferPointer<Swift.UInt8>) -> () in closure #1 (Swift.UnsafeBufferPointer<Swift.UInt8>) -> () in Swift._unimplementedInitializer(className: Swift.StaticString, initName: Swift.StaticString, file: Swift.StaticString, line: Swift.UInt, column: Swift.UInt) -> Swift.Never in libtulsi_generator_lib.a(PBXObjects.swift.o)
      closure #1 (Swift.UnsafeBufferPointer<Swift.UInt8>) -> () in closure #1 (Swift.UnsafeBufferPointer<Swift.UInt8>) -> () in closure #1 (Swift.UnsafeBufferPointer<Swift.UInt8>) -> () in Swift._unimplementedInitializer(className: Swift.StaticString, initName: Swift.StaticString, file: Swift.StaticString, line: Swift.UInt, column: Swift.UInt) -> Swift.Never in libtulsi_generator_lib.a(PBXProjSerializer.swift.o)
      closure #1 (Swift.UnsafeBufferPointer<Swift.UInt8>) -> () in closure #1 (Swift.UnsafeBufferPointer<Swift.UInt8>) -> () in closure #1 (Swift.UnsafeBufferPointer<Swift.UInt8>) -> () in Swift._unimplementedInitializer(className: Swift.StaticString, initName: Swift.StaticString, file: Swift.StaticString, line: Swift.UInt, column: Swift.UInt) -> Swift.Never in libtulsi_generator_lib.a(RuleEntry.swift.o)
      closure #1 (Swift.UnsafeBufferPointer<Swift.UInt8>) -> () in closure #1 (Swift.UnsafeBufferPointer<Swift.UInt8>) -> () in closure #1 (Swift.UnsafeBufferPointer<Swift.UInt8>) -> () in Swift._unimplementedInitializer(className: Swift.StaticString, initName: Swift.StaticString, file: Swift.StaticString, line: Swift.UInt, column: Swift.UInt) -> Swift.Never in libtulsi_lib.a(OptionsEditorController.swift.o)
      closure #1 (Swift.UnsafeBufferPointer<Swift.UInt8>) -> () in closure #1 (Swift.UnsafeBufferPointer<Swift.UInt8>) -> () in closure #1 (Swift.UnsafeBufferPointer<Swift.UInt8>) -> () in Swift._unimplementedInitializer(className: Swift.StaticString, initName: Swift.StaticString, file: Swift.StaticString, line: Swift.UInt, column: Swift.UInt) -> Swift.Never in libtulsi_lib.a(OptionsEditorNode.swift.o)
      closure #1 (Swift.UnsafeBufferPointer<Swift.UInt8>) -> () in closure #1 (Swift.UnsafeBufferPointer<Swift.UInt8>) -> () in closure #1 (Swift.UnsafeBufferPointer<Swift.UInt8>) -> () in Swift._unimplementedInitializer(className: Swift.StaticString, initName: Swift.StaticString, file: Swift.StaticString, line: Swift.UInt, column: Swift.UInt) -> Swift.Never in libtulsi_lib.a(OptionsTargetSelectorController.swift.o)
      closure #1 (Swift.UnsafeBufferPointer<Swift.UInt8>) -> () in closure #1 (Swift.UnsafeBufferPointer<Swift.UInt8>) -> () in closure #1 (Swift.UnsafeBufferPointer<Swift.UInt8>) -> () in Swift._unimplementedInitializer(className: Swift.StaticString, initName: Swift.StaticString, file: Swift.StaticString, line: Swift.UInt, column: Swift.UInt) -> Swift.Never in libtulsi_lib.a(TulsiError.swift.o)
      ...
  "_swift_allocBox", referenced from:
      TulsiGenerator.BazelWorkspacePathInfoFetcher.(fetchWorkspaceInfo in _FBCC8FB73C67954075CF626E480CE18B)() -> () in libtulsi_generator_lib.a(BazelWorkspacePathInfoFetcher.swift.o)
      TulsiGenerator.XcodeProjectGenerator.(installXcodeSchemesForProjectInfo in _3D27909A8CA7F8C4C4BE25046CB74F8B)(_: TulsiGenerator.XcodeProjectGenerator.(GeneratedProjectInfo in _3D27909A8CA7F8C4C4BE25046CB74F8B), projectURL: Foundation.URL, projectBundleName: Swift.String) throws -> () in libtulsi_generator_lib.a(XcodeProjectGenerator.swift.o)
      ___swift_allocate_boxed_opaque_existential_0 in libtulsi_generator_lib.a(XcodeProjectGenerator.swift.o)
      Tulsi.TulsiProjectDocument.(updateRuleEntries in _E9C2360CC5CB4BD1DBAF86C4F6E2C688)() -> () in libtulsi_lib.a(TulsiProjectDocument.swift.o)
      closure #3 () -> () in Tulsi.TulsiGeneratorConfigDocument.updateSourcePaths(([Tulsi.UISourcePath]) -> ()) -> () in libtulsi_lib.a(TulsiGeneratorConfigDocument.swift.o)
      Tulsi.XcodeProjectGenerationProgressViewController.(generateXcodeProjectForConfigName in _64CC23BCB89B9A266587A008061E937B)(_: Swift.String, completionHandler: (Foundation.URL?) -> ()) -> () in libtulsi_lib.a(XcodeProjectGenerationProgressViewController.swift.o)
      closure #3 () -> () in Tulsi.XcodeProjectGenerationProgressViewController.(generateXcodeProjectForConfigName in _64CC23BCB89B9A266587A008061E937B)(_: Swift.String, completionHandler: (Foundation.URL?) -> ()) -> () in libtulsi_lib.a(XcodeProjectGenerationProgressViewController.swift.o)
      ...
  "_swift_allocError", referenced from:
      TulsiGenerator.BazelAspectInfoExtractor.(extractRuleEntriesUsingBEP in _F5D2D87286505E9AC6917BB651D4E8CB)(_: [TulsiGenerator.BuildLabel], startupOptions: [Swift.String], buildOptions: [Swift.String], compilationMode: Swift.String?, platformConfig: Swift.String?, prioritizeSwift: Swift.Bool?, useArm64_32: Swift.Bool?, features: Swift.Set<TulsiGenerator.BazelSettingFeature>) throws -> TulsiGenerator.RuleEntryMap in libtulsi_generator_lib.a(BazelAspectInfoExtractor.swift.o)
      parseTulsiTargetFileImpl #1 (Swift.String) throws -> TulsiGenerator.RuleEntry in TulsiGenerator.BazelAspectInfoExtractor.(extractRuleEntriesFromArtifacts in _F5D2D87286505E9AC6917BB651D4E8CB)(_: Swift.Set<Swift.String>, progressNotifier: TulsiGenerator.ProgressNotifier?) -> TulsiGenerator.RuleEntryMap in libtulsi_generator_lib.a(BazelAspectInfoExtractor.swift.o)
      getRequiredField #1 (Swift.String) throws -> Swift.String in parseTulsiTargetFileImpl #1 (Swift.String) throws -> TulsiGenerator.RuleEntry in TulsiGenerator.BazelAspectInfoExtractor.(extractRuleEntriesFromArtifacts in _F5D2D87286505E9AC6917BB651D4E8CB)(_: Swift.Set<Swift.String>, progressNotifier: TulsiGenerator.ProgressNotifier?) -> TulsiGenerator.RuleEntryMap in libtulsi_generator_lib.a(BazelAspectInfoExtractor.swift.o)
      TulsiGenerator.BazelQueryInfoExtractor.(bazelQueryProcess in _EB283E3D0F00A9083704ACE385FB78E0)(_: Swift.String, outputKind: Swift.String?, additionalArguments: [Swift.String], message: Swift.String, loggingIdentifier: Swift.String?, terminationHandler: (__C.NSTask, Foundation.Data, Swift.String?, Swift.String) -> ()) throws -> __C.NSTask in libtulsi_generator_lib.a(BazelQueryInfoExtractor.swift.o)
      TulsiGenerator.BazelWorkspaceInfoExtractor.ruleEntriesForLabels(_: [TulsiGenerator.BuildLabel], startupOptions: TulsiGenerator.TulsiOption, extraStartupOptions: TulsiGenerator.TulsiOption, buildOptions: TulsiGenerator.TulsiOption, compilationModeOption: TulsiGenerator.TulsiOption, platformConfigOption: TulsiGenerator.TulsiOption, prioritizeSwiftOption: TulsiGenerator.TulsiOption, useArm64_32Option: TulsiGenerator.TulsiOption, features: Swift.Set<TulsiGenerator.BazelSettingFeature>) throws -> TulsiGenerator.RuleEntryMap in libtulsi_generator_lib.a(BazelWorkspaceInfoExtractor.swift.o)
      static (extension in TulsiGenerator):__C.NSJSONSerialization.tulsi_newlineTerminatedUnescapedData(jsonObject: Any, options: __C.NSJSONWritingOptions) throws -> __C.NSMutableData in libtulsi_generator_lib.a(NSJSONSerializationExtensions.swift.o)
      (extension in TulsiGenerator):__C.NSMutableData.tulsi_appendString(Swift.String) throws -> () in libtulsi_generator_lib.a(PBXProjSerializer.swift.o)
      ...
  "_swift_allocObject", referenced from:
      TulsiGenerator.ProcessRunner.__allocating_init() -> TulsiGenerator.ProcessRunner in libtulsi_generator_lib.a(ProcessRunner.swift.o)
      TulsiGenerator.ProcessRunner.(createProcess in _F89DABAFE844AC5CA1B763CAFAD9B278)(_: Swift.String, arguments: [Swift.String], environment: [Swift.String : Swift.String]?, messageLogger: TulsiGenerator.LocalizedMessageLogger?, loggingIdentifier: Swift.String?, terminationHandler: (TulsiGenerator.ProcessRunner.CompletionInfo) -> ()) -> __C.NSTask in libtulsi_generator_lib.a(ProcessRunner.swift.o)
      static TulsiGenerator.ProcessRunner.launchProcessSync(_: Swift.String, arguments: [Swift.String], environment: [Swift.String : Swift.String]?, messageLogger: TulsiGenerator.LocalizedMessageLogger?, loggingIdentifier: Swift.String?) -> TulsiGenerator.ProcessRunner.CompletionInfo in libtulsi_generator_lib.a(ProcessRunner.swift.o)
      registerAndStartReader #1 (_: __C.NSFileHandle, outputData: __C.NSMutableData) -> __C.NSObject in TulsiGenerator.ProcessRunner.(createProcess in _F89DABAFE844AC5CA1B763CAFAD9B278)(_: Swift.String, arguments: [Swift.String], environment: [Swift.String : Swift.String]?, messageLogger: TulsiGenerator.LocalizedMessageLogger?, loggingIdentifier: Swift.String?, terminationHandler: (TulsiGenerator.ProcessRunner.CompletionInfo) -> ()) -> __C.NSTask in libtulsi_generator_lib.a(ProcessRunner.swift.o)
      closure #2 (__C.NSTask) -> () in TulsiGenerator.ProcessRunner.(createProcess in _F89DABAFE844AC5CA1B763CAFAD9B278)(_: Swift.String, arguments: [Swift.String], environment: [Swift.String : Swift.String]?, messageLogger: TulsiGenerator.LocalizedMessageLogger?, loggingIdentifier: Swift.String?, terminationHandler: (TulsiGenerator.ProcessRunner.CompletionInfo) -> ()) -> __C.NSTask in libtulsi_generator_lib.a(ProcessRunner.swift.o)
      TulsiGenerator.ProcessRunner.(ProcessOutputReader in _F89DABAFE844AC5CA1B763CAFAD9B278).thread.getter : __C.NSThread in libtulsi_generator_lib.a(ProcessRunner.swift.o)
      TulsiGenerator.BazelAspectInfoExtractor.__allocating_init(bazelURL: Foundation.URL, workspaceRootURL: Foundation.URL, executionRootURL: Foundation.URL, bazelSettingsProvider: TulsiGenerator.BazelSettingsProviderProtocol, localizedMessageLogger: TulsiGenerator.LocalizedMessageLogger) -> TulsiGenerator.BazelAspectInfoExtractor in libtulsi_generator_lib.a(BazelAspectInfoExtractor.swift.o)
      ...
  "_swift_allocateGenericValueMetadata", referenced from:
      type metadata instantiation function for TulsiGenerator.TulsiParameter in libtulsi_generator_lib.a(TulsiParameter.swift.o)
      type metadata instantiation function for TulsiGenerator.TulsiParameter.Source in libtulsi_generator_lib.a(TulsiParameter.swift.o)
  "_swift_beginAccess", referenced from:
      TulsiGenerator.ProcessRunner.TimedProcessRunnerObserver.(startLoggingProcessTime in _F89DABAFE844AC5CA1B763CAFAD9B278)(process: __C.NSTask, loggingIdentifier: Swift.String, messageLogger: TulsiGenerator.LocalizedMessageLogger) -> () in libtulsi_generator_lib.a(ProcessRunner.swift.o)
      TulsiGenerator.ProcessRunner.TimedProcessRunnerObserver.(stopLogging in _F89DABAFE844AC5CA1B763CAFAD9B278)(process: __C.NSTask, messageLogger: TulsiGenerator.LocalizedMessageLogger) -> () in libtulsi_generator_lib.a(ProcessRunner.swift.o)
      TulsiGenerator.ProcessRunner.TimedProcessRunnerObserver.observeValue(forKeyPath: Swift.String?, of: Any?, change: [__C.NSKeyValueChangeKey : Any]?, context: Swift.UnsafeMutableRawPointer?) -> () in libtulsi_generator_lib.a(ProcessRunner.swift.o)
      TulsiGenerator.ProcessRunner.TimedProcessRunnerObserver.init() -> TulsiGenerator.ProcessRunner.TimedProcessRunnerObserver in libtulsi_generator_lib.a(ProcessRunner.swift.o)
      static TulsiGenerator.ProcessRunner.createProcess(_: Swift.String, arguments: [Swift.String], environment: [Swift.String : Swift.String]?, messageLogger: TulsiGenerator.LocalizedMessageLogger?, loggingIdentifier: Swift.String?, terminationHandler: (TulsiGenerator.ProcessRunner.CompletionInfo) -> ()) -> __C.NSTask in libtulsi_generator_lib.a(ProcessRunner.swift.o)
      static TulsiGenerator.ProcessRunner.launchProcessSync(_: Swift.String, arguments: [Swift.String], environment: [Swift.String : Swift.String]?, messageLogger: TulsiGenerator.LocalizedMessageLogger?, loggingIdentifier: Swift.String?) -> TulsiGenerator.ProcessRunner.CompletionInfo in libtulsi_generator_lib.a(ProcessRunner.swift.o)
      closure #1 (TulsiGenerator.ProcessRunner.CompletionInfo) -> () in static TulsiGenerator.ProcessRunner.launchProcessSync(_: Swift.String, arguments: [Swift.String], environment: [Swift.String : Swift.String]?, messageLogger: TulsiGenerator.LocalizedMessageLogger?, loggingIdentifier: Swift.String?) -> TulsiGenerator.ProcessRunner.CompletionInfo in libtulsi_generator_lib.a(ProcessRunner.swift.o)
      ...
  "_swift_bridgeObjectRelease", referenced from:
      TulsiGenerator.ProcessRunner.TimedProcessRunnerObserver.(startLoggingProcessTime in _F89DABAFE844AC5CA1B763CAFAD9B278)(process: __C.NSTask, loggingIdentifier: Swift.String, messageLogger: TulsiGenerator.LocalizedMessageLogger) -> () in libtulsi_generator_lib.a(ProcessRunner.swift.o)
      TulsiGenerator.ProcessRunner.TimedProcessRunnerObserver.(stopLogging in _F89DABAFE844AC5CA1B763CAFAD9B278)(process: __C.NSTask, messageLogger: TulsiGenerator.LocalizedMessageLogger) -> () in libtulsi_generator_lib.a(ProcessRunner.swift.o)
      TulsiGenerator.ProcessRunner.TimedProcessRunnerObserver.observeValue(forKeyPath: Swift.String?, of: Any?, change: [__C.NSKeyValueChangeKey : Any]?, context: Swift.UnsafeMutableRawPointer?) -> () in libtulsi_generator_lib.a(ProcessRunner.swift.o)
      outlined destroy of Swift.String? in libtulsi_generator_lib.a(ProcessRunner.swift.o)
      @objc TulsiGenerator.ProcessRunner.TimedProcessRunnerObserver.observeValue(forKeyPath: Swift.String?, of: Any?, change: [__C.NSKeyValueChangeKey : Any]?, context: Swift.UnsafeMutableRawPointer?) -> () in libtulsi_generator_lib.a(ProcessRunner.swift.o)
      outlined consume of Swift.String? in libtulsi_generator_lib.a(ProcessRunner.swift.o)
      outlined destroy of [__C.NSTask : TulsiGenerator.LocalizedMessageLogger.LogSessionHandle] in libtulsi_generator_lib.a(ProcessRunner.swift.o)
      ...
  "_swift_bridgeObjectRetain", referenced from:
      TulsiGenerator.ProcessRunner.CompletionInfo.commandlineString.getter : Swift.String in libtulsi_generator_lib.a(ProcessRunner.swift.o)
      TulsiGenerator.ProcessRunner.TimedProcessRunnerObserver.observeValue(forKeyPath: Swift.String?, of: Any?, change: [__C.NSKeyValueChangeKey : Any]?, context: Swift.UnsafeMutableRawPointer?) -> () in libtulsi_generator_lib.a(ProcessRunner.swift.o)
      outlined copy of Swift.String? in libtulsi_generator_lib.a(ProcessRunner.swift.o)
      TulsiGenerator.ProcessRunner.(createProcess in _F89DABAFE844AC5CA1B763CAFAD9B278)(_: Swift.String, arguments: [Swift.String], environment: [Swift.String : Swift.String]?, messageLogger: TulsiGenerator.LocalizedMessageLogger?, loggingIdentifier: Swift.String?, terminationHandler: (TulsiGenerator.ProcessRunner.CompletionInfo) -> ()) -> __C.NSTask in libtulsi_generator_lib.a(ProcessRunner.swift.o)
      outlined copy of TulsiGenerator.ProcessRunner.CompletionInfo? in libtulsi_generator_lib.a(ProcessRunner.swift.o)
      implicit closure #1 () -> Swift.String in closure #1 (Foundation.Notification) -> () in registerAndStartReader #1 (_: __C.NSFileHandle, outputData: __C.NSMutableData) -> __C.NSObject in TulsiGenerator.ProcessRunner.(createProcess in _F89DABAFE844AC5CA1B763CAFAD9B278)(_: Swift.String, arguments: [Swift.String], environment: [Swift.String : Swift.String]?, messageLogger: TulsiGenerator.LocalizedMessageLogger?, loggingIdentifier: Swift.String?, terminationHandler: (TulsiGenerator.ProcessRunner.CompletionInfo) -> ()) -> __C.NSTask in libtulsi_generator_lib.a(ProcessRunner.swift.o)
      closure #2 (__C.NSTask) -> () in TulsiGenerator.ProcessRunner.(createProcess in _F89DABAFE844AC5CA1B763CAFAD9B278)(_: Swift.String, arguments: [Swift.String], environment: [Swift.String : Swift.String]?, messageLogger: TulsiGenerator.LocalizedMessageLogger?, loggingIdentifier: Swift.String?, terminationHandler: (TulsiGenerator.ProcessRunner.CompletionInfo) -> ()) -> __C.NSTask in libtulsi_generator_lib.a(ProcessRunner.swift.o)
      ...
  "_swift_checkMetadataState", referenced from:
      type metadata completion function for TulsiGenerator.TulsiParameter in libtulsi_generator_lib.a(TulsiParameter.swift.o)
      outlined destroy of (sourceURL: Foundation.URL, filename: Swift.String)? in libtulsi_generator_lib.a(XcodeProjectGenerator.swift.o)
  "_swift_deallocClassInstance", referenced from:
      TulsiGenerator.ProcessRunner.__deallocating_deinit in libtulsi_generator_lib.a(ProcessRunner.swift.o)
      TulsiGenerator.BazelAspectInfoExtractor.__deallocating_deinit in libtulsi_generator_lib.a(BazelAspectInfoExtractor.swift.o)
      TulsiGenerator.BazelBuildEvent.__deallocating_deinit in libtulsi_generator_lib.a(BazelBuildEvents.swift.o)
      TulsiGenerator.BazelBuildEventsReader.__deallocating_deinit in libtulsi_generator_lib.a(BazelBuildEvents.swift.o)
      TulsiGenerator.BazelFlags.__deallocating_deinit in libtulsi_generator_lib.a(BazelBuildSettings.swift.o)
      TulsiGenerator.BazelFlagsSet.__deallocating_deinit in libtulsi_generator_lib.a(BazelBuildSettings.swift.o)
      TulsiGenerator.BazelBuildSettings.__deallocating_deinit in libtulsi_generator_lib.a(BazelBuildSettings.swift.o)
      ...
  "_swift_deallocObject", referenced from:
      l_objectdestroy in libtulsi_generator_lib.a(ProcessRunner.swift.o)
      l_objectdestroy.2 in libtulsi_generator_lib.a(ProcessRunner.swift.o)
      l_objectdestroy.5 in libtulsi_generator_lib.a(ProcessRunner.swift.o)
      l_objectdestroy.8 in libtulsi_generator_lib.a(ProcessRunner.swift.o)
      l_objectdestroy.11 in libtulsi_generator_lib.a(ProcessRunner.swift.o)
      l_objectdestroy.13 in libtulsi_generator_lib.a(ProcessRunner.swift.o)
      l_objectdestroy.15 in libtulsi_generator_lib.a(ProcessRunner.swift.o)
      ...
  "_swift_deallocPartialClassInstance", referenced from:
      TulsiGenerator.BazelFileInfo.init(info: Swift.AnyObject?) -> TulsiGenerator.BazelFileInfo? in libtulsi_generator_lib.a(RuleEntry.swift.o)
      TulsiGenerator.ApplicationSupport.init(fileManager: __C.NSFileManager) -> TulsiGenerator.ApplicationSupport? in libtulsi_generator_lib.a(TulsiApplicationSupport.swift.o)
  "_swift_dynamicCast", referenced from:
      TulsiGenerator.ProcessRunner.TimedProcessRunnerObserver.observeValue(forKeyPath: Swift.String?, of: Any?, change: [__C.NSKeyValueChangeKey : Any]?, context: Swift.UnsafeMutableRawPointer?) -> () in libtulsi_generator_lib.a(ProcessRunner.swift.o)
      closure #1 (Foundation.Notification) -> () in registerAndStartReader #1 (_: __C.NSFileHandle, outputData: __C.NSMutableData) -> __C.NSObject in TulsiGenerator.ProcessRunner.(createProcess in _F89DABAFE844AC5CA1B763CAFAD9B278)(_: Swift.String, arguments: [Swift.String], environment: [Swift.String : Swift.String]?, messageLogger: TulsiGenerator.LocalizedMessageLogger?, loggingIdentifier: Swift.String?, terminationHandler: (TulsiGenerator.ProcessRunner.CompletionInfo) -> ()) -> __C.NSTask in libtulsi_generator_lib.a(ProcessRunner.swift.o)
      TulsiGenerator.BazelAspectInfoExtractor.(extractRuleEntriesUsingBEP in _F5D2D87286505E9AC6917BB651D4E8CB)(_: [TulsiGenerator.BuildLabel], startupOptions: [Swift.String], buildOptions: [Swift.String], compilationMode: Swift.String?, platformConfig: Swift.String?, prioritizeSwift: Swift.Bool?, useArm64_32: Swift.Bool?, features: Swift.Set<TulsiGenerator.BazelSettingFeature>) throws -> TulsiGenerator.RuleEntryMap in libtulsi_generator_lib.a(BazelAspectInfoExtractor.swift.o)
      parseTulsiTargetFileImpl #1 (Swift.String) throws -> TulsiGenerator.RuleEntry in TulsiGenerator.BazelAspectInfoExtractor.(extractRuleEntriesFromArtifacts in _F5D2D87286505E9AC6917BB651D4E8CB)(_: Swift.Set<Swift.String>, progressNotifier: TulsiGenerator.ProgressNotifier?) -> TulsiGenerator.RuleEntryMap in libtulsi_generator_lib.a(BazelAspectInfoExtractor.swift.o)
      getRequiredField #1 (Swift.String) throws -> Swift.String in parseTulsiTargetFileImpl #1 (Swift.String) throws -> TulsiGenerator.RuleEntry in TulsiGenerator.BazelAspectInfoExtractor.(extractRuleEntriesFromArtifacts in _F5D2D87286505E9AC6917BB651D4E8CB)(_: Swift.Set<Swift.String>, progressNotifier: TulsiGenerator.ProgressNotifier?) -> TulsiGenerator.RuleEntryMap in libtulsi_generator_lib.a(BazelAspectInfoExtractor.swift.o)
      MakeBazelFileInfos #1 (Swift.String) -> [TulsiGenerator.BazelFileInfo] in parseTulsiTargetFileImpl #1 (Swift.String) throws -> TulsiGenerator.RuleEntry in TulsiGenerator.BazelAspectInfoExtractor.(extractRuleEntriesFromArtifacts in _F5D2D87286505E9AC6917BB651D4E8CB)(_: Swift.Set<Swift.String>, progressNotifier: TulsiGenerator.ProgressNotifier?) -> TulsiGenerator.RuleEntryMap in libtulsi_generator_lib.a(BazelAspectInfoExtractor.swift.o)
      closure #1 () -> () in TulsiGenerator.BazelAspectInfoExtractor.(extractRuleEntriesFromArtifacts in _F5D2D87286505E9AC6917BB651D4E8CB)(_: Swift.Set<Swift.String>, progressNotifier: TulsiGenerator.ProgressNotifier?) -> TulsiGenerator.RuleEntryMap in libtulsi_generator_lib.a(BazelAspectInfoExtractor.swift.o)
      ...
  "_swift_dynamicCastClass", referenced from:
      closure #1 (TulsiGenerator.PBXReference) -> Swift.Bool in TulsiGenerator.BazelPBXReferencePatcher.patchExternalRepositoryReferences(TulsiGenerator.PBXProject) -> () in libtulsi_generator_lib.a(BazelPBXReferencePatcher.swift.o)
      TulsiGenerator.BazelXcodeProjectPatcher.(patchFileReference in _5B992DA1E0330129FEDBB6BF90D1A431)(file: TulsiGenerator.PBXFileReference, url: Foundation.URL, workspaceRootURL: Foundation.URL) -> () in libtulsi_generator_lib.a(BazelXcodeProjectPatcher.swift.o)
      TulsiGenerator.BazelXcodeProjectPatcher.patchBazelRelativeReferences(TulsiGenerator.PBXProject, Foundation.URL) -> () in libtulsi_generator_lib.a(BazelXcodeProjectPatcher.swift.o)
      TulsiGenerator.PBXGroup.allSources.getter : [TulsiGenerator.PBXFileReference] in libtulsi_generator_lib.a(PBXObjects.swift.o)
      TulsiGenerator.PBXGroup.removeChild(TulsiGenerator.PBXReference) -> () in libtulsi_generator_lib.a(PBXObjects.swift.o)
      TulsiGenerator.PBXGroup.updatePathForChild(_: TulsiGenerator.PBXReference, currentPath: Swift.String?) -> () in libtulsi_generator_lib.a(PBXObjects.swift.o)
      TulsiGenerator.PBXGroup.migrateChildrenOfGroup(TulsiGenerator.PBXGroup) -> () in libtulsi_generator_lib.a(PBXObjects.swift.o)
      ...
  "_swift_dynamicCastObjCClass", referenced from:
      TulsiGenerator.BazelQueryInfoExtractor.(extractRuleInfosWithRuleInputsFromBazelXMLOutput in _EB283E3D0F00A9083704ACE385FB78E0)(Foundation.Data) -> [TulsiGenerator.RuleInfo : Swift.Set<TulsiGenerator.BuildLabel>]? in libtulsi_generator_lib.a(BazelQueryInfoExtractor.swift.o)
      closure #1 (Swift.AnyObject, Foundation.URL) -> Swift.Bool in static Tulsi.FilteredOpenPanel.filterNonPackageDirectoriesOrFilesMatchingNames([Swift.String]) -> (Tulsi.FilteredOpenPanel, Foundation.URL) -> Swift.Bool in libtulsi_lib.a(FilteredOpenPanel.swift.o)
      Tulsi.SourcePathNode.validateRecursive(Swift.AutoreleasingUnsafeMutablePointer<Swift.AnyObject?>) throws -> () in libtulsi_lib.a(ConfigEditorSourceFilterViewController.swift.o)
      static Tulsi.ErrorAlertView.displayModalError(_: Swift.String, details: Swift.String?) -> () in libtulsi_lib.a(TulsiProjectDocument.swift.o)
      Tulsi.MessageViewController.(scrollToNewRowIfAtBottom in _E6CDCE56074A39E8BA8E975D9C4206F7)() -> () in libtulsi_lib.a(MessageViewController.swift.o)
      Tulsi.OptionsEditorController.(optionNodeForItem in _3E2C05B98F0DA96613930429AE126745)(_: Swift.AnyObject, outlineView: __C.NSOutlineView) -> Tulsi.OptionsEditorNode in libtulsi_lib.a(OptionsEditorController.swift.o)
      closure #1 (Swift.AnyObject, Foundation.URL) -> Swift.Bool in Tulsi.ProjectEditorPackageManagerViewController.didClickAddBUILDFile(Swift.AnyObject?) -> () in libtulsi_lib.a(ProjectEditorPackageManagerViewController.swift.o)
      ...
  "_swift_dynamicCastObjCClassUnconditional", referenced from:
      generateIndexerTargetGraphForRuleEntry #1 (TulsiGenerator.RuleEntry) -> __C.NSOrderedSet in TulsiGenerator.PBXTargetGenerator.registerRuleEntryForIndexer(_: TulsiGenerator.RuleEntry, ruleEntryMap: TulsiGenerator.RuleEntryMap, pathFilters: Swift.Set<Swift.String>, processedEntries: inout [TulsiGenerator.RuleEntry : __C.NSOrderedSet]) -> () in libtulsi_generator_lib.a(PBXTargetGenerator.swift.o)
  "_swift_dynamicCastObjCProtocolConditional", referenced from:
      Tulsi.ConfigEditorWizardViewController.next(__C.NSButton?) -> () in libtulsi_lib.a(ConfigEditorWizardViewController.swift.o)
      Tulsi.ConfigEditorWizardViewController.previous(__C.NSButton?) -> () in libtulsi_lib.a(ConfigEditorWizardViewController.swift.o)
      Tulsi.ConfigEditorWizardViewController.(_pageController in _E1B0C66A372D50B5F2B756A9F9AAEAE1)(_: __C.NSPageController, prepareViewController: __C.NSViewController, withObject: Swift.AnyObject) -> () in libtulsi_lib.a(ConfigEditorWizardViewController.swift.o)
      Tulsi.ConfigEditorWizardViewController.pageControllerDidEndLiveTransition(__C.NSPageController) -> () in libtulsi_lib.a(ConfigEditorWizardViewController.swift.o)
      Tulsi.OptionsEditorOutlineView.keyDown(with: __C.NSEvent) -> () in libtulsi_lib.a(OptionsEditorController.swift.o)
  "_swift_endAccess", referenced from:
      TulsiGenerator.ProcessRunner.TimedProcessRunnerObserver.(startLoggingProcessTime in _F89DABAFE844AC5CA1B763CAFAD9B278)(process: __C.NSTask, loggingIdentifier: Swift.String, messageLogger: TulsiGenerator.LocalizedMessageLogger) -> () in libtulsi_generator_lib.a(ProcessRunner.swift.o)
      TulsiGenerator.ProcessRunner.TimedProcessRunnerObserver.(stopLogging in _F89DABAFE844AC5CA1B763CAFAD9B278)(process: __C.NSTask, messageLogger: TulsiGenerator.LocalizedMessageLogger) -> () in libtulsi_generator_lib.a(ProcessRunner.swift.o)
      TulsiGenerator.ProcessRunner.TimedProcessRunnerObserver.observeValue(forKeyPath: Swift.String?, of: Any?, change: [__C.NSKeyValueChangeKey : Any]?, context: Swift.UnsafeMutableRawPointer?) -> () in libtulsi_generator_lib.a(ProcessRunner.swift.o)
      TulsiGenerator.ProcessRunner.TimedProcessRunnerObserver.init() -> TulsiGenerator.ProcessRunner.TimedProcessRunnerObserver in libtulsi_generator_lib.a(ProcessRunner.swift.o)
      static TulsiGenerator.ProcessRunner.createProcess(_: Swift.String, arguments: [Swift.String], environment: [Swift.String : Swift.String]?, messageLogger: TulsiGenerator.LocalizedMessageLogger?, loggingIdentifier: Swift.String?, terminationHandler: (TulsiGenerator.ProcessRunner.CompletionInfo) -> ()) -> __C.NSTask in libtulsi_generator_lib.a(ProcessRunner.swift.o)
      static TulsiGenerator.ProcessRunner.launchProcessSync(_: Swift.String, arguments: [Swift.String], environment: [Swift.String : Swift.String]?, messageLogger: TulsiGenerator.LocalizedMessageLogger?, loggingIdentifier: Swift.String?) -> TulsiGenerator.ProcessRunner.CompletionInfo in libtulsi_generator_lib.a(ProcessRunner.swift.o)
      closure #1 (TulsiGenerator.ProcessRunner.CompletionInfo) -> () in static TulsiGenerator.ProcessRunner.launchProcessSync(_: Swift.String, arguments: [Swift.String], environment: [Swift.String : Swift.String]?, messageLogger: TulsiGenerator.LocalizedMessageLogger?, loggingIdentifier: Swift.String?) -> TulsiGenerator.ProcessRunner.CompletionInfo in libtulsi_generator_lib.a(ProcessRunner.swift.o)
      ...
  "_swift_errorRelease", referenced from:
      TulsiGenerator.BazelAspectInfoExtractor.(extractRuleEntriesUsingBEP in _F5D2D87286505E9AC6917BB651D4E8CB)(_: [TulsiGenerator.BuildLabel], startupOptions: [Swift.String], buildOptions: [Swift.String], compilationMode: Swift.String?, platformConfig: Swift.String?, prioritizeSwift: Swift.Bool?, useArm64_32: Swift.Bool?, features: Swift.Set<TulsiGenerator.BazelSettingFeature>) throws -> TulsiGenerator.RuleEntryMap in libtulsi_generator_lib.a(BazelAspectInfoExtractor.swift.o)
      closure #1 () -> () in TulsiGenerator.BazelAspectInfoExtractor.(extractRuleEntriesFromArtifacts in _F5D2D87286505E9AC6917BB651D4E8CB)(_: Swift.Set<Swift.String>, progressNotifier: TulsiGenerator.ProgressNotifier?) -> TulsiGenerator.RuleEntryMap in libtulsi_generator_lib.a(BazelAspectInfoExtractor.swift.o)
      TulsiGenerator.BazelBuildEventsReader.parseBuildEventFromLine(Swift.String) -> TulsiGenerator.BazelBuildEvent? in libtulsi_generator_lib.a(BazelBuildEvents.swift.o)
      TulsiGenerator.BazelQueryInfoExtractor.extractTargetRulesFromPackages([Swift.String]) -> [TulsiGenerator.RuleInfo] in libtulsi_generator_lib.a(BazelQueryInfoExtractor.swift.o)
      TulsiGenerator.BazelQueryInfoExtractor.extractBuildfiles<A where A: Swift.Collection, A.Element == TulsiGenerator.BuildLabel>(A) -> Swift.Set<TulsiGenerator.BuildLabel> in libtulsi_generator_lib.a(BazelQueryInfoExtractor.swift.o)
      TulsiGenerator.BazelQueryInfoExtractor.(extractSourceFileLabelsFromBazelXMLOutput in _EB283E3D0F00A9083704ACE385FB78E0)(Foundation.Data) -> Swift.Set<TulsiGenerator.BuildLabel>? in libtulsi_generator_lib.a(BazelQueryInfoExtractor.swift.o)
      TulsiGenerator.BazelQueryInfoExtractor.(extractRuleInfosWithRuleInputsFromBazelXMLOutput in _EB283E3D0F00A9083704ACE385FB78E0)(Foundation.Data) -> [TulsiGenerator.RuleInfo : Swift.Set<TulsiGenerator.BuildLabel>]? in libtulsi_generator_lib.a(BazelQueryInfoExtractor.swift.o)
      ...
  "_swift_errorRetain", referenced from:
      TulsiGenerator.BazelAspectInfoExtractor.(extractRuleEntriesUsingBEP in _F5D2D87286505E9AC6917BB651D4E8CB)(_: [TulsiGenerator.BuildLabel], startupOptions: [Swift.String], buildOptions: [Swift.String], compilationMode: Swift.String?, platformConfig: Swift.String?, prioritizeSwift: Swift.Bool?, useArm64_32: Swift.Bool?, features: Swift.Set<TulsiGenerator.BazelSettingFeature>) throws -> TulsiGenerator.RuleEntryMap in libtulsi_generator_lib.a(BazelAspectInfoExtractor.swift.o)
      closure #1 () -> () in TulsiGenerator.BazelAspectInfoExtractor.(extractRuleEntriesFromArtifacts in _F5D2D87286505E9AC6917BB651D4E8CB)(_: Swift.Set<Swift.String>, progressNotifier: TulsiGenerator.ProgressNotifier?) -> TulsiGenerator.RuleEntryMap in libtulsi_generator_lib.a(BazelAspectInfoExtractor.swift.o)
      TulsiGenerator.BazelBuildEventsReader.parseBuildEventFromLine(Swift.String) -> TulsiGenerator.BazelBuildEvent? in libtulsi_generator_lib.a(BazelBuildEvents.swift.o)
      TulsiGenerator.BazelQueryInfoExtractor.extractTargetRulesFromPackages([Swift.String]) -> [TulsiGenerator.RuleInfo] in libtulsi_generator_lib.a(BazelQueryInfoExtractor.swift.o)
      TulsiGenerator.BazelQueryInfoExtractor.extractBuildfiles<A where A: Swift.Collection, A.Element == TulsiGenerator.BuildLabel>(A) -> Swift.Set<TulsiGenerator.BuildLabel> in libtulsi_generator_lib.a(BazelQueryInfoExtractor.swift.o)
      TulsiGenerator.BazelQueryInfoExtractor.(extractSourceFileLabelsFromBazelXMLOutput in _EB283E3D0F00A9083704ACE385FB78E0)(Foundation.Data) -> Swift.Set<TulsiGenerator.BuildLabel>? in libtulsi_generator_lib.a(BazelQueryInfoExtractor.swift.o)
      TulsiGenerator.BazelQueryInfoExtractor.(extractRuleInfosWithRuleInputsFromBazelXMLOutput in _EB283E3D0F00A9083704ACE385FB78E0)(Foundation.Data) -> [TulsiGenerator.RuleInfo : Swift.Set<TulsiGenerator.BuildLabel>]? in libtulsi_generator_lib.a(BazelQueryInfoExtractor.swift.o)
      ...
  "_swift_getAssociatedConformanceWitness", referenced from:
      static TulsiGenerator.XcodeProjectGenerator.projectSDKROOT<A where A: Swift.Sequence, A.Element == TulsiGenerator.RuleEntry>(A) -> Swift.String? in libtulsi_generator_lib.a(XcodeProjectGenerator.swift.o)
      expandTargetLabels #1 <A where A: Swift.Sequence, A.Element == TulsiGenerator.BuildLabel>(A) -> () in TulsiGenerator.XcodeProjectGenerator.(buildXcodeProjectWithMainGroup in _3D27909A8CA7F8C4C4BE25046CB74F8B)(_: TulsiGenerator.PBXGroup, stubInfoPlistPaths: TulsiGenerator.StubInfoPlistPaths) throws -> TulsiGenerator.XcodeProjectGenerator.(GeneratedProjectInfo in _3D27909A8CA7F8C4C4BE25046CB74F8B) in libtulsi_generator_lib.a(XcodeProjectGenerator.swift.o)
      TulsiGenerator.XcodeProjectGenerator.(PathTrie in _3D27909A8CA7F8C4C4BE25046CB74F8B).PathNode.addPath<A where A: Swift.Collection, A.Element == Swift.String>(A) -> () in libtulsi_generator_lib.a(XcodeProjectGenerator.swift.o)
  "_swift_getAssociatedTypeWitness", referenced from:
      static TulsiGenerator.XcodeProjectGenerator.projectSDKROOT<A where A: Swift.Sequence, A.Element == TulsiGenerator.RuleEntry>(A) -> Swift.String? in libtulsi_generator_lib.a(XcodeProjectGenerator.swift.o)
      expandTargetLabels #1 <A where A: Swift.Sequence, A.Element == TulsiGenerator.BuildLabel>(A) -> () in TulsiGenerator.XcodeProjectGenerator.(buildXcodeProjectWithMainGroup in _3D27909A8CA7F8C4C4BE25046CB74F8B)(_: TulsiGenerator.PBXGroup, stubInfoPlistPaths: TulsiGenerator.StubInfoPlistPaths) throws -> TulsiGenerator.XcodeProjectGenerator.(GeneratedProjectInfo in _3D27909A8CA7F8C4C4BE25046CB74F8B) in libtulsi_generator_lib.a(XcodeProjectGenerator.swift.o)
      TulsiGenerator.XcodeProjectGenerator.(PathTrie in _3D27909A8CA7F8C4C4BE25046CB74F8B).PathNode.addPath<A where A: Swift.Collection, A.Element == Swift.String>(A) -> () in libtulsi_generator_lib.a(XcodeProjectGenerator.swift.o)
  "_swift_getEnumTagSinglePayloadGeneric", referenced from:
      getEnumTagSinglePayload value witness for TulsiGenerator.LocalizedMessageLogger.LogSessionHandle in libtulsi_generator_lib.a(LocalizedMessageLogger.swift.o)
      getEnumTagSinglePayload value witness for TulsiGenerator.TulsiParameter in libtulsi_generator_lib.a(TulsiParameter.swift.o)
      getEnumTagSinglePayload value witness for TulsiGenerator.XcodeProjectGenerator.ResourceSourcePathURLs in libtulsi_generator_lib.a(XcodeProjectGenerator.swift.o)
      getEnumTagSinglePayload value witness for Tulsi.TulsiGeneratorConfigDocument.GenerationResult in libtulsi_lib.a(TulsiGeneratorConfigDocument.swift.o)
  "_swift_getErrorValue", referenced from:
      TulsiGenerator.XcodeProjectGenerator.(installStubExtensionPlistFiles in _3D27909A8CA7F8C4C4BE25046CB74F8B)(_: Foundation.URL, rules: [TulsiGenerator.RuleEntry], plistPaths: TulsiGenerator.StubInfoPlistPaths) -> () in libtulsi_generator_lib.a(XcodeProjectGenerator.swift.o)
      TulsiGenerator.XcodeProjectGenerator.(savePlist in _3D27909A8CA7F8C4C4BE25046CB74F8B)(_: Any, url: Foundation.URL) -> Swift.Bool in libtulsi_generator_lib.a(XcodeProjectGenerator.swift.o)
  "_swift_getExistentialTypeMetadata", referenced from:
      type metadata accessor for Swift.CVarArg in libtulsi_generator_lib.a(BazelAspectInfoExtractor.swift.o)
      type metadata accessor for Swift.Error in libtulsi_generator_lib.a(BazelAspectInfoExtractor.swift.o)
      type metadata accessor for Swift.CVarArg in libtulsi_generator_lib.a(BazelBuildEvents.swift.o)
      type metadata accessor for Swift.Error in libtulsi_generator_lib.a(BazelBuildEvents.swift.o)
      type metadata accessor for Swift.CVarArg in libtulsi_generator_lib.a(BazelQueryInfoExtractor.swift.o)
      type metadata accessor for Swift.Error in libtulsi_generator_lib.a(BazelQueryInfoExtractor.swift.o)
      type metadata accessor for Swift.Error in libtulsi_generator_lib.a(BazelWorkspaceInfoExtractor.swift.o)
      ...
  "_swift_getForeignTypeMetadata", referenced from:
      type metadata accessor for __C.NSKeyValueChangeKey in libtulsi_generator_lib.a(ProcessRunner.swift.o)
      type metadata accessor for __C.NSJSONReadingOptions in libtulsi_generator_lib.a(BazelAspectInfoExtractor.swift.o)
      type metadata accessor for __C.NSJSONReadingOptions in libtulsi_generator_lib.a(BazelBuildEvents.swift.o)
      type metadata accessor for __C.NSStringCompareOptions in libtulsi_generator_lib.a(BazelBuildSettings.swift.o)
      type metadata accessor for __C.NSStringCompareOptions in libtulsi_generator_lib.a(BuildLabel.swift.o)
      type metadata accessor for __C.NSStringCompareOptions in libtulsi_generator_lib.a(NSJSONSerializationExtensions.swift.o)
      type metadata accessor for __C.NSStringCompareOptions in libtulsi_generator_lib.a(PBXObjects.swift.o)
      ...
  "_swift_getFunctionReplacement", referenced from:
      _swift_getFunctionReplacement50 in libswiftCompatibilityDynamicReplacements.a(DynamicReplaceable.cpp.o)
     (maybe you meant: _swift_getFunctionReplacement50)
  "_swift_getGenericMetadata", referenced from:
      type metadata accessor for TulsiGenerator.TulsiParameter in libtulsi_generator_lib.a(TulsiParameter.swift.o)
      type metadata accessor for TulsiGenerator.TulsiParameter.Source in libtulsi_generator_lib.a(TulsiParameter.swift.o)
  "_swift_getInitializedObjCClass", referenced from:
      type metadata accessor for __C.NSTask in libtulsi_generator_lib.a(ProcessRunner.swift.o)
      type metadata accessor for TulsiGenerator.ProcessRunner.TimedProcessRunnerObserver in libtulsi_generator_lib.a(ProcessRunner.swift.o)
      type metadata accessor for __C.NSNumber in libtulsi_generator_lib.a(ProcessRunner.swift.o)
      TulsiGenerator.ProcessRunner.(createProcess in _F89DABAFE844AC5CA1B763CAFAD9B278)(_: Swift.String, arguments: [Swift.String], environment: [Swift.String : Swift.String]?, messageLogger: TulsiGenerator.LocalizedMessageLogger?, loggingIdentifier: Swift.String?, terminationHandler: (TulsiGenerator.ProcessRunner.CompletionInfo) -> ()) -> __C.NSTask in libtulsi_generator_lib.a(ProcessRunner.swift.o)
      closure #2 (__C.NSTask) -> () in TulsiGenerator.ProcessRunner.(createProcess in _F89DABAFE844AC5CA1B763CAFAD9B278)(_: Swift.String, arguments: [Swift.String], environment: [Swift.String : Swift.String]?, messageLogger: TulsiGenerator.LocalizedMessageLogger?, loggingIdentifier: Swift.String?, terminationHandler: (TulsiGenerator.ProcessRunner.CompletionInfo) -> ()) -> __C.NSTask in libtulsi_generator_lib.a(ProcessRunner.swift.o)
      type metadata accessor for TulsiGenerator.ProcessRunner in libtulsi_generator_lib.a(ProcessRunner.swift.o)
      TulsiGenerator.ProcessRunner.(ProcessOutputReader in _F89DABAFE844AC5CA1B763CAFAD9B278).threadMain(Swift.AnyObject) -> () in libtulsi_generator_lib.a(ProcessRunner.swift.o)
      ...
  "_swift_getMetatypeMetadata", referenced from:
      (extension in TulsiGenerator):TulsiGenerator.PBXObjectProtocol.debugDescription.getter : Swift.String in libtulsi_generator_lib.a(PBXObjects.swift.o)
      type metadata accessor for TulsiGenerator.RuleInfo.Type in libtulsi_generator_lib.a(RuleEntry.swift.o)
  "_swift_getObjCClassFromMetadata", referenced from:
      __C.NSTask.__allocating_init() -> __C.NSTask in libtulsi_generator_lib.a(ProcessRunner.swift.o)
      __C.NSMutableData.__allocating_init() -> __C.NSMutableData in libtulsi_generator_lib.a(ProcessRunner.swift.o)
      __C.NSPipe.__allocating_init() -> __C.NSPipe in libtulsi_generator_lib.a(ProcessRunner.swift.o)
      __C.NSMachPort.__allocating_init() -> __C.NSMachPort in libtulsi_generator_lib.a(ProcessRunner.swift.o)
      __C.NSThread.__allocating_init(target: Any, selector: ObjectiveC.Selector, object: Any?) -> __C.NSThread in libtulsi_generator_lib.a(ProcessRunner.swift.o)
      @nonobjc __C.NSBundle.__allocating_init(for: Swift.AnyObject.Type) -> __C.NSBundle in libtulsi_generator_lib.a(BazelAspectInfoExtractor.swift.o)
      __C.NSString.__allocating_init(data: Foundation.Data, encoding: Swift.UInt) -> __C.NSString? in libtulsi_generator_lib.a(BazelAspectInfoExtractor.swift.o)
      ...
  "_swift_getObjCClassMetadata", referenced from:
      type metadata accessor for __C.NSTask in libtulsi_generator_lib.a(ProcessRunner.swift.o)
      type metadata accessor for __C.NSNumber in libtulsi_generator_lib.a(ProcessRunner.swift.o)
      type metadata accessor for __C.OS_dispatch_semaphore in libtulsi_generator_lib.a(ProcessRunner.swift.o)
      type metadata accessor for __C.NSMachPort in libtulsi_generator_lib.a(ProcessRunner.swift.o)
      type metadata accessor for __C.NSThread in libtulsi_generator_lib.a(ProcessRunner.swift.o)
      type metadata accessor for __C.OS_dispatch_group in libtulsi_generator_lib.a(ProcessRunner.swift.o)
      type metadata accessor for __C.NSMutableData in libtulsi_generator_lib.a(ProcessRunner.swift.o)
      ...
  "_swift_getObjectType", referenced from:
      TulsiGenerator.ConcreteGIDGenerator.generate(TulsiGenerator.PBXObjectProtocol) -> Swift.String in libtulsi_generator_lib.a(GIDGenerator.swift.o)
      (extension in TulsiGenerator):TulsiGenerator.PBXObjectProtocol.debugDescription.getter : Swift.String in libtulsi_generator_lib.a(PBXObjects.swift.o)
      TulsiGenerator.PBXContainerItemProxy.hashValue.getter : Swift.Int in libtulsi_generator_lib.a(PBXObjects.swift.o)
      TulsiGenerator.OpenStepSerializer.serializeObject(_: TulsiGenerator.PBXObjectProtocol, returnRawID: Swift.Bool) throws -> Swift.String in libtulsi_generator_lib.a(PBXProjSerializer.swift.o)
      TulsiGenerator.OpenStepSerializer.addField(_: Swift.String, _: TulsiGenerator.PBXObjectProtocol?, rawID: Swift.Bool) throws -> () in libtulsi_generator_lib.a(PBXProjSerializer.swift.o)
      TulsiGenerator.OpenStepSerializer.addField(Swift.String, Swift.Int) throws -> () in libtulsi_generator_lib.a(PBXProjSerializer.swift.o)
      TulsiGenerator.OpenStepSerializer.addField(Swift.String, Swift.Bool) throws -> () in libtulsi_generator_lib.a(PBXProjSerializer.swift.o)
      ...
  "_swift_getOrigOfReplaceable", referenced from:
      _swift_getOrigOfReplaceable50 in libswiftCompatibilityDynamicReplacements.a(DynamicReplaceable.cpp.o)
     (maybe you meant: _swift_getOrigOfReplaceable50)
  "_swift_getSingletonMetadata", referenced from:
      type metadata accessor for TulsiGenerator.BazelAspectInfoExtractor in libtulsi_generator_lib.a(BazelAspectInfoExtractor.swift.o)
      type metadata accessor for TulsiGenerator.BazelQueryInfoExtractor in libtulsi_generator_lib.a(BazelQueryInfoExtractor.swift.o)
      type metadata accessor for TulsiGenerator.BazelWorkspaceInfoExtractor in libtulsi_generator_lib.a(BazelWorkspaceInfoExtractor.swift.o)
      type metadata accessor for TulsiGenerator.BazelWorkspacePathInfoFetcher in libtulsi_generator_lib.a(BazelWorkspacePathInfoFetcher.swift.o)
      type metadata accessor for TulsiGenerator.LocalizedMessageLogger.LogSessionHandle in libtulsi_generator_lib.a(LocalizedMessageLogger.swift.o)
      type metadata accessor for TulsiGenerator.PBXTargetGenerator in libtulsi_generator_lib.a(PBXTargetGenerator.swift.o)
      type metadata accessor for TulsiGenerator.ApplicationSupport in libtulsi_generator_lib.a(TulsiApplicationSupport.swift.o)
      ...
  "_swift_getTupleTypeMetadata2", referenced from:
      type metadata accessor for (Swift.String, Swift.AnyObject) in libtulsi_generator_lib.a(BazelAspectInfoExtractor.swift.o)
      type metadata accessor for (Swift.String, Swift.Bool) in libtulsi_generator_lib.a(BazelAspectInfoExtractor.swift.o)
      (extension in TulsiGenerator):Swift.Dictionary< where A == Swift.String, B: TulsiGenerator.Pythonable>.toPython(Swift.String) -> Swift.String in libtulsi_generator_lib.a(BazelBuildSettings.swift.o)
      type metadata accessor for (TulsiGenerator.PBXTarget, TulsiGenerator.PBXTarget) in libtulsi_generator_lib.a(PBXObjects.swift.o)
      type metadata accessor for (Swift.String, Swift.AnyObject) in libtulsi_generator_lib.a(PBXObjects.swift.o)
      type metadata accessor for (Swift.String, Swift.String) in libtulsi_generator_lib.a(PBXObjects.swift.o)
      type metadata accessor for (key: Swift.String, value: Any) in libtulsi_generator_lib.a(PBXProjSerializer.swift.o)
      ...
  "_swift_getTupleTypeMetadata3", referenced from:
      type metadata accessor for (TulsiGenerator.PBXNativeTarget, TulsiGenerator.BuildLabel?, TulsiGenerator.RuleEntry) in libtulsi_generator_lib.a(PBXTargetGenerator.swift.o)
      type metadata accessor for (TulsiGenerator.PBXTarget, Swift.String, [Swift.String : Swift.String]) in libtulsi_generator_lib.a(XcodeProjectGenerator.swift.o)
      type metadata accessor for (TulsiGenerator.PBXTarget, Swift.String, [Swift.String : Swift.String]) in libtulsi_generator_lib.a(XcodeScheme.swift.o)
  "_swift_getWitnessTable", referenced from:
      lazy protocol witness table accessor for type __C.NSTask and conformance __C.NSObject : Swift.Hashable in ObjectiveC in libtulsi_generator_lib.a(ProcessRunner.swift.o)
      lazy protocol witness table accessor for type __C.NSKeyValueChangeKey and conformance __C.NSKeyValueChangeKey : Swift.Hashable in __C_Synthesized in libtulsi_generator_lib.a(ProcessRunner.swift.o)
      lazy protocol witness table accessor for type __C.NSKeyValueChangeKey and conformance __C.NSKeyValueChangeKey : Swift.RawRepresentable in __C_Synthesized in libtulsi_generator_lib.a(ProcessRunner.swift.o)
      lazy protocol witness table accessor for type __C.NSKeyValueChangeKey and conformance __C.NSKeyValueChangeKey : Swift._HasCustomAnyHashableRepresentation in __C_Synthesized in libtulsi_generator_lib.a(ProcessRunner.swift.o)
      lazy protocol witness table accessor for type __C.NSKeyValueChangeKey and conformance __C.NSKeyValueChangeKey : Swift.Equatable in __C_Synthesized in libtulsi_generator_lib.a(ProcessRunner.swift.o)
      lazy protocol witness table accessor for type __C.NSKeyValueChangeKey and conformance __C.NSKeyValueChangeKey : Swift._SwiftNewtypeWrapper in __C_Synthesized in libtulsi_generator_lib.a(ProcessRunner.swift.o)
      lazy protocol witness table accessor for type Swift.String and conformance Swift.String : Swift._ObjectiveCBridgeable in Foundation in libtulsi_generator_lib.a(ProcessRunner.swift.o)
      ...
  "_swift_initEnumMetadataSinglePayload", referenced from:
      type metadata completion function for Tulsi.TulsiGeneratorConfigDocument.GenerationResult in libtulsi_lib.a(TulsiGeneratorConfigDocument.swift.o)
  "_swift_initStructMetadata", referenced from:
      type metadata completion function for TulsiGenerator.LocalizedMessageLogger.LogSessionHandle in libtulsi_generator_lib.a(LocalizedMessageLogger.swift.o)
      type metadata completion function for TulsiGenerator.TulsiParameter in libtulsi_generator_lib.a(TulsiParameter.swift.o)
      type metadata completion function for TulsiGenerator.XcodeProjectGenerator.ResourceSourcePathURLs in libtulsi_generator_lib.a(XcodeProjectGenerator.swift.o)
  "_swift_isaMask", referenced from:
      key path getter for Tulsi.BazelSelectionPanel.bazelSelectorUseAsDefaultCheckbox : __C.NSButton? : Tulsi.BazelSelectionPanel in libtulsi_lib.a(BazelSelectionPanel.swift.o)
      key path setter for Tulsi.BazelSelectionPanel.bazelSelectorUseAsDefaultCheckbox : __C.NSButton? : Tulsi.BazelSelectionPanel in libtulsi_lib.a(BazelSelectionPanel.swift.o)
      closure #2 (__C.NSModalResponse) -> () in static Tulsi.BazelSelectionPanel.beginSheetModalBazelSelectionPanelForWindow(_: __C.NSWindow, document: Tulsi.TulsiProjectDocument, completionHandler: (Foundation.URL?) -> ()?) -> Tulsi.BazelSelectionPanel in libtulsi_lib.a(BazelSelectionPanel.swift.o)
      key path getter for Tulsi.FilteredOpenPanel.filterFunc : (Tulsi.FilteredOpenPanel, Foundation.URL) -> Swift.Bool? : Tulsi.FilteredOpenPanel in libtulsi_lib.a(FilteredOpenPanel.swift.o)
      key path setter for Tulsi.FilteredOpenPanel.filterFunc : (Tulsi.FilteredOpenPanel, Foundation.URL) -> Swift.Bool? : Tulsi.FilteredOpenPanel in libtulsi_lib.a(FilteredOpenPanel.swift.o)
      static Tulsi.FilteredOpenPanel.filteredOpenPanel((Tulsi.FilteredOpenPanel, Foundation.URL) -> Swift.Bool?) -> Tulsi.FilteredOpenPanel in libtulsi_lib.a(FilteredOpenPanel.swift.o)
      Tulsi.FilteredOpenPanel.panel(_: Any, shouldEnable: Foundation.URL) -> Swift.Bool in libtulsi_lib.a(FilteredOpenPanel.swift.o)
      ...
  "_swift_makeBoxUnique", referenced from:
      ___swift_mutable_project_boxed_opaque_existential_1 in libtulsi_generator_lib.a(TulsiProjectInfoExtractor.swift.o)
  "_swift_once", referenced from:
      TulsiGenerator.ProcessRunner.TimedProcessRunnerObserver.(KVOContext in _F89DABAFE844AC5CA1B763CAFAD9B278).unsafeMutableAddressor : Swift.Int in libtulsi_generator_lib.a(ProcessRunner.swift.o)
      TulsiGenerator.ProcessRunner.(defaultInstance in _F89DABAFE844AC5CA1B763CAFAD9B278).unsafeMutableAddressor : TulsiGenerator.ProcessRunner in libtulsi_generator_lib.a(ProcessRunner.swift.o)
      TulsiGenerator.PythonSettings.doubleIndent.unsafeMutableAddressor : Swift.String in libtulsi_generator_lib.a(BazelBuildSettings.swift.o)
      TulsiGenerator.BazelErrorExtractor.DefaultErrors.unsafeMutableAddressor : Swift.Int in libtulsi_generator_lib.a(BazelErrorExtractor.swift.o)
      TulsiGenerator.BazelLocator.DefaultBazelURLKey.unsafeMutableAddressor : Swift.String in libtulsi_generator_lib.a(BazelLocator.swift.o)
      TulsiGenerator.BazelSettingsProvider.tulsiDebugFlags.unsafeMutableAddressor : TulsiGenerator.BazelFlags in libtulsi_generator_lib.a(BazelSettingsProvider.swift.o)
      TulsiGenerator.BazelSettingsProvider.tulsiReleaseFlags.unsafeMutableAddressor : TulsiGenerator.BazelFlags in libtulsi_generator_lib.a(BazelSettingsProvider.swift.o)
      ...
  "_swift_projectBox", referenced from:
      closure #1 (TulsiGenerator.ProcessRunner.CompletionInfo) -> () in TulsiGenerator.BazelWorkspacePathInfoFetcher.(fetchWorkspaceInfo in _FBCC8FB73C67954075CF626E480CE18B)() -> () in libtulsi_generator_lib.a(BazelWorkspacePathInfoFetcher.swift.o)
      installSchemesForIndexerTargets #1 () throws -> () in TulsiGenerator.XcodeProjectGenerator.(installXcodeSchemesForProjectInfo in _3D27909A8CA7F8C4C4BE25046CB74F8B)(_: TulsiGenerator.XcodeProjectGenerator.(GeneratedProjectInfo in _3D27909A8CA7F8C4C4BE25046CB74F8B), projectURL: Foundation.URL, projectBundleName: Swift.String) throws -> () in libtulsi_generator_lib.a(XcodeProjectGenerator.swift.o)
      installSchemeForTestSuite #1 (_: TulsiGenerator.RuleEntry, named: Swift.String) throws -> () in TulsiGenerator.XcodeProjectGenerator.(installXcodeSchemesForProjectInfo in _3D27909A8CA7F8C4C4BE25046CB74F8B)(_: TulsiGenerator.XcodeProjectGenerator.(GeneratedProjectInfo in _3D27909A8CA7F8C4C4BE25046CB74F8B), projectURL: Foundation.URL, projectBundleName: Swift.String) throws -> () in libtulsi_generator_lib.a(XcodeProjectGenerator.swift.o)
      closure #1 () -> () in Tulsi.TulsiProjectDocument.(updateRuleEntries in _E9C2360CC5CB4BD1DBAF86C4F6E2C688)() -> () in libtulsi_lib.a(TulsiProjectDocument.swift.o)
      addPath #1 (Swift.String) -> () in closure #3 () -> () in Tulsi.TulsiGeneratorConfigDocument.updateSourcePaths(([Tulsi.UISourcePath]) -> ()) -> () in libtulsi_lib.a(TulsiGeneratorConfigDocument.swift.o)
      extractSourcePaths #1 (TulsiGenerator.RuleEntry) -> () in closure #3 () -> () in Tulsi.TulsiGeneratorConfigDocument.updateSourcePaths(([Tulsi.UISourcePath]) -> ()) -> () in libtulsi_lib.a(TulsiGeneratorConfigDocument.swift.o)
      closure #3 () -> () in Tulsi.XcodeProjectGenerationProgressViewController.(generateXcodeProjectForConfigName in _64CC23BCB89B9A266587A008061E937B)(_: Swift.String, completionHandler: (Foundation.URL?) -> ()) -> () in libtulsi_lib.a(XcodeProjectGenerationProgressViewController.swift.o)
      ...
  "_swift_release", referenced from:
      ___swift_destroy_boxed_opaque_existential_0 in libtulsi_generator_lib.a(ProcessRunner.swift.o)
      static TulsiGenerator.ProcessRunner.createProcess(_: Swift.String, arguments: [Swift.String], environment: [Swift.String : Swift.String]?, messageLogger: TulsiGenerator.LocalizedMessageLogger?, loggingIdentifier: Swift.String?, terminationHandler: (TulsiGenerator.ProcessRunner.CompletionInfo) -> ()) -> __C.NSTask in libtulsi_generator_lib.a(ProcessRunner.swift.o)
      TulsiGenerator.ProcessRunner.(createProcess in _F89DABAFE844AC5CA1B763CAFAD9B278)(_: Swift.String, arguments: [Swift.String], environment: [Swift.String : Swift.String]?, messageLogger: TulsiGenerator.LocalizedMessageLogger?, loggingIdentifier: Swift.String?, terminationHandler: (TulsiGenerator.ProcessRunner.CompletionInfo) -> ()) -> __C.NSTask in libtulsi_generator_lib.a(ProcessRunner.swift.o)
      static TulsiGenerator.ProcessRunner.launchProcessSync(_: Swift.String, arguments: [Swift.String], environment: [Swift.String : Swift.String]?, messageLogger: TulsiGenerator.LocalizedMessageLogger?, loggingIdentifier: Swift.String?) -> TulsiGenerator.ProcessRunner.CompletionInfo in libtulsi_generator_lib.a(ProcessRunner.swift.o)
      outlined consume of Foundation.Data._Representation in libtulsi_generator_lib.a(ProcessRunner.swift.o)
      l_objectdestroy.2 in libtulsi_generator_lib.a(ProcessRunner.swift.o)
      registerAndStartReader #1 (_: __C.NSFileHandle, outputData: __C.NSMutableData) -> __C.NSObject in TulsiGenerator.ProcessRunner.(createProcess in _F89DABAFE844AC5CA1B763CAFAD9B278)(_: Swift.String, arguments: [Swift.String], environment: [Swift.String : Swift.String]?, messageLogger: TulsiGenerator.LocalizedMessageLogger?, loggingIdentifier: Swift.String?, terminationHandler: (TulsiGenerator.ProcessRunner.CompletionInfo) -> ()) -> __C.NSTask in libtulsi_generator_lib.a(ProcessRunner.swift.o)
      ...
  "_swift_retain", referenced from:
      outlined copy of Foundation.Data._Representation in libtulsi_generator_lib.a(ProcessRunner.swift.o)
      static TulsiGenerator.ProcessRunner.createProcess(_: Swift.String, arguments: [Swift.String], environment: [Swift.String : Swift.String]?, messageLogger: TulsiGenerator.LocalizedMessageLogger?, loggingIdentifier: Swift.String?, terminationHandler: (TulsiGenerator.ProcessRunner.CompletionInfo) -> ()) -> __C.NSTask in libtulsi_generator_lib.a(ProcessRunner.swift.o)
      TulsiGenerator.ProcessRunner.(createProcess in _F89DABAFE844AC5CA1B763CAFAD9B278)(_: Swift.String, arguments: [Swift.String], environment: [Swift.String : Swift.String]?, messageLogger: TulsiGenerator.LocalizedMessageLogger?, loggingIdentifier: Swift.String?, terminationHandler: (TulsiGenerator.ProcessRunner.CompletionInfo) -> ()) -> __C.NSTask in libtulsi_generator_lib.a(ProcessRunner.swift.o)
      static TulsiGenerator.ProcessRunner.launchProcessSync(_: Swift.String, arguments: [Swift.String], environment: [Swift.String : Swift.String]?, messageLogger: TulsiGenerator.LocalizedMessageLogger?, loggingIdentifier: Swift.String?) -> TulsiGenerator.ProcessRunner.CompletionInfo in libtulsi_generator_lib.a(ProcessRunner.swift.o)
      reabstraction thunk helper from @escaping @callee_guaranteed (@in_guaranteed Foundation.Notification) -> () to @escaping @callee_unowned @convention(block) (@unowned __C.NSNotification) -> () in libtulsi_generator_lib.a(ProcessRunner.swift.o)
      closure #2 (__C.NSTask) -> () in TulsiGenerator.ProcessRunner.(createProcess in _F89DABAFE844AC5CA1B763CAFAD9B278)(_: Swift.String, arguments: [Swift.String], environment: [Swift.String : Swift.String]?, messageLogger: TulsiGenerator.LocalizedMessageLogger?, loggingIdentifier: Swift.String?, terminationHandler: (TulsiGenerator.ProcessRunner.CompletionInfo) -> ()) -> __C.NSTask in libtulsi_generator_lib.a(ProcessRunner.swift.o)
      closure #1 () -> () in closure #2 (__C.NSTask) -> () in TulsiGenerator.ProcessRunner.(createProcess in _F89DABAFE844AC5CA1B763CAFAD9B278)(_: Swift.String, arguments: [Swift.String], environment: [Swift.String : Swift.String]?, messageLogger: TulsiGenerator.LocalizedMessageLogger?, loggingIdentifier: Swift.String?, terminationHandler: (TulsiGenerator.ProcessRunner.CompletionInfo) -> ()) -> __C.NSTask in libtulsi_generator_lib.a(ProcessRunner.swift.o)
      ...
  "_swift_storeEnumTagSinglePayloadGeneric", referenced from:
      storeEnumTagSinglePayload value witness for TulsiGenerator.LocalizedMessageLogger.LogSessionHandle in libtulsi_generator_lib.a(LocalizedMessageLogger.swift.o)
      storeEnumTagSinglePayload value witness for TulsiGenerator.TulsiParameter in libtulsi_generator_lib.a(TulsiParameter.swift.o)
      storeEnumTagSinglePayload value witness for TulsiGenerator.XcodeProjectGenerator.ResourceSourcePathURLs in libtulsi_generator_lib.a(XcodeProjectGenerator.swift.o)
      storeEnumTagSinglePayload value witness for Tulsi.TulsiGeneratorConfigDocument.GenerationResult in libtulsi_lib.a(TulsiGeneratorConfigDocument.swift.o)
  "_swift_unexpectedError", referenced from:
      TulsiGenerator.BazelWorkspaceInfoExtractor.init(bazelURL: Foundation.URL, workspaceRootURL: Foundation.URL, localizedMessageLogger: TulsiGenerator.LocalizedMessageLogger) -> TulsiGenerator.BazelWorkspaceInfoExtractor in libtulsi_generator_lib.a(BazelWorkspaceInfoExtractor.swift.o)
      _globalinit_33_40B8AF4E61D42104FF82B74BA7B851A2_func2 in libtulsi_generator_lib.a(PBXProjSerializer.swift.o)
  "_swift_unknownObjectRelease", referenced from:
      TulsiGenerator.ProcessRunner.TimedProcessRunnerObserver.observeValue(forKeyPath: Swift.String?, of: Any?, change: [__C.NSKeyValueChangeKey : Any]?, context: Swift.UnsafeMutableRawPointer?) -> () in libtulsi_generator_lib.a(ProcessRunner.swift.o)
      @objc TulsiGenerator.ProcessRunner.TimedProcessRunnerObserver.observeValue(forKeyPath: Swift.String?, of: Any?, change: [__C.NSKeyValueChangeKey : Any]?, context: Swift.UnsafeMutableRawPointer?) -> () in libtulsi_generator_lib.a(ProcessRunner.swift.o)
      TulsiGenerator.ProcessRunner.(createProcess in _F89DABAFE844AC5CA1B763CAFAD9B278)(_: Swift.String, arguments: [Swift.String], environment: [Swift.String : Swift.String]?, messageLogger: TulsiGenerator.LocalizedMessageLogger?, loggingIdentifier: Swift.String?, terminationHandler: (TulsiGenerator.ProcessRunner.CompletionInfo) -> ()) -> __C.NSTask in libtulsi_generator_lib.a(ProcessRunner.swift.o)
      registerAndStartReader #1 (_: __C.NSFileHandle, outputData: __C.NSMutableData) -> __C.NSObject in TulsiGenerator.ProcessRunner.(createProcess in _F89DABAFE844AC5CA1B763CAFAD9B278)(_: Swift.String, arguments: [Swift.String], environment: [Swift.String : Swift.String]?, messageLogger: TulsiGenerator.LocalizedMessageLogger?, loggingIdentifier: Swift.String?, terminationHandler: (TulsiGenerator.ProcessRunner.CompletionInfo) -> ()) -> __C.NSTask in libtulsi_generator_lib.a(ProcessRunner.swift.o)
      closure #1 () -> () in closure #2 (__C.NSTask) -> () in TulsiGenerator.ProcessRunner.(createProcess in _F89DABAFE844AC5CA1B763CAFAD9B278)(_: Swift.String, arguments: [Swift.String], environment: [Swift.String : Swift.String]?, messageLogger: TulsiGenerator.LocalizedMessageLogger?, loggingIdentifier: Swift.String?, terminationHandler: (TulsiGenerator.ProcessRunner.CompletionInfo) -> ()) -> __C.NSTask in libtulsi_generator_lib.a(ProcessRunner.swift.o)
      TulsiGenerator.ProcessRunner.(ProcessOutputReader in _F89DABAFE844AC5CA1B763CAFAD9B278).stop() -> () in libtulsi_generator_lib.a(ProcessRunner.swift.o)
      @objc TulsiGenerator.ProcessRunner.(ProcessOutputReader in _F89DABAFE844AC5CA1B763CAFAD9B278).threadMain(Swift.AnyObject) -> () in libtulsi_generator_lib.a(ProcessRunner.swift.o)
      ...
  "_swift_unknownObjectRetain", referenced from:
      @objc TulsiGenerator.ProcessRunner.TimedProcessRunnerObserver.observeValue(forKeyPath: Swift.String?, of: Any?, change: [__C.NSKeyValueChangeKey : Any]?, context: Swift.UnsafeMutableRawPointer?) -> () in libtulsi_generator_lib.a(ProcessRunner.swift.o)
      TulsiGenerator.ProcessRunner.(createProcess in _F89DABAFE844AC5CA1B763CAFAD9B278)(_: Swift.String, arguments: [Swift.String], environment: [Swift.String : Swift.String]?, messageLogger: TulsiGenerator.LocalizedMessageLogger?, loggingIdentifier: Swift.String?, terminationHandler: (TulsiGenerator.ProcessRunner.CompletionInfo) -> ()) -> __C.NSTask in libtulsi_generator_lib.a(ProcessRunner.swift.o)
      closure #2 (__C.NSTask) -> () in TulsiGenerator.ProcessRunner.(createProcess in _F89DABAFE844AC5CA1B763CAFAD9B278)(_: Swift.String, arguments: [Swift.String], environment: [Swift.String : Swift.String]?, messageLogger: TulsiGenerator.LocalizedMessageLogger?, loggingIdentifier: Swift.String?, terminationHandler: (TulsiGenerator.ProcessRunner.CompletionInfo) -> ()) -> __C.NSTask in libtulsi_generator_lib.a(ProcessRunner.swift.o)
      closure #1 () -> () in closure #2 (__C.NSTask) -> () in TulsiGenerator.ProcessRunner.(createProcess in _F89DABAFE844AC5CA1B763CAFAD9B278)(_: Swift.String, arguments: [Swift.String], environment: [Swift.String : Swift.String]?, messageLogger: TulsiGenerator.LocalizedMessageLogger?, loggingIdentifier: Swift.String?, terminationHandler: (TulsiGenerator.ProcessRunner.CompletionInfo) -> ()) -> __C.NSTask in libtulsi_generator_lib.a(ProcessRunner.swift.o)
      @objc TulsiGenerator.ProcessRunner.(ProcessOutputReader in _F89DABAFE844AC5CA1B763CAFAD9B278).threadMain(Swift.AnyObject) -> () in libtulsi_generator_lib.a(ProcessRunner.swift.o)
      generic specialization <serialized, __C.NSStringCompareOptions> of Swift._ArrayBuffer._getElementSlowPath(Swift.Int) -> Swift.AnyObject in libtulsi_generator_lib.a(BazelBuildSettings.swift.o)
      generic specialization <serialized, __C.NSStringCompareOptions> of Swift._ArrayBuffer._getElementSlowPath(Swift.Int) -> Swift.AnyObject in libtulsi_generator_lib.a(BuildLabel.swift.o)
      ...
  "_swift_unknownObjectUnownedDestroy", referenced from:
      l_objectdestroy.5 in libtulsi_generator_lib.a(ProcessRunner.swift.o)
  "_swift_unknownObjectUnownedInit", referenced from:
      TulsiGenerator.ProcessRunner.(ProcessOutputReader in _F89DABAFE844AC5CA1B763CAFAD9B278).thread.getter : __C.NSThread in libtulsi_generator_lib.a(ProcessRunner.swift.o)
  "_swift_unknownObjectUnownedLoadStrong", referenced from:
      closure #1 () -> __C.NSThread in TulsiGenerator.ProcessRunner.(ProcessOutputReader in _F89DABAFE844AC5CA1B763CAFAD9B278).thread.getter : __C.NSThread in libtulsi_generator_lib.a(ProcessRunner.swift.o)
  "_swift_unknownObjectWeakAssign", referenced from:
      TulsiGenerator.PBXContainerItemProxy.init(containerPortal: TulsiGenerator.PBXProject, target: TulsiGenerator.PBXObjectProtocol, proxyType: TulsiGenerator.PBXContainerItemProxy.ProxyType) -> TulsiGenerator.PBXContainerItemProxy in libtulsi_generator_lib.a(PBXObjects.swift.o)
      Tulsi.BazelSelectionPanel.bazelSelectorUseAsDefaultCheckbox.setter : __C.NSButton? in libtulsi_lib.a(BazelSelectionPanel.swift.o)
      Tulsi.BazelSelectionPanel.bazelSelectorUseAsDefaultCheckbox.modify : __C.NSButton? with unmangled suffix ".resume.0" in libtulsi_lib.a(BazelSelectionPanel.swift.o)
      Tulsi.ConfigEditorSourceFilterViewController.sourceFilterOutlineView.setter : __C.NSOutlineView? in libtulsi_lib.a(ConfigEditorSourceFilterViewController.swift.o)
      key path setter for Tulsi.ConfigEditorSourceFilterViewController.sourceFilterOutlineView : __C.NSOutlineView? : Tulsi.ConfigEditorSourceFilterViewController in libtulsi_lib.a(ConfigEditorSourceFilterViewController.swift.o)
      Tulsi.ConfigEditorSourceFilterViewController.sourceFilterOutlineView.modify : __C.NSOutlineView? with unmangled suffix ".resume.0" in libtulsi_lib.a(ConfigEditorSourceFilterViewController.swift.o)
      Tulsi.ConfigEditorSourceFilterViewController.presentingWizardViewController.setter : Tulsi.ConfigEditorWizardViewController? in libtulsi_lib.a(ConfigEditorSourceFilterViewController.swift.o)
      ...
  "_swift_unknownObjectWeakDestroy", referenced from:
      outlined destroy of weak TulsiGenerator.PBXObjectProtocol? in libtulsi_generator_lib.a(PBXObjects.swift.o)
      Tulsi.BazelSelectionPanel.__ivar_destroyer in libtulsi_lib.a(BazelSelectionPanel.swift.o)
      @objc Tulsi.BazelSelectionPanel.__ivar_destroyer in libtulsi_lib.a(BazelSelectionPanel.swift.o)
      @objc Tulsi.ConfigEditorSourceFilterViewController.__ivar_destroyer in libtulsi_lib.a(ConfigEditorSourceFilterViewController.swift.o)
      l_objectdestroy in libtulsi_lib.a(TulsiProjectDocument.swift.o)
      @objc Tulsi.OptionsEditorViewController.__ivar_destroyer in libtulsi_lib.a(OptionsEditorViewController.swift.o)
      @objc Tulsi.MessageViewController.__ivar_destroyer in libtulsi_lib.a(MessageViewController.swift.o)
      ...
  "_swift_unknownObjectWeakInit", referenced from:
      TulsiGenerator.PBXContainerItemProxy.init(containerPortal: TulsiGenerator.PBXProject, target: TulsiGenerator.PBXObjectProtocol, proxyType: TulsiGenerator.PBXContainerItemProxy.ProxyType) -> TulsiGenerator.PBXContainerItemProxy in libtulsi_generator_lib.a(PBXObjects.swift.o)
      Tulsi.BazelSelectionPanel.init(contentRect: __C.CGRect, styleMask: __C.NSWindowStyleMask, backing: __C.NSBackingStoreType, defer: Swift.Bool) -> Tulsi.BazelSelectionPanel in libtulsi_lib.a(BazelSelectionPanel.swift.o)
      Tulsi.ConfigEditorSourceFilterViewController.init(nibName: Swift.String?, bundle: __C.NSBundle?) -> Tulsi.ConfigEditorSourceFilterViewController in libtulsi_lib.a(ConfigEditorSourceFilterViewController.swift.o)
      Tulsi.ConfigEditorSourceFilterViewController.init(coder: __C.NSCoder) -> Tulsi.ConfigEditorSourceFilterViewController? in libtulsi_lib.a(ConfigEditorSourceFilterViewController.swift.o)
      Tulsi.TulsiProjectDocument.init() -> Tulsi.TulsiProjectDocument in libtulsi_lib.a(TulsiProjectDocument.swift.o)
      Tulsi.OptionsEditorViewController.init(nibName: Swift.String?, bundle: __C.NSBundle?) -> Tulsi.OptionsEditorViewController in libtulsi_lib.a(OptionsEditorViewController.swift.o)
      Tulsi.OptionsEditorViewController.init(coder: __C.NSCoder) -> Tulsi.OptionsEditorViewController? in libtulsi_lib.a(OptionsEditorViewController.swift.o)
      ...
  "_swift_unknownObjectWeakLoadStrong", referenced from:
      TulsiGenerator.PBXContainerItemProxy.target.getter : TulsiGenerator.PBXObjectProtocol in libtulsi_generator_lib.a(PBXObjects.swift.o)
      TulsiGenerator.PBXContainerItemProxy.hashValue.getter : Swift.Int in libtulsi_generator_lib.a(PBXObjects.swift.o)
      TulsiGenerator.PBXContainerItemProxy.serializeInto(TulsiGenerator.PBXProjFieldSerializer) throws -> () in libtulsi_generator_lib.a(PBXObjects.swift.o)
      TulsiGenerator.== infix(TulsiGenerator.PBXContainerItemProxy, TulsiGenerator.PBXContainerItemProxy) -> Swift.Bool in libtulsi_generator_lib.a(PBXObjects.swift.o)
      Tulsi.BazelSelectionPanel.bazelSelectorUseAsDefaultCheckbox.getter : __C.NSButton? in libtulsi_lib.a(BazelSelectionPanel.swift.o)
      Tulsi.BazelSelectionPanel.bazelSelectorUseAsDefaultCheckbox.modify : __C.NSButton? in libtulsi_lib.a(BazelSelectionPanel.swift.o)
      Tulsi.ConfigEditorSourceFilterViewController.sourceFilterOutlineView.getter : __C.NSOutlineView? in libtulsi_lib.a(ConfigEditorSourceFilterViewController.swift.o)
      ...
  "_swift_unownedRelease", referenced from:
      TulsiGenerator.BuildLabel.targetName.getter : Swift.String? in libtulsi_generator_lib.a(BuildLabel.swift.o)
      TulsiGenerator.BuildLabel.packageName.getter : Swift.String? in libtulsi_generator_lib.a(BuildLabel.swift.o)
      TulsiGenerator.BuildLabel.asFileName.getter : Swift.String? in libtulsi_generator_lib.a(BuildLabel.swift.o)
      TulsiGenerator.BuildLabel.asFullPBXTargetName.getter : Swift.String? in libtulsi_generator_lib.a(BuildLabel.swift.o)
      TulsiGenerator.BuildLabel.hashValue.getter : Swift.Int in libtulsi_generator_lib.a(BuildLabel.swift.o)
      TulsiGenerator.XCBuildConfiguration.hashValue.getter : Swift.Int in libtulsi_generator_lib.a(PBXObjects.swift.o)
      TulsiGenerator.PBXReference.hashValue.getter : Swift.Int in libtulsi_generator_lib.a(PBXObjects.swift.o)
      ...
  "_swift_unownedRetain", referenced from:
      TulsiGenerator.BuildLabel.targetName.getter : Swift.String? in libtulsi_generator_lib.a(BuildLabel.swift.o)
      TulsiGenerator.BuildLabel.packageName.getter : Swift.String? in libtulsi_generator_lib.a(BuildLabel.swift.o)
      TulsiGenerator.BuildLabel.asFileName.getter : Swift.String? in libtulsi_generator_lib.a(BuildLabel.swift.o)
      TulsiGenerator.BuildLabel.asFullPBXTargetName.getter : Swift.String? in libtulsi_generator_lib.a(BuildLabel.swift.o)
      TulsiGenerator.BuildLabel.hashValue.getter : Swift.Int in libtulsi_generator_lib.a(BuildLabel.swift.o)
      TulsiGenerator.XCBuildConfiguration.hashValue.getter : Swift.Int in libtulsi_generator_lib.a(PBXObjects.swift.o)
      TulsiGenerator.PBXReference.hashValue.getter : Swift.Int in libtulsi_generator_lib.a(PBXObjects.swift.o)
      ...
  "_swift_unownedRetainStrong", referenced from:
      TulsiGenerator.BuildLabel.targetName.getter : Swift.String? in libtulsi_generator_lib.a(BuildLabel.swift.o)
      closure #1 () -> Swift.String? in TulsiGenerator.BuildLabel.targetName.getter : Swift.String? in libtulsi_generator_lib.a(BuildLabel.swift.o)
      TulsiGenerator.BuildLabel.packageName.getter : Swift.String? in libtulsi_generator_lib.a(BuildLabel.swift.o)
      closure #1 () -> Swift.String? in TulsiGenerator.BuildLabel.packageName.getter : Swift.String? in libtulsi_generator_lib.a(BuildLabel.swift.o)
      TulsiGenerator.BuildLabel.asFileName.getter : Swift.String? in libtulsi_generator_lib.a(BuildLabel.swift.o)
      closure #1 () -> Swift.String? in TulsiGenerator.BuildLabel.asFileName.getter : Swift.String? in libtulsi_generator_lib.a(BuildLabel.swift.o)
      TulsiGenerator.BuildLabel.asFullPBXTargetName.getter : Swift.String? in libtulsi_generator_lib.a(BuildLabel.swift.o)
      ...
  "_swift_updateClassMetadata2", referenced from:
      type metadata completion function for TulsiGenerator.BazelAspectInfoExtractor in libtulsi_generator_lib.a(BazelAspectInfoExtractor.swift.o)
      type metadata completion function for TulsiGenerator.BazelQueryInfoExtractor in libtulsi_generator_lib.a(BazelQueryInfoExtractor.swift.o)
      type metadata completion function for TulsiGenerator.BazelWorkspaceInfoExtractor in libtulsi_generator_lib.a(BazelWorkspaceInfoExtractor.swift.o)
      type metadata completion function for TulsiGenerator.BazelWorkspacePathInfoFetcher in libtulsi_generator_lib.a(BazelWorkspacePathInfoFetcher.swift.o)
      type metadata completion function for TulsiGenerator.PBXTargetGenerator in libtulsi_generator_lib.a(PBXTargetGenerator.swift.o)
      type metadata completion function for TulsiGenerator.ApplicationSupport in libtulsi_generator_lib.a(TulsiApplicationSupport.swift.o)
      type metadata completion function for TulsiGenerator.TulsiGeneratorConfig in libtulsi_generator_lib.a(TulsiGeneratorConfig.swift.o)
      ...
  "_swift_weakAssign", referenced from:
      TulsiGenerator.PBXReference.(_parent in _F3A2538CDB692447DE46F1E97A417D01).setter : TulsiGenerator.PBXReference? in libtulsi_generator_lib.a(PBXObjects.swift.o)
      TulsiGenerator.PBXReference.(_parent in _F3A2538CDB692447DE46F1E97A417D01).modify : TulsiGenerator.PBXReference? with unmangled suffix ".resume.0" in libtulsi_generator_lib.a(PBXObjects.swift.o)
      TulsiGenerator.PBXReference.init(name: Swift.String, path: Swift.String?, sourceTree: TulsiGenerator.SourceTree, parent: TulsiGenerator.PBXReference?) -> TulsiGenerator.PBXReference in libtulsi_generator_lib.a(PBXObjects.swift.o)
      TulsiGenerator.PBXGroup.migrateChildrenOfGroup(TulsiGenerator.PBXGroup) -> () in libtulsi_generator_lib.a(PBXObjects.swift.o)
      TulsiGenerator.PBXContainerItemProxy.init(containerPortal: TulsiGenerator.PBXProject, target: TulsiGenerator.PBXObjectProtocol, proxyType: TulsiGenerator.PBXContainerItemProxy.ProxyType) -> TulsiGenerator.PBXContainerItemProxy in libtulsi_generator_lib.a(PBXObjects.swift.o)
  "_swift_weakDestroy", referenced from:
      TulsiGenerator.PBXReference.deinit in libtulsi_generator_lib.a(PBXObjects.swift.o)
      TulsiGenerator.PBXContainerItemProxy.deinit in libtulsi_generator_lib.a(PBXObjects.swift.o)
      l_objectdestroy in libtulsi_lib.a(EventLogger.swift.o)
  "_swift_weakInit", referenced from:
      TulsiGenerator.PBXReference.init(name: Swift.String, path: Swift.String?, sourceTree: TulsiGenerator.SourceTree, parent: TulsiGenerator.PBXReference?) -> TulsiGenerator.PBXReference in libtulsi_generator_lib.a(PBXObjects.swift.o)
      TulsiGenerator.PBXContainerItemProxy.init(containerPortal: TulsiGenerator.PBXProject, target: TulsiGenerator.PBXObjectProtocol, proxyType: TulsiGenerator.PBXContainerItemProxy.ProxyType) -> TulsiGenerator.PBXContainerItemProxy in libtulsi_generator_lib.a(PBXObjects.swift.o)
      Tulsi.EventLogger.startLogging() -> () in libtulsi_lib.a(EventLogger.swift.o)
  "_swift_weakLoadStrong", referenced from:
      TulsiGenerator.PBXReference.parent.getter : TulsiGenerator.PBXReference? in libtulsi_generator_lib.a(PBXObjects.swift.o)
      TulsiGenerator.PBXReference.(_parent in _F3A2538CDB692447DE46F1E97A417D01).getter : TulsiGenerator.PBXReference? in libtulsi_generator_lib.a(PBXObjects.swift.o)
      TulsiGenerator.PBXReference.(_parent in _F3A2538CDB692447DE46F1E97A417D01).modify : TulsiGenerator.PBXReference? in libtulsi_generator_lib.a(PBXObjects.swift.o)
      TulsiGenerator.PBXContainerItemProxy.containerPortal.getter : TulsiGenerator.PBXProject in libtulsi_generator_lib.a(PBXObjects.swift.o)
      TulsiGenerator.PBXContainerItemProxy.serializeInto(TulsiGenerator.PBXProjFieldSerializer) throws -> () in libtulsi_generator_lib.a(PBXObjects.swift.o)
      closure #1 (Foundation.Notification) -> () in Tulsi.EventLogger.startLogging() -> () in libtulsi_lib.a(EventLogger.swift.o)
  "_swift_willThrow", referenced from:
      reabstraction thunk helper from @callee_guaranteed (@guaranteed Swift.String) -> (@owned Swift.String, @error @owned Swift.Error) to @escaping @callee_guaranteed (@in_guaranteed Swift.String) -> (@out Swift.String, @error @owned Swift.Error) in libtulsi_generator_lib.a(ProcessRunner.swift.o)
      TulsiGenerator.BazelAspectInfoExtractor.(extractRuleEntriesUsingBEP in _F5D2D87286505E9AC6917BB651D4E8CB)(_: [TulsiGenerator.BuildLabel], startupOptions: [Swift.String], buildOptions: [Swift.String], compilationMode: Swift.String?, platformConfig: Swift.String?, prioritizeSwift: Swift.Bool?, useArm64_32: Swift.Bool?, features: Swift.Set<TulsiGenerator.BazelSettingFeature>) throws -> TulsiGenerator.RuleEntryMap in libtulsi_generator_lib.a(BazelAspectInfoExtractor.swift.o)
      reabstraction thunk helper from @callee_guaranteed (@guaranteed TulsiGenerator.BuildLabel) -> (@owned Swift.String, @error @owned Swift.Error) to @escaping @callee_guaranteed (@in_guaranteed TulsiGenerator.BuildLabel) -> (@out Swift.String, @error @owned Swift.Error) in libtulsi_generator_lib.a(BazelAspectInfoExtractor.swift.o)
      reabstraction thunk helper from @callee_guaranteed (@guaranteed TulsiGenerator.BazelBuildEvent) -> (@owned Swift.LazyFilterSequence<[Swift.String]>, @error @owned Swift.Error) to @escaping @callee_guaranteed (@in_guaranteed TulsiGenerator.BazelBuildEvent) -> (@out Swift.LazyFilterSequence<[Swift.String]>, @error @owned Swift.Error) in libtulsi_generator_lib.a(BazelAspectInfoExtractor.swift.o)
      parseTulsiTargetFileImpl #1 (Swift.String) throws -> TulsiGenerator.RuleEntry in TulsiGenerator.BazelAspectInfoExtractor.(extractRuleEntriesFromArtifacts in _F5D2D87286505E9AC6917BB651D4E8CB)(_: Swift.Set<Swift.String>, progressNotifier: TulsiGenerator.ProgressNotifier?) -> TulsiGenerator.RuleEntryMap in libtulsi_generator_lib.a(BazelAspectInfoExtractor.swift.o)
      reabstraction thunk helper from @callee_guaranteed () -> (@owned TulsiGenerator.RuleEntry, @error @owned Swift.Error) to @escaping @callee_guaranteed () -> (@out TulsiGenerator.RuleEntry, @error @owned Swift.Error) in libtulsi_generator_lib.a(BazelAspectInfoExtractor.swift.o)
      getRequiredField #1 (Swift.String) throws -> Swift.String in parseTulsiTargetFileImpl #1 (Swift.String) throws -> TulsiGenerator.RuleEntry in TulsiGenerator.BazelAspectInfoExtractor.(extractRuleEntriesFromArtifacts in _F5D2D87286505E9AC6917BB651D4E8CB)(_: Swift.Set<Swift.String>, progressNotifier: TulsiGenerator.ProgressNotifier?) -> TulsiGenerator.RuleEntryMap in libtulsi_generator_lib.a(BazelAspectInfoExtractor.swift.o)
      ...
ld: symbol(s) not found for architecture x86_64
clang: error: linker command failed with exit code 1 (use -v to see invocation)
Target //:tulsi failed to build
Use --verbose_failures to see the command lines of failed build steps.
INFO: Elapsed time: 55.243s, Critical Path: 32.00s
INFO: 38 processes: 25 darwin-sandbox, 13 local.
FAILED: Build did NOT complete successfully
willbishop@MacBook-Pro-9 tulsi % 